grunt 
cd /srv/http/contentflow/Backend/
grep -r 'param' .
grep -r '.param' .
cd /srv/http/contentflow/Backend/public/views/components/flow-panel-contenteditor/
ls
cp -r element-overview/ ~/webentwicklung/webappcreations/Kunden/Contentflow/Backups/
yaourt git gui
yaourt git
yaourt git-cola
systemctl
systemctl disable nginx.service
sudo systemctl disable nginx.service
sudo systemctl enable httpd.service
sudo systemctl restart httpd.service
systemctl
systemctl status httpd.service
sudo systemctl restart httpd.service
systemctl status httpd.service
sudo systemctl restart httpd.service
systemctl status httpd.service
sudo systemctl restart httpd.service
systemctl
systemctl
sudo systemctl stop nginx.service
systemctl
sudo systemctl restart httpd.service
systemctl
cd ..
cd ..
cd ..
cd ..
geany .env
php artisan migrate --seed
php artisan make:auth
cd webentwicklung/webappcreations/Kunden/Contentflow/
mkdir Backups
compton&
killall compton
cd /srv/http/contentflow/Backend
gulp watch
gulp watch
gulp watch
gulp watch
gulp watch
gulp watch
gulp watch
ls
la
pwd
gulp watch
arandr
cd /srv/http/contentflow/Backend
php artisan server
php artisan serve
php artisan serve
php artisan serve
php artisan serve
php artisan serve
php artisan serve
php artisan serve
php artisan serve
php artisan serve
php artisan serve
php artisan serve
php artisan serve
php artisan serve
php artisan serve
php artisan serve
php artisan serve
php artisan serve
php artisan serve
php artisan down
php artisan up
php artisan serve
php artisan serve
php artisan serve
htop
php artisan serve
php artisan serve
php artisan serve
php artisan serve
nmap -sT -O localhost
yaourt nmap
php artisan serve
nmap -sT -O localhost
sudo nmap -sT -O localhost
sudo nmap -sT -O localhostd
sudo nmap -sT -O localhost
php artisan serve
php artisan serve
php artisan serve
php artisan serve
php artisan serve
php artisan serve
php artisan serve
php artisan serve
php artisan down
php artisan up
php artisan serve
php artisan serve
php artisan serve
php artisan serve
php artisan serve
php artisan serve
php artisan serve
php artisan serve
php artisan serve
php artisan serve
htoop
htop
php artisan serve
php artisan serve
php artisan serve
php artisan serve
php artisan serve
php artisan serve
php artisan serve
php artisan serve
php artisan serve
php artisan serve
php artisan serve
php artisan serve
php artisan serve
php artisan serve
php artisan serve
php artisan serve
php artisan serve
php artisan serve
php artisan serve
php artisan stop
php artisan down
php artisan serve
php artisan up
php artisan serve
php artisan serve
php artisan serve
php artisan serve
php artisan serve
php artisan down
php artisan serve
php artisan up
php artisan serve
php artisan down
php artisan serve
php artisan up
php artisan serve
php artisan down
php artisan up
cd /srv/http/contentflow/
ls
cd Backend
ls
git add element-overview/element-overview.html
git add element-overview/element-overview.js
git add element-overview.html
git add angular/components/flow-panel-contenteditor/element-overview/element-overview.html
git add angular/components/flow-panel-contenteditor/element-overview/element-overview.js
git add angular/components/flow-panel-contenteditor/flow-panel-contenteditor.html
git add angular/components/flow-panel-contenteditor/flow-panel-contenteditor.js
git add angular/components/flow-panel-contenteditor/element-overview/element-overview.js
cd /srv/http/contentflow/
ls
cp -r Backend Backend_DragAndDrop
ls
git status
cd Backend
git status
git status
git checkout master
git pull origin/master
git pull master
git pull
git stash
git pull
git remote show origin
git branch -a
git branch -a
git checkout ContentEditorDragAndDrop
git status
git stash list
git checkout master
git stash list
cd ..
cd Backend_sav/
git status
cd ..
cd Backend_DragAndDrop/
git status
cd ..
ls
cp -r Backend Backend_sav2
mv Backend Backend_alsmost_org
cp -r Backend_DragAndDrop/ Backend
git status
cd Backend
git status
git status
git add . 
git status
git reset
git status
htop
ls
cd /srv/http/contentflow/Backend
gulp watch
cd /srv/http/contentflow/Backend
grep -r '*contenteditor.js' .
grep -r 'contenteditor.js' .
find -name 'contenteditor.js'
find -name 'contenteditor.js' .
find . -name 'contenteditor.js'
find . -name '*contenteditor.js'
cd webentwicklung/webappcreations/Webseiten/skillshare/
node server.js
printer
cd /srv/http/contentflow/Backend
gulp watch
gulp watch
sudo updatedb
locate php.ini
vim /etc/php/php.ini
sudo systemctl restart httpd.service
sudo chmod 777 /srv/http/contentflow/Backend/storage/
cd /srv/http/contentflow/Backend/
ls
sudo vim /etc/httpd/conf/extra/httpd-vhosts.conf 
vim /etc/php/php.ini
vim .env
cd ..
cd ..
ls
vim test.php 
sudo chmod -R 777 /srv/http/contentflow/Backend/storage/
cd contentflow/Backend
php artisan migrate:refresh --seed
git status
ls
cd ..
ls
cp -r Backend Backend_DragAndDrop2
cd Backend
ls
git pull origin master
git stash
git pull origin master
vim .gitignore 
git status
vim .gitignore 
git status
git rm --cached -r public/
git add public/favicon.ico 
git add public/index.php 
git add public/.htaccess
git add public/robots.txt 
git status#
git status
git status
git add public/web.config 
git add app/**/
git add resources/**/
git status
git add .gitignore 
git commit -m 'fixing gitignore-iusses'
git push origin/master
git push origin master
git pull
git pull origin master
git status
git push origin ContentEditorDragAndDrop
git status
git status
git log
git reset 3f363fc7de1311b2dc13eb25ca0e17ba4b75afae
git status
git log
yaourt giteye
git status
git commit -m '''
git commit -m 'reverting to commit 3f363fc7d'
git reset --soft HEAD@{1}
git commit -m 'reverting to commit 3f363fc7d'
git reset --hard
git status
git push origin ContentEditorDragAndDrop
git status
git status
git branch
git checkout master
git pull origin master
git stash
git pull origin master
git --fetch all
git fetch --all
git reset --hard origin/master
git status
git status
git status
vim .gitignore
vim .gitignore
git add .gitignore 
git -commit - 'fixing .gitignore issues'
git commit -m 'fixing .gitignore issues'
git push origin master
git checkout ContentEditorDragAndDrop
git status
git add resources/assets/bower/jquery-ui/
git status
resources/assets/bower/jquery-ui/
git commit -m 'adding jquery-ui to the resources'
git status
git checkout master
git stash
git checkout master
git pull origin master
vim .gitignore
git status
git status
git checkout master
git status
git checkout -b MediaModul
git checkout master
git branch -d MediaModul
git pull origin master
git fetch --all
git reset --hard origin/master
git status
git checkout -b MediaModul
ls
git checkout master
git pull origin master
git checkout MediaModule
git branch
git branch -d MediaModul
git checkout -b MediaModule
git checkout MediaModule
sudo vim /etc/httpd/conf/extra/httpd-vhosts.conf 
vim /etc/httpd/conf/extra/httpd-vhosts.conf 
vim /etc/hosts
sudo systemctl restart httpd.service
cd ..
sudo mkdir Frontend
cd Frontend/
git clone git@gitlab.com:Content-Flow/Frontend.git
cd ..
git clone git@gitlab.com:Content-Flow/Frontend.git
la
la
cd Backend
ls
la
cd ..
la
sudo mkdir Frontend
la
cd Frontend/
git clone git@gitlab.com:Content-Flow/Frontend.git
cd ..
la
sudo chown goalador:goalador Frontend/
git clone git@gitlab.com:Content-Flow/Frontend.git
la Frontend/
vim /etc/hosts
sudo systemctl restart httpd.service
vim /etc/httpd/conf/extra/httpd-vhosts.conf 
cd /efs
ls
la
la storage/
cd ..
ls
la
sudo chmod -r 777 efs/
sudo chmod 777 -r efs/
sudo chmod -R ugo+rw efs/
la
la efs/
la efs/storage/
cd efs/storage/
la 2
sudo chmod -R ugo+rw 2/
la 2
sudo chmod -R ugo+rwx 2/
la 2
la
la 2
sudo vim /etc/httpd/conf/extra/httpd-vhosts.conf 
ls
cd 2
la
sudo vim /etc/httpd/conf/extra/httpd-vhosts.conf 
sudo vim /etc/httpd/conf/extra/httpd-default.conf 
locate apache2
vim/etc/httpd/conf/httpd.conf
vim /etc/httpd/conf/httpd.conf
cd /var/log/httpd/
tail error_log 
tail error_log 
cd /srv/http
cd contentflow/Backend
git status
cd ~/webentwicklung/webappcreations/Kunden/Contentflow/Material/
ls
unzip -e efs
ls
la
sudo cp -r efs /
cd /efs
ls
cd ..
la efs/
cd /srv/http/
cd contentflow/Backend
php artisan migrate:refresh --seed
composer dump-autoload
php artisan migrate:refresh --seed
php artisan migrate:refresh --seed
tail 1490977013OHkLIgDh8FX0V7jE1uQHlsF0nypNND6AUwAdLMStSHMe79MGJ4h1KDVTvSxyBYSx.jpg
tail /var/log/httpd/storage-contentflow-error_log 
sudo vim /etc/httpd/conf/extra/httpd-vhosts.conf 
sudo mv /efs /srv/http/
ls /srv/http/
sudo systemctl restart httpd.service
locate file.php
locate File.php
locate File.php
sudo vim /etc/httpd/conf/extra/httpd-vhosts.conf 
sudo systemctl restart httpd.service
sudo vim /etc/httpd/conf/extra/httpd-vhosts.conf 
sudo systemctl restart httpd.service
sudo vim /etc/httpd/conf/extra/httpd-vhosts.conf 
sudo systemctl restart httpd.service
systemctl
systemctl status httpd.service
systemctl status httpd.service
sudo systemctl restart httpd.service
systemctl status httpd.service
systemctl status httpd.service
sudo systemctl restart httpd.service
systemctl status httpd.service
ls /efs
sudo mkdir /efs
 sudo mv /srv/http/efs/ /
ls /efs
sudo vim /etc/httpd/conf/extra/httpd-vhosts.conf 
vim /etc/httpd/conf/extra/httpd-vhosts.conf 
cd /srv/http/contentflow/Backend
gulp watch
gulp watch
gulp watch
gulp watch
gulp watch
gulp watch
git checkout -b ContentEditorDragAndDrop2
git branch
git status
git checkout master
vim .gitignore 
git status
git rm --cached public/css/app.css
git rm --cached public/js/app.js
git rm --cached public/js/app.js.map 
git rm --cached public/views/
git rm --cached -r public/views/
git status
git add app/Http/Controllers/HomeController.php
git add -r resources/views/
git add resources/views/
git status
git commit -m 'fixing more .gitignore issues'
git push origin master
git status
git branch -d ContentEditorDragAndDrop2
git checkout -b ContentEditorDragAndDrop2
git status
bower install --save jquery-ui
git status
git status
gulp watch
gulp watch
git branch -d ContentEditorDragAndDrop2
git branch
gulp watch
gulp watch
gulp watch
cd /srv/http/contentflow/Backend/resources/assets/bower
rm -r jquery.shapeshift/
ls
mv jquery-ui/ jquery-ui~
mv jquery-ui~ jquery-ui
yaourt epub reader
yaourt epub reader
ppub 
yaourt scrivener
htop
calibre
yaourt calibre
startx
sudo pacman -Syu
sudo shutdown -r now
cd /run/media/goalador/VolumeBackups/linuxbackup/oldcoolwindowsdata/html/www.theatermaer.de/
sudo cp -r neu\ -\ Final\ -\ 18.02.2010/ /srv/http/theatermaer18022010
sudo cp -r neu\ -\ Kopie\ \(5\)/ /srv/http/theatermaer
cd
yaourt draw on screen
pylote 
pylote 
cd webentwicklung/webappcreations/Webseiten/skillshare/
grunt
node server.js
cd /srv/http/contentflow/Backend
gulp watch
cd webentwicklung/webappcreations/Webseiten/skillshare/
node server.js
cd webentwicklung/webappcreations/Kunden/Potential/
history
echo $HISTSIZE
cat ~/.bash_history 
history
cat ~/.bash_history 
print 20170326_Ausschreibung_koelnglobal-final-1.pdf 
chr
cd /srv/http/
cd contentflow/Backend
l
ls
cd /efs/
la
la storage/
la storage/2/
feh storage/2/1490977013OHkLIgDh8FX0V7jE1uQHlsF0nypNND6AUwAdLMStSHMe79MGJ4h1KDVTvSxyBYSx.jpg 
ls
la
cd storage/
ls
la
chown -R http:http 2
sudo chown -R http:http 2
la
sudo chomod -R 777 2
sudo chmod -R 777 2
la 2
cd /srv/http/contentflow/Backend
cd angular/components/flow-panel-contenteditor/element-overview/overview-element/element-media/
mkdir media-loop
cd media-loop/
touch media-loop.html
touch media-loop.js
cp media-loop.js ../element-media.js
cd ..
rm -r media-loop/
la
cd /srv/http/contentflow/Backend/resources/assets/bower
ls
sudo rm -r slick
sudo rm -r jquery-slimscroll/
cd ..
ls
cd css/
ls
rm -r font
rm -r fonts
history
history >> ~/history_backup.txt
cd /efs/storage/
la
la 2
cd 2
chmod -r 777 2
chmod -r 777 .
sudo chmod  777 .
la
cd ..
sudo chmod -R 777 2
la
sudo chmod -R 777 3
cd /srv/http/contentflow/Backend
gulp watch
php artisan migrate:refresh --seed
php artisan migrate:refresh --seed
php artisan migrate:refresh --seed
gulp watch
gulp watch
php artisan migrate:refresh --seed
gulp watch
gulp watch
gulp watch
gulp watch
gulp watch
gulp watch
bower install --save slimscroll
gulp watch
gulp watch
bower install --save slick
gulp watch
gulp watch
gulp || gulp watch
gulp && gulp watch
bower install --save slick-carousel
gulp && gulp watch
gulp && gulp watch
gulp && gulp watch
gulp watch
gulp && gulp watch
cd /srv/http/contentflow/Backend
ls
cd angular/components/flow-panel-contenteditor/
ls
cd element-add/
ls
cp element-add-text.html element-add-media.html
cd ..
ls
cd element-overview/
ls
cd overview-element/
ls
cp -r element-text/ element-media
cd element-media/
mv element-text.html element-media.html 
ls
cd ..
ls
cd ..
ls
cd ..
ls
 cd element-detail/
ls
cp element-detail-livestream.html element-detail-media.html
cp element-detail-livestream.js element-detail-media.js
cd /srv/http//contentflow/Backend/app/Http/Controllers/Context/Elements
ls
cp LivestreamController.php MediaController.php
ls
cd ..
cd ..
cd ..
cd ..
cd ..
cd /srv/http/contentflow/Backend
gulp watch
gulp watch
cd /srv/http/contentflow/Backend
gulp watch
gulp watch
gulp watch
gulp watch
gulp watch
cd /srv/http/contentflow/Backend
cd angular/components/flow-panel-contenteditor/
ls
cd element-overview/
ls
cd overview-element/
ls
cd element-media/
ls
mkdir mediaLoop
mv element-media.* mediaLoop/
touch element-media.html
cd mediaLoop/
mv element-media.html media-loop.html
mv element-media.js media-loop.js
cd ..
mv mediaLoop/ media-loop
mv media-loop/media-loop.js .
mv media-loop.js element-media.js
cd webentwicklung/webappcreations/Webseiten/skillshare/
node server.js
history 
history >> ~/history_backup.txt
killall inkscape
cd /srv/http/
ls
cd cockpit/
ls
ls storage/
la storage/
ls
sqlite3 storage/data/cockpit.sqlite 
sudo sqlite3 storage/data/cockpit.sqlite 
cd
cd webentwicklung/webappcreations/Webseiten/
ls
cp -r skillshare/ koelnglobal
cd koelnglobal/
node server.js
ps aux | grep conky
kill 925
kill 914
 conky -c /usr/share/conky/conky_maia
ps aux | grep conky
kill 905
cd webentwicklung/webappcreations/Webseiten/koelnglobal/
node server.js
history 
cd webentwicklung/webappcreations/Webseiten/koelnglobal/
node server.js
cd webentwicklung/webappcreations/Kunden/Potential/Kostenvoranschlag/praesentation/
ls
convert -density 150 * Praesentation-Koelnglobal.pdf
ls
la
mupdf Praesentation-Koelnglobal.pdf 
cd webentwicklung/webappcreations/
ls
cd GitHub/
ls
git clone https://github.com/webappcreations/fontselect-jquery-plugin.git
ls
cd fontselect-jquery-plugin/
ls
cd examples/
ls
chromium index.html 
ls
cd ..
ks
ls
ls
geany jquery.fontselect.js
xfce4-power-manager
xfce4-power-manager-settings 
cd webentwicklung/webappcreations/Firma/Finanzen/Ausgaben/
ls
print Agile_Projectmanagement.pdf Amazon_Handauflage_Tastatur_Maus.pdf Amazon_Huion_Grafiktablet.pdf Amazon_Laptopstaender.pdf Amazon_XP-Pen_Grafiktablett.pdf 
print Amazon_Handauflage_Tastatur_Maus.pdf Amazon_Huion_Grafiktablet.pdf Amazon_Laptopstaender.pdf Amazon_XP-Pen_Grafiktablett.pdf 
print Amazon_Huion_Grafiktablet.pdf Amazon_Laptopstaender.pdf Amazon_XP-Pen_Grafiktablett.pdf 
print Amazon_Laptopstaender.pdf Amazon_XP-Pen_Grafiktablett.pdf 
print Amazon_XP-Pen_Grafiktablett.pdf 
cd /srv/http/contentflow/Backend
php artisan migrate:make create_elementgallery
php artisan make:migration create_elementgallery_table
php artisan make:seeder ElementgalleryTableSeeder
ls
ls database/
cd database/seeds/
ls
rm ElementgalleryTableSeeder.php 
php artisan migrate:refresh --seed
cd ..
cd ..
php artisan migrate:refresh --seed
gulp watch
gulp && gulp watch
gulp && gulp watch
gulp && gulp watch
gulp watch
git branch 
gulp watch
htop
gulp watch
git status
gulp watch
gulp watch
gulp watch
gulp && gulp watch
gulp && gulp watch
gulp watch
gulp watch
gulp watch
gulp watch
php artisan migrate:refresh --seed
gulp watch
cd /srv/http/contentflow/Backend
ls
cd angular/components/flow-panel-contenteditor/
ls
cd element-overview/overview-element/
ls
mv element-media/ element-gallery
cd element-gallery/
ls
mv element-media.html element-gallery.html 
mv element-media.js element-gallery.js 
rm -r media-loop/
cd ..
cd ..
cd ..
cd ..
cd ..
cd ..
cd app
ls
cd Http/
ls
cd Controllers/
ls
cd Cont
cd Context/
ls
cd Elements/
ls
mv MediaController.php GalleryController.php
cd ..
cd ..
cd ..
cd ..
cd ..
php artisan migrate:refresh --seed
cd angular/components/flow-panel-contenteditor/element-detail/
ls
mv element-detail-media.js element-detail-gallery.js
mv element-detail-media.html element-detail-gallery.html
cd ..
ls
cd element-add
ls
mv element-add-media.html element-add-gallery.html
cd ..
cd ..
cd ..
cd ..
git status
cd angular/
git status
cd ..
php artisan migrate:refresh --seed
locate 'Portfolio'
locate Portfolio
vim /etc/httpd/conf/extra/httpd-vhosts.conf 
sudo systemctl restart httpd.service
rm public/views/components/flow-panel-contenteditor/element-add/element-add-media.html 
php artisan migrate:refresh --seed
php artisan migrate:refresh --seed
cd webentwicklung/Useful/Feedback/
ls
print Stop_Start_Continue_Worksheet.pdf 
htop
yaourt handbreak
cd ..
cd ..
cd ..
cd screenrecordings/
cd ..
cd screenrecordings/
ls
mkdir amplified
mv vokoscreen-2017-04-09_23-31-09.mkv amplified/
cd amplified/
ls
ffmpeg -i vokoscreen-2017-04-09_23-31-09.mkv -af "volume=20dB" Koelnglobal-Praesentation.mkv
ls
la
mplayer Koelnglobal-Praesentation.mkv 
redshift
cd /srv/http/contentflow/Backend
cd angular/components/
ls
cd flow-panel-contenteditor/element-add/
ls
cd ..
cd element-detail/
ls
cd /srv/http/contentflow/Backend
gulp watch
cd Pictures/unsplash/minified/
history 
ls
convert andrew-ridley-76547.jpg andrew-ridley-76547_small.jpg 
la
convert -q 80 andrew-ridley-76547.jpg andrew-ridley-76547_small.jpg 
convert -quality 80 andrew-ridley-76547.jpg andrew-ridley-76547_small.jpg 
la
cp andrew-ridley-76547_small.jpg ~/webentwicklung/webappcreations/Webseiten/skillshare/images/
la
cd ..
cd ..
cd ..
cd webentwicklung/webappcreations/Firma/Finanzen/
ls
cd Rechnungen/
ls
print Rechnung_Interone_OneWeb_08-03-2017_2.pdf Rechnung_Interone_OneWeb_18-04-2017.pdf 
print Rechnung_Interone_OneWeb_18-04-2017.pdf 
scv print
lpr --list

scv print
scv print
lpr -P 6500-E709e Rechnung_Interone_OneWeb_08-03-2017_2.pdf 
scv print
lpr -P 6500-E709a Rechnung_Interone_OneWeb_08-03-2017_2.pdf 
lpr -o fit-to-page -o media=A4 -P 6500-E709a Rechnung_Interone_OneWeb_08-03-2017_2.pdf 
lpr -o fit-to-page -o media=A4 -P 6500-E709a Rechnung_Interone_OneWeb_18-04-2017.pdf 
xbacklight -set 2
xbacklight set 1
xbacklight -set 1
redshift
redshift
redshift
ps aux | grep conky
conky -c /home/goalador/Linux/Conky/webappcreations_topic 
cd Robin/Mirko/
ls
print Airbnb-Wohnung-Robin.pdf 
cd /srv/http/contentflow/Backend
gulp watch
gulp watch
php artisan migrate:refresh --seed
gulp watch
gulp watch
gulp watch
gulp watch
php artisan make:migration create_galleryimages_table
php artisan migrate:refresh --seed
php artisan make:model Gallery
php artisan migrate:refresh --seed
php artisan make:model Galleryimage
php artisan migrate:refresh --seed
php artisan migrate:refresh --seed
php artisan migrate:refresh --seed
php artisan migrate:refresh --seed
php artisan migrate:refresh --seed
php artisan migrate:refresh --seed
gulp watch
gulp watch
cd webentwicklung/webappcreations/Webseiten/skillshare/
node server.js
node server.js
node server.js
ranger
cd /srv/http/contentflow/Backend
s
ls
cd angular/components/mediapicker/
ls
cp mediapicker.js mediapicker.html ../flow-panel-contenteditor/element-overview/overview-element/element-gallery/
cd ../flow-panel-contenteditor/element-overview/overview-element/element-gallery/
mv mediapicker.html manage-gallery.html
mv mediapicker.js manage-gallery.js
blueman-manager 
yaourt pulseaudio-bluetooth
sudo systemctl restart bluetooth.service
sudo systemctl enable bluetooth.service
bluetoothctl
yaourt blue
bluetoothctl
sudo bluetoothctl
bluetoothctl
bluetoothctl
pulseaudio -h
pulseaudio -kill
pulseaudio --kill
pulseaudio --start
bluetoothctl
cd /srv/http/contentflow/Backend
gulp watch
vim /etc/pulse/default.pa
vim 
vim 
vim /etc/bluetooth/main.conf
pavucontrol 
pavucontrol 
bluetoothctl
bluetoothctl
blueman-manager 
bluetoothctl
sudo systemctl start bluetooth
sudo systemctl enable bluetooth
systemctl status bluetooth
bluetoothctl
nm-applet
killall nm-applet
nm-applet
cd webentwicklung/webappcreations/Webseiten/skillshare/
ls
node server.js
cd /srv/http/contentflow/Backend
gulp watch
gulp watch
bluetoothctl
systemctl
dmesh
dmesg
cd webentwicklung/webappcreations/Webseiten/skillshare/
node server.js
htop
find /usr/share/icons ~/.icons -type d -name "cursors"
XCURSOR_THEME=SomeThemeName xclock
cd .icons/
ls
find /usr/share/icons ~/.icons -type d -name "cursors"
ln -s /usr/share/icons/theme-name/cursors ~/.icons/default/cursors
ls
ls default/
cat default/index.theme 
vim default/index.theme 
ln -s ~/.icons/DMZ-Highlight/cursors ~/.icons/default/cursors
ln -s ~/.icons/DMZ-Highlight/cursors ~/.icons/default/cursors
lpr -o fit-to-page -o media=A4 -P 6500-E709a ~/webentwicklung/webappcreations/Webseiten/skillshare/images/01_Definition.png 
lpr -o fit-to-page -o media=A4 -P 6500-E709a ~/webentwicklung/webappcreations/Webseiten/skillshare/images/02_Groundwork.png 
lpr -o fit-to-page -o media=A4 -P 6500-E709a ~/webentwicklung/webappcreations/Webseiten/skillshare/images/03_Research_Strategy.png 
lpr -o fit-to-page -o media=A4 -P 6500-E709a ~/webentwicklung/webappcreations/Webseiten/skillshare/images/04_UX-Design_Principles.png 
lpr -o fit-to-page -o media=A4 -P 6500-E709a ~/webentwicklung/webappcreations/Webseiten/skillshare/images/05_Testing.png 
cd webentwicklung/webappcreations/Webseiten/skillshare/
node server.js
node server.js
vim ~/.Xresources
vim ~/.gtkrc-2.0
vim ~/.config/gtk-3.0/settings.ini
dmesg
cd webentwicklung/webappcreations/Webseiten/skillshare/
node server.js
cd webentwicklung/webappcreations/Webseiten/skillshare/
node server.js
redshift
redshift -l 53.55:9.99
redshift -l 53.55:9.99
redshift -l 53.55:9.99
feh bg-scale ~/Pictures/Wallpapers/andrew-furlan-195339.jpg 
feh --bg-scale ~/Pictures/Wallpapers/andrew-furlan-195339.jpg 
feh --bg-fill ~/Pictures/Wallpapers/andrew-furlan-195339.jpg 
sudo cp /usr/share/conky/conky_maia ~/Linux/Conky/
sudo chown goaldor:goalador ~/Linux/Conky/conky_maia 
sudo chown goalador:goalador ~/Linux/Conky/conky_maia 
feh --bg-fill ~/Pictures/Wallpapers/andrew-furlan-195339.jpg 
feh --bg-fill ~/Pictures/Wallpapers/andrew-furlan-195339_darker.jpg 
feh --bg-fill ~/Pictures/Wallpapers/andrew-furlan-195339_darker.jpg 
cleaer
clear
lpr -o fit-to-page -o media=A4 -P 6500-E709a ~/webentwicklung/webappcreations/Webseiten/skillshare/images/05_Testing.png 
cd webentwicklung/webappcreations/Webseiten/skillshare/
node server.js
yaourt webcam
yaourt camera
yaourt gucview
v4l2-ctl 
yaourt v412
yaourt v4
gtk-
clear
yaourt uvc
guvcview 
yaourt write on screen
yaourt write 
yaourt write 
feh --bg-fill ~/Pictures/Wallpapers/andrew-furlan-195339_darker.jpg 
cd webentwicklung/webappcreations/Webseiten/skillshare/
node server.js
uberwriter
write
locate uberwriter
python3 /opt/extras.ubuntu.com/uberwriter/uberwriter
python3 /opt/extras.ubuntu.com/uberwriter/bin/uberwriter 
python /opt/extras.ubuntu.com/uberwriter/bin/uberwriter 
python /opt/extras.ubuntu.com/uberwriter/bin/uberwriter
python3 /opt/extras.ubuntu.com/uberwriter/bin/uberwriter 
yaourt writer
yaourt writer
locate hunspace
locate hunspell
printer
lpr -o fit-to-page -o media=A4 -P 6500-E709a ~/webentwicklung/webappcreations/Webseiten/skillshare/images/01_Definition.png 
lpr -o fit-to-page -o media=A4 -P 6500-E709a ~/webentwicklung/webappcreations/Webseiten/skillshare/images/00_Start.png 
feh --bg-fill ~/Pictures/Wallpapers/andrew-furlan-195339_darker.jpg 
cd webentwicklung/webappcreations/Webseiten/skillshare/
node server.js
feh --bg-fill ~/Pictures/Wallpapers/andrew-furlan-195339_darker.jpg 
cd Skillshare/
cd ..
cd screenrecordings/openshot/
ls
cd ..
cd ~/Skillshare/UX-Design_Principles_Videos_Raw/Edit/
ffmpeg -i input.avi -vcodec copy -acodec copy -ss 00:00:00 -t 00:30:00 output1.avi \
ffmpeg -i 00_7_Ahead_4-28_then_00_8_Overview.mkv -vcodec copy -acodec copy -ss 00:00:00 -t 04:28:15 output1.mkv \ -vcodec copy -acodec copy -ss 04:28:15 -t 16:23:08 output2.mkv
ffmpeg -i 00_7_Ahead_4-28_then_00_8_Overview.mkv -vcodec copy -acodec copy -ss 00:00:00 -t 04:28:15 output1.mkv -vcodec copy -acodec copy -ss 04:28:15 -t 16:23:08 output2.mkv
ls
la
ffmpeg -i 00_7_Ahead_4-28_then_00_8_Overview.mkv -vcodec copy -acodec copy -ss 00:00:00 -t 04:28:15 output1.mkv
ffmpeg -i 00_7_Ahead_4-28_then_00_8_Overview.mkv -vcodec copy -acodec copy -ss 00:00:00 -t 04:28:15 00_7_Ahead_4-28.mkv 
ffmpeg -i 00_7_Ahead_4-28_then_00_8_Overview.mkv -vcodec copy -acodec copy -ss 04:28:15  00_8_Overview.mkv 
la
mplayer 00_7_Ahead_4-28.mkv 
ffmpeg -i 00_7_Ahead_4-28_then_00_8_Overview.mkv -vcodec copy -acodec copy -ss 00:00:00 -t 00:04:28:15 00_7_Ahead_4-28.mkv 
ffmpeg -i 00_7_Ahead_4-28_then_00_8_Overview.mkv -vcodec copy -acodec copy -ss 00:00:00 -t 00:04:28 00_7_Ahead_4-28.mkv 
la
mplayer 00_7_Ahead_4-28.mkv 
mplayer 00_7_Ahead_4-28.mkv 
mplayer 00_7_Ahead_4-28.mkv 
ffmpeg -i 00_7_Ahead_4-28_then_00_8_Overview.mkv -vcodec copy -acodec copy -ss 00:04:28 00_8_Overview.mkv 
mplayer 00_8_Overview.mkv 
ls
mkdir Done
mv 00_7_Ahead_4-28_then_00_8_Overview.mkv Done/
ls
rm output1.mkv 
rm output2.mkv 
ls
mplayer 00_6_Example_Onepager.de_24-45.mkv 
ffmpeg -i 00_6_Example_Onepager.de_24-45.mkv -vcodec copy -acodec copy -ss 00:00:00 -t 00:02:33.000 00_5_2_Reciproka2.mkv 
mplayer 00_5_2_Reciproka2.mkv 
ffmpeg -i 00_6_Example_Onepager.de_24-45.mkv -vcodec copy -acodec copy -ss 00:00:00 -t 00:02:32.700 00_5_2_Reciproka2.mkv 
mplayer 00_5_2_Reciproka2.mkv 
history
ffmpeg -i 00_6_Example_Onepager.de_24-45.mkv -vcodec copy -acodec copy -ss 00:02:36.000  00_6_Example_Onepager.de_24-45_new.mkv 
mplayer 00_6_Example_Onepager.de_24-45_new.mkv 
mplayer 00_6_Example_Onepager.de_24-45_new.mkv 
mplayer 00_6_Example_Onepager.de_24-45_new.mkv 
mv 00_6_Example_Onepager.de_22-09.mkv
mv 00_6_Example_Onepager.de_24-45_new.mkv 00_6_Example_Onepager.de_22-09.mkv
ls
mv 00_6_Example_Onepager.de_24-45.mkv Done/
ls
mplayer vokoscreen-2017-04-26_13-32-02.mkv 
ffmpeg -i vokoscreen-2017-04-26_13-32-02.mkv -vcodec copy -acodec copy -ss 00:00:00 -t 00:04:23.200 00_3_1_notPerfect.mkv  
mv 00_3_1_notPerfect_and_unsplash.com.mkv 
mv 00_3_1_notPerfect.mkv 00_3_1_notPerfect_and_unsplash.com.mkv 
ffmpeg -i vokoscreen-2017-04-26_13-32-02.mkv -vcodec copy -acodec copy -ss 00:04:23:200 -t 00:07:31.170 00_3_2_Who_What_Why.mkv  
ffmpeg -i vokoscreen-2017-04-26_13-32-02.mkv -vcodec copy -acodec copy -ss 00:04:23.200 -t 00:07:31.170 00_3_2_Who_What_Why.mkv  
ffmpeg -i vokoscreen-2017-04-26_13-32-02.mkv -vcodec copy -acodec copy -ss 00:07:33.010 -t 00:12:51.030 00_3_3_Amazon_and_Paypal.mkv  
killall openshot
htop
killall openshot-qt
yaourt v4
yaourt video edit
pacman -R cinelerra-cv
sudo pacman -R cinelerra-cv
yaourt video edit
yaourt lossless
yaourt ffmpeg
yaourt avidemux
yaourt vidcutter
ls
mplayer vokoscreen-2017-04-26_13-32-02_edit_w1.mkv 
mplayer vokoscreen-2017-04-26_13-32-02_edit_w1.mkv 
mplayer vokoscreen-2017-04-26_13-32-02_edit_w1.mkv 
mplayer vokoscreen-2017-04-26_13-32-02_edit_w1.mkv 
ls
mplayer vokoscreen-2017-04-26_13-32-02.mkv 
mplayer vokoscreen-2017-04-26_13-32-02_edit_w2.mkv 
mplayer vokoscreen-2017-04-26_13-32-02_edit_w2.mkv 
rm vokoscreen-2017-04-26_13-32-02_EDIT_w1.mkv 
mplayer vokoscreen-2017-04-26_13-32-02_edit_w2.mkv 
mplayer vokoscreen-2017-04-26_13-32-02_edit_w2.mkv 
mplayer vokoscreen-2017-04-26_13-32-02_edit_w3_ontrack.mkv 
mplayer vokoscreen-2017-04-26_13-32-02_edit_w3_ontrack.mkv 
mplayer vokoscreen-2017-04-26_13-32-02_edit_w3_ontrack.mkv 
mplayer vokoscreen-2017-04-26_13-32-02_edit_w3_ontrack.mkv 
mplayer vokoscreen-2017-04-26_13-32-02_edit_w3_ontrack.mkv 
mplayer vokoscreen-2017-04-26_13-32-02_edit_w3_ontrack.mkv 
mplayer vokoscreen-2017-04-26_13-32-02_edit_w3_ontrack.mkv 
mplayer vokoscreen-2017-04-26_13-32-02_edit_w3_ontrack.mkv 
mplayer vokoscreen-2017-04-26_13-32-02_edit_w3_ontrack2.mkv 
mplayer vokoscreen-2017-04-26_13-32-02_edit_w3_ontrack2.mkv 
mplayer vokoscreen-2017-04-26_13-32-02_edit_w3_ontrack2.mkv 
mplayer vokoscreen-2017-04-26_13-32-02_edit_w4_UI_and_UX1.mkv 
yaourt avidemux
vlc vokoscreen-2017-04-26_13-32-02_edit_w4_UI_and_UX1.mkv 
mplayer vokoscreen-2017-04-26_13-32-02_edit_w4_UI_and_UX1.mkv 
mplayer vokoscreen-2017-04-26_13-32-02_edit_w4_UI_and_UX1.mkv 
mplayer vokoscreen-2017-04-26_13-32-02_edit_w4_UI_and_UX1.mkv 
mplayer vokoscreen-2017-04-26_13-32-02_edit_w4_UI_and_UX1.mkv 
mplayer vokoscreen-2017-04-26_13-32-02_edit_w4_UI_and_UX1.mkv 
mplayer vokoscreen-2017-04-26_13-32-02_edit_w4_UI_and_UX1.mkv 
mplayer vokoscreen-2017-04-26_13-32-02_edit_w4_UI_and_UX1.mkv 
ls
mplayer vokoscreen-2017-04-26_13-32-02_edit_w4_UI_and_UX_1.mkv 
mplayer vokoscreen-2017-04-26_13-32-02_edit_w4_UI_and_UX1.mkv 
rm vokoscreen-2017-04-26_13-32-02_edit_w4_UI_and_UX_1.mkv 
rm vokoscreen-2017-04-26_13-32-02_edit_w4_UI_and_UX_1.mkv 
mplayer vokoscreen-2017-04-26_13-32-02_edit_w4_UI_and_UX1.mkv 
mplayer vokoscreen-2017-04-26_13-32-02_edit_w4_UI_and_UX1.mkv 
mplayer vokoscreen-2017-04-26_13-32-02_edit_w4_UI_and_UX1.mkv 
mplayer vokoscreen-2017-04-26_13-32-02_edit_w4_UI_and_UX2.mkv 
mplayer vokoscreen-2017-04-26_13-32-02_edit_w4_UI_and_UX2.mkv 
mplayer vokoscreen-2017-04-26_13-32-02_edit_w4_UI_and_UX3.mkv 
mplayer vokoscreen-2017-04-26_13-32-02_edit_w4_UI_and_UX3.mkv 
mplayer vokoscreen-2017-04-26_13-32-02_edit_w4_UI_and_UX3.mkv 
mplayer vokoscreen-2017-04-26_13-32-02_edit_w4_UI_and_UX3.mkv 
mplayer vokoscreen-2017-04-26_13-32-02_edit_w4_UI_and_UX3.mkv 
mplayer vokoscreen-2017-04-26_13-32-02_edit_w4_UI_and_UX3.mkv 
mplayer vokoscreen-2017-04-26_13-32-02_edit_w4_UI_and_UX3.mkv 
mplayer vokoscreen-2017-04-26_13-32-02_edit_w4_UI_and_UX3.mkv 
mplayer vokoscreen-2017-04-26_13-32-02_edit_w4_UI_and_UX3_.mkv 
rm vokoscreen-2017-04-26_13-32-02_edit_w4_UI_and_UX3_.mkv 
mplayer vokoscreen-2017-04-26_13-32-02_edit_w4_UI_and_UX3.mkv 
mplayer vokoscreen-2017-04-26_13-32-02_edit_w4_UI_and_UX3.mkv 
mplayer vokoscreen-2017-04-26_13-32-02_edit_w4_UI_and_UX3.mkv 
mplayer vokoscreen-2017-04-26_13-32-02_edit_w4_UI_and_UX3.mkv 
ls
mplayer vokoscreen-2017-04-26_13-32-02_edit_w1.mkv 
ls
mv vokoscreen-2017-04-26_13-32-02.mkv Done/
mplayer vokoscreen-2017-04-26_14-06-44.mkv 
mplayer vokoscreen-2017-04-26_14-06-44.mkv 
mplayer vokoscreen-2017-04-26_14-06-44.mkv 
mplayer vokoscreen-2017-04-26_14-06-44_edit.mkv.mkv 
mplayer vokoscreen-2017-04-26_14-06-44_edit.mkv
mplayer vokoscreen-2017-04-26_14-06-44_edit.mkv
mplayer vokoscreen-2017-04-26_14-06-44_edit.mkv
mplayer vokoscreen-2017-04-26_14-06-44_edit.mkv
mplayer vokoscreen-2017-04-26_14-06-44_edit.mkv
mplayer vokoscreen-2017-04-26_14-06-44_edit.mkv
mplayer vokoscreen-2017-04-26_14-06-44_edit.mkv
ls
mv vokoscreen-2017-04-26_14-06-44.mkv Done/
mplayer vokoscreen-2017-04-26_14-06-44_edit_edit.mkv 
mplayer vokoscreen-2017-04-26_14-06-44_edit_1.mkv 
mplayer vokoscreen-2017-04-26_14-06-44_edit_1.mkv 
mplayer vokoscreen-2017-04-26_14-06-44_edit_2.mkv 
mplayer vokoscreen-2017-04-26_14-06-44_edit_2.mkv 
mplayer vokoscreen-2017-04-26_14-06-44_edit_2.mkv 
mplayer vokoscreen-2017-04-26_14-06-44_edit_2.mkv 
mplayer vokoscreen-2017-04-26_14-06-44_edit_2.mkv 
ls
ls
mplayer vokoscreen-2017-04-26_14-06-44_edit_2_edit_1_Skillshare_Open_Source_and_Neos.io.mkv 
mplayer vokoscreen-2017-04-26_14-06-44_edit_2_edit_1_Skillshare_Open_Source_and_Neos.io.mkv 
mplayer vokoscreen-2017-04-26_14-06-44_edit_2_edit_1_Skillshare_Open_Source_and_Neos.io.mkv 
mplayer vokoscreen-2017-04-26_14-06-44_edit_2_edit_1_Skillshare_Open_Source_and_Neos.io.mkv 
mplayer vokoscreen-2017-04-26_14-06-44_edit_2_edit_2_Reciproka.cc_and_Feedback.mkv 
mplayer vokoscreen-2017-04-26_14-06-44_edit_2_edit_2_Reciproka.cc_and_Feedback.mkv 
mplayer vokoscreen-2017-04-26_14-06-44_edit_2_edit_2_Reciproka.cc_and_Feedback.mkv 
mplayer vokoscreen-2017-04-26_14-06-44_edit_2_edit_2_Reciproka.cc_and_Feedback.mkv 
mplayer vokoscreen-2017-04-26_14-06-44_edit_2_edit_3_Platform_Impress.js_Tachyons.mkv 
mplayer vokoscreen-2017-04-26_14-06-44_edit_2_edit_3_Platform_Impress.js_Tachyons.mkv 
mplayer vokoscreen-2017-04-26_14-06-44_edit_2_edit_3_Platform_Impress.js_Tachyons.mkv 
mplayer vokoscreen-2017-04-26_14-06-44_edit_2_edit_3_Platform_Impress.js_Tachyons.mkv 
ls
mv vokoscreen-2017-04-26_14-06-44_edit_2.mkv Done
mv vokoscreen-2017-04-26_14-06-44_edit_edit.mkv Done
mv vokoscreen-2017-04-26_14-06-44_edit.mkv Done
ls
mplayer vokoscreen-2017-04-26_15-56-39.mkv 
ls
mplayer vokoscreen-2017-04-26_15-56-39_edit_1_Benefits_of_good_UX-Design.mkv 
mplayer vokoscreen-2017-04-26_15-56-39_edit_2_What_is_UX-Design.mkv 
mplayer vokoscreen-2017-04-26_15-56-39_edit_2_What_is_UX-Design.mkv 
mplayer vokoscreen-2017-04-26_15-56-39_edit_2_What_is_UX-Design.mkv 
mplayer vokoscreen-2017-04-26_15-56-39_edit_2_What_is_UX-Design.mkv 
mplayer vokoscreen-2017-04-26_15-56-39_edit_2_What_is_UX-Design.mkv 
mplayer vokoscreen-2017-04-26_15-56-39_edit_2_What_is_UX-Design.mkv 
mplayer vokoscreen-2017-04-26_15-56-39_edit_2_What_is_UX-Design.mkv 
mplayer vokoscreen-2017-04-26_15-56-39_edit_2_What_is_UX-Design.mkv 
mplayer vokoscreen-2017-04-26_15-56-39_edit_2_What_is_UX-Design.mkv 
mplayer vokoscreen-2017-04-26_15-56-39_edit_3_User_Experience_Design.mkv 
mplayer vokoscreen-2017-04-26_15-56-39_edit_4_Usability.mkv 
ls
mv vokoscreen-2017-04-26_15-56-39.mkv Done
mplayer vokoscreen-2017-04-26_21-18-44.mkv 
mv vokoscreen-2017-04-26_21-18-44.mkv vokoscreen-2017-04-26_21-18-44_heyDesigner.mkv 
ls
mplayer vokoscreen-2017-04-26_21-29-48.mkv 
mv vokoscreen-2017-04-26_21-29-48.mkv vokoscreen-2017-04-26_21-29-48_02_Groundwork.mkv 
ls
mplayer vokoscreen-2017-04-26_21-41-37.mkv 
mplayer vokoscreen-2017-04-26_21-29-48_02_Groundwork_edit.mkv 
mplayer vokoscreen-2017-04-26_21-29-48_02_Groundwork_edit.mkv 
ls
mv vokoscreen-2017-04-26_21-29-48_02_Groundwork.mkv Done
ls
mplayer vokoscreen-2017-04-26_21-41-37.mkv 
mplayer vokoscreen-2017-04-26_21-41-37_edit.mkv 
ls
mv vokoscreen-2017-04-26_21-41-37_edit.mkv vokoscreen-2017-04-26_21-41-37_simplygoodwork.mkv 
mv vokoscreen-2017-04-26_21-41-37.mkv Done/
ls
mplayer vokoscreen-2017-04-26_21-48-35.mkv 
ls
mplayer vokoscreen-2017-04-26_22-10-56.mkv 
ls
mv vokoscreen-2017-04-26_21-48-35.mkv Done
mplayer vokoscreen-2017-04-26_22-10-56.mkv 
ls
mplayer vokoscreen-2017-04-26_22-10-56.mkv 
mplayer vokoscreen-2017-04-26_22-10-56.mkv 
mplayer vokoscreen-2017-04-26_22-10-56_edit.mkv 
ls
mv vokoscreen-2017-04-26_22-10-56.mkv Done/
mplayer vokoscreen-2017-04-26_22-37-32.mkv 
mplayer vokoscreen-2017-04-26_22-37-32.mkv
ls
mplayer vokoscreen-2017-04-26_23-05-25.mkv 
ls
mplayer vokoscreen-2017-04-26_23-12-29.mkv 
ls
mplayer vokoscreen-2017-04-26_23-59-27.mkv 
ls
mplayer vokoscreen-2017-04-27_00-15-10.mkv 
mplayer vokoscreen-2017-04-27_00-38-37.mkv 
ls
mplayer vokoscreen-2017-04-26_21-48-35_edit_03_Research_and_Strategy.mkv
ls
mplayer vokoscreen-2017-04-26_21-29-48_02_Groundwork_edit.mkv
ls
mplayer vokoscreen-2017-04-26_21-48-35_edit_03_Research_and_Strategy.mkv
ls
yaourt handbrake
handbrake-cli
sudo updatedb
locate handbrake
yaourt handbrake
handbrake
sudo updatedb
locate handbrake
locate handbrake*
ls
mplayer vokoscreen-2017-04-26_22-37-32_edit_1_Overview_and_1-Key-Elements.mp4 
mplayer vokoscreen-2017-04-26_22-37-32_edit_1_Overview_and_1-Key-Elements.mp4 
mplayer vokoscreen-2017-04-26_22-37-32_edit_1_Overview_and_1-Key-Elements.mp4 
mplayer vokoscreen-2017-04-26_22-37-32_edit_1_Overview_and_1-Key-Elements.mp4 
mplayer vokoscreen-2017-04-26_22-37-32_edit_1_Overview_and_1-Key-Elements.mp4 
mplayer vokoscreen-2017-04-26_22-37-32_edit_2_2-AIDA_and_the_Hooked_Pirate.mp4 
mplayer vokoscreen-2017-04-26_22-37-32_edit_2_2-AIDA_and_the_Hooked_Pirate.mp4 
mplayer vokoscreen-2017-04-26_22-37-32_edit_2_2-AIDA_and_the_Hooked_Pirate.mp4 
mplayer vokoscreen-2017-04-26_22-37-32_edit_2_2-AIDA_and_the_Hooked_Pirate.mp4 
mplayer vokoscreen-2017-04-26_22-37-32_edit_2_2-AIDA_and_the_Hooked_Pirate.mp4 
mplayer vokoscreen-2017-04-26_22-37-32_edit_2_2-AIDA_and_the_Hooked_Pirate.mp4 
mplayer vokoscreen-2017-04-26_22-37-32_edit_2_2-AIDA_and_the_Hooked_Pirate.mp4 
mplayer vokoscreen-2017-04-26_22-37-32_edit_2_2-AIDA_and_the_Hooked_Pirate.mp4 
mplayer vokoscreen-2017-04-26_22-37-32_edit_3_3_Attention-Span.mp4 
mplayer vokoscreen-2017-04-26_22-37-32_edit_3_3_Attention-Span2.mp4 
ls
mv vokoscreen-2017-04-26_22-37-32.mkv Done/
mplayer vokoscreen-2017-04-26_23-05-25_Example_24ways.org.mp4 
mv vokoscreen-2017-04-26_23-05-25.mkv Done/ 
mplayer vokoscreen-2017-04-26_23-12-29_edit_4_Keep_it_Short_and_Simple.mp4 
ls
mv vokoscreen-2017-04-26_23-12-29.mkv Done/ 
mv Done/vokoscreen-2017-04-26_23-12-29.mkv . 
ls
mplayer vokoscreen-2017-04-26_23-12-29_edit_5_Create_intuitive_Interfaces.mp4 
mplayer vokoscreen-2017-04-26_23-12-29_edit_5_Create_intuitive_Interfaces.mp4 
mplayer vokoscreen-2017-04-26_23-12-29_edit_6_Off-Topic_Freedom_of_the_Designer.mp4 
mplayer vokoscreen-2017-04-26_23-12-29_edit_6_Off-Topic_Freedom_of_the_Designer.mp4 
mplayer vokoscreen-2017-04-26_23-12-29_edit_6_Off-Topic_Freedom_of_the_Designer.mp4 
mplayer vokoscreen-2017-04-26_23-12-29_edit_6_Off-Topic_Freedom_of_the_Designer.mp4
mplayer vokoscreen-2017-04-26_23-12-29_edit_6_Off-Topic_Freedom_of_the_Designer.mp4
mplayer vokoscreen-2017-04-26_23-12-29_edit_7_6_Structure_and_Social_Proof.mp4 
mplayer vokoscreen-2017-04-26_23-12-29_edit_7_6_Structure_and_Social_Proof.mp4 
mplayer vokoscreen-2017-04-26_23-12-29_edit_8_7_Call_To_Action_Buttons.mp4 
mplayer vokoscreen-2017-04-26_23-12-29_edit_8_7_Call_To_Action_Buttons.mp4 
mplayer vokoscreen-2017-04-26_23-12-29_edit_9_8_Project_Tasks.mp4 
mplayer vokoscreen-2017-04-26_23-12-29_edit_9_8_Project_Tasks.mp4 
ls
mv vokoscreen-2017-04-26_23-12-29.mkv Done
mplayer vokoscreen-2017-04-26_23-59-27.mkv 
mplayer vokoscreen-2017-04-26_23-59-27.mkv 
mplayer vokoscreen-2017-04-26_23-59-27.mkv 
mplayer vokoscreen-2017-04-26_23-59-27_edit.mp4 
mplayer vokoscreen-2017-04-26_23-59-27_edit.mp4 
mplayer vokoscreen-2017-04-26_23-59-27_edit.mp4 
mplayer vokoscreen-2017-04-26_23-59-27_edit.mp4 
mplayer vokoscreen-2017-04-26_23-59-27_edit.mp4 
mplayer vokoscreen-2017-04-26_23-59-27_edit.mp4 
mv vokoscreen-2017-04-26_23-59-27.mkv Done/
mplayer vokoscreen-2017-04-27_00-15-10_edit_Overview_and_1_Start_with_a_clear_Strategy.mp4 
mplayer vokoscreen-2017-04-27_00-15-10_edit_Overview_and_1_Start_with_a_clear_Strategy.mp4 
mplayer vokoscreen-2017-04-27_00-15-10_edit_Overview_and_1_Start_with_a_clear_Strategy.mp4 
ls
mv vokoscreen-2017-04-27_00-15-10_edit_Overview_and_1_Start_with_a_clear_Strategy.mp4 vokoscreen-2017-04-27_00-15-10_edit_1_Overview_and_1_Start_with_a_clear_Strategy.mp4 
mplayer vokoscreen-2017-04-27_00-15-10_edit_3_Listen_to_feedback.mp4 
[A
mplayer vokoscreen-2017-04-27_00-15-10_edit_3_Listen_to_feedback.mp4 
mplayer vokoscreen-2017-04-27_00-15-10_edit_3_Listen_to_feedback.mp4 
mv vokoscreen-2017-04-27_00-15-10_edit_3_Collect_Statistics.mp4 vokoscreen-2017-04-27_00-15-10_edit_4_Collect_Statistics.mp4 
mplayer vokoscreen-2017-04-27_00-15-10_edit_4_Collect_Statistics.mp4 
mplayer vokoscreen-2017-04-27_00-15-10_edit_4_Collect_Statistics.mp4 
mplayer vokoscreen-2017-04-27_00-15-10_edit_4_Collect_Statistics.mp4 
mplayer vokoscreen-2017-04-27_00-15-10_edit_4_Collect_Statistics.mp4 
[A
mplayer vokoscreen-2017-04-27_00-15-10_edit_4_Collect_Statistics.mp4 
mplayer vokoscreen-2017-04-27_00-15-10_edit_4_Collect_Statistics.mp4 
mplayer vokoscreen-2017-04-27_00-15-10_edit_4_Collect_Statistics.mp4 
mplayer vokoscreen-2017-04-27_00-38-37_edit_1_wehmuth.mp4 
mplayer vokoscreen-2017-04-27_00-38-37_edit_1_wehmuth.mp4 
mplayer vokoscreen-2017-04-27_00-38-37_edit_2_Thank_you_for_watching.mp4 
ls
mv vokoscreen-2017-04-27_00-15-10.mkv Done/
mv vokoscreen-2017-04-27_00-38-37.mkv Done/
ls
#for i in *mkv; do ffmpeg -i $i -vcodec copy -acodec copy $i.mp4; done
mv Done/ Used
mkdir Finished
cp *.mkv Finished/
cd Finished/
ls
for i in *mkv; do ffmpeg -i $i -vcodec copy -acodec copy $i.mp4; done
ls
mkdir mp4
mv *mp4 mp4/
ls
cd mp4/
ls
cd ..
ls
rm *.mkv
cd mp4/
mv * ..
ls
cd ..
ls
rm mp4/
rm -r mp4/
ls
cd ..
ls
rm 00_1_Hello_and_Setup.mp4 
cp *.mp4 Finished/
cd Finished/
ls
mplayer 00_7_Ahead_4-28.mkv.mp4 
l
ls
mplayer 00_6_Example_Onepager.de_22-09.mkv.mp4 
cd ..
ls
mplayer 00_6_Example_Onepager.de_22-09.mkv 
mplayer 00_7_Ahead_4-28.mkv 
ls
mplayer 00_7_Ahead_4-28.mkv 
mplayer 00_7_Ahead_4-28.mkv 
ls
cd Used/
ls
mplayer 00_7_Ahead_4-28_then_00_8_Overview.mkv 
cp 00_7_Ahead_4-28_then_00_8_Overview.mkv ..
cd ..
ls
ls
mplayer 00_7_Ahead_4-28_then_00_8_Overview.mkv 
ffmpeg -i 00_7_Ahead_4-28_then_00_8_Overview.mkv -vcodec copy -acodec copy 00_7_Ahead_4-28_then_00_8_Overview.mp4 
mplayer 00_7_Ahead_4-28_then_00_8_Overview.mp4 
ls
mplayer 00_7_Ahead_4-28_then_00_8_Overview_edit.mp4 
mplayer 00_7_Ahead_4-28_then_00_8_Overview_edit2.mp4 
ls
mv 00_7_Ahead_4-28_then_00_8_Overview_edit 00_7_Ahead.mp4
mv 00_7_Ahead_4-28_then_00_8_Overview_edit.mp4 00_7_Ahead.mp4
mv 00_7_Ahead_4-28_then_00_8_Overview_edit2.mp4 00_8_Overview.mp4
ls
mv 00_7_Ahead.mp4 00_8_Overview.mp4 Finished/
ls
mv 00_7_Ahead_4-28* Used/
ls
ffmpeg -i 00_2_Introduction.mkv -vcodec copy -acodec copy 00_2_Introduction.mp4
ls
ffmpeg -i 00_3_1_notPerfect_and_unsplash.com.mkv -vcodec copy -acodec copy 00_3_1_notPerfect_and_unsplash.com.mp4
ls
mplayer 00_3_1_notPerfect_and_unsplash.com.mkv
ls
mplayer 00_3_1_notPerfect_and_unsplash.com.mp4 
ls
ffmpeg -i 00_3_2_Who_What_Why.mkv -vcodec copy -acodec copy 00_3_2_Who_What_Why.mp4 
ls
ffmpeg -i 00_6_Example_Onepager.de_22-09.mkv -vcodec copy -acodec copy 00_6_Example_Onepager.de_22-09.mp4 
ls
mplayer 00_6_Example_Onepager.de_22-09.m
mplayer 00_6_Example_Onepager.de_22-09.mkv 
ls
mplayer vokoscreen-2017-04-26_23-12-29_edit_7_6_Structure_and_Social_Proof.mp4
ls
cd Finished/
ls
rm 00_7_Ahead_4-28.mkv.mp4 
rm 00_8_Overview.mkv.mp4 
ls
cd ..
ls
ffmpeg -i 00_2_Introduction.mkv -vcodec copy -acodec copy 00_2_Introduction.mp4
ls
mplayer 00_3_1_notPerfect_and_unsplash.com.m
mplayer 00_3_1_notPerfect_and_unsplash.com.mkv 
mplayer 00_3_1_notPerfect_and_unsplash.com.mp4 
ls
ffmpeg -i 00_5_Example_Reciproka.cc_19-32.mkv -vcodec copy -acodec copy 00_5_Example_Reciproka.cc_19-32.mp4
ffmpeg -i 00_5_2_Reciproka2.mkv -vcodec copy -acodec copy 00_5_2_Reciproka2.mp4
ls
ls
mv 00_8_Overview.mkv Used/
ls Finished/
ls
rm 00_2_Introduction.mp4 
mv 00_2_Introduction.mkv Used/
cd Used/
ls
mv 00_6_Example_Onepager.de_24-45.mkv ..
mplayer vokoscreen-2017-04-26_13-32-02.mkv 
mv vokoscreen-2017-04-26_13-32-02.mkv ..
cd ..
ls
mv vokoscreen-2017-04-26_13-32-02.mkv Used/
cd Used/
ls
mplayer vokoscreen-2017-04-26_13-32-02.mkv 
ls
mplayer vokoscreen-2017-04-26_14-06-44.mkv 
ls
cd ..
ls
mplayer 00_3_2_Who_What_Why.m
mplayer 00_3_2_Who_What_Why.mkv 
ls
mplayer 00_3_2_Who_What_Why.mkv 
ls
mplayer 00_3_2_Who_What_Why.mkv 
ls
ls Finished/
ls
cd Finished/
ls
mplayer 00_3_1_notPerfect_and_unsplash.com.mkv.mp4 
mplayer 00_3_1_notPerfect_and_unsplash.com.mkv.mp4 
ls
mplayer 00_3_Wh
mplayer 00_3_2_Who_What_Why.mkv.mp4 
ls
mkdir redo
mv 00_3_* redo/
mv 00_6_Example_Onepager.de_22-09.mkv.mp4 redo/
mv 00_5_2_Reciproka2.mkv.mp4 redo/
ls
cd ..
ls
mplayer 00_6_Example_Onepager.de_24-45.mkv
ls
mplayer 00_5_2_Reciproka2_2.mp4 
mplayer 00_5_2_Reciproka2_2.mp4 
mplayer 00_5_2_Reciproka2_2.mp4 
mplayer 00_5_2_Reciproka2_2.mp4 
ls
mv 00_5_2_Reciproka2.* Used/
ls
ls
mplayer 00_5_Example_Reciproka.cc_19-32_edit_done.mp4 
ls
ls
mv 00_5_Example_Reciproka.cc_19-32_edit_done.mp4 Finished/
cd Finished/
ls
mv 00_5_Example_Reciproka.cc_19-32.mkv.mp4 redo/
cd ..
ls
ls
mplayer 00_6_Example_Onepager.de_24-45.mp4 
ls
cp 00_6_Example_Onepager.de_24-45.mp4 Finished/
cd Finished/
ls
mv 00_6_Example_Onepager.de_24-45.mp4 redo/
mv redo/00_6_Example_Onepager.de_24-45.mp4 .
ls
cd ..
ls
cp Used/vokoscreen-2017-04-26_13-32-02.mkv .
ls
mplayer 00_3_2_Who_What_Why_2.mp4 
mplayer 00_3_2_Who_What_Why_2.mp4 
mplayer 00_3_2_Who_What_Why_2.mp4 
mplayer 00_3_2_Who_What_Why_2.mp4 
mplayer 00_3_2_Who_What_Why_2.mp4 
mplayer 00_3_2_Who_What_Why_2.mp4 
mplayer 00_3_2_Who_What_Why_2.mp4 
mplayer 00_3_2_Who_What_Why_2.mp4 
ls
mv 00_3_2_Who_What_Why_2.mp4 Finished/
rm 00_3_2_Who_What_Why.m*
mv 00_3_1_notPerfect_and_unsplash.com.m* Outtake/
rm 00_3_3_Amazon_and_Paypal.mkv 
mv 00_5_2_Reciproka2_2.mp4 Used/
cd Finished/
ls
mv 00_3_2_Who_What_Why_2.mp4 00_3_2_Unsplash_Who_What_Why_and_the_Buying-Process.mp4 
ls
cd ..
ls
cd Finished/
ls
ls
cd ..
ls
mv 00_3_3_Wireframes_and_Prototypes.mp4 Finished/
cd Finished/
mplayer 00_3_3_Wireframes_and_Prototypes.mp4 
ls
rm -r redo/
ls
mplayer 00_3_4_UX-Design-Basics_and_Product-Quality.mp4 
mplayer 00_3_4_UX-Design-Basics_and_Product-Quality.mp4 
mplayer 00_3_4_UX-Design-Basics_and_Product-Quality.mp4 
ls
mplayer 00_3_4_UI-vs-UX-Design-Example.mp4 
ls
mv 00_3_4_UI-vs-UX-Design-Example.mp4 00_3_5_UI-vs-UX-Design-Example.mp4 
ls
ls
rm vokoscreen-2017-04-26_13-32-02_edit_w*
ls
ls
mplayer vokoscreen-2017-04-26_14-06-44_edit_1.mkv_edit.mp4 
ls
cd ..
ls
ffmpeg -i vokoscreen-2017-04-26_14-06-44_edit_2_edit_1_Skillshare_Open_Source_and_Neos.io.mkv -vcodec copy -acodec copy test.mp4
rm test.mp4 
ffmpeg -i Finished/vokoscreen-2017-04-26_14-06-44_edit_1.mkv_edit.mp4 -vcodec copy -acodec copy test.mp4
rm test.mp4 
#ffmpeg -i input1.mp4 -c copy -bsf:v h264_mp4toannexb -f mpegts input1.ts
ffmpeg -i Finished/vokoscreen-2017-04-26_14-06-44_edit_1.mkv_edit.mp4 -vcodec copy -acodec copy test2.mp4
ffmpeg -i vokoscreen-2017-04-26_14-06-44_edit_2_edit_1_Skillshare_Open_Source_and_Neos.io.mkv -vcodec copy -acodec copy test.mp4
#ffmpeg -i test.mp4 -c copy -bsf:v h264_mp4toannexb -f mpegts input1.ts
ffmpeg -i test.mp4 -c copy -bsf:v h264_mp4toannexb -f mpegts input1.ts
ffmpeg -i test2.mp4 -c copy -bsf:v h264_mp4toannexb -f mpegts input2.ts
ls
ffmpeg -i "concat:input1.ts|input2.ts" -c copy output.mp4
mplayer output.mp4 
ffmpeg -i "concat:input2.ts|input1.ts" -c copy output.mp4
mplayer output.mp4 
ls
mv input* Used/
rm test*
mv output.mp4 Finished/
cd Finished/
ls
mv output.mp4 00_9_Background-Story-1_About-Me_Skillshare_and_Open-Source_.mp4
rm 00_9_Background-Story-1_About-Me_Skillshare_and_Open-Source.mp4 
mv 00_9_Background-Story-1_About-Me_Skillshare_and_Open-Source_.mp4 00_9_Background-Story-1_About-Me_Skillshare_and_Open-Source.mp4 
ls
rm vokoscreen-2017-04-26_14-06-44_edit_1*
ls
cd webentwicklung/webappcreations/Webseiten/skillshare/
node server.js
cd Skillshare/UX-Design_Principles_Videos_Raw/Edit/
ls
ffmpeg -i 00_1_Hello_and_Setup.mkv -vcodec copy -acodec copy 00_1_Hello_and_Setup.mp4
ls
killall openshot-qt
killall openshot-qt
cd Skillshare/VideoSetup/
ls
ffmpeg -i Fearless\ First.mp3 -af "volume=0.2" Fearless_First_lowered.mp3
mplayer Fearless\ First.mp3 
mplayer Fearless_First_lowered.mp3 
locate fearless
locate Fearless
cd /srv/http/contentflow/Backend
gulp watch
gulp watch
gulp watch
cd webentwicklung/Useful/
sudo cp UpDown.png /srv/http/contentflow/Backend/resources/assets/img/
sudo cp UpDown_dark.png /srv/http/contentflow/Backend/resources/assets/img/
xbacklight -set 1
xbacklight -set 11
cd Robin/Ultimate/
print Playbook\ Alsters\ Ho\ Stack.pdf 
mv Playbook\ Alsters\ Ho\ Stack.pdf Playbook_Alsters_Ho-Stack.pdf 
print Playbook_Alsters_Ho-Stack.pdf 
cd /srv/http/contentflow/Backend
gulp watch
gulp watch
php artisan migrate:refresh --seed
rm -rf database/migrations/2017_04_10_075721_create_elementgallery_table.php 
php artisan migrate:refresh --seed
composer dump-autoload
php artisan migrate:refresh --seed
gulp watch
gulp watch
php artisan migrate:refresh --seed
killall chromium
killall chromium
acpi
acpi
acpi
acpi
history
cd webentwicklung/webappcreations/Kunden/SysDefense/Webseite_dev/
ls
cd webentwicklung/webappcreations/Kunden/SysDefense/Webseite_dev/Skeleton-Sass
cd ~/webentwicklung/webappcreations/Kunden/SysDefense/Webseite_dev/Skeleton-Sass
ls
node server.js
grunt
ls
ls
cat Gruntfile.js 
ls
ls SysDefense 
grunt
bluetoothctl
redshift
cd webentwicklung/webappcreations/Webseiten/
ls
mkdir diebacher
mv diebacher/ diesbacher
git clone https://github.com/WhatsNewSaes/Skeleton-Sass.git
rm diesbacher/
rm -rf diesbacher/
mv Skeleton-Sass/ diesbacher
cd diesbacher/
ls
grunt
npm install
grint
frunt
grunt
npm install swiper
grunt
npm install jquery
mkdir js
cd js
main.js
touch main.js
grunt
cd ..
sudo cp -r /run/media/goalador/VolumeBackups/linuxbackup/http/wehmuth /srv/http/diessbacher
cd /srv/http/
mv diessbacher/ wehmuth
sudo mv diessbacher/ wehmuth
ls
cd diessbacher/
ls
./sh typo3-base.sh 
./typo3-base.sh 
php -v
./typo3-base.sh -i true
mv typo3-base gc-typo3-base
sudo mv typo3-base gc-typo3-base
sudo mv typo3-base gc-typo3-base
ls
./typo3-base.sh -i true
sudo ./typo3-base.sh -i true
gc-typo3-base/files/composer.phar self-update
sudo ./typo3-base.sh -i true
sudo ./typo3-base.sh -i true
la
cd ..
chown -R http:goalador diessbacher/
sudo chown -R http:goalador diessbacher/
la
cd diessbacher/
la
./typo3-base.sh -i true
la
chmod -R 775 .
sudo chmod -R 775 .
la
./typo3-base.sh -i true
ls
./typo3-base.sh -i true
sudo ./typo3-base.sh -i true
./typo3-base.sh -i true
vim composer.json 
./typo3-base.sh -i true
vim composer.json 
vim gc-typo3-base/files/composer.json 
./typo3-base.sh -i true
ls
./createdb.sh
./createdb.sh diessbacher admin test
./createdb.sh diessbacher admin test
./setup.sh 
./setup.sh  -sue
ls typo3conf/
vim /etc/php/php.ini
vim /etc/php/php.ini
vim /etc/php/php.ini
sudo systemctl restart httpd.service
ls typo3conf/
vim typo3conf/LocalConfiguration.php 
vim typo3conf/LocalConfiguration.php 
ls
rm -rf typo3temp/*
sudo rm -rf typo3temp/*
la
sudo chmod -R 777 .
sudo chown -R http:goalador .
la
mv typo3conf/LocalConfiguration.php typo3conf/LocalConfiguration.php~ 
vim /etc/php/php.ini
sudo systemctl restart httpd.service
sudo rm -rf typo3temp/*
mv typo3conf/LocalConfiguration.php typo3conf/LocalConfiguration.php~ 
locate httpd.conf
vim /etc/httpd/conf/httpd.conf
sudo systemctl restart httpd.service
systemctl
ls
./typo3-base.sh -i true
ls
cd ..
la
cd diessbacher/
./typo3-base.sh -i true
vim /etc/php/php.ini
./typo3-base.sh -i true
la
sudo chmod -R 777 .
sudo chown -R http:goalador .
la
tail /var/log/httpd/error_log 
sudo systemctl restart httpd.service
tail -20 /var/log/httpd/error_log 
tail -20 /var/log/httpd/error_log 
tail -20 /var/log/httpd/error_log 
ls
cat typo3conf/AdditionalConfiguration.php 
tail -20 /var/log/httpd/error_log 
sudo rm -rf typo3temp/*
mv typo3conf/LocalConfiguration.php typo3conf/LocalConfiguration.php~ 
ls
./setup.sh
./setup.sh -s
./setup.sh -s true
la
sudo chown -R http:goalador .
sudo chmod -R 777 .
./setup.sh -s true
la
la typo3conf/ext
sudo ./setup.sh -s true
./setup.sh -s
sudo ./setup.sh -u true
sudo ./setup.sh -e true
cat setup.sh 
cat typo3conf/LocalConfiguration.php
cat setup.sh 
la
ls typo3temp/
la typo3temp/
la
la typo3temp/
la typo3temp/var/Cache/Data/
sudo chmod -R 777 .
sudo rm -rf typo3temp/*
cd /srv/http/contentflow/Backend
ls
gulp watch
gulp watch
php artisan migrate:refresh --seed
gulp watch
grep autoplay
gulp watch
php artisan migrate:refresh --seed
gulp watch
php artisan migrate:refresh --seed
gulp watch
feh --bg-fill ~/Pictures/Wallpapers/andrew-furlan-195339_darker.jpg 
cd /srv/http/contentflow/Backend
php artisan migrate:refresh --seed
git status
git status
git branch 
git push -u origin MediaModule
cd /srv/http/contentflow/Backend
gulp watch
gulp watch
gulp watch
cd ..
cd ..
ls
ls ~/webentwicklung
ls ~/webentwicklung/webappcreations/
ls ~/webentwicklung/webappcreations/GitHub/
ls ~/webentwicklung/GitHub/
ls ~/webentwicklung/webappcreations/Webseiten/
ls ~/webentwicklung/webappcreations/Webseiten/backup/
ls ~/webentwicklung/webappcreations/Webseiten/backup/important/
mkdir Neos
sudo mkdir Neos
cd Neos/
pwd
cd ..
cd Neos/
ls
locate composer.phar
sudo chown -R http:goalador .
la
sudo chmod -R 777 .
la
curl -sS https://getcomposer.org/installer | php
ls
php composer.phar create-project neos/neos-base-distribution Neos31
vim /etc/httpd/conf/extra/httpd-vhosts.conf 
vim /etc/hosts
sudo systemctl restart httpd.service
cat /etc/group
gpasswd -a goalador http
sudo gpasswd -a goalador http
la
sudo ./flow core:setfilepermissions goalador http http
cd Neos31/
sudo ./flow core:setfilepermissions goalador http http
la
cat /srv/http/Neos/Neos31/Data/SetupPassword.txt
xbacklight -set 1
xbacklight -set 11
cd ..
mkidr NeosIo
mkdir NeosIo
cd NeosIo/
git clone https://github.com/neos/Neos.NeosIo.git .
vim /etc/httpd/conf/extra/httpd-vhosts.conf 
vim /etc/hosts
ls
nvm install v4.2.2
yaourt nvm
echo 'source /usr/share/nvm/init-nvm.sh' >> ~/.bashrc
nvm install v4.2.2
ls
cd /srv/http/Neos/NeosIo/
npm install
ls
ls Web/
ls Configuration/
cd Packages/Sites/Neos.NeosIo/
ls
npm install
sudo systemctl restart httpd.service
vim /etc/hosts
vim /etc/httpd/conf/extra/httpd-vhosts.conf 
sudo systemctl restart httpd.service
ls
cd ..
cd ..
cd ..
ls
pwd
vim /etc/httpd/conf/extra/httpd-vhosts.conf 
sudo systemctl restart httpd.service
ls Web/
cd ..
cd Neos31
ls Web/
 ./flow node:repair
ls
ls Packages/Sites/webappcreations.diessbacherbablDe/
 ./flow node:repair
 ./flow node:repair
cd Packages/Sites/webappcreations.diessbacherbablDe/Resources/Private/
mkdir -p Translations/en/NodeTypes/
ls
cd Translations/
cd en/NodeTypes/
touch Swiper.xlf
touch SwiperSlide.xlf
cd webentwicklung/webappcreations/Webseiten/
ls
cp -r diesbacher diesbacher_bak_preview1
cd /srv/http/Neos/
cp -r Neos31 Neos31_bak_swiper
cd Neos31
ls
composer require flowpack/listable
ls Packages/
flow node:repair --node-type webappcreations.diessbacherbablDe:NewProject
ls
./flow node:repair --node-type webappcreations.diessbacherbablDe:NewProject
tail -20 /var/log/httpd/error_log 
vim /etc/httpd/conf/extra/httpd-vhosts.conf 
tail -20 /var/log/httpd/
./flow node:repair --node-type webappcreations.diessbacherbablDe:Project"
./flow node:repair --node-type webappcreations.diessbacherbablDe:Project
./flow node:repair --node-type webappcreations.diessbacherbablDe:Project
./flow nodeindex:build && ./flow nodeindex:cleanup
./flow help nodeindex
./flow help node
./flow help index
./flow help 
xbacklight -set 5
ls
cat composer.json 
cd ..
ls
php composer.phar create-project neos/neos-base-distribution NeosFusionBP
cd NeosFusionBP/
ls
ls
git clone https://github.com/Flowpack/fusion-bp .
git clone https://github.com/Flowpack/fusion-bp Packages/Sites/
git clone https://github.com/Flowpack/fusion-bp Packages/Sites/fusion-bp-git
cd Packages/Sites/fusion-bp-git/
ls
ls composer.json 
cat composer.json 
cat README.md 
ls
cp Packages/Sites/Flowpack.FusionBP/ ..
cp -r Packages/Sites/Flowpack.FusionBP/ ..
cd ..
ls
vim /etc/httpd/conf/extra/httpd-vhosts.conf 
ls
pwd
vim /etc/hosts
exit
history
sudo systemctl restart httpd.service
l
ls
ls
ls
ls
cat dead.letter 
cd /srv/http/Neos/NeosFusionBP/
cd ..
ls Neos
ls Neos31
la Neos31
cd ..
cd Neos/
cd NeosFusionBP/
sudo chown -R http:goalador .
sudo chmod -R 777 .
la
sudo chmod -R 776 .
la
sudo chmod -R 775 .
la
cat /srv/http/Neos/NeosFusionBP/Data/SetupPassword.txt
scrot ~/Pictures/NeosFusionBP.png
scrot ~/Pictures/NeosFusionBP2.png
cat /srv/http/Neos/NeosFusionBP/Data/SetupPassword.txt
./flow site:list
./flow site:import --package-key Flowpack.FusionBP
./flow site:create --name FusionBP --package-key Flowpack.FusionBP
ls
./flow help site:create
./flow site:kickstart Flowpack.FusionBP Flowpack.FusionBP
./flow package:create Flowpack.FusionBP
ls Packages/Application/Flowpack.FusionBP/
mv Packages/Application/Flowpack.FusionBP/ Packages/Application/Flowpack.FusionBP_empty
./flow site:create Flowpack.FusionBP
cd Packages/Sites/
ls
ls Flowpack.FusionBP/
la Flowpack.FusionBP/
la Flowpack.FusionBP/Configuration/
./flow flow:cache:flush
cd ..
cd ..
./flow flow:cache:flush
./flow help
./flow site:import
./flow site:import Flowpack.FusionBP
ls
ls Packages/
ls Packages/Sites/
cd ..
cd Neos31
xbacklight -set 1
cd webentwicklung/webappcreations/Webseiten/diesbacher
grunt
xbacklight -set 5
feh --bg-fill ~/Pictures/Wallpapers/andrew-furlan-195339_darker.jpg 
npm -v
./flow nodeindex:build && ./flow nodeindex:cleanup
cd /srv/http/Neos/Neos31/
./flow nodeindex:build && ./flow nodeindex:cleanup
./flow flow:cache:flush
 ./flow node:repair
vim /etc/hosts
vim /etc/hosts
cd ..
ls
cd NeosFusionBP/
ls
cat composer.
cat composer.json 
vim /etc/hosts
cd ..
ls
ls
NeosIo/
ls NeosIo/
ls NeosIo/Packages/
ls NeosIo/Packages/Sites/
ls NeosIo/Packages/Sites/Neos.NeosIo/
php composer.phar create-project neos/neos-base-distribution NeosDemo
vim /etc/httpd/conf/extra/httpd-vhosts.conf 
vim /etc/hosts
sudo systemctl restart httpd.service
sudo chmod -R 775 NeosDemo/
sudo chown -R http:goalador NeosDemo/
cat /srv/http/Neos/NeosDemo/Data/SetupPassword.txt
vim /etc/httpd/conf/extra/httpd-vhosts.conf 
vim /etc/hosts
sudo systemctl restart httpd.service
cd Neos31
./flow node:migrate 20150716212459
./flow node:migrate 20150716212459
 ./flow node:repair
./flow node:migrate 20150716212459
./flow flow:cache:flush --force
./flow doctrine:migrate
./flow flow:cache:flush --force
./flow node:migrate 20150716212459
 ./flow node:repair
cat /srv/http/Neos/Neos31/Data/SetupPassword.txt
 ./flow node:repair
cd ..
cd NeosDemo/
 ./flow node:repair
cd ..
cd Neos31
 ./flow node:repair
./flow node:migrate 20150716212459
./flow node:migrate 20150716212459
 ./flow node:repair
 ./flow node:repair
./flow node:migrate 20150716212459
cd webentwicklung/webappcreations/Firma/Finanzen/Rechnungen/
ls
print Rechnung_April_Interone_OneWeb_07-06-2017.pdf 
print Rechnung_Maerz_Interone_OneWeb_18-04-2017.pdf 
lpr -o fit-to-page -o media=A4 -P 6500-E709a Rechnung_April_Interone_OneWeb_07-06-2017.pdf
lpr -o fit-to-page -o media=A4 -P 6500-E709a Rechnung_Maerz_Interone_OneWeb_18-04-2017.pdf 
cd .screenlayout/
cd ..
.screenlayout/ulli.sh 
.screenlayout/lap.sh 
.screenlayout/laptop.sh 
feh --bg-fill ~/Pictures/Wallpapers/alchemical_wbb.jpg 
cd /srv/http/Neos/Neos31/
./flow node:repair --node-type Neos.NodeTypes:Page
./flow node:repair --node-type Neos.NodeTypes:Page
./flow node:repair
./flow node:repair
./flow node:repair --node-type Neos.NodeTypes:Page
./flow node:repair --node-type webappcreations.diesbacherbablDe:Footer
./flow node:repair --node-type Neos.NodeTypes:Footer
ls
cat Data/Logs/Exceptions/20170612193743bd6f94.txt
./flow node:repair --node-type Neos.NodeTypes:Page
./flow node:repair --node-type Neos.NodeTypes:Page
./flow node:repair
cat /srv/http/Neos/Neos31/Data/SetupPassword.txt
./flow node:repair
./flow routing:list
grep -r ':Homepage' .
grep -r 'icon: 'icon-globe'' .
./flow node:repair --node-type Neos.NodeTypes:Page
./flow node:repair --node-type Neos.NodeTypes:Page
./flow node:repair --node-type Neos.NodeTypes:Page
./flow node:repair --node-type Neos.NodeTypes:Page
./flow node:repair --node-type webappcreations.diesbacherbablDe:Home
./flow node:repair --node-type webappcreations.diessbacherbablDe:Home
./flow node:migrate 20150716212459
./flow node:repair
./flow node:repair --node-type Neos.NodeTypes:Page
./flow routing:list
ls Data/Logs/System_Development.log
tail -200 Data/Logs/System_Development.log
./flow node:repair
./flow node:repair
./flow node:repair
./flow node:repair
./flow node:repair --node-type Neos.NodeTypes:Page
./flow node:repair --node-type webappcreations.diessbacherbablDe:Home
./flow node:repair --node-type webappcreations.diessbacherbablDe:Home
./flow node:repair --node-type webappcreations.diessbacherbablDe:Home
./flow node:repair
./flow flow:cache:flush --force
./flow node:repair
./flow flow:cache:flush --force
./flow node:repair
./flow node:repair
./flow node:repair
./flow node:repair
./flow flow:cache:flush --force
./flow node:repair --node-type webappcreations.diessbacherbablDe:ProjectDocument
./flow node:repair --node-type webappcreations.diessbacherbablDe:ProjectDocument
./flow node:repair --node-type webappcreations.diessbacherbablDe:ProjectDocument
./flow node:repair --node-type webappcreations.diessbacherbablDe:ProjectDocument
xbacklight -set 1
./flow node:repair
cd ..
cp -r Neos31 Neos31_backup_teaserNew
cp -r Neos31 /run/media/goalador/76CC-D761/Neos31_backup_teaserNew
cd Neos31
./flow site:export
ls
ls
flow help site:export
./flow help site:export
./flow site:export --package-key webappcreations.diessbacherbablDe
ls Packages/Sites/webappcreations.diessbacherbablDe/Resources/Private/Content/
./flow node:repair
./flow flow:cache:flush --force
./flow node:repair
.screenlayout/laptop.sh 
cd webentwicklung/webappcreations/Webseiten/diesbacher
grunt
ls
grunt
cd /srv/http/Neos/Neos31/
./flow site:export --package-key webappcreations.diessbacherbablDe
./flow site:export
.screenlayout/ulli.sh 
~/.screenlayout/ulli.sh 
~/.screenlayout/laptop.sh 
~/.screenlayout/ulli.sh 
~/.screenlayout/laptop.sh 
 ./flow node:repair
 ./flow node:repair
 ./flow node:repair
 ./flow node:repair --node-type webappcreations.diessbacherbablDe:UeberUnsContent
 ./flow node:repair --node-type webappcreations.diessbacherbablDe:UeberUnsContent
 ./flow node:repair --node-type webappcreations.diessbacherbablDe:UeberUnsContent
 ./flow node:repair --node-type webappcreations.diessbacherbablDe:UeberUnsListe
 ./flow node:repair 
 ./flow node:repair 
 ./flow node:repair 
 ./flow node:repair --node-type webappcreations.diessbacherbablDe:UeberUnsListe
 ./flow node:repair --node-type webappcreations.diessbacherbablDe:UeberUnsListe
 ./flow node:repair --node-type webappcreations.diessbacherbablDe:PersonOneCollection
 ./flow node:repair --node-type webappcreations.diessbacherbablDe:PersonOneCollection
 ./flow node:repair --node-type webappcreations.diessbacherbablDe:UeberUns
 ./flow node:repair --node-type webappcreations.diessbacherbablDe:UeberUnsContent
 ./flow node:repair --node-type webappcreations.diessbacherbablDe:UeberUnsListe
 ./flow node:repair 
 ./flow node:repair 
 ./flow node:repair --node-type webappcreations.diessbacherbablDe:UeberUnsListe
 ./flow node:repair --node-type webappcreations.diessbacherbablDe:UeberUnsContent
 ./flow node:repair --node-type webappcreations.diessbacherbablDe:UeberUns
./flow flow:cache:flush --force
 ./flow node:repair --node-type webappcreations.diessbacherbablDe:UeberUnsListe
 ./flow node:repair 
 ./flow node:repair 
./flow flow:cache:flush --force
 ./flow node:repair 
./flow flow:cache:flush --force
 ./flow node:repair 
ssh
ssh diesbacher-babl.de
ssh diessbacher-babl.de
ssh ssh-454747-neos@diessbacher-babl.de
cd webentwicklung/webappcreations/Webseiten/diesbacher
ls
cp css/skeleton.css /srv/http/Neos/Neos31/Packages/Sites/webappcreations.diessbacherbablDe/Resources/Public/Styles/
cp css/skeleton.css /srv/http/Neos/Neos31/Packages/Sites/webappcreations.diessbacherbablDe/Resources/Public/Styles/
cp css/skeleton.css /srv/http/Neos/Neos31/Packages/Sites/webappcreations.diessbacherbablDe/Resources/Public/Styles/
cp css/skeleton.css /srv/http/Neos/Neos31/Packages/Sites/webappcreations.diessbacherbablDe/Resources/Public/Styles/
cp css/skeleton.css /srv/http/Neos/Neos31/Packages/Sites/webappcreations.diessbacherbablDe/Resources/Public/Styles/
cp css/skeleton.css /srv/http/Neos/Neos31/Packages/Sites/webappcreations.diessbacherbablDe/Resources/Public/Styles/
ls
cp js/main.js /srv/http/Neos/Neos31/Packages/Sites/webappcreations.diessbacherbablDe/Resources/Public/JavaScript/
cp css/skeleton.css /srv/http/Neos/Neos31/Packages/Sites/webappcreations.diessbacherbablDe/Resources/Public/Styles/
cp bower_components/perfect-scrollbar/css/perfect-scrollbar.css /srv/http/Neos/Neos31/Packages/Sites/webappcreations.diessbacherbablDe/Resources/Public/Styles/
cp css/skeleton.css /srv/http/Neos/Neos31/Packages/Sites/webappcreations.diessbacherbablDe/Resources/Public/Styles/
cp css/skeleton.css /srv/http/Neos/Neos31/Packages/Sites/webappcreations.diessbacherbablDe/Resources/Public/Styles/
cp css/skeleton.css /srv/http/Neos/Neos31/Packages/Sites/webappcreations.diessbacherbablDe/Resources/Public/Styles/
cp css/skeleton.css /srv/http/Neos/Neos31/Packages/Sites/webappcreations.diessbacherbablDe/Resources/Public/Styles/
cp css/skeleton.css /srv/http/Neos/Neos31/Packages/Sites/webappcreations.diessbacherbablDe/Resources/Public/Styles/
cp js/main.js /srv/http/Neos/Neos31/Packages/Sites/webappcreations.diessbacherbablDe/Resources/Public/JavaScript/
history
ssh ssh-454747-neos@diessbacher-babl.de
ssh ssh-454747-neos@diessbacher-babl.de
q
ssh ssh-454747-neos@diessbacher-babl.de
ssh ssh-454747-neos@diessbacher-babl.de
ssh ssh-454747-neos@diessbacher-babl.de
ssh ssh-454747-neos@diessbacher-babl.de
ssh ssh-454747-neos@diessbacher-babl.de
ssh ssh-454747-neos@diessbacher-babl.de
s
ls
ssh ssh-454747-neos@diessbacher-babl.de
ssh ssh-454747-neos@diessbacher-babl.de
ssh ssh-454747-neos@diessbacher-babl.de
ssh ssh-454747-neos@diessbacher-babl.de
ssh ssh-454747-neos@diessbacher-babl.de
ssh ssh-454747-neos@diessbacher-babl.de
cd /srv/http/Neos/Neos31/
./flow site:export --package-key webappcreations.diessbacherbablDe
ls
ls Packages/Sites/
./flow site:list
cat Configuration/Settings.yaml
./flow workspace:list
./flow workspace:list
ls
cd Packages/
ls
cd Sites/webappcreations.diessbacherbablDe/Resources/
ls
pwd
cd Private/
ls
ls Content/
cd ..
ls
ls
cd ..
ls
cat composer.json 
cat Data/Logs/Exceptions/201707021139176a61a0.txt
cd ..
cd ..
cd ..
ls
cat composer.
cat composer.json 
./flow configuration:show --type Settings --path Neos.ContentRepository.contentDimensions
cd webentwicklung/webappcreations/Webseiten/diesbacher
grunt
cd /srv/http/
ls
cd gc-typo3-base/
ls
cd scripts/
l
ls
cat createdb.sh 
cat backup.sh 
cd /srv/http/
ls
rm -rf oxideshop_ce/
sudo rm -rf oxideshop_ce/
cd Neos/
ls
cd Neos
cd Neos31
ls
vim Configuration/Settings.yaml
ssh ssh-454747-neos@diessbacher-babl.de
ssh ssh-454747-neos@diessbacher-babl.de
alsamixer 
cd webentwicklung/webappcreations/Webseiten/diesbacher
grunt
cp js/main.js /srv/http/Neos/Neos31/Packages/Sites/webappcreations.diessbacherbablDe/Resources/Public/JavaScript/
cp js/main.js /srv/http/Neos/Neos31/Packages/Sites/webappcreations.diessbacherbablDe/Resources/Public/JavaScript/
cd ..
cd ..
cd Kunden/AlbrechtHain/Gustav_C_Kuehn/
mkdir Website
cd Website/
git clone https://albrechthain.git.beanstalkapp.com/gustav-c-kuehn.git 
git clone https://albrechthain.git.beanstalkapp.com/gustav-c-kuehn.git 
clear
ls
cd gustav-c-kuehn/
ls
ls app/
ls dist/
chromium dist/index.html 
git status
git checkout -b bootstrap4
s
ls
gulp
ls app/
ls dist/
ls package.json 
cat package.json 
yarn install
yarn add bootstrap@4.0.0-alpha.6
cat package.json 
ls
npm install
ls
npm install --save bootstrap@4.0.0-alpha.6
npm install --save ionicons@2.0.1
cat package.json 
gulp
gulp
ls dist/
gulp
gulp
gulp
gulp
npm install --save animate.css
ls node_modules/
xbacklight -set 1
cd /srv/http/
cd Neos/Neos31
ls
tail -200 Data/Logs/System_Development.log
 ./flow node:repair 
./flow flow:cache:flush --force
./flow cache:warmup
tail -200 Data/Logs/System_Development.log
tail -200 Data/Logs/System_Development.log
tail -200 Data/Logs/System_Development.log
tail -200 Data/Logs/System_Development.log
ssh ssh-454747-neos@diessbacher-babl.de
./flow flow:cache:flush --force
./flow cache:warmup#
cp js/main.js /srv/http/Neos/Neos31/Packages/Sites/webappcreations.diessbacherbablDe/Resources/Public/JavaScript/
ssh ssh-454747-neos@diessbacher-babl.de
ssh ssh-454747-neos@diessbacher-babl.de
cd ..
git clone https://github.com/sitegeist/Workshop-AtomicFusion-2017-07-03 afx-workshop
cd afx-workshop/
composer install
./flow doctrine:migrate
vim Configuration/Settings.yaml
vim Packages/Sites/Sitegeist.Phoenix/Configuration/Settings.yaml 
l
ls
ls
ls Configuration/
vim Configuration/Settings.yaml
vim Packages/Sites/Sitegeist.Phoenix/Configuration/Settings.yaml 
git status
git checkout -b localhost
vim Configuration/Settings.yaml
mysql -u root -p
./flow doctrine:migrate
ls
ls -all
cat composer.json 
git status
vim Configuration/Settings.yaml
./flow doctrine:migrate
./flow doctrine:migrate
./flow flow:cache:flush --force
./flow doctrine:migrate
./flow doctrine:migrate
./flow site:import --package-key Sitegeist.Phoenix
./flow user:create --roles Administrator admin password Admin User
./flow server:run
scrot
~/.screenlayout/ulli.sh 
~/.screenlayout/laptop.sh 
cd webentwicklung/webappcreations/Kunden/AlbrechtHain/Gustav_C_Kuehn/Website/gustav-c-kuehn/
ls
ls dist
ssh ssh-454747-neos@diessbacher-babl.de
grunt
ls
gulp
gulp watch
gulp
gulp
gulp
cd webentwicklung/webappcreations/Webseiten/diesbacher
grunt
cp css/skeleton.css /srv/http/Neos/Neos31/Packages/Sites/webappcreations.diessbacherbablDe/Resources/Public/Styles/
ssh ssh-454747-neos@diessbacher-babl.de
ssh ssh-454747-neos@diessbacher-babl.de
cd webentwicklung/
ls
cd webappcreations/
ls
cd Webseiten/
ls
cd ..
ls
cd ..
cd Useful/
ls
cd ..
cd webappcreations/Kunden/AlbrechtHain/Gustav_C_Kuehn/Website/gustav-c-kuehn-base
ls
cd app/
ls
ls bower_components/
cd webentwicklung/webappcreations/Kunden/AlbrechtHain/Gustav_C_Kuehn/Website/gustav-c-kuehn/
cd ..
cd gustav-c-kuehn-base/
cd app/
bower install bootstrap@4.0.0-alpha.6
ls 
ls bower_components/
ls bower_components/bootstrap/dist/css/
bower install --save ionicons@2.0.1
bower install ionicons@2.0.1
ls
ls bower_components/
bower install animate.css
ls
bower install wow.js
bower install scrollspy
bower install jquery-easing
ls bower_components/jquery-easing/
cd ..
cd ..
cp -r gustav-c-kuehn-base/ gustav-c-kuehn-base-bak
bower install --save swiper.js
bower install --save swiper
bower init
vim bower.json 
bower list
vim bower.json 
bower list
vim bower.json 
vim bower.json 
bower list
vim bower.json 
bower install --save jquery-easing
bower install --save scrollspy animate.css Ionicons
bower install --save ionicons@2.0.1
bower install bootstrap@4.0.0-alpha.6 wow.js
cat bower.json 
bower install --save bootstrap@4.0.0-alpha.6 wow.js
cat bower.json 
bower install --save animate.css
cat bower.json 
git status
ls
cd gustav-c-kuehn-base
git status
geany .gitignore 
git status
git add .gitignore 
git status
git add .gitignore 
ls
ls app/
cd ..
ls
cd gustav-c-kuehn
ls
cd ..
ls gustav-c-kuehn/app/
ls gustav-c-kuehn-base-bak/app
ls gustav-c-kuehn-base-bak2/app
ls
cat bower.json 
cd ..
cd Website/
ls
ls bower_components/
rm -rf bower_components/
mv bower.json gustav-c-kuehn-base/
cd gustav-c-kuehn-base
git status
bower install --save swiper
cat bower.json 
ls
ls app
ls app/bower_components/
mv bower.json app/
rm -rf bower_components/
cd app
bower install --save swiper
ls bower
ls bower_components/
cd webentwicklung/webappcreations/Kunden/AlbrechtHain/Gustav_C_Kuehn/Website/gustav-c-kuehn/
ls
cd ..
cp -r gustav-c-kuehn/ gustav-c-kuehn-base
ls -all
cd gustav-c-kuehn-base/
ls
ls node_modules/
ls
ls app/
geany app/index.html 
geany app/index.html 
gulp
gulp
gulp
gulp watch
gulp
gulp
gulp
gulp
cd webentwicklung/webappcreations/Kunden/AlbrechtHain/Gustav_C_Kuehn/Website/gustav-c-kuehn-base/
gulp
gulp
gulp
gulp
gulp
ssh ssh-454747-neos@diessbacher-babl.de
ssh ssh-454747-neos@diessbacher-babl.de
ssh ssh-454747-neos@diessbacher-babl.de
cd webentwicklung/webappcreations/Kunden/AlbrechtHain/Gustav_C_Kuehn/Website/gustav-c-kuehn/
ls
git pull origin master
cd ..
ls
cp -r gustav-c-kuehn-base gustav-c-kuehn-base-bak3
cd gustav-c-kuehn-base
git pull origin master
git pull origin master
git status
geany .gitignore 
git status
git add .gitignore 
git status
cd webentwicklung/webappcreations/Kunden/AlbrechtHain/Gustav_C_Kuehn/Website/gustav-c-kuehn-base/
cd ..
cd gustav-c-kuehn-base-bak3
cd app/images/
ls
convert Karte-Standort-Norderstedt.jpg Karte-Standort-Norderstedt-small.jpg 
convert -quality 80 Karte-Standort-Norderstedt.jpg Karte-Standort-Norderstedt-small.jpg 
cd /srv/http
sudo rm -rf Neos/Neos31_bak_swiper/
sudo rm -rf diessbacher/
pacman -Qdt  
xdg-settings set default-web-browser chromium.desktop
echo $BROWSER
geany ~/.config/mimeapps.list
cd webentwicklung/webappcreations/Kunden/AlbrechtHain/Gustav_C_Kuehn/Website/gustav-c-kuehn-base/
git status
git add .
git status
git commit -m 'basic layout without the new images'
git checkout master
git merge bootstrap4
git status
git status
git add .
git status
git commit -m 'adding correct images and starting with simpler hover effect on hover-menu'
git push origin master
git status
git pull origin master
git status
cd webentwicklung/webappcreations/Kunden/AlbrechtHain/Gustav_C_Kuehn/Website/gustav-c-kuehn/
cd ..
cd gustav-c-kuehn-base
gulp
ping google.de
ping google.de
cd webentwicklung/webappcreations/Kunden/AlbrechtHain/Gustav_C_Kuehn/Website/gustav-c-kuehn-base/
cd app/
cat bower.json
cat /usr/lib/modules
/usr/lib/modules
mkinitcpio -L
mkinitcpio
cd webentwicklung/webappcreations/Kunden/AlbrechtHain/Gustav_C_Kuehn/Website/gustav-c-kuehn-base/
gulp
gulp
cd ..
cd gustav-c-kuehn-base-cards/
gulp
cd ..
cd gustav-c-kuehn-base
gulp
ls /etc/mkinitcpio.d
sudo mkinitcpio -p linux44
~/.screenlayout/ulli.sh 
clear
cd webentwicklung/webappcreations/Webseiten/
mkdir medium-neos-impress
git clone https://github.com/impress/impress.js.git medium-neos-impress/
cd medium-neos-impress/
ls
chromium index.html 
ls -hal
~/.screenlayout/ulli.sh 
clear
lap
~/.screenlayout/laptop.sh 
bluetoothctl
ssh ssh-301407-robin@gustav-c-kuehn.de
s
ssh ssh-301407-robin@gustav-c-kuehn.de
ssh ssh-301407-robin@gustav-c-kuehn.de
ssh ssh-301407-robin@gustav-c-kuehn.de
ssh ssh-301407-robin@gustav-c-kuehn.de
bluetoothctl
mv main.js ..
exit
du -h /run/media/goalador/TOSHIBA
cd webentwicklung/webappcreations/Kunden/AlbrechtHain/Gustav_C_Kuehn/Website/gustav-c-kuehn-base/
ls
gulp
gulp
git pull
cd ..
ls
cp -r gustav-c-kuehn-base-bak4
cp -r gustav-c-kuehn-base gustav-c-kuehn-base-bak4
ls
cd gustav-c-kuehn-base-bak4
ls
ls
cd app/
cd img
ls
df -h .
du -h .
cd ..
du -h img/
cd ..
cd ..
cd gustav-c-kuehn-base
ls
git status
git add .
git commit -m 'fixing the default gulp task'
gulp
git status
git add .
git commit -m 'fixing the sliderarrow and always showing the images first on mobile & minor bugfixes'
git pull 
git status
git push
gulp
gulp
git status
git add .
git commit -m 'fixing image-menu, keeping the proper mobile-width and the text centered'
git pull
git push
gulp
cd app
ls -all
git status
git pull origin develop
gulp
git status
git pull
gulp
gulp
git status
git add .
git commit -m 'smaller bugfixes (eg. ie11 and Safari9), changing text-image order on gewerbehallen, adding h3 for Slider, setting font-color to 80% black, slider-navi should work with many items on mobile too now'
git push
gulp stage
git status
git add .
git status
git add .
git status
cd ..
git add .
cd ..
cd gustav-c-kuehn-base
git status
git commit -m 'refreshing dist folder with newest bug fixes and adding content for the robots.prod.txt'
git push 
git status
git pull
git pull
gulp
git status
git stage
git add .
git stage
gulp stage
git add .
git status
git commit -m 'adding google map, including js to open it. Needs better centering, playing around with an own icon and a label text'
git push
git status
git add .
#git commit -m 'map doesn't work on stage '
gulp stage
git commit -m 'map doesn't work on stage yet, this might not help, last try for today, should work locally'
git commit -m 'map doesnt work on stage yet, this might not help, last try for today, should work locally'
git push
cd webentwicklung/webappcreations/Kunden/AlbrechtHain/Gustav_C_Kuehn/Website/gustav-c-kuehn-base/
ls
git status
git pull 
gulp
npm install
ls
ls -all
git branch --list
#git checkout -b devel
ls app/bower_components/
cat app/bower.json 
bower install -save scrollspy
cat app/bower.json 
bower install --save scrollspy
ls
rm -rf bower_components/
cd app/
ls
bower install --save scrollspy
bower install --save tether
cat bower.json
git status
git add .
git commit -m 'adding all dependencies to bower and integrating border-bottom on textlinks.'
git status
git push
cd ..
git checkout -b develop
git status
gulp stage
git starus
git status
git add .
git status
git commit -m 'new stage-dist including textlinks'
git push 
git push --set-upstream origin develop
git push origin develop
cd ..
cd gustav-c-kuehn-base-bak4
cd app/img/
ls
find . -name '*.jpg' | while read f; do convert "$f"  -limit memory 16mb -limit map 32mb -geometry x1000 -sampling-factor 4:2:0 -strip -interlace Plane -gaussian-blur 0.05 -quality 85% "$f"; echo "Processing image: $f file..."; done
find . -name '*.jpg' | while read f; do convert "$f"  -limit memory 16mb -limit map 32mb -sampling-factor 4:2:0 -strip -interlace Plane -gaussian-blur 0.05 -quality 85% "$f"; echo "Processing image: $f file..."; done
cd ..
cd ..
cd ..
cp -rf gustav-c-kuehn-base/app/img/ gustav-c-kuehn-base-bak4/app/
cd gustav-c-kuehn-base-bak4
ls
cd app/img/
ls
ls -hal
find . -name '*.jpg' | while read f; do convert "$f"  -limit memory 16mb -limit map 32mb -sampling-factor 4:2:0 -strip -interlace Plane -gaussian-blur 0.05 -quality 85% "$f"; echo "Processing image: $f file..."; done
ls -hal
find . -name '*.png' | while read f; do convert "$f"  -limit memory 16mb -limit map 32mb -sampling-factor 4:2:0 -strip -quality 85% "$f"; echo "Processing image: $f file..."; done
ls -hal
cd ..
ls
cd ..
cd webentwicklung/webappcreations/Kunden/AlbrechtHain/Gustav_C_Kuehn/Website/gustav-c-kuehn-base/
git status
cd ..
cd gustav-c-kuehn
ls
cd ..
ls
cd gustav-c-kuehn
git pull origin master
cd ..
git clone https://albrechthain.git.beanstalkapp.com/gustav-c-kuehn gustav-c-kuehn-master
cd ..
ls
cd Website/gustav-c-kuehn-base
ls
ls node_modules/
npm install --save-dev gulp-rev
gulp build
ls dist
pwd
gulp build
gulp build
gulp build
gulp build
cd dist
ls
cd ..
npm install --save-dev gulp-rev-replace
gulp build
gulp build
cd dist
ls
ls css
cd ..
gulp build
cd dist
ls
ls css
head index-02f0ad4b59-02f0ad4b59.html 
head index-02f0ad4b59-02f0ad4b59.html -100
head index-02f0ad4b59-02f0ad4b59.html - 100
head index-02f0ad4b59-02f0ad4b59.html 100
cd ..
gulp build
ls -all
cat .gitignore 
git status
geany .gitignore 
git status
git add .
git commit -m 'improving the mobile-menu and the mobile arrows for the slider. adding gulp rev and preparing the dist-folder for deployment'
git status
git push
git pull
git status
git status
ls
ls dist/
git pull
ls
ls app
git push
ls
ls -all
cat .htaccess_stage 
ls
ls all
ls -all
touch robots.stage.txt
touch robots.prod.txt
geany robots.stage.txt 
gulp stage
ls dist/
ls -all dist/
git status
git add .
git commit -m 'adding gulp stage as a task to copy the stage files: robots.stage.txt and htaccess_stage to dist. repairing the desktop menu to get the active state back.'
git push
ls dist
git status
ls
gulp stage
ls dist
ls dist -all
git status
geany .gitignore 
ls dist/
git status
touch dist/test.txt
git status
git rm dist/test.txt 
ls dist
git status
cd dist
ls
rm test.txt 
ls
git status
cd ..
ls
npm install --save-dev gulp-rename
gulp stage
ls dist
rm -rf dist/*
ls -all dist/
rm -rf dist/.htaccess/
gulp stage
ls dist
cat dist/robots.txt 
ls -hall dist/
git status
git add .
git commit -m 'fixing issues with gulp rename'
git status
git push 
cd ..
ls
cd ..
cd ..
cd ..
cd ..
cd Webseiten/Bulma/demo/
git init
git add .
git commit -m 'initialinzing git'
bower init
ls
bower install --save bulma
bower install --save font-awesome
ls bower_components/bulma/css/bulma.css
ls bower_components/font-awesome/css/font-awesome.min.css 
git add .
git commit -m 'adding bower bulma and font-awesome'
ls bower_components/bulma/css/bulma.css
du -h bower_components/bulma/css/bulma.css
cd ..
cp demo/ themes-scrollmagic
cp -r demo/ themes-scrollmagic
cd themes-scrollmagic/
bower install --save scrollmagic
ls
cat bower
cat bower.json 
bower install --save jquery
bower install --save greensock
bluetoothctl
bluetoothctl
bluetoothctl
bluetoothctl
bluetoothctl
bluetoothctl
cd webentwicklung/webappcreations/Webseiten/
cp -r fullImpress fullImpress-bak-integration-of-4stepMenu
~/.screenlayout/laptop.sh 
bluetoothctl
exit
cd Downloads/
convert Responsive\ Website\ Templates\ For\ Duda\'s\ Website\ Builder.png Responsive\ Website\ Templates\ For\ Duda\'s\ Website\ Builder.jpg
cd ..
cd webentwicklung/webappcreations/Webseiten/Bulma/
cp -r demo/ hhneuauf.de
cd hhneuauf.de/
ls
geany index.html styles.css 
bluetoothctl
cd webentwicklung/webappcreations/Kunden/AlbrechtHain/Gustav_C_Kuehn/Website/gustav-c-kuehn-base/
gul
gulp
git pull
gulp
gulp stage
git status
git add .
git commit -m 'Google Maps - centering the Map, adding Marker, Infobox and Routes-planer-link'
git push 
gulp
gulp stage
gulp stage
gulp
gulp
gulp stage
gulp
gulp stage
gulp
git pull
git status
git checkout -- app/css/styles.css
git checkout -- app/scss/styles.css
git checkout -- app/scss/styles.scss
git status
git pull
gulp
git stage
gulp stage
git add .
git commit -m 'final mobile menu fixes'
git push
git pull
cd webentwicklung/webappcreations/Kunden/AlbrechtHain/Gustav_C_Kuehn/Website/gustav-c-kuehn-base/
ls
ls
ls dist/
git status
git add . 
git commit -m 'separate google-map script'
git push 
git status
git add .
git commit -m 'making h4 headline bright-green, adding favicon, fixing pdf-link, headline borderTop opactiy 100%, adding hover-state to navigation'
git status
git add .
git commit -m 'calculating the Slider-Arrow-Positions on Mobile with JS. Fixing Standort text position on mobile.'
gulp stag
gulp stage
gulp stage
gulp stage
gulp stage
gulp stage
gulp stage
gulp stage
gulp stage
gulp stage
git add .
git commit -m 'always position the headerimage and its headline to the bottom of the screen'
git push
git status
gulp stage
git add .
git commit -m 'removing placeholder access errors'
git push
gulp stage
git add .
git commit -m 'removing placeholder access errors 2'
git push
git push
gulp stage
git add .
git commit -m 'Gewerbehallen - on mobile always show the image first in the Slider'
git push
gulp stage
git add .
git commit -m 'fixes for iPad (Mobile menu starts on less than 990px, making sure Slider-arrows are always centered. Cleaning up the styles.css)'
git push 
git pull
git pull
gulp stage
git add .
git commit -m 'correcting the window-width getter function'
git push 
gulp stage
git add .
git commit -m 'setting the window-width a little lower'
git push
gulp stage
gulp stage
git add .
git commit -m 'setting lower image-size for lower screen-sizes before going into mobile view'
git push
~/.screenlayout/ulli.sh 
git pull 
git pull 
git stage
git add .
gulp stage
git add .
git status
git commit -m 'removing Google Maps Overlay, fixing I Pad Logo...'
git status
git push
gulp stage
git status
git add app/css/styles.css 
git status
git add .
git commit -m 'finally fixing Menu on iPad?'
git push
git stage
gulp stage
git add .
git commit -m 'fixing iPad Logo position by setting a specific SVG-Width.'
git push
bluetoothctl
~/.screenlayout/ulli.sh 
~/.screenlayout/laptop.sh 
bluetoothctl
bluetoothctl
bluetoothctl
bluetoothctl
bluetoothctl
bluetoothctl
cd webentwicklung/webappcreations/
cd Webseiten/
mkdir interone
git clone git@git.interone.de:interone-hamburg/dp-s.git
cd webentwicklung/webappcreations/Webseiten/Bulma/hhneuauf.de/
bower install --save jquery
ls bower_components/jquery/dist/h
hhneuauf.de]$ 
[goalador@gatanda hhneuauf.de]$ 
hhneuauf.de]$ 
[goalador@gatanda hhneuauf.de]$ 
[goalador@gatanda hhneuauf.de]$ 
[goalador@gatanda hhneuauf.de]$ 
[goalador@gatanda hhneuauf.de]$ 
[goalador@gatanda hhneuauf.de]$ hhneuauf.de]$ 
bash: hhneuauf.de]$: command not found
[goalad[goalador@gatanda hhneuauf.de]$ [goalador@gatanda h>[goalador@gatanda hhneuauf.de]$ bash: hhneuauf.de]$: command not found
bash: bash:: command not found
[goalador@gatan]$ [goalador@gatanda hhneuauf.de]$ 
bash: [goalador@gatanda: command not found
[goalador@gatanda hhneuauf.de]$ [goalador@gatanda hhneuauf.de]$ hhneuauf.de]$ 
bash: [goalador@gatanda: command not found
[goalador@gatanda hhneuauf.de]$ bcommandgoalador@gatanda hhneuauf.de]$ 
bash: [goalador@gatanda: command not found
[goalador@gatanda hhneuauf.de]$ [goalador@gatanda hhneuauf.de]$ 
bash: [goalador@gatanda: command not found
[goalador@gatanda hhneuauf.de]$ [goalador@gatanda hhneuauf.de]$ 
bash: [goalador@gatanda: command not found
gatanda hhneuauf.de]$ 
bash: [goalador@gatanda: command not found
[goalador@gatanda hhneuauf.de]$ [goalador@gatanda hhneuauf.de]$ 
bash: [goalador@gatanda: command not found
[goalador@gatanda hhneuauf.de]$ [goalador@gatanda hhneuauf.de]$ 
bash: [goalador@gatanda: command not found
[goalador@gatanda hhneuauf.de]$ [goalador@gatanda hhneuauf.de]$ hhneuauf.de]$ 
bash: [goalador@gatanda: command not found
[goalador@gatanda hhneuauf.de]$ bash: hhneuauf.de]$: command not found
bash: bash:: command not found
[goalador@gatanda hhneuauf.de]$ [goalad[goalador@gatanda hhneuauf.de]$ [goalador@gatanda h>[goalador@gatanda hhneuauf.de]$ bash: hhneuauf.de]$: command not found
bash: [goalad[goalador@gatanda: command not foundgatanda hhneuauf.de]$ 
bash: [goalador@gatanda: command not found
[goalador@gatanda hhneuauf.de]$ [goalador@gatanda hhneuauf.de]$ 
bash: [goalador@gatanda: command not found
[goalador@gatanda hhneuauf.de]$ [goalador@gatanda hhneuauf.de]$ 
bash: [goalador@gatanda: command not found
[goalador@gatanda hhneuauf.de]$ [goalador@gatanda hhneuauf.de]$ hhneuauf.de]$ 
bash: [goalador@gatanda: command not found
[goalador@gatanda hhneuauf.de]$ bash: hhneuauf.de]$: command not found
bash: bash:: command not found
[goalador@gatanda hhneuauf.de]$ [goalad[goalador@gatanda hhneuauf.de]$ [goalador@gatanda h>[goalador@gatanda hhneuauf.de]$ bash: hhneuauf.de]$: command not found
bash: [goalad[goalador@gatanda: command not foundbash: bash:: command not found
[goalador@gatanda hhneuauf.de]$ [goalador@gatanda hhneuauf.de]$ [goalador@gatanda hhneuauf.de]$ 
bash: [goalador@gatanda: command not found
[goalador@gatanda hhneuauf.de]$ bash: [goalador@gatanda: command not found
bash: bash:: command not found
[goalador@gatanda hhneuauf.de]$ gatanda hhneuauf.de]$ 
bash: gatanda: command not found
[goalador@gatanda hhneuauf.de]$ bash: [goalador@gatanda: command not found
bash: bash:: command not found
[goalador@gatanda hhneuauf.de]$ [goalador@gatanda hhneuauf.de]$ [goalador@gatanda hhneuauf.de]$ 
bash: [goalador@gatanda: command not found
[goalador@gatanda hhneuauf.de]$ [goalador@gatanda hhneuauf.de]$ [goalador@gatanda hhneuauf.de]$ 
bash: [goalador@gatanda: command not found
[goalador@gatanda hhneuauf.de]$ bash: [goalador@gatanda: command not found
bash: bash:: command not found
[goalador@gatanda hhneuauf.de]$ gatanda hhneuauf.de]$ 
bash: gatanda: command not found
[goalador@gatanda hhneuauf.de]$ bash: [goalador@gatanda: command not found
bash: bash:: command not found
[goalador@gatanda hhneuauf.de]$ [goalador@gatanda hhneuauf.de]$ [goalador@gatanda hhneuauf.de]$ 
bash: [goalador@gatanda: command not found
[goalador@gatanda hhneuauf.de]$ bash: [goalador@gatanda: command not found
bash: bash:: command not found
[goalador@gatanda hhneuauf.de]$ [goalador@gatanda hhneuauf.de]$ [goalador@gatanda hhneuauf.de]$ 
bash: [goalador@gatanda: command not found
[goalador@gatanda hhneuauf.de]$ bash: [goalador@gatanda: command not found
bash: bash:: command not found
[goalador@gatanda hhneuauf.de]$ [goalador@gatanda hhneuauf.de]$ [goalador@gatanda hhneuauf.de]$ hhneuauf.de]$ 
bash: [goalador@gatanda: command not found
[goalador@gatanda hhneuauf.de]$ bash: [goalador@gatanda: command not found
bash: bash:: command not found
[goalador@gatanda hhneuauf.de]$ [goalador@gatanda hhneuauf.de]$ bash: hhneuauf.de]$: command not found
bash: [goalador@gatanda: command not found
[goalador@gatanda hhneuauf.de]$ bash: bash:: command not found
bash: bash:: command not found
[goalador@gatanda hhneuauf.de]$ [goalador@gatanda hhneuauf.de]$ [goalad[goalador@gatanda hhneuauf.de]$ [goalador@gatanda h>[goalador@gatanda hhneuauf.de]$ bash: hhneuauf.de]$: command not found
bash: [goalador@gatanda: command not found
[goalador@gatanda hhneuauf.de]$ bash: [goalad[goalador@gatanda: command not foundgatanda hhneuauf.de]$ 
bash: bash:: command not found
[goalador@gatanda hhneuauf.de]$ bash: [goalador@gatanda: command not found
bash: bash:: command not found
[goalador@gatanda hhneuauf.de]$ [goalador@gatanda hhneuauf.de]$ [goalador@gatanda hhneuauf.de]$ 
bash: [goalador@gatanda: command not found
[goalador@gatanda hhneuauf.de]$ bash: [goalador@gatanda: command not found
bash: bash:: command not found
[goalador@gatanda hhneuauf.de]$ [goalador@gatanda hhneuauf.de]$ [goalador@gatanda hhneuauf.de]$ 
bash: [goalador@gatanda: command not found
[goalador@gatanda hhneuauf.de]$ bash: [goalador@gatanda: command not found
bash: bash:: command not found
[goalador@gatanda hhneuauf.de]$ [goalador@gatanda hhneuauf.de]$ [goalador@gatanda hhneuauf.de]$ hhneuauf.de]$ 
bash: [goalador@gatanda: command not found
[goalador@gatanda hhneuauf.de]$ bash: [goalador@gatanda: command not found
bash: bash:: command not found
[goalador@gatanda hhneuauf.de]$ [goalador@gatanda hhneuauf.de]$ bash: hhneuauf.de]$: command not found
bash: [goalador@gatanda: command not found
[goalador@gatanda hhneuauf.de]$ bash: bash:: command not found
bash: bash:: command: command not found
[goalador@gatanda hhneuauf.de]$ bash: bash:: command not found
bash: bash:: command not found
[goalador@gatanda hhneuauf.de]$ [goalador@gatanda hhneuauf.de]$ [goalad[goalador@gatanda hhneuauf.de]$ [goalador@gatanda h>[goalador@gatanda hhneuauf.de]$ bash: hhneuauf.de]$: command not found
bash: [goalador@gatanda: command not found
[goalador@gatanda hhneuauf.de]$ bash: [goalad[goalador@gatanda: command not foundbash: bash:: command not found
bash: bash:: command not found
[goalador@gatanda hhneuauf.de]$ [goalador@gatanda hhneuauf.de]$ [goalador@gatanda hhneuauf.de]$ [goalador@gatanda hhneuauf.de]$ 
bash: [goalador@gatanda: command not found
[goalador@gatanda hhneuauf.de]$ bash: [goalador@gatanda: command not found
bash: bash:: command not found
[goalador@gatanda hhneuauf.de]$ [goalador@gatanda hhneuauf.de]$ bash: [goalador@gatanda: command not found
bash: [goalador@gatanda: command not found
[goalador@gatanda hhneuauf.de]$ bash: bash:: command not found
bash: bash:: command not found
[goalador@gatanda hhneuauf.de]$ [goalador@gatanda hhneuauf.de]$ gatanda hhneuauf.de]$ 
bash: [goalador@gatanda: command not found
[goalador@gatanda hhneuauf.de]$ bash: gatanda: command not found
bash: bash:: command not found
[goalador@gatanda hhneuauf.de]$ [goalador@gatanda hhneuauf.de]$ bash: [goalador@gatanda: command not found
bash: [goalador@gatanda: command not found
[goalador@gatanda hhneuauf.de]$ bash: bash:: command not found
bash: bash:: command not found
[goalador@gatanda hhneuauf.de]$ [goalador@gatanda hhneuauf.de]$ [goalador@gatanda hhneuauf.de]$ [goalador@gatanda hhneuauf.de]$ 
bash: [goalador@gatanda: command not found
[goalador@gatanda hhneuauf.de]$ bash: [goalador@gatanda: command not found
bash: bash:: command not found
[goalador@gatanda hhneuauf.de]$ 
[goalador@gatanda hhneuauf.de]$ [goalador@gatanda hhneuauf.de]$ [goalador@gatanda hhneuauf.de]$ [goalador@gatanda hhneuauf.de]$ 
bash: [goalador@gatanda: command not found
[goalador@gatanda hhneuauf.de]$ bash: [goalador@gatanda: command not found
bash: bash:: command not found
[goalador@gatanda hhneuauf.de]$ [goalador@gatanda hhneuauf.de]$ bash: [goalador@gatanda: command not found
bash: [goalador@gatanda: command not found
[goalador@gatanda hhneuauf.de]$ bash: bash:: command not found
bash: bash:: command not found
[goalador@gatanda hhneuauf.de]$ [goalador@gatanda hhneuauf.de]$ gatanda hhneuauf.de]$ 
bash: [goalador@gatanda: command not found
[goalador@gatanda hhneuauf.de]$ bash: gatanda: command not found
bash: bash:: command not found
[goalador@gatanda hhneuauf.de]$ [goalador@gatanda hhneuauf.de]$ bash: [goalador@gatanda: command not found
bash: [goalador@gatanda: command not found
[goalador@gatanda hhneuauf.de]$ bash: bash:: command not found
bash: bash:: command not found
[goalador@gatanda hhneuauf.de]$ [goalador@gatanda hhneuauf.de]$ [goalador@gatanda hhneuauf.de]$ [goalador@gatanda hhneuauf.de]$ 
bash: [goalador@gatanda: command not found
[goalador@gatanda hhneuauf.de]$ bash: [goalador@gatanda: command not found
bash: bash:: command not found
[goalador@gatanda hhneuauf.de]$ [goalador@gatanda hhneuauf.de]$ bash: [goalador@gatanda: command not found
bash: [goalador@gatanda: command not found
[goalador@gatanda hhneuauf.de]$ bash: bash:: command not found
bash: bash:: command not found
[goalador@gatanda hhneuauf.de]$ [goalador@gatanda hhneuauf.de]$ [goalador@gatanda hhneuauf.de]$ [goalador@gatanda hhneuauf.de]$ 
bash: [goalador@gatanda: command not found
[goalador@gatanda hhneuauf.de]$ bash: [goalador@gatanda: command not found
bash: bash:: command not found
[goalador@gatanda hhneuauf.de]$ [goalador@gatanda hhneuauf.de]$ bash: [goalador@gatanda: command not found
bash: [goalador@gatanda: command not found
[goalador@gatanda hhneuauf.de]$ bash: bash:: command not found
bash: bash:: command not found
[goalador@gatanda hhneuauf.de]$ [goalador@gatanda hhneuauf.de]$ [goalador@gatanda hhneuauf.de]$ [goalador@gatanda hhneuauf.de]$ hhneuauf.de]$ 
bash: [goalador@gatanda: command not found
[goalador@gatanda hhneuauf.de]$ bash: [goalador@gatanda: command not found
bash: bash:: command not found
[goalador@gatanda hhneuauf.de]$ [goalador@gatanda hhneuauf.de]$ bash: [goalador@gatanda: command not found
bash: [goalador@gatanda: command not found
[goalador@gatanda hhneuauf.de]$ bash: bash:: command not found
bash: bash:: command not found
[goalador@gatanda hhneuauf.de]$ [goalador@gatanda hhneuauf.de]$ [goalador@gatanda hhneuauf.de]$ bash: hhneuauf.de]$: command not found
bash: [goalador@gatanda: command not found
[goalador@gatanda hhneuauf.de]$ bash: [goalador@gatanda: command not found
bash: bash:: command not found
[goalador@gatanda hhneuauf.de]$ [goalador@gatanda hhneuauf.de]$ bash: bash:: command not found
bash: [goalador@gatanda: command not found
[goalador@gatanda hhneuauf.de]$ bash: bash:: command not found
bash: bash:: command not found
[goalador@gatanda hhneuauf.de]$ [goalador@gatanda hhneuauf.de]$ [goalador@gatanda hhneuauf.de]$ [goalad[goalador@gatanda hhneuauf.de]$ [goalador@gatanda h>[goalador@gatanda hhneuauf.de]$ bash: hhneuauf.de]$: command not found
bash: [goalador@gatanda: command not found
[goalador@gatanda hhneuauf.de]$ bash: [goalador@gatanda: command not found
bash: bash:: command not found
[goalador@gatanda hhneuauf.de]$ [goalador@gatanda hhneuauf.de]$ bash: [goalad[goalador@gatanda: command not foundgatanda hhneuauf.de]$ 
bash: [goalador@gatanda: command not found
[goalador@gatanda hhneuauf.de]$ bash: bash:: command not found
bash: bash:: command not found
[goalador@gatanda hhneuauf.de]$ [goalador@gatanda hhneuauf.de]$ bash: [goalador@gatanda: command not found
bash: [goalador@gatanda: command not found
[goalador@gatanda hhneuauf.de]$ bash: bash:: command not found
bash: bash:: command not found
[goalador@gatanda hhneuauf.de]$ [goalador@gatanda hhneuauf.de]$ [goalador@gatanda hhneuauf.de]$ [goalador@gatanda hhneuauf.de]$ 
bash: [goalador@gatanda: command not found
[goalador@gatanda hhneuauf.de]$ bash: [goalador@gatanda: command not found
bash: bash:: command not found
[goalador@gatanda hhneuauf.de]$ [goalador@gatanda hhneuauf.de]$ bash: [goalador@gatanda: command not found
bash: [goalador@gatanda: command not found
[goalador@gatanda hhneuauf.de]$ bash: bash:: command not found
bash: bash:: command not found
hhneuauf.de]$ bash: [goalador@gatanda: command not found
bash: bash:: command not found
f.de]$ bash: [goalador@gatanda: command not found
bash: bash:: command not found
[goalador@gatanda hhneuauf.de]$ [goalador@gatanda hhneuauf.de]$ bash: bash:: command not found
bash: [goalador@gatanda: command not found
[goalador@gatanda hhneuauf.de]$ bash: bash:: command not found
bash: bash:: command not found
[goalador@gatanda hhneuauf.de]$ [goalador@gatanda hhneuauf.de]$ [goalador@gatanda hhneuauf.de]$ bash: [goalador@gatanda: command not found
bash: [goalador@gatanda: command not found
[goalador@gatanda hhneuauf.de]$ bash: [goalador@gatanda: command not found
bash: bash:: command not found
[goalador@gatanda hhneuauf.de]$ [goalador@gatanda hhneuauf.de]$ bash: bash:: command not found
bash: [goalador@gatanda: comhhneuauf.de]$goalador@gatanda: command not found
[goaladorgoalador@gatanda: command not found
[goaladorgoalador@gatanda: command not found
[goalador@gatanda hhneuauf.de]$ bash: bash:: command not found
bash: bash:: command not found
[goalador@gatanda hhneuauf.de]$ hhneuauf.de]$ bash: [goalador@gatanda: command not found
bash: hhneuauf.de]$: command not found
[goalador@gatanda hhneuauf.de]$ bash: bash:: command not found
bash: bash:: command not found
[goalador@gatanda hhneuauf.de]$ f.de]$ bash: [goalador@gatanda: command not found
bash: f.de]$: command not found
[goalador@gatandabash: [goalador@gatanda: command not found
[goalador@gatanda hhneuauf.de]$ bash: bash:: command not found
bash: bash:: command not found
[goalador@gatanda hhneuauf.de]$ [goalador@gatanda hhneuauf.de]$ [goalador@gatanda hhneuauf.de]$ bash: [goalador@gatanda: command not found
bash: [goalador@gatanda: command not found
[goalador@gatanda hhneuauf.de]$ bash: [goalador@gatanda: command not found
bash: bash:: command not found
[goalador@gatanda hhneuauf.de]$ [goalador@gatanda hhneuauf.de]$ bash: bash:: command not found
bash: [goalador@gatanda: command not found
[goalador@gatanda hhneuauf.de]$ bash: bash:: command not found
bash: bash:: command not found
[goalador@gatanda hhneuauf.de]$ [goalador@gatanda hhneuauf.de]$ [goalador@gatanda hhneuauf.de]$ [goalador@gatanda hhneuauf.de]$ [goalador@gatanda hhneuauf.de]$ 
bash: [goalador@gatanda: command not found
[goalador@gatanda hhneuauf.de]$ bash: [goalador@gatanda: command not found
bash: bash:: command not found
[goalador@gatanda hhneuauf.de]$ [goalador@gatanda hhneuauf.de]$ bash: [goalador@gatanda: command not found
bash: [goalador@gatanda: command not found
[goalador@gatanda hhneuauf.de]$ bash: bash:: command not found
bash: bash:: command not found
[goalador@gatanda hhneuauf.de]$ [goalador@gatanda hhneuauf.de]$ [goalador@gatanda hhneuauf.de]$ bash: [goalador@gatanda: command not found
bash: [goalador@gatanda: command not found
[goalador@gatanda hhneuauf.de]$ bash: [goalador@gatanda: command not found
bash: bash:: command not found
[goalador@gatanda hhneuauf.de]$ [goalador@gatanda hhneuauf.de]$ bash: bash:: command not found
bash: [goalador@gatanda: command not found
[goalador@gatanda hhneuauf.de]$ bash: bash:: command not found
bash: bash:: command not found
[goalador@gatanda hhneuauf.de]$ hhneuauf.de]$ bash: [goalador@gatanda: command not found
bash: hhneuauf.de]$: command not found
[goalador@gatanda hhneuauf.de]$ bash: bash:: command not found
bash: bash:: command not found
[goalador@gatanda hhneuauf.de]$ f.de]$ bash: [goalador@gatanda: command not found
bash: f.de]$: command not found
[goalador@gatanda hhneuauf.de]$ bash: bash:: command not found
bash:bash: [goalador@gatanda: command not found
[goalador@gatanda hhneuauf.de]$ bash: bash:: command not found
bash: bash:: command not found
[goalador@gatanda hhneuauf.de]$ [goalador@gatanda hhneuauf.de]$ [goalador@gatanda hhneuauf.de]$ bash: [goalador@gatanda: command not found
bash: [goalador@gatanda: command not found
[goalador@gatanda hhneuauf.de]$ bash: [goalador@gatanda: command not found
bash: bash:: command not found
[goalador@gatanda hhneuauf.de]$ [goalador@gatanda hhneuauf.de]$ bash: bash:: command not found
bash: [goalador@gatanda: command not found
[goalador@gatanda hhneuauf.de]$ bash: bash:: command not found
bash: bash:: command not found
[goalador@gatanda hhneuauf.de]$ [goalador@gatanda hhneuauf.de]$ [goalador@gatanda hhneuauf.de]$ [goalador@gatanda hhneuauf.de]$ [goalador@gatanda hhneuauf.de]$ 
bash: [goalador@gatanda: command not found
[goalador@gatanda hhneuauf.de]$ bash: [goalador@gatanda: command not found
bash: bash:: command not found
[goalador@gatanda hhneuauf.de]$ [goalador@gatanda hhneuauf.de]$ bash: [goalador@gatanda: command not found
bash: [goalador@gatanda: command not found
[goalador@gatanda hhneuauf.de]$ bash: bash:: command not found
bash: bash:: command not found
[goalador@gatanda hhneuauf.de]$ [goalador@gatanda hhneuauf.de]$ [goalador@gatanda hhneuauf.de]$ bash: [goalador@gatanda: command not found
bash: [goalador@gatanda: command not found
[goalador@gatanda hhneuauf.de]$ bash: [goalador@gatanda: command not found
bash: bash:: command not found
[goalador@gatanda hhneuauf.de]$ [goalador@gatanda hhneuauf.de]$ bash: bash:: command not found
bash: [goalador@gatanda: command not found
[goalador@gatanda hhneuauf.de]$ bash: bash:: command not found
bash: bash:: command not found
[goalador@gatanda hhneuauf.de]$ hhneuauf.de]$ bash: [goalador@gatanda: command not found
bash: hhneuauf.de]$: command not found
[goalador@gatanda hhneuauf.de]$ bash: bash:: command not found
bash: bash:: command not found
[goalador@gatanda hhneuauf.de]$ f.de]$ bash: [goalador@gatanda: command not found
bash: f.de]$: command not found
[goalador@gatanda hhneuauf.de]$ bash: bash:: command not found
bash: bash:: command not found
[goalador@gatanda hhneuauf.de]$ [goalador@gatanda hhneuauf.de]$ [goalador@gatanda hhneuauf.de]$ bash: bash:: command not found
bash: [goalador@gatanda: command not found
[goalador@gatanda hhneuauf.de]$ bash: [goalador@gatanda: command not found
bash: bash:: command not found
[goalador@gatanda hhneuauf.de]$ [goalador@gatanda hhneuauf.de]$ bash: bash:: command not found
bash: [goalador@gatanda: command not found
[goalador@gatanda hhneuauf.de]$ bash: bash:: command not found
bash: bash:: command not found
[goalador@gatanda hhneuauf.de]$ [goalador@gatanda hhneuauf.de]$ [goalador@gatanda hhneuauf.de]$ [goalador@gatanda hhneuauf.de]$ bash: [goalador@gatanda: command not found
bash: [goalador@gatanda: command not found
[goalador@gatanda hhneuauf.de]$ bash: [goalador@gatanda: command not found
bash: bash:: command not found
[goalador@gatanda hhneuauf.de]$ [goalador@gatanda hhneuauf.de]$ bash: [goalador@gatanda: command not found
bash: [goalador@gatanda: command not found
[goalador@gatanda hhneuauf.de]$ bash: bash:: command not found
bash: bash:: command not found
[goalador@gatanda hhneuauf.de]$ [goalador@gatanda hhneuauf.de]$ [goalador@gatanda hhneuauf.de]$ bash: bash:: command not found
bash: [goalador@gatanda: command not found
[goalador@gatanda hhneuauf.de]$ bash: [goalador@gatanda: comhhneuauf.de]$goalador@gatanda: command not found
bash: bash:: command not found
[goalador@gatanda hhneuauf.de]$ [goaladorgoalador@gatanda: command not found
bash: [goaladorgoalador@gatanda:: command not found
[goalador@gatanda hhneuauf.de]$ [goaladorgoalador@gatanda: command not found
bash: [goaladorgoalador@gatanda:: command not found
[goalador@gatanda hhneuauf.de]$ [goalador@gatanda hhneuauf.de]$ bash: bash:: command not found
bash: [goalador@gatanda: command not found
[goalador@gatanda hhneuauf.de]$ bash: bash:: command not found
bash: bash:: command not found
[goalador@gatanda hhneuauf.de]$ [goalador@gatanda hhneuauf.de]$ hhneuauf.de]$ bash: [goalador@gatanda: command not found
bash: [goalador@gatanda: command not found
[goalador@gatanda hhneuauf.de]$ bash: hhneuauf.de]$: command not found
bash: bash:: command not found
[goalador@gatanda hhneuauf.de]$ [goalador@gatanda hhneuauf.de]$ bash: bash:: command not found
bash: [goalador@gatanda: command not found
[goalador@gatanda hhneuauf.de]$ bash: bash:: command not found
bash: bash:: command not found
[goalador@gatanda hhneuauf.de]$ [goalador@gatanda hhneuauf.de]$ f.de]$ bash: [goalador@gatanda: command not found
bash: [goalador@gatanda: command not found
[goalador@gatanda hhneuauf.de]$ bash: f.de]$: command not found
bash: bash:: command not found
[goalador@gatanda hhneuauf.de]$ [goalador@gatandabash: [goalador@gatanda: command not found
not found
bash: [goalador@gatanda: command not found
[goalador@gatanda hhneuauf.de]$ bash: bash:: command not found
bash: bash:: command not found
[goalador@gatanda hhneuauf.de]$ [goalador@gatanda hhneuauf.de]$ [goalador@gatanda hhneuauf.de]$ [goalador@gatanda hhneuauf.de]$ [goalador@gatanda hhneuauf.de]$ 
bash: [goalador@gatanda: command not found
[goalador@gatanda hhneuauf.de]$ bash: [goalador@gatanda: command not found
bash: bash:: command not found
[goalador@gatanda hhneuauf.de]$ [goalador@gatanda hhneuauf.de]$ bash: [goalador@gatanda: command not found
bash: [goalador@gatanda: command not found
[goalador@gatanda hhneuauf.de]$ bash: bash:: command not found
bash: bash:: command not found
[goalador@gatanda hhneuauf.de]$ [goalador@gatanda hhneuauf.de]$ [goalador@gatanda hhneuauf.de]$ bash: [goalador@gatanda: command not found
bash: [goalador@gatanda: command not found
[goalador@gatanda hhneuauf.de]$ bash: [goalador@gatanda: command not found
bash: bash:: command not found
[goalador@gatanda hhneuauf.de]$ [goalador@gatanda hhneuauf.de]$ bash: bash:: command not found
bash: [goalador@gatanda: command not found
[goalador@gatanda hhneuauf.de]$ bash: bash:: command not found
bash: bash:: command not found
[goalador@gatanda hhneuauf.de]$ hhneuauf.de]$ bash: [goalador@gatanda: command not found
bash: hhneuauf.de]$: command not found
[goalador@gatanda hhneuauf.de]$ bash: bash:: command not found
bash: bash:: command not found
[goalador@gatanda hhneuauf.de]$ f.de]$ bash: [goalador@gatanda: command not found
bash: f.de]$: command not found
[goalador@gatanda hhneuauf.de]$ bash: bash:: command not found
bash:bash: [goalador@gatandabash:: command not found
[goalador@gatanda hhneuauf.de]$ [goalador@gatanda hhneuauf.de]$ bash: bash:: command not found
bash: [goalador@gatanda: command not found
[goalador@gatanda hhneuauf.de]$ bash: bash:: command not found
bash: bash:: command not found
[goalador@gatanda hhneuauf.de]$ [goalador@gatanda hhneuauf.de]$ [goalador@gatanda hhneuauf.de]$ [goalador@gatanda hhneuauf.de]$ bash: [goalador@gatanda: command not found
bash: [goalador@gatanda: command not found
[goalador@gatanda hhneuauf.de]$ bash: [goalador@gatanda: command not found
bash: bash:: command not found
[goalador@gatanda hhneuauf.de]$ [goalador@gatanda hhneuauf.de]$ bash: [goalador@gatanda: command not found
bash: [goalador@gatanda: command not found
[goalador@gatanda hhneuauf.de]$ bash: bash:: command not found
babash: [goalador@gatanda: command not found
[goalador@gatanda hhneuauf.de]$ bash: bash:: command not found
bash: bash:: command not found
[goalador@gatanda hhneuauf.de]$ [goalador@gatanda hhneuauf.de]$ [goalador@gatanda hhneuauf.de]$ bash: [goalador@gatanda: command not found
bash: [goalador@gatanda: command not found
[goalador@gatanda hhneuauf.de]$ bash: [goalador@gatanda: command not found
bash: bash:: command not found
[goalador@gatanda hhneuauf.de]$ [goalador@gatanda hhneuauf.de]$ bash: bash:: command not found
bash: [goalador@gatanda: command not found
[goalador@gatanda hhneuauf.de]$ bash: bash:: command not found
bash: bash:: command not found
[goalador@gatanda hhneuauf.de]$ [goalador@gatanda hhneuauf.de]$ [goalador@gatanda hhneuauf.de]$ [goalador@gatanda hhneuauf.de]$ [goalador@gatanda hhneuauf.de]$ 
bash: [goalador@gatanda: command not found
[goalador@gatanda hhneuauf.de]$ bash: [goalador@gatanda: command not found
bash: bash:: command not found
[goalador@gatanda hhneuauf.de]$ [goalador@gatanda hhneuauf.de]$ bash: [goalador@gatanda: command not found
bash: [goalador@gatanda: command not found
[goalador@gatanda hhneuauf.de]$ bash: bash:: command not found
bash: bash:: command not found
[goalador@gatanda hhneuauf.de]$ [goalador@gatanda hhneuauf.de]$ [goalador@gatanda hhneuauf.de]$ bash: [goalador@gatanda: command not found
bash: [goalador@gatanda: command not found
[goalador@gatanda hhneuauf.de]$ bash: [goalador@gatanda: command not found
bash: bash:: command not found
[goalador@gatanda hhneuauf.de]$ [goalador@gatanda hhneuauf.de]$ bash: bash:: command not found
bash: [goalador@gatanda: command not found
[goalador@gatanda hhneuauf.de]$ bash: bash:: command not found
bash: bash:: command not found
[goalador@gatanda hhneuauf.de]$ hhneuauf.de]$ bash: [goalador@gatanda: command not found
bash: hhneuauf.de]$: command not found
[goalador@gatanda hhneuauf.de]$ bash: bash:: command not found
bash: bash:: command not found
[goalador@gatanda hhneuauf.de]$ f.de]$ bash: [goalador@gatanda: command not found
bash: f.de]$: command not found
[goalador@gatanda hhneuauf.de]$ bash: bash:: command not found
bash: bash:: command not found
[goalador@gatanda hhneuauf.de]$ [goalador@gatanda hhneuauf.de]$ [goalador@gatanda hhneuauf.de]$ bash: bash:: command not found
bash: [goalador@gatanda: command not found
[goalador@gatanda hhneuauf.de]$ bash: [goalador@gatanda: command not found
bash: bash:: command not found
[goalador@gatanda hhneuauf.de]$ [goalador@gatanda hhneuauf.de]$ bash: bash:: command not found
bash: [goalador@gatanda: command not found
[goalador@gatanda hhneuauf.de]$ bash: bash:: command not found
bash: bash:: command not found
[goalador@gatanda hhneuauf.de]$ [goalador@gatanda hhneuauf.de]$ [goalador@gatanda hhneuauf.de]$ [goalador@gatanda hhneuauf.de]$ bash: [goalador@gatanda: command not found
bash: [goalador@gatanda: command not found
[goalador@gatanda hhneuauf.de]$ bash: [goalador@gatanda: command not found
bash: bash:: command not found
[goalador@gatanda hhneuauf.de]$ [goalador@gatanda hhneuauf.de]$ bash: [goalador@gatanda: command not found
bash: [goalador@gatanda: command not found
[goalador@gatanda hhneuauf.de]$ bash: bash:: command not found
bash: bash:: command not found
[goalador@gatanda hhneuauf.de]$ [goalador@gatanda hhneuauf.de]$ [goalador@gatanda hhneuauf.de]$ bash: bash:: command not found
bash: [goalador@gatanda: command not found
[goalador@gatanda hhneuauf.de]$ bash: [goalador@gatanda: comhhneuauf.de]$goalador@gatanda: command not found
bash: bash:: command not found
[goalador@gatanda hhneuauf.de]$ [goaladorgoalador@gatanda: command not found
bash: [goaladorgoalador@gatanda:: command not found
[goalador@gatanda hhneuauf.de]$ [goaladorgoalador@gatanda: command not found
bash: [goaladorgoalador@gatanda:: command not found
[goalador@gatanda hhneuauf.de]$ [goalador@gatanda hhneuauf.de]$ bash: bash:: command not found
bash: [goalador@gatanda: command not found
[goalador@gatanda hhneuauf.de]$ bash: bash:: command not found
bash: bash:: command not found
[goalador@gatanda hhneuauf.de]$ [goalador@gatanda hhneuauf.de]$ hhneuauf.de]$ bash: [goalador@gatanda: command not found
bash: [goalador@gatanda: command not found
[goalador@gatanda hhneuauf.de]$ bash: hhneuauf.de]$: command not found
bash: bash:: command not found
[goalador@gatanda hhneuauf.de]$ [goalador@gatanda hhneuauf.de]$ bash: bash:: command not found
bash: [goalador@gatanda: command not found
[goalador@gatanda hhneuauf.de]$ bash: bash:: command not found
bash: bash:: command not found
[goalador@gatanda hhneuauf.de]$ [goalador@gatanda hhneuauf.de]$ f.de]$ bash: [goalador@gatanda: command not found
bash: [goalador@gatanda: command not found
[goalador@gatanda hhneuauf.de]$ bash: f.de]$: command not found
bash: bash:: command not found
[goalador@gatanda hhneuauf.de]$ [goalador@gatandabash: [goalador@gatanda: command not found
not found
bash: [goalador@gatanda: command not found
[goalador@gatanda hhneuauf.de]$ bash: bash:: command not found
bash: bash:: command not found
[goalador@gatanda hhneuauf.de]$ [goalador@gatanda hhneuauf.de]$ [goalador@gatanda hhneuauf.de]$ [goalador@gatanda hhneuauf.de]$ [goalador@gatanda hhneuauf.de]$ 
bash: [goalador@gatanda: command not found
[goalador@gatanda hhneuauf.de]$ bash: [goalador@gatanda: command not found
bash: bash:: command not found
[goalador@gatanda hhneuauf.de]$ [goalador@gatanda hhneuauf.de]$ bash: [goalador@gatanda: command not found
bash: [goalador@gatanda: command not found
[goalador@gatanda hhneuauf.de]$ bash: bash:: command not found
bash: bash:: command not found
[goalador@gatanda hhneuauf.de]$ [goalador@gatanda hhneuauf.de]$ [goalador@gatanda hhneuauf.de]$ bash: [goalador@gatanda: command not found
bash: [goalador@gatanda: command not found
[goalador@gatanda hhneuauf.de]$ bash: [goalador@gatanda: command not found
bash: bash:: command not found
[goalador@gatanda hhneuauf.de]$ [goalador@gatanda hhneuauf.de]$ bash: bash:: command not found
bash: [goalador@gatanda: command not found
[goalador@gatanda hhneuauf.de]$ bash: bash:: command not found
bash: bash:: command not found
[goalador@gatanda hhneuauf.de]$ hhneuauf.de]$ bash: [goalador@gatanda: command not found
bash: hhneuauf.de]$: command not found
[goalador@gatanda hhneuauf.de]$ bash: bash:: command not found
bash: bash:: command not found
[goalador@gatanda hhneuauf.de]$ f.de]$ bash: [goalador@gatanda: command not found
bash: f.de]$: command not found
[goalador@gatanda hhneuauf.de]$ bash: bash:: command not found
bash:bash: [goalador@gatandabash:: command not found
[goalador@gatanda hhneuauf.de]$ [goalador@gatanda hhneuauf.de]$ bash: bash:: command not found
bash: [goalador@gatanda: command not found
[goalador@gatanda hhneuauf.de]$ bash: bash:: command not found
bash: bash:: command not found
[goalador@gatanda hhneuauf.de]$ [goalador@gatanda hhneuauf.de]$ [goalador@gatanda hhneuauf.de]$ [goalador@gatanda hhneuauf.de]$ bash: [goalador@gatanda: command not found
bash: [goalador@gatanda: command not found
[goalador@gatanda hhneuauf.de]$ bash: [goalador@gatanda: command not found
bash: bash:: command not found
[goalador@gatanda hhneuauf.de]$ [goalador@gatanda hhneuauf.de]$ bash: [goalador@gatanda: command not found
bash: [goalador@gatanda: command not found
[goalador@gatanda hhneuauf.de]$ bash: bash:: command not found
bash: bash:: command not found
[goalador@gatanda hhneuauf.de]$ [goalador@gatanda hhneuauf.de]$ [goalador@gatanda hhneuauf.de]$ bash: bash:: command not found
bash: [goalador@gatanda: command not found
[goalador@gatanda hhneuauf.de]$ bash: [goalador@gatanda: command not found
bash: bash:: command not found
[goalador@gatanda hhneuauf.de]$ [goalador@gatanda hhneuauf.de]$ bash: bash:: command not found
bash: [goalador@gatanda: command not found
[goalador@gatanda hhneuauf.de]$ bash: bash:: command not found
bash: bash:: command not found
[goalador@gatanda hhneuauf.de]$ [goalador@gatanda hhneuauf.de]$ [goalador@gatanda hhneuauf.de]$ [goalador@gatanda hhneuauf.de]$ [goalador@gatanda hhneuauf.de]$ [goalador@gatanda hhneuauf.de]$ 
bash: [goalador@gatanda: command not found
[goalador@gatanda hhneuauf.de]$ bash: [goalador@gatanda: command not found
bash: bash:: command not found
[goalador@gatanda hhneuauf.de]$ [goalador@gatanda hhneuauf.de]$ bash: [goalador@gatanda: command not found
bash: [goalador@gatanda: command not found
[goalador@gatanda hhneuauf.de]$ bash: bash:: command not found
bash: bash:: command not found
[goalador@gatanda hhneuauf.de]$ [goalador@gatanda hhneuauf.de]$ [goalador@gatanda hhneuauf.de]$ bash: [goalador@gatanda: command not found
bash: [goalador@gatanda: command not found
[goalador@gatanda hhneuauf.de]$ bash: [goalador@gatanda: command not found
bash: bash:: command not found
[goalador@gatanda hhneuauf.de]$ [goalador@gatanda hhneuauf.de]$ bash: bash:: command not found
bash: [goalador@gatanda: command not found
[goalador@gatanda hhneuauf.de]$ bash: bash:: command not found
bash: bash:: command not found
[goalador@gatanda hhneuauf.de]$ [goalador@gatanda hhneuauf.de]$ [goalador@gatanda hhneuauf.de]$ [goalador@gatanda hhneuauf.de]$ bash: [goalador@gatanda: command not found
bash: [goalador@gatanda: command not found
[goalador@gatanda hhneuauf.de]$ bash: [goalador@gatanda: command not found
bash: bash:: command not found
[goalador@gatanda hhneuauf.de]$ [goalador@gatanda hhneuauf.de]$ bash: [goalador@gatanda: command not found
bash: [goalador@gatanda: command not found
[goalador@gatanda hhneuauf.de]$ bash: bash:: command not found
bash: bash:: command not found
[goalador@gatanda hhneuauf.de]$ [goalador@gatanda hhneuauf.de]$ [goalador@gatanda hhneuauf.de]$ bash: bash:: command not found
bash: [goalador@gatanda: command not found
[goalador@gatanda hhneuauf.de]$ bash: [goalador@gatanda: command not found
bash: bash:: command not found
[goalador@gatanda hhneuauf.de]$ [goalador@gatanda hhneuauf.de]$ bash: bash:: command not found
bash: [goalador@gatanda: command not found
[goalador@gatanda hhneuauf.de]$ bash: bash:: command not found
bash: bash:: command not found
[goalador@gatanda hhneuauf.de]$ [goalador@gatanda hhneuauf.de]$ hhneuauf.de]$ bash: [goalador@gatanda: command not found
bash: [goalador@gatanda: command not found
[goalador@gatanda hhneuauf.de]$ bash: hhneuauf.de]$: command not found
bash: bash:: command not found
[goalador@gatanda hhneuauf.de]$ [goalador@gatanda hhneuauf.de]$ bash: bash:: command not found
bash: [goalador@gatanda: command not found
[goalador@gatanda hhneuauf.de]$ bash: bash:: command not found
bash: bash:: command not found
[goalador@gatanda hhneuauf.de]$ [goalador@gatanda hhneuauf.de]$ f.de]$ bash: [goalador@gatanda: command not found
bash: [goalador@gatanda: command not found
[goalador@gatanda hhneuauf.de]$ bash: f.de]$: command not found
bash: bash:: command not found
[goalador@gatanda hhneuauf.de]$ [goalador@gatanda hhneuauf.de]$ bash: bash:: command not found
bash: [goalador@gatanda: command not found
[goalador@gatanda hhneuauf.de]$ bash:bash: [goalador@gatanda: command not found
bash: bash:bash:: command not found
[goalador@gatanda hhneuauf.de]$ [goalador@gatanda hhneuauf.de]$ bash: bash:: command not found
bash: [goalador@gatanda: command not found
[goalador@gatanda hhneuauf.de]$ bash: bash:: command not found
bash: bash:: command not found
[goalador@gatanda hhneuauf.de]$ [goalador@gatanda hhneuauf.de]$ [goalador@gatanda hhneuauf.de]$ [goalador@gatanda hhneuauf.de]$ bash: [goalador@gatanda: command not found
bash: [goalador@gatanda: command not found
[goalador@gatanda hhneuauf.de]$ bash: [goalador@gatanda: command not found
bash: bash:: command not found
[goalador@gatanda hhneuauf.de]$ [goalador@gatanda hhneuauf.de]$ bash: [goalador@gatanda: command not found
bash: [goalador@gatanda: command not found
[goalador@gatanda hhneuauf.de]$ bash: bash:: command not found
bash: bash:: command not found
[goalador@gatanda hhneuauf.de]$ [goalador@gatanda hhneuauf.de]$ [goalador@gatanda hhneuauf.de]$ bash: bash:: command not found
bash: [goalador@gatanda: command not found
[goalador@gatanda hhneuauf.de]$ bash: [goalador@gatanda: command not found
bash: bash:: command not found
[goalador@gatanda hhneuauf.de]$ [goalador@gatanda hhneuauf.de]$ bash: bash:: command not found
bash: [goalador@gatanda: command not found
[goalador@gatanda hhneuauf.de]$ bash: bash:: command not found
bash: bash:: command not found
[goalador@gatanda hhneuauf.de]$ [goalador@gatanda hhneuauf.de]$ [goalador@gatanda hhneuauf.de]$ [goalador@gatanda hhneuauf.de]$ [goalador@gatanda hhneuauf.de]$ [goalador@gatanda hhneuauf.de]$ 
bash: [goalador@gatanda: command not found
[goalador@gatanda hhneuauf.de]$ bash: [goalador@gatanda: command not found
bash: bash:: command not found
[goalador@gatanda hhneuauf.de]$ [goalador@gatanda hhneuauf.de]$ bash: [goalador@gatanda: command not found
bash: [goalador@gatanda: command not found
[goalador@gatanda hhneuauf.de]$ bash: bash:: command not found
obash: bash:: command not found
[goalador@gatanda hhneuauf.de]$ [goalador@gatanda hhneuauf.de]$ [goalador@gatanda hhneuauf.de]$ bash: [goalador@gatanda: command not found
]$ [goalador@gatanda hbash: [goalador@gatanda: command not found
[goalador@gatanda hhneuauf.de]$ bash: [goalador@gatanda: command not found
bash: bash:: command not found
[goalador@gatanda hhneuauf.de]$ [goalador@gatanda hhneuauf.de]$ bash: bash:: command not found
bash: [goalador@gatanda: command not found
[goalador@gatanda hhneuauf.de]$ bash: bash:: command not found
bash: bash:: command not found
[goalador@gatanda hhneuauf.de]$ [goalador@gatanda hhneuauf.de]$ [goalador@gatanda hhneuauf.de]$ [goalador@gatanda hhneuauf.de]$ bash: [goalador@gatanda: command not found
bash: [goalador@gatanda: command not found
[goalador@gatanda hhneuauf.de]$ bash: [goalador@gatanda: command not found
bash: bash:: command not found
[goalador@gatanda hhneuauf.de]$ [goalador@gatanda hhneuauf.de]$ bash: [goalador@gatanda: command not found
bash: [goalador@gatanda: command not found
[goalador@gatanda hhneuauf.de]$ bash: bash:: command not found
bash: bash:: command not found
[goalador@gatanda hhneuauf.de]$ [goalador@gatanda hhneuauf.de]$ [goalador@gatanda hhneuauf.de]$ bash: bash:: command not found
bash: [goalador@gatanda: command not found
[goalador@gatanda hhneuauf.de]$ bash: [goalador@gatanda: command not found
bash: bash:: command not found
[goalador@gatanda hhneuauf.de]$ [goalador@gatanda hhneuauf.de]$ bash: bash:: command not found
bash: [goalador@gatanda: command not found
[goalador@gatanda hhneuauf.de]$ bash: bash:: command not found
bash: bash:: command not found
[goalador@gatanda hhneuauf.de]$ [goalador@gatanda hhneuauf.de]$ hhneuauf.de]$ bash: [goalador@gatanda: command not found
bash: [goalador@gatanda: command not found
[goalador@gatanda hhneuauf.de]$ bash: hhneuauf.de]$: command not found
bash: bash:: command not found
[goalador@gatanda hhneuauf.de]$ [goalador@gatanda hhneuauf.de]$ bash: bash:: command not found
bash: [goalador@gatanda: command not found
[goalador@gatanda hhneuauf.de]$ bash: bash:: command not found
bash: bash:: command not found
[goalador@gatanda hhneuauf.de]$ [goalador@gatanda hhneuauf.de]$ f.de]$ bash: [goalador@gatanda: command not found
bash: [goalador@gatanda: command not found
[goalador@gatanda hhneuauf.de]$ bash: f.de]$: command not found
neuauf.de]$ bash: [goalador@gatabash: bash:: command not found
[goalador@gatanda hhneuauf.de]$ [goalador@gatanda hhneuauf.de]$ bash: bash:: command not found
bash: [goalador@gatanda: command not found
[goalador@gatanda hhneuauf.de]$ bash: bash:: command not found
bash: bash:: command not found
[goalador@gatanda hhneuauf.de]$ [goalador@gatanda hhneuauf.de]$ [goalador@gatanda hhneuauf.de]$ [goalador@gatanda hhneuauf.de]$ bash: bash:: command not found
bash: [goalador@gatanda: command not found
[goalador@gatanda hhneuauf.de]$ bash: [goalador@gatanda: command not found
bash: bash:: command not found
[goalador@gatanda hhneuauf.de]$ [goalador@gatanda hhneuauf.de]$ bash: [goalador@gatanda: command not found
bash: [goalador@gatanda: command not found
[goalador@gatanda hhneuauf.de]$ bash: bash:: command not found
bash: bash:: command not found
[goalador@gatanda hhneuauf.de]$ [goalador@gatanda hhneuauf.de]$ [goalador@gatanda hhneuauf.de]$ bash: bash:: command not found
bash: [goalador@gatanda: command not found
[goalador@gatanda hhneuauf.de]$ bash: [goalador@gatanda: command not found
bash: bash:: command not found
[goalador@gatanda hhneuauf.de]$ [goalador@gatanda hhneuauf.de]$ bash: bash:: command not found
bash: [goalador@gatanda: command not found
[goalador@gatanda hhneuauf.de]$ bash: bash:: command not found
bash: bash:: command not found
[goalador@gatanda hhneuauf.de]$ [goalador@gatanda hhneuauf.de]$ [goalador@gatanda hhneuauf.de]$ [goalador@gatanda hhneuauf.de]$ [goalador@gatanda hhneuauf.de]$ bash: [goalador@gatanda: command not found
bash: [goalador@gatanda: command not found
[goalador@gatanda hhneuauf.de]$ bash: [goalador@gatanda: command not found
bash: bash:: command not found
[goalador@gatanda hhneuauf.de]$ [goalador@gatanda hhneuauf.de]$ bash: [goalador@gatanda: command not found
bash: [goalador@gatanda: command not found
[goalador@gatanda hhneuauf.de]$ bash: bash:: command not found
bash: bash:: command not found
[goalador@gatanda hhneuauf.de]$ [goalador@gatanda hhneuauf.de]$ [goalador@gatanda hhneuauf.de]$ bash: [goalador@gatanda: command not found
bash: [goalador@gatanda: command not found
[goalador@gatanda hhneuauf.de]$ bash: [goalador@gatanda: command not found
bash: bash:: command not found
[goalador@gatanda hhneuauf.de]$ [goalador@gatanda hhneuauf.de]$ bash: bash:: command not found
bash: [goalador@gatanda: command not found
[goalador@gatanda hhneuauf.de]$ bash: bash:: command not found
bash: bash:: command not found
[goalador@gatanda hhneuauf.de]$ [goalador@gatanda hhneuauf.de]$ [goalador@gatanda hhneuauf.de]$ [goalador@gatanda hhneuauf.de]$ bash: bash:: command not found
bash: [goalador@gatanda: command not found
[goalador@gatanda hhneuauf.de]$ bash: [goalador@gatanda: command not found
bash: bash:: command not found
[goalador@gatanda hhneuauf.de]$ [goalador@gatanda hhneuauf.de]$ bash: [goalador@gatanda: comhhneuauf.de]$goalador@gatanda: command not found
bash: [goalador@gatanda: command not found
[goalador@gatanda hhneuauf.de]$ bash: bash:: command not found
bash: bash:: command not found
[goalador@gatanda hhneuauf.de]$ [goalador@gatanda hhneuauf.de]$ [goaladorgoalador@gatanda: command not found
bash: [goalador@gatanda: command not found
[goalador@gatanda hhneuauf.de]$ bash: [goaladorgoalador@gatanda:: command not found
bash: bash:: command not found
[goalador@gatanda hhneuauf.de]$ [goalador@gatanda hhneuauf.de]$ [goaladorgoalador@gatanda: command not found
bash: [goalador@gatanda: command not found
[goalador@gatanda hhneuauf.de]$ bash: [goaladorgoalador@gatanda:: command not found
bash: bash:: command not found
[goalador@gatanda hhneuauf.de]$ [goalador@gatanda hhneuauf.de]$ [goalador@gatanda hhneuauf.de]$ bash: bash:: command not found
bash: [goalador@gatanda: command not found
[goalador@gatanda hhneuauf.de]$ bash: [goalador@gatanda: command not found
bash: bash:: command not found
[goalador@gatanda hhneuauf.de]$ [goalador@gatanda hhneuauf.de]$ bash: bash:: command not found
bash: [goalador@gatanda: command not found
[goalador@gatanda hhneuauf.de]$ bash: bash:: command not found
bash: bash:: command not found
[goalador@gatanda hhneuauf.de]$ [goalador@gatanda hhneuauf.de]$ [goalador@gatanda hhneuauf.de]$ hhneuauf.de]$ bash: [goalador@gatanda: command not found
bash: [goalador@gatanda: command not found
[goalador@gatanda hhneuauf.de]$ bash: [goalador@gatanda: command not found
bash: bash:: command not found
[goalador@gatanda hhneuauf.de]$ [goalador@gatanda hhneuauf.de]$ bash: hhneuauf.de]$: command not found
bash: [goalador@gatanda: command not found
[goalador@gatanda hhneuauf.de]$ bash: bash:: command not found
bash: bash:: command not found
[goalador@gatanda hhneuauf.de]$ [goalador@gatanda hhneuauf.de]$ [goalador@gatanda hhneuauf.de]$ bash: bash:: command not found
bash: [goalador@gatanda: command not found
[goalador@gatanda hhneuauf.de]$ bash: [goalador@gatanda: command not found
bash: bash:: command not found
[goalador@gatanda hhneuauf.de]$ [goalador@gatanda hhneuauf.de]$ bash: bash:: command not found
bash: [goalador@gatanda: command not found
[goalador@gatanda hhneuauf.de]$ bash: bash:: command not found
bash: bash:: command not found
[goalador@gatanda hhneuauf.de]$ [goalador@gatanda hhneuauf.de]$ [goalador@gatanda hhneuauf.de]$ f.de]$ bash: [goalador@gatanda: command not found
bash: [goalador@gatanda: command not found
[goalador@gatanda hhneuauf.de]$ bash: [goalador@gatanda: command not found
bash: bash:: command not found
[goalador@gatanda hhneuauf.de]$ [goalador@gatanda hhneuauf.de]$ bash: f.de]$: command not found
bash: [goalador@gatanda: command not found
[goalador@gatanda hhneuauf.de]$ bash: bash:: command not found
bash: bash:: command not found
[goalador@gatanda hhneuauf.de]$ [goalador@gatanda hhneuauf.de]$ [goalador@gatandabash: [goalador@gatanda: command not found
bash: [goalador@gatanda: command not found
[goalador@gatanda hhneuauf.de]$ not found
bash: not: command not found
[goalador@gatanda hhneuauf.de]$ bash: [goalador@gatanda: command not found
bash: bash:: command not found
[goalador@gatanda hhneuauf.de]$ [goalador@gatanda hhneuauf.de]$ bash: bash:: command not found
bash: [goalador@gatanda: command not found
[goalador@gatanda hhneuauf.de]$ bash: bash:: command not found
bash: bash:: command not found
[goalador@gatanda hhneuauf.de]$ [goalador@gatanda hhneuauf.de]$ [goalador@gatanda hhneuauf.de]$ [goalador@gatanda hhneuauf.de]$ [goalador@gatanda hhneuauf.de]$ [goalador@gatanda hhneuauf.de]$ 
bash: [goalador@gatanda: command not found
[goalador@gatanda hhneuauf.de]$ bash: [goalador@gatanda: command not found
bash: bash:: command not found
[goalador@gatanda hhneuauf.de]$ [goalador@gatanda hhneuauf.de]$ bash: [goalador@gatanda: command not found
bash: [goalador@gatanda: command not found
[goalador@gatanda hhneuauf.de]$ bash: bash:: command not found
bash: bash:: command not found
[goalador@gatanda hhneuauf.de]$ [goalador@gatanda hhneuauf.de]$ [goalador@gatanda hhneuauf.de]$ bash: [goalador@gatanda: command not found
bash: [goalador@gatanda: command not found
[goalador@gatanda hhneuauf.de]$ bash: [goalador@gatanda: command not found
bash: bash:: command not found
[goalador@gatanda hhneuauf.de]$ [goalador@gatanda hhneuauf.de]$ bash: bash:: command not found
bash: [goalador@gatanda: command not found
[goalador@gatanda hhneuauf.de]$ bash: bash:: command not found
bash: bash:: command not found
bash: [goalador@gatanda: command not found
[goalador@gatanda hhneuauf.de]$ bash: bash:: command not found
bash: bash:: command not found
[goalador@gatanda hhneuauf.de]$ [goalador@gatanda hhneuauf.de]$ [goalador@gatanda hhneuauf.de]$ bash: [goalador@gatanda: command not found
bash: [goalador@gatanda: command not found
[goalador@gatanda hhneuauf.de]$ bash: [goalador@gatanda: command not found
bash: bash:: command not found
[goalador@gatanda hhneuauf.de]$ [goalador@gatanda hhneuauf.de]$ bash: bash:: command not found
bash: [goalador@gatanda: command not found
[goalador@gatanda hhneuauf.de]$ bash: bash:: command not found
bash: bash:: command not found
[goalador@gatanda hhneuauf.de]$ [goalador@gatanda hhneuauf.de]$ [goalador@gatanda hhneuauf.de]$ [goalador@gatanda hhneuauf.de]$ [goalador@gatanda hhneuauf.de]$ 
bash: [goalador@gatanda: command not found
[goalador@gatanda hhneuauf.de]$ bash: [goalador@gatanda: command not found
bash: bash:: command not found
[goalador@gatanda hhneuauf.de]$ [goalador@gatanda hhneuauf.de]$ bash: [goalador@gatanda: command not found
bash: [goalador@gatanda: command not found
[goalador@gatanda hhneuauf.de]$ bash: bash:: command not found
bash: bash:: command not found
[goalador@gatanda hhneuauf.de]$ [goalador@gatanda hhneuauf.de]$ [goalador@gatanda hhneuauf.de]$ bash: [goalador@gatanda: command not found
bash: [goalador@gatanda: command not found
[goalador@gatanda hhneuauf.de]$ bash: [goalador@gatanda: command not found
bash: bash:: command not found
[goalador@gatanda hhneuauf.de]$ [goalador@gatanda hhneuauf.de]$ bash: bash:: command not found
bash: [goalador@gatanda: command not found
[goalador@gatanda hhneuauf.de]$ bash: bash:: command not found
bash: bash:: command not found
[goalador@gatanda hhneuauf.de]$ hhneuauf.de]$ bash: [goalador@gatanda: command not found
bash: hhneuauf.de]$: command not found
[goalador@gatanda hhneuauf.de]$ bash: bash:: command not found
bash: bash:: command not found
[goalador@gatanda hhneuauf.de]$ f.de]$ bash: [goalador@gatanda: command not found
bash: f.de]$: command not found
[goalador@gatanda hhneuauf.de]$ bash: bash:: command not found
bash: bash:: command not found
[goalador@gatanda hhneuauf.de]$ [goalador@gatanda hhneuauf.de]$ [goalador@gatanda hhneuauf.de]$ bash: bash:: command not found
bash: [goalador@gatanda: command not found
[goalador@gatanda hhneuauf.de]$ bash: [goalador@gatanda: command not found
bash: bash:: command not found
[goalador@gatanda hhneuauf.de]$ [goalador@gatanda hhneuauf.de]$ bash: bash:: command not found
bash: [goalador@gatanda: command not found
[goalador@gatanda hhneuauf.de]$ bash: bash:: command not found
bash: bash:: command not found
[goalador@gatanda hhneuauf.de]$ [goalador@gatanda hhneuauf.de]$ [goalador@gatanda hhneuauf.de]$ [goalador@gatanda hhneuauf.de]$ bash: [goalador@gatanda: command not found
bash: [goalador@gatanda: command not found
[goalador@gatanda hhneuauf.de]$ bash: [goalador@gatanda: command not found
bash: bash:: command not found
[goalador@gatanda hhneuauf.de]$ [goalador@gatanda hhneuauf.de]$ bash: [goalador@gatanda: command not found
bash: [goalador@gatanda: command not found
[goalador@gatanda hhneuauf.de]$ bash: bash:: command not found
bash: bash:: command not found
[goalador@gatanda hhneuauf.de]$ [goalador@gatanda hhneuauf.de]$ [goalador@gatanda hhneuauf.de]$ bash: bash:: command not found
bash: [goalador@gatanda: command not found
[goalador@gatanda hhneuauf.de]$ bash: [goalador@gatanda: comhhneuauf.de]$goalador@gatanda: command not found
bash: bash:: command not found
[goalador@gatanda hhneuauf.de]$ [goaladorgoalador@gatanda: command not found
bash: [goaladorgoalador@gatanda:: command not found
[goalador@gatanda hhneuauf.de]$ [goaladorgoalador@gatanda: command not found
bash: [goaladorgoalador@gatanda:: command not found
[goalador@gatanda hhneuauf.de]$ [goalador@gatanda hhneuauf.de]$ bash: bash:: command not found
bash: [goalador@gatanda: command not found
[goalador@gatanda hhneuauf.de]$ bash: bash:: command not found
bash: bash:: command not found
[goalador@gatanda hhneuauf.de]$ [goalador@gatanda hhneuauf.de]$ hhneuauf.de]$ bash: [goalador@gatanda: command not found
bash: [goalador@gatanda: command not found
[goalador@gatanda hhneuauf.de]$ bash: hhneuauf.de]$: command not found
bash: bash:: command not found
[goalador@gatanda hhneuauf.de]$ [goalador@gatanda hhneuauf.de]$ bash: bash:: command not found
bash: [goalador@gatanda: command not found
[goalador@gatanda hhneuauf.de]$ bash: bash:: command not found
bash: bash:: command not found
[goalador@gatanda hhneuauf.de]$ [goalador@gatanda hhneuauf.de]$ f.de]$ bash: [goalador@gatanda: command not found
bash: [goalador@gatanda: command not found
[goalador@gatanda hhneuauf.de]$ bash: f.de]$: command not found
bash: bash:: command not found
[goalador@gatanda hhneuauf.de]$ [goalador@gatandabash: [goalador@gatanda: command not found
not found
bash: [goalador@gatanda: command not found
[goalador@gatanda hhneuauf.de]$ bash: bash:: command not found
bash: bash:: command not found
[goalador@gatanda hhneuauf.de]$ [goalador@gatanda hhneuauf.de]$ [goalador@gatanda hhneuauf.de]$ [goalador@gatanda hhneuauf.de]$ [goalador@gatanda hhneuauf.de]$ 
bash: [goalador@gatanda: command not found
[goalador@gatanda hhneuauf.de]$ bash: [goalador@gatanda: command not found
bash: bash:: command not found
[goalador@gatanda hhneuauf.de]$ [goalador@gatanda hhneuauf.de]$ bash: [goalador@gatanda: command not found
bash: [goalador@gatanda: command not found
[goalador@gatanda hhneuauf.de]$ bash: bash:: command not found
bash: bash:: command not found
[goalador@gatanda hhneuauf.de]$ [goalador@gatanda hhneuauf.de]$ [goalador@gatanda hhneuauf.de]$ bash: [goalador@gatanda: command not found
bash: [goalador@gatanda: command not found
[goalador@gatanda hhneuauf.de]$ bash: [goalador@gatanda: command not found
bash: bash:: command not found
[goalador@gatanda hhneuauf.de]$ [goalador@gatanda hhneuauf.de]$ bash: bash:: command not found
bash: [goalador@gatanda: command not found
[goalador@gatanda hhneuauf.de]$ bash: bash:: command not found
bash: bash:: command not found
[goalador@gatanda hhneuauf.de]$ hhneuauf.de]$ bash: [goalador@gatanda: command not found
bash: hhneuauf.de]$: command not found
[goalador@gatanda hhneuauf.de]$ bash: bash:: command not found
bash: bash:: command not found
[goalador@gatanda hhneuauf.de]$ f.de]$ bash: [goalador@gatanda: command not found
bash: f.de]$: command not found
[goalador@gatanda hhneuauf.de]$ bash: bash:: command not found
bash:bash: [goalador@gatandabash:: command not found
[goalador@gatanda hhneuauf.de]$ [goalador@gatanda hhneuauf.de]$ bash: bash:: command not found
bash: [goalador@gatanda: command not found
[goalador@gatanda hhneuauf.de]$ bash: bash:: command not found
bash: bash:: command not found
[goalador@gatanda hhneuauf.de]$ [goalador@gatanda hhneuauf.de]$ [goalador@gatanda hhneuauf.de]$ [goalador@gatanda hhneuauf.de]$ bash: [goalador@gatanda: command not found
bash: [goalador@gatanda: command not found
[goalador@gatanda hhneuauf.de]$ bash: [goalador@gatanda: command not found
bash: bash:: command not found
[goalador@gatanda hhneuauf.de]$ [goalador@gatanda hhneuauf.de]$ bash: [goalador@gatanda: command not found
bash: [goalador@gatanda: command not found
[goalador@gatanda hhneuauf.de]$ bash: bash:: command not found
bash: bash:: command not found
[goalador@gatanda hhneuauf.de]$ [goalador@gatanda hhneuauf.de]$ [goalador@gatanda hhneuauf.de]$ bash: bash:: command not found
bash: [goalador@gatanda: command not found
[goalador@gatanda hhneuauf.de]$ bash: [goalador@gatanda: command not found
bash: bash:: command not found
[goalador@gatanda hhneuauf.de]$ [goalador@gatanda hhneuauf.de]$ bash: bash:: command not found
bash: [goalador@gatanda: command not found
[goalador@gatanda hhneuauf.de]$ bash: bash:: command not found
bash: bash:: command not found
[goalador@gatanda hhneuauf.de]$ [goalador@gatanda hhneuauf.de]$ [goalador@gatanda hhneuauf.de]$ [goalador@gatanda hhneuauf.de]$ [goalador@gatanda hhneuauf.de]$ [goalador@gatanda hhneuauf.de]$ 
bash: [goalador@gatanda: command not found
[goalador@gatanda hhneuauf.de]$ bash: [goalador@gatanda: command not found
bash: bash:: command not found
[goalador@gatanda hhneuauf.de]$ [goalador@gatanda hhneuauf.de]$ bash: [goalador@gatanda: command not found
bash: [goalador@gatanda: command not found
[goalador@gatanda hhneuauf.de]$ bash: bash:: command not found
bash: bash:: command not found
[goalador@gatanda hhneuauf.de]$ [goalador@gatanda hhneuauf.de]$ [goalador@gatanda hhneuauf.de]$ bash: [goalador@gatanda: command not found
bash: [goalador@gatanda: command not found
[goalador@gatanda hhneuauf.de]$ bash: [goalador@gatanda: command not found
bash: bash:: command not found
[goalador@gatanda hhneuauf.de]$ [goalador@gatanda hhneuauf.de]$ bash: bash:: command not found
bash: [goalador@gatanda: command not found
[goalador@gatanda hhneuauf.de]$ bash: bash:: command not found
bash: bash:: command not found
[goalador@gatanda hhneuauf.de]$ [goalador@gatanda hhneuauf.de]$ [goalador@gatanda hhneuauf.de]$ [goalador@gatanda hhneuauf.de]$ bash: [goalador@gatanda: command not found
bash: [goalador@gatanda: command not found
[goalador@gatanda hhneuauf.de]$ bash: [goalador@gatanda: command not found
bash: bash:: command not found
[goalador@gatanda hhneuauf.de]$ [goalador@gatanda hhneuauf.de]$ bash: [goalador@gatanda: command not found
bash: [goalador@gatanda: command not found
[goalador@gatanda hhneuauf.de]$ bash: bash:: command not found
bash: bash:: command not found
[goalador@gatanda hhneuauf.de]$ [goalador@gatanda hhneuauf.de]$ [goalador@gatanda hhneuauf.de]$ bash: bash:: command not found
bash: [goalador@gatanda: command not found
[goalador@gatanda hhneuauf.de]$ bash: [goalador@gatanda: command not found
bash: bash:: command not found
[goalador@gatanda hhneuauf.de]$ [goalador@gatanda hhneuauf.de]$ bash: bash:: command not found
bash: [goalador@gatanda: command not found
[goalador@gatanda hhneuauf.de]$ bash: bash:: command not found
bash: bash:: command not found
[goalador@gatanda hhneuauf.de]$ [goalador@gatanda hhneuauf.de]$ hhneuauf.de]$ bash: [goalador@gatanda: command not found
bash: [goalador@gatanda: command not found
[goalador@gatanda hhneuauf.de]$ bash: hhneuauf.de]$: command not found
bash: bash:: command not found
[goalador@gatanda hhneuauf.de]$ [goalador@gatanda hhneuauf.de]$ bash: bash:: command not found
bash: [goalador@gatanda: command not found
[goalador@gatanda hhneuauf.de]$ bash: bash:: command not found
bash: bash:: command not found
[goalador@gatanda hhneuauf.de]$ [goalador@gatanda hhneuauf.de]$ f.de]$ bash: [goalador@gatanda: command not found
bash: [goalador@gatanda: command not found
[goalador@gatanda hhneuauf.de]$ bash: f.de]$: command not found
bash: bash:: command not found
[goalador@gatanda hhneuauf.de]$ [goalador@gatanda hhneuauf.de]$ bash: bash:: command not found
bash: [goalador@gatanda: command not found
[goalador@gatanda hhneuauf.de]$ bash:bash: [goalador@gatanda: command not found
bash: bash:bash:: command not found
[goalador@gatanda hhneuauf.de]$ [goalador@gatanda hhneuauf.de]$ bash: bash:: command not found
bash: [goalador@gatanda: command not found
[goalador@gatanda hhneuauf.de]$ bash: bash:: command not found
bash: bash:: command not found
[goalador@gatanda hhneuauf.de]$ [goalador@gatanda hhneuauf.de]$ [goalador@gatanda hhneuauf.de]$ [goalador@gatanda hhneuauf.de]$ bash: [goalador@gatanda: command not found
bash: [goalador@gatanda: command not found
[goalador@gatanda hhneuauf.de]$ bash: [goalador@gatanda: command not found
bash: bash:: command not found
[goalador@gatanda hhneuauf.de]$ [goalador@gatanda hhneuauf.de]$ bash: [goalador@gatanda: command not found
bash: [goalador@gatanda: command not found
[goalador@gatanda hhneuauf.de]$ bash: bash:: command not found
bash: bash:: command not found
[goalador@gatanda hhneuauf.de]$ [goalador@gatanda hhneuauf.de]$ [goalador@gatanda hhneuauf.de]$ bash: bash:: command not found
bash: [goalador@gatanda: command not found
[goalador@gatanda hhneuauf.de]$ bash: [goalador@gatanda: command not found
bash: bash:: command not found
[goalador@gatanda hhneuauf.de]$ [goalador@gatanda hhneuauf.de]$ bash: bash:: command not found
bash: [goalador@gatanda: command not found
[goalador@gatanda hhneuauf.de]$ bash: bash:: command not found
bash: bash:: command not found
[goalador@gatanda hhneuauf.de]$ [goalador@gatanda hhneuauf.de]$ [goalador@gatanda hhneuauf.de]$ [goalador@gatanda hhneuauf.de]$ [goalador@gatanda hhneuauf.de]$ [goalador@gatanda hhneuauf.de]$ 
bash: [goalador@gatanda: command not found
[goalador@gatanda hhneuauf.de]$ bash: [goalador@gatanda: command not found
bash: bash:: command not found
[goalador@gatanda hhneuauf.de]$ [goalador@gatanda hhneuauf.de]$ bash: [goalador@gatanda: command not found
bash: [goalador@gatanda: command not found
[goalador@gatanda hhneuauf.de]$ bash: bash:: command not found
obash: bash:: command not found
[goalador@gatanda hhneuauf.de]$ [goalador@gatanda hhneuauf.de]$ [goalador@gatanda hhneuauf.de]$ bash: [goalador@gatanda: command not found
]$ [goalador@gatanda hbash: [goalador@gatanda: command not found
[goalador@gatanda hhneuauf.de]$ bash: [goalador@gatanda: command not found
bash: bash:: command not found
[goalador@gatanda hhneuauf.de]$ [goalador@gatanda hhneuauf.de]$ bash: bash:: command not found
bash: [goalador@gatanda: command not found
[goalador@gatanda hhneuauf.de]$ bash: bash:: command not found
bash: bash:: command not found
[goalador@gatanda hhneuauf.de]$ [goalador@gatanda hhneuauf.de]$ [goalador@gatanda hhneuauf.de]$ [goalador@gatanda hhneuauf.de]$ bash: [goalador@gatanda: command not found
bash: [goalador@gatanda: command not found
[goalador@gatanda hhneuauf.de]$ bash: [goalador@gatanda: command not found
bash: bash:: command not found
[goalador@gatanda hhneuauf.de]$ [goalador@gatanda hhneuauf.de]$ bash: [goalador@gatanda: command not found
bash: [goalador@gatanda: command not found
[goalador@gatanda hhneuauf.de]$ bash: bash:: command not found
bash: bash:: command not found
[goalador@gatanda hhneuauf.de]$ [goalador@gatanda hhneuauf.de]$ [goalador@gatanda hhneuauf.de]$ bash: bash:: command not found
bash: [goalador@gatanda: command not found
[goalador@gatanda hhneuauf.de]$ bash: [goalador@gatanda: command not found
bash: bash:: command not found
[goalador@gatanda hhneuauf.de]$ [goalador@gatanda hhneuauf.de]$ bash: bash:: command not found
bash: [goalador@gatanda: command not found
[goalador@gatanda hhneuauf.de]$ bash: bash:: command not found
bash: bash:: command not found
[goalador@gatanda hhneuauf.de]$ [goalador@gatanda hhneuauf.de]$ hhneuauf.de]$ bash: [goalador@gatanda: command not found
bash: [goalador@gatanda: command not found
[goalador@gatanda hhneuauf.de]$ bash: hhneuauf.de]$: command not found
bash: bash:: command not found
[goalador@gatanda hhneuauf.de]$ [goalador@gatanda hhneuauf.de]$ bash: bash:: command not found
bash: [goalador@gatanda: command not found
[goalador@gatanda hhneuauf.de]$ bash: bash:: command not found
bash: bash:: command not found
[goalador@gatanda hhneuauf.de]$ [goalador@gatanda hhneuauf.de]$ f.de]$ bash: [goalador@gatanda: command not found
bash: [goalador@gatanda: command not found
[goalador@gatanda hhneuauf.de]$ bash: f.de]$: command not found
neuauf.de]$ bash: [goalador@gatabash: bash:: command not found
[goalador@gatanda hhneuauf.de]$ [goalador@gatanda hhneuauf.de]$ bash: bash:: command not found
bash: [goalador@gatanda: command not found
[goalador@gatanda hhneuauf.de]$ bash: bash:: command not found
bash: bash:: command not found
[goalador@gatanda hhneuauf.de]$ [goalador@gatanda hhneuauf.de]$ [goalador@gatanda hhneuauf.de]$ [goalador@gatanda hhneuauf.de]$ bash: bash:: command not found
bash: [goalador@gatanda: command not found
[goalador@gatanda hhneuauf.de]$ bash: [goalador@gatanda: command not found
bash: bash:: command not found
[goalador@gatanda hhneuauf.de]$ [goalador@gatanda hhneuauf.de]$ bash: [goalador@gatanda: command not found
bash: [goalador@gatanda: command not found
[goalador@gatanda hhneuauf.de]$ bash: bash:: command not found
bash: bash:: command not found
[goalador@gatanda hhneuauf.de]$ [goalador@gatanda hhneuauf.de]$ [goalador@gatanda hhneuauf.de]$ bash: bash:: command not found
bash: [goalador@gatanda: command not found
[goalador@gatanda hhneuauf.de]$ bash: [goalador@gatanda: command not found
bash: bash:: command not found
[goalador@gatanda hhneuauf.de]$ [goalador@gatanda hhneuauf.de]$ bash: bash:: command not found
bash: [goalador@gatanda: command not found
[goalador@gatanda hhneuauf.de]$ bash: bash:: command not found
bash: bash:: command not found
[goalador@gatanda hhneuauf.de]$ [goalador@gatanda hhneuauf.de]$ [goalador@gatanda hhneuauf.de]$ [goalador@gatanda hhneuauf.de]$ [goalador@gatanda hhneuauf.de]$ bash: [goalador@gatanda: command not found
bash: [goalador@gatanda: command not found
[goalador@gatanda hhneuauf.de]$ bash: [goalador@gatanda: command not found
bash: bash:: command not found
[goalador@gatanda hhneuauf.de]$ [goalador@gatanda hhneuauf.de]$ bash: [goalador@gatanda: command not found
bash: [goalador@gatanda: command not found
[goalador@gatanda hhneuauf.de]$ bash: bash:: command not found
bash: bash:: command not found
[goalador@gatanda hhneuauf.de]$ [goalador@gatanda hhneuauf.de]$ [goalador@gatanda hhneuauf.de]$ bash: [goalador@gatanda: command not found
bash: [goalador@gatanda: command not found
[goalador@gatanda hhneuauf.de]$ bash: [goalador@gatanda: command not found
bash: bash:: command not found
[goalador@gatanda hhneuauf.de]$ [goalador@gatanda hhneuauf.de]$ bash: bash:: command not found
bash: [goalador@gatanda: command not found
[goalador@gatanda hhneuauf.de]$ bash: bash:: command not found
bash: bash:: command not found
[goalador@gatanda hhneuauf.de]$ [goalador@gatanda hhneuauf.de]$ [goalador@gatanda hhneuauf.de]$ [goalador@gatanda hhneuauf.de]$ bash: bash:: command not found
bash: [goalador@gatanda: command not found
[goalador@gatanda hhneuauf.de]$ bash: [goalador@gatanda: command not found
bash: bash:: command not found
[goalador@gatanda hhneuauf.de]$ [goalador@gatanda hhneuauf.de]$ bash: [goalador@gatanda: comhhneuauf.de]$goalador@gatanda: command not found
bash: [goalador@gatanda: command not found
[goalador@gatanda hhneuauf.de]$ bash: bash:: command not found
bash: bash:: command not found
[goalador@gatanda hhneuauf.de]$ [goalador@gatanda hhneuauf.de]$ [goaladorgoalador@gatanda: command not found
bash: [goalador@gatanda: command not found
[goalador@gatanda hhneuauf.de]$ bash: [goaladorgoalador@gatanda:: command not found
bash: bash:: command not found
[goalador@gatanda hhneuauf.de]$ [goalador@gatanda hhneuauf.de]$ [goaladorgoalador@gatanda: command not found
bash: [goalador@gatanda: command not found
[goalador@gatanda hhneuauf.de]$ bash: [goaladorgoalador@gatanda:: command not found
bash: bash:: command not found
[goalador@gatanda hhneuauf.de]$ [goalador@gatanda hhneuauf.de]$ [goalador@gatanda hhneuauf.de]$ bash: bash:: command not found
bash: [goalador@gatanda: command not found
[goalador@gatanda hhneuauf.de]$ bash: [goalador@gatanda: command not found
bash: bash:: command not found
[goalador@gatanda hhneuauf.de]$ [goalador@gatanda hhneuauf.de]$ bash: bash:: command not found
bash: [goalador@gatanda: command not found
[goalador@gatanda hhneuauf.de]$ bash: bash:: command not found
bash: bash:: command not found
[goalador@gatanda hhneuauf.de]$ [goalador@gatanda hhneuauf.de]$ [goalador@gatanda hhneuauf.de]$ hhneuauf.de]$ bash: [goalador@gatanda: command not found
bash: [goalador@gatanda: command not found
[goalador@gatanda hhneuauf.de]$ bash: [goalador@gatanda: command not found
bash: bash:: command not found
[goalador@gatanda hhneuauf.de]$ [goalador@gatanda hhneuauf.de]$ bash: hhneuauf.de]$: command not found
bash: [goalador@gatanda: command not found
[goalador@gatanda hhneuauf.de]$ bash: bash:: command not found
bash: bash:: command not found
[goalador@gatanda hhneuauf.de]$ [goalador@gatanda hhneuauf.de]$ [goalador@gatanda hhneuauf.de]$ bash: bash:: command not found
bash: [goalador@gatanda: command not found
[goalador@gatanda hhneuauf.de]$ bash: [goalador@gatanda: command not found
bash: bash:: command not found
[goalador@gatanda hhneuauf.de]$ [goalador@gatanda hhneuauf.de]$ bash: bash:: command not found
bash: [goalador@gatanda: command not found
[goalador@gatanda hhneuauf.de]$ bash: bash:: command not found
bash: bash:: command not found
[goalador@gatanda hhneuauf.de]$ [goalador@gatanda hhneuauf.de]$ [goalador@gatanda hhneuauf.de]$ f.de]$ bash: [goalador@gatanda: command not found
bash: [goalador@gatanda: command not found
[goalador@gatanda hhneuauf.de]$ bash: [goalador@gatanda: command not found
bash: bash:: command not found
[goalador@gatanda hhneuauf.de]$ [goalador@gatanda hhneuauf.de]$ bash: f.de]$: command not found
bash: [goalador@gatanda: command not found
[goalador@gatanda hhneuauf.de]$ bash: bash:: command not found
bash: bash:: command not found
[goalador@gatanda hhneuauf.de]$ [goalador@gatanda hhneuauf.de]$ [goalador@gatandabash: [goalador@gatanda: command not found
bash: [goalador@gatanda: command not found
[goalador@gatanda hhneuauf.de]$ not found
bash: not: command not found
[goalador@gatanda hhneuauf.de]$ bash: [goalador@gatanda: command not found
bash: bash:: command not found
[goalador@gatanda hhneuauf.de]$ [goalador@gatanda hhneuauf.de]$ bash: bash:: command not found
bash: [goalador@gatanda: command not found
[goalador@gatanda hhneuauf.de]$ bash: bash:: command not found
bash: bash:: command not found
[goalador@gatanda hhneuauf.de]$ [goalador@gatanda hhneuauf.de]$ [goalador@gatanda hhneuauf.de]$ [goalador@gatanda hhneuauf.de]$ [goalador@gatanda hhneuauf.de]$ [goalador@gatanda hhneuauf.de]$ 
bash: [goalador@gatanda: command not found
[goalador@gatanda hhneuauf.de]$ bash: [goalador@gatanda: command not found
bash: bash:: command not found
[goalador@gatanda hhneuauf.de]$ [goalador@gatanda hhneuauf.de]$ bash: [goalador@gatanda: command not found
bash: [goalador@gatanda: command not found
[goalador@gatanda hhneuauf.de]$ bash: bash:: command not found
bash: bash:: command not found
[goalador@gatanda hhneuauf.de]$ [goalador@gatanda hhneuauf.de]$ [goalador@gatanda hhneuauf.de]$ bash: [goalador@gatanda: command not found
bash: [goalador@gatanda: command not found
[goalador@gatanda hhneuauf.de]$ bash: [goalador@gatanda: command not found
bash: bash:: command not found
[goalador@gatanda hhneuauf.de]$ [goalador@gatanda hhneuauf.de]$ bash: bash:: command not found
bash: [goalador@gatanda: command not found
[goalador@gatanda hhneuauf.de]$ bash: bash:: command not found
bash: bash:: command not found
bash: [goalador@gatanda: command not found
bash: [goalador@gatanda: command not found
bash: [goalador@gatanda: command not found
[goalador@gatanda hhneuauf.de]$ bash: bash:: command not found
bash: bash:: command not found
[goalador@gatanda hhneuauf.de]$ [goalador@gatanda hhneuauf.de]$ [goalador@gatanda hhneuauf.de]$ [goalador@gatandabash: [goalador@gatanda: command not found
bash: [goalador@gatanda: command not found
bash: [goalador@gatanda: command not found
[goalador@gatanda hhneuauf.de]$ bash: [goalador@gatanda: command not found
bash: bash:: command not found
[goalador@gatanda hhneuauf.de]$ [goalador@gatanda hhneuauf.de]$ bash: bash:: command not found
bash: [goalador@gatanda: command not found
[goalador@gatanda hhneuauf.de]$ bash: bash:: command not found
bash: [goalador@gatanda: command not found
[goalador@gatanda hhneuauf.de]$ bash: [goalador@gatanda: command not found
bash: bash:: command not found
[goalador@gatanda hhneuauf.de]$ [goalador@gatanda hhneuauf.de]$ bash: bash:: command not found
bash: [goalador@gatanda: command not found
[goalador@gatanda hhneuauf.de]$ bash: bash:: command not found
bash: bash:: command not found
[goalador@gatanda hhneuauf.de]$ [goalador@gatanda hhneuauf.de]$ [goalador@gatanda hhneuauf.de]$ [goalador@gatanda hhneuauf.de]$ bash: [goalador@gatanda: command not found
bash: [goalador@gatanda: command not found
[goalador@gatanda hhneuauf.de]$ bash: bash:: command not found
bash: bash:: command not found
[goalador@gatanda hhneuauf.de]$ [goalador@gatanda hhneuauf.de]$ [goalador@gatanda hhneuauf.de]$ bash: [goalador@gatanda: command not found
bash: [goalador@gatanda: command not found
[goalador@gatanda hhneuauf.de]$ bash: [goalador@gatanda: command not found
bash: bash:: command not found
[goalador@gatanda hhneuauf.de]$ [goalador@gatanda hhneuauf.de]$ bash: bash:: command not found
bash: [goalador@gatanda: command not found
[goalador@gatanda hhneuauf.de]$ bash: bash:: command not found
bash: bash:: command not found
[goalador@gatanda hhneuauf.de]$ [goalador@gatanda hhneuauf.de]$ [goalador@gatanda hhneuauf.de]$ [goalador@gatanda hhneuauf.de]$ bash: [goalador@gatanda[goalador@gatanda hhneuauf.de]$ [goalador@gatanda hhneuauf.de]$ bash: bash:: command not found
bash: [goalador@gatanda: command not found
[goalador@gatanda hhneuauf.de]$ bash: bash:: command not found
bash: bash:: command not found
[goalador@gatanda hhneuauf.de]$ [goalador@gatanda hhneuauf.de]$ [goalador@gatanda hhneuauf.de]$ [goalador@gatanda hhneuauf.de]$ bash: [goalador@gatanda: command not found
bash: [goalador@gatanda: command not found
[goalador@gatanda hhneuauf.de]$ bash: [goalador@gatanda: command not found
bash: bash:: command not found
[goalador@gatanda hhneuauf.de]$ [goalador@gatanda hhneuauf.de]$ bash: [goalador@gatanda: command not found
bash: [goalador@gatanda: command not found
[goalador@gatanda hhneuauf.de]$ bash: bash:: command not found
bash: bash:: command not found
[goalador@gatanda hhneuauf.de]$ [goalador@gatanda hhneuauf.de]$ [goalador@gatanda hhneuauf.de]$ bash: bash:: command not found
bash: [goalador@gatanda: command not found
[goalador@gatanda hhneuauf.de]$ bash: [goalador@gatanda: command not found
bash: bash:: command not found
[goalador@gatanda hhneuauf.de]$ [goalador@gatanda hhneuauf.de]$ bash: bash:: command not found
bash: [goalador@gatanda: command not found
[goalador@gatanda hhneuauf.de]$ bash: bash:: command not found
bash: bash:: command not found
[goalador@gatanda hhneuauf.de]$ bash: [goalador@gatanda: command not found
bash: bash:: command not found
[goalador@gatanda hhneuauf.de]$ bash: [goalador@gatanda: command not found
bash: bash:: command not found
[goalador@gatanda hhneuauf.de]$ bash: [goalador@gatanda: command not found
bash: bash:: command not found
[goalador@gatanda hhneuauf.de]$ [goalador@gatanda hhneuauf.de]$ bash: bash:: command not found
[goalador@gatanda hhneuauf.de]$ [goalador@gatanda hhneuauf.de]$ bash: bash:: command not found
bash: [goalador@gatanda: command not found
[goalador@gatanda hhneuauf.de]$ bash: bash:: command not found
bash: bash:: command not found
[goalador@gatanda hhneuauf.de]$ [goalador@gatanda hhneuauf.de]$ [goalador@gatanda hhneuauf.de]$ [goalador@gatanda hhneuauf.de]$ bash: [goalador@gatanda: command not found
bash: [goalador@gatanda: command not found
[goalador@gatanda hhneuauf.de]$ bash: [goalador@gatanda: command not found
bash: bash:: command not found
[goalador@gatanda hhneuauf.de]$ [goalador@gatanda hhneuauf.de]$ bash: [goalador@gatanda: command not found
bash: [goalador@gatanda: command not found
[goalador@gatanda hhneuauf.de]$ bash: bash:: command not found
bash: bash:: command not found
[goalador@gatanda hhneuauf.de]$ [goalador@gatanda hhneuauf.de]$ [goalador@gatanda hhneuauf.de]$ bash: bash:: command not found
bash: [goalador@gatanda: command not found
[goalador@gatanda hhneuauf.de]$ bash: [goalador@gatanda: command not found
bash: bash:: command not found
[goalador@gatanda hhneuauf.de]$ [goalador@gatanda hhneuauf.de]$ bash: bash:: command not found
bash: [goalador@gatanda: command not found
[goalador@gatanda hhneuauf.de]$ bash: bash:: command not found
bash: bash:: command not found
[goalador@gatanda hhneuauf.de]$ bash: [goalador@gatanda: command not found
bash: bash:: command not found
[goalador@gatanda hhneuauf.de]$ bash: [goalador@gatanda: command not found
bash: bash:: command not found
[goalador@gatanda hhneuauf.de]$ bash: [goalador@gatanda: command not found
bash: bash:: command not found
[goalador@gatanda hhneuauf.de]$ [goalador@gatanda hhneuauf.de]$ bash: bash:: command not found
bash: [goalador@gatanda: command not found
[goalador@gatanda hhneuauf.de]$ bash: bash:: command not found
bash: bash:: command not found
[goalador@gatanda hhneuauf.de]$ [goalador@gatanda hhneuauf.de]$ [goalador@gatanda hhneuauf.de]$ [goalador@gatanda hhneuauf.de]$ [goalador@gatandabash: [goalador@gatanda: command not found
bash: [goalador@gatanda: command not found
[goalador@gatanda hhneuauf.de]$ bash: [goalador@gatanda: command not found
bash: bash:: command not found
[goalador@gatanda hhneuauf.de]$ bash: [goalador@gatanda: command not found
bash: bash:: command not found
[goalador@gatanda hhneuauf.de]$ [goalador@gatanda hhneuauf.de]$ bash: [goalador@gatanda: command not found
bash: [goalador@gatanda: command not found
[goalador@gatanda hhneuauf.de]$ bash: bash:: command not found
bash: bash:: command not found
[goalador@gatanda hhneuauf.de]$ [goalador@gatanda hhneuauf.de]$ [goalador@gatanda hhneuauf.de]$ bash: bash:: command not found
bash: [goalador@gatanda: command not found
[goalador@gatanda hhneuauf.de]$ bash: [goalador@gatanda: command not found
bash: bash:: command not found
[goalador@gatanda hhneuauf.de]$ [goalador@gatanda hhneuauf.de]$ bash: bash:: command not found
bash: [goalador@gatanda: command not found
[goalador@gatanda hhneuauf.de]$ bash: [goalador@gatanda: command not found
bash: bash:: command not found
[goalador@gatanda hhneuauf.de]$ [goalador@gatanda hhneuauf.de]$ bash: [goalador@gatanda: command not found
bash: [goalador@gatanda: command not found
[goalador@gatanda hhneuauf.de]$ bash: bash:: command not found
bash: bash:: command not found
[goalador@gatanda hhneuauf.de]$ [goalador@gatanda hhneuauf.de]$ [goalador@gatanda hhneuauf.de]$ bash: bash:: command not found
bash: [goalador@gatanda: command not found
[goalador@gatanda hhneuauf.de]$ bash: [goalador@gatanda: command not found
bash: bash:: command not found
[goalador@gatanda hhneuauf.de]$ [goalador@gatanda hhneuauf.de]$ bash: bash:: command not found
bash: [goalador@gatanda: command not found
[goalador@gatanda hhneuauf.de]$ bash: bash:: command not found
bash: bash:: command not found
[goalador@gatanda hhneuauf.de]$ [goalador@gatanda hhneuauf.de]$ [goalador@gatanda hhneuauf.de]$ [goalador@gatanda hhneuauf.de]$ [goalador@gatanda hhneuauf.de]$ bash: [goalador@gatanda: command not found
bash: [goalador@gatanda: command not found
[goalador@gatanda hhneuauf.de]$ bash: [goalador@gatanda: command not found
bash: bash:: command not found
[goalador@gatanda hhneuauf.de]$ [goalador@gatanda hhneuauf.de]$ bash: bash:: command not found
bash: [goalador@gatanda: command not found
[goalador@gatanda hhneuauf.de]$ bash: bash:: command not found
bash: bash:: command not found
[goalador@gatanda hhneuauf.de]$ [goalador@gatanda hhneuauf.de]$ [goalador@gatanda hhneuauf.de]$ [goalador@gatanda hhneuauf.de]$ bash: [goalador@gatanda: command not found
bash: [goalador@gatanda: command not found
[goalador@gatanda hhneuauf.de]$ bash: [goalador@gatanda: command not found
bash: bash:: command not found
[goalador@gatanda hhneuauf.de]$ [goalador@gatanda hhneuauf.de]$ bash: [goalador@gatanda: command not found
bash: [goalador@gatanda: command not found
[goalador@gatanda hhneuauf.de]$ bash: bash:: command not found
bash: bash:: command not found
[goalador@gatanda hhneuauf.de]$ [goalador@gatanda hhneuauf.de]$ [goalador@gatanda hhneuauf.de]$ bash: bash:: command not found
bash: [goalador@gatanda: command not found
[goalador@gatanda hhneuauf.de]$ bash: [goalador@gatanda: command not found
bash: bash:: command not found
[goalador@gatanda hhneuauf.de]$ [goalador@gatanda hhneuauf.de]$ bash: bash:: command not found
bash: [goalador@gatanda: command not found
[goalador@gatanda hhneuauf.de]$ bash: bash:: command not found
bash: bash:: command not found
[goalador@gatanda hhneuauf.de]$ [goalador@gatanda hhneuauf.de]$ [goalador@gatanda hhneuauf.de]$ [goalador@gatanda hhneuauf.de]$ [goalador@gatanda hhneuauf.de]$ bash: [goalador@gatanda[goalador@gatanda hhneuauf.de]$ [goalador@gatanda hhneuauf.de]$ bash: bash:: command not found
[goalador@gatanda hhneuauf.de]$ [goalador@gatanda hhneuauf.de]$ bash: bash:: command not found
bash: [goalador@gatanda: command not found
[goalador@gatanda hhneuauf.de]$ bash: bash:: command not found
bash: bash:: command not found
[goalador@gatanda hhneuauf.de]$ [goalador@gatanda hhneuauf.de]$ [goalador@gatanda hhneuauf.de]$ [goalador@gatanda hhneuauf.de]$ bash: [goalador@gatanda: command not found
bash: [goalador@gatanda: command not found
[goalador@gatanda hhneuauf.de]$ bash: [goalador@gatanda: command not found
bash: bash:: command not found
[goalador@gatanda hhneuauf.de]$ [goalador@gatanda hhneuauf.de]$ bash: [goalador@gatanda: command not found
bash: [goalador@gatanda: command not found
[goalador@gatanda hhneuauf.de]$ bash: bash:: command not found
bash: bash:: command not found
[goalador@gatanda hhneuauf.de]$ [goalador@gatanda hhneuauf.de]$ [goalador@gatanda hhneuauf.de]$ bash: bash:: command not found
bash: [goalador@gatanda: command not found
[goalador@gatanda hhneuauf.de]$ bash: [goalador@gatanda: command not found
bash: bash:: command not found
[goalador@gatanda hhneuauf.de]$ [goalador@gatanda hhneuauf.de]$ bash: bash:: command not found
bash: [goalador@gatanda: command not found
[goalador@gatanda hhneuauf.de]$ bash: bash:: command not found
bash: bash:: command not found
[goalador@gatanda hhneuauf.de]$ bash: [goalador@gatanda: command not found
bash: bash:: command not found
[goalador@gatanda hhneuauf.de]$ bash: [goalador@gatanda: command not found
bash: bash:: command not found
[goalador@gatanda hhneuauf.de]$ bash: [goalador@gatanda: command not found
bash: bash:: command not found
[goalador@gatanda hhneuauf.de]$ [goalador@gatanda hhneuauf.de]$ bash: bash:: command not found
bash: [goalador@gatanda: command not found
[goalador@gatanda hhneuauf.de]$ bash: bash:: command not found
bash: bash:: command not found
[goalador@gatanda hhneuauf.de]$ [goalador@gatanda hhneuauf.de]$ [goalador@gatanda hhneuauf.de]$ [goalador@gatanda hhneuauf.de]$ [goalador@gatandabash: [goalador@gatanda: command not found
bash: [goalador@gatanda: command not found
[goalador@gatanda hhneuauf.de]$ bash: [goalador@gatanda: command not found
bash: bash:: command not found
[goalador@gatanda hhneuauf.de]$ bash: [goalador@gatanda: command not found
bash: bash:: command not found
[goalador@gatanda hhneuauf.de]$ [goalador@gatanda hhneuauf.de]$ bash: [goalador@gatanda: command not found
bash: [goalador@gatanda: command not found
[goalador@gatanda hhneuauf.de]$ bash: bash:: command not found
bash: bash:: command not found
[goalador@gatanda hhneuauf.de]$ [goalador@gatanda hhneuauf.de]$ [goalador@gatanda hhneuauf.de]$ bash: bash:: command not found
bash: [goalador@gatanda: command not found
[goalador@gatanda hhneuauf.de]$ bash: [goalador@gatanda: command not found
bash: bash:: command not found
[goalador@gatanda hhneuauf.de]$ [goalador@gatanda hhneuauf.de]$ bash: bash:: command not found
bash: [goalador@gatanda: command not found
[goalador@gatanda hhneuauf.de]$ bash: [goalador@gatanda: command not found
bash: bash:: command not found
[goalador@gatanda hhneuauf.de]$ [goalador@gatanda hhneuauf.de]$ bash: [goalador@gatanda: command not found
bash: [goalador@gatanda: command not found
[goalador@gatanda hhneuauf.de]$ bash: bash:: command not found
bash: bash:: command not found
[goalador@gatanda hhneuauf.de]$ [goalador@gatanda hhneuauf.de]$ [goalador@gatanda hhneuauf.de]$ bash: bash:: command not found
bash: [goalador@gatanda: command not found
[goalador@gatanda hhneuauf.de]$ bash: [goalador@gatanda: command not found
bash: bash:: command not found
[goalador@gatanda hhneuauf.de]$ [goalador@gatanda hhneuauf.de]$ bash: bash:: command not found
bash: [goalador@gatanda: command not found
[goalador@gatanda hhneuauf.de]$ bash: bash:: command not found
bash: bash:: command not found
[goalador@gatanda hhneuauf.de]$ [goalador@gatanda hhneuauf.de]$ [goalador@gatanda hhneuauf.de]$ [goalador@gatanda hhneuauf.de]$ [goalador@gatanda hhneuauf.de]$ bash: [goalador@gatanda: command not found
bash: [goalador@gatanda: command not found
[goalador@gatanda hhneuauf.de]$ bash: [goalador@gatanda: command not found
bash: bash:: command not found
[goalador@gatanda hhneuauf.de]$ [goalador@gatanda hhneuauf.de]$ bash: bash:: command not found
bash: [goalador@gatanda: command not found
[goalador@gatanda hhneuauf.de]$ bash: bash:: command not found
bash: bash:: command not found
[goalador@gatanda hhneuauf.de]$ [goalador@gatanda hhneuauf.de]$ [goalador@gatanda hhneuauf.de]$ [goalador@gatanda hhneuauf.de]$ bash: [goalador@gatanda: command not found
bash: [goalador@gatanda: command not found
[goalador@gatanda hhneuauf.de]$ bash: [goalador@gatanda: command not found
bash: bash:: command not found
[goalador@gatanda hhneuauf.de]$ [goalador@gatanda hhneuauf.de]$ bash: [goalador@gatanda: command not found
bash: [goalador@gatanda: command not found
[goalador@gatanda hhneuauf.de]$ bash: bash:: command not found
bash: bash:: command not found
[goalador@gatanda hhneuauf.de]$ [goalador@gatanda hhneuauf.de]$ [goalador@gatanda hhneuauf.de]$ bash: bash:: command not found
bash: [goalador@gatanda: command not found
[goalador@gatanda hhneuauf.de]$ bash: [goalador@gatanda: command not found
bash: bash:: command not found
[goalador@gatanda hhneuauf.de]$ [goalador@gatanda hhneuauf.de]$ bash: bash:: command not found
bash: [goalador@gatanda: command not found
[goalador@gatanda hhneuauf.de]$ bash: bash:: command not found
bash: bash:: command not found
[goalador@gatanda hhneuauf.de]$ [goalador@gatanda hhneuauf.de]$ [goalador@gatanda hhneuauf.de]$ [goalador@gatanda hhneuauf.de]$ [goalador@gatanda hhneuauf.de]$ bash: [goalador@gatanda[goalador@gatanda hhneuauf.de]$ [goalador@gatanda hhneuauf.de]$ bash: bash:: command not found
[goalador@gatanda hhneuauf.de]$ [goalador@gatanda hhneuauf.de]$ bash: [goalador@gatanda: command not found
bash: [goalador@gatanda: command not found
[goalador@gatanda hhneuauf.de]$ bash: bash:: command not found
bash: bash:: command not found
[goalador@gatanda hhneuauf.de]$ [goalador@gatanda hhneuauf.de]$ [goalador@gatanda hhneuauf.de]$ [goalador@gatanda hhneuauf.de]$ bash: bash:: command not found
bash: [goalador@gatanda: command not found
[goalador@gatanda hhneuauf.de]$ bash: [goalador@gatanda: command not found
bash: bash:: command not found
[goalador@gatanda hhneuauf.de]$ [goalador@gatanda hhneuauf.de]$ bash: [goalador@gatanda: command not found
bash: [goalador@gatanda: command not found
[goalador@gatanda hhneuauf.de]$ bash: bash:: command not found
bash: bash:: command not found
[goalador@gatanda hhneuauf.de]$ [goalador@gatanda hhneuauf.de]$ [goalador@gatanda hhneuauf.de]$ bash: bash:: command not found
bash: bash:: command not found
bash: bash:: command not found
[goalador@gatanda hhneuauf.de]$ [goalador@gatanda hhneuauf.de]$ [goalador@gatanda hhneuauf.de]$ bash: [goalador@gatanda: command not found
bash: [goalador@gatanda: command not found
[goalador@gatanda hhneuauf.de]$ bash: [goalador@gatanda: command not found
bash: bash:: command not found
[goalador@gatanda hhneuauf.de]$ [goalador@gatanda hhneuauf.de]$ bash: bash:: command not found
bash: [goalador@gatanda: command not found
bash: bash:: command not found
[goalador@gatanda hhneuauf.de]$ [goalador@gatanda hhneuauf.de]$ bash: [goalador@gatanda: command not found
bash: bash:: command not found
[goalador@gatanda hhneuauf.de]$ [goalador@gatanda hhneuauf.de]$ bash: [goalador@gatanda: command not found
bash: [goalador@gatanda: command not found
[goalador@gatanda hhneuauf.de]$ bash: bash:: command not found
bash: bash:: command not found
[goalador@gatanda hhneuauf.de]$ [goalador@gatanda hhneuauf.de]$ [goalador@gatanda hhneuauf.de]$ bash: bash:: command not found
bash: [goalador@gatanda: command not found
[goalador@gatanda hhneuauf.de]$ bash: [goalador@gatanda: command not found
bash: bash:: command not found
[goalador@gatanda hhneuauf.de]$ [goalador@gatanda hhneuauf.de]$ bash: bash:: command not found
bash: [goalador@gatanda: command not found
[goalador@gatanda hhneuauf.de]$ [goalador@gatanda hhneuauf.de]$ [goalador@gatanda hhneuauf.de]$ bash: [goalador@gatanda: command not found
bash: [goalador@gatanda: command not found
[goalador@gatanda hhneuauf.de]$ bash: [goalador@gatanda: command not found
bash: bash:: command not found
[goalador@gatanda hhneuauf.de]$ [goalador@gatanda hhneuauf.de]$ bash: bash:: command not found
bash: [goalador@gatanda: command not found
[goalador@gatanda hhneuauf.de]$ bash: bash:: command not found
bash: bash:: command not found
[goalador@gatanda hhneuauf.de]$ [goalador@gatanda hhneuauf.de]$ [goalador@gatanda hhneuauf.de]$ [goalador@gatanda hhneuauf.de]$ bash: bash:: command not found
bash: [goalador@gatanda: command not found
[goalador@gatanda hhneuauf.de]$ bash: [goalador@gatanda: command not found
bash: bash:: command not found
[goalador@gatanda hhneuauf.de]$ [goalador@gatanda hhneuauf.de]$ bash: [goalador@gatanda: command not found
bash: [goalador@gatanda: command not found
[goalador@gatanda hhneuauf.de]$ bash: bash:: command not found
bash: bash:: command not found
[goalador@gatanda hhneuauf.de]$ [goalador@gatanda hhneuauf.de]$ [goalador@gatanda hhneuauf.de]$ bash: bash:: command not found
bash: [goalador@gatanda: command not found
[goalador@gatanda hhneuauf.de]$ bash: [goalador@gatanda: command not found
bash: bash:: command not found
bash: [goalador@gatanda: command not found
bash: [goalador@gatanda: command not found
[goalador@gatanda hhneuauf.de]$ bash: bash:: command not found
bash: bash:: command not found
[goalador@gatanda hhneuauf.de]$ [goalador@gatanda hhneuauf.de]$ [goalador@gatanda hhneuauf.de]$ bash: bash:: command not found
bash: [goalador@gatanda: command not found
[goalador@gatanda hhneuauf.de]$ bash: [goalador@gatanda: command not found
bash: bash:: command not found
[goalador@gatanda hhneuauf.de]$ [goalador@gatanda hhneuauf.de]$ bash: bash:: command not found
bash: [goalador@gatanda: command not found
[goalador@gatanda hhneuauf.de]$ bash: bash:: command not found
bash: bash:: command not found
[goalador@gatanda hhneuauf.de]$ [goalador@gatanda hhneuauf.de]$ [goalador@gatanda hhneuauf.de]$ [goalador@gatanda hhneuauf.de]$ [goalador@gatanda hhneuauf.de]$ bash: [goalador@gatanda: command not found
bash: [goalador@gatanda: command not found
[goalador@gatanda hhneuauf.de]$ bash: [goalador@gatanda: command not found
bash: bash:: command not found
[goalador@gatanda hhneuauf.de]$ [goalador@gatanda hhneuauf.de]$ bash: [goalador@gatanda: command not found
bash: [goalador@gatanda: command not found
[goalador@gatanda hhneuauf.de]$ bash: bash:: command not found
bash: bash:: command not found
[goalador@gatanda hhneuauf.de]$ [goalador@gatanda hhneuauf.de]$ [goalador@gatanda hhneuauf.de]$ bash: [goalador@gatanda: command not found
bash: [goalador@gatanda: command not found
[goalador@gatanda hhneuauf.de]$ bash: [goalador@gatanda: command not found
bash: bash:: command not found
[goalador@gatanda hhneuauf.de]$ [goalador@gatanda hhneuauf.de]$ bash: bash:: command not found
bash: [goalador@gatanda: command not found
[goalador@gatanda hhneuauf.de]$ bash: bash:: command not found
bash: bash:: command not found
[goalador@gatanda hhneuauf.de]$ [goalador@gatanda hhneuauf.de]$ [goalador@gatanda hhneuauf.de]$ [goalador@gatanda hhneuauf.de]$ bash: bash:: command not found
bash: [goalador@gatanda: command not found
[goalador@gatanda hhneuauf.de]$ bash: [goalador@gatanda: command not found
bash: bash:: command not found
[goalador@gatanda hhneuauf.de]$ [goalador@gatanda hhneuauf.de]$ bash: [goalador@gatanda: command not found
bash: [goalador@gatanda: command not found
[goalador@gatanda hhneuauf.de]$ bash: bash:: command not found
bash: bash:: command not found
[goalador@gatanda hhneuauf.de]$ [goalador@gatanda hhneuauf.de]$ [goalador@gatanda hhneuauf.de]$ bash: bash:: command not found
bash: [goalador@gatanda: command not found
[goalador@gatanda hhneuauf.de]$ bash: [goalador@gatanda: command not found
bash: bash:: command not found
[goalador@gatanda hhneuauf.de]$ [goalador@gatanda hhneuauf.de]$ bash: bash:: command not found
bash: [goalador@gatanda: command not found
[goalador@gatanda hhneuauf.de]$ bash: bash:: command not found
bash: bash:: command not found
[goalador@gatanda hhneuauf.de]$ [goalador@gatanda hhneuauf.de]$ [goalador@gatanda hhneuauf.de]$ [goalador@gatanda hhneuauf.de]$ [goalador@gatanda hhneuauf.de]$ [goalador@gatanda hhneuauf.de]$ bash: [goalador@gatanda[goalador@gatanda hhneuauf.de]$ [goalador@gatanda hhneuauf.de]$ bash: bash:: command not found
bash: [goalador@gatanda: command not found
[goalador@gatanda hhneuauf.de]$ [goalador@gatanda hhneuauf.de]$ [goalador@gatanda hhneuauf.de]$ bash: bash:: command not found
bash: [goalador@gatanda: command not found
[goalador@gatanda hhneuauf.de]$ bash: [goalador@gatanda: command not found
bash: bash:: command not found
[goalador@gatanda hhneuauf.de]$ [goalador@gatanda hhneuauf.de]$ bash: bash:: command not found
bash: [goalador@gatanda: command not found
[goalador@gatanda hhneuauf.de]$ bash: bash:: command not found
bash: bash:: command not found
[goalador@gatanda hhneuauf.de]$ [goalador@gatanda hhneuauf.de]$ [goalador@gatanda hhneuauf.de]$ [goalador@gatanda hhneuauf.de]$ [goalador@gatanda hhneuauf.de]$ bash: [goalador@gatanda: command not found
bash: [goalador@gatanda: command not found
[goalador@gatanda hhneuauf.de]$ bash: [goalador@gatanda: command not found
bash: bash:: command not found
[goalador@gatanda hhneuauf.de]$ [goalador@gatanda hhneuauf.de]$ bash: [goalador@gatanda: command not found
bash: [goalador@gatanda: command not found
[goalador@gatanda hhneuauf.de]$ bash: bash:: command not found
bash: bash:: command not found
[goalador@gatanda hhneuauf.de]$ [goalador@gatanda hhneuauf.de]$ [goalador@gatanda hhneuauf.de]$ bash: [goalador@gatanda: command not found
bash: [goalador@gatanda: command not found
[goalador@gatanda hhneuauf.de]$ bash: [goalador@gatanda: command not found
bash: bash:: command not found
[goalador@gatanda hhneuauf.de]$ [goalador@gatanda hhneuauf.de]$ bash: bash:: command not found
bash: [goalador@gatanda: command not found
[goalador@gatanda hhneuauf.de]$ bash: bash:: command not found
bash: bash:: command not found
[goalador@gatanda hhneuauf.de]$ [goalador@gatanda hhneuauf.de]$ [goalador@gatanda hhneuauf.de]$ [goalador@gatanda hhneuauf.de]$ bash: bash:: command not found
bash: [goalador@gatanda: command not found
[goalador@gatanda hhneuauf.de]$ bash: [goalador@gatanda: command not found
bash: bash:: command not found
[goalador@gatanda hhneuauf.de]$ [goalador@gatanda hhneuauf.de]$ bash: [goalador@gatanda: command not found
bash: [goalador@gatanda: command not found
[goalador@gatanda hhneuauf.de]$ bash: bash:: command not found
bash: bash:: command not found
[goalador@gatanda hhneuauf.de]$ [goalador@gatanda hhneuauf.de]$ [goalador@gatanda hhneuauf.de]$ bash: bash:: command not found
bash: [goalador@gatanda: command not found
[goalador@gatanda hhneuauf.de]$ bash: [goalador@gatanda: command not found
bash: bash:: command not found
[goalador@gatanda hhneuauf.de]$ [goalador@gatanda hhneuauf.de]$ bash: bash:: command not found
bash: [goalador@gatanda: command not found
[goalador@gatanda hhneuauf.de]$ bash: bash:: command not found
bash: bash:: command not found
[goalador@gatanda hhneuauf.de]$ [goalador@gatanda hhneuauf.de]$ bash: [goalador@gatanda: command not found
bash: [goalador@gatanda: command not found
[goalador@gatanda hhneuauf.de]$ bash: bash:: command not found
bash: bash:: command not found
[goalador@gatanda hhneuauf.de]$ [goalador@gatanda hhneuauf.de]$ bash: [goalador@gatanda: command not found
bash: [goalador@gatanda: command not found
[goalador@gatanda hhneuauf.de]$ bash: bash:: command not found
bash: bash:: command not found
[goalador@gatanda hhneuauf.de]$ [goalador@gatanda hhneuauf.de]$ bash: [goalador@gatanda: command not found
bash: [goalador@gatanda: command not found
[goalador@gatanda hhneuauf.de]$ bash: bash:: command not found
bash: bash:: command not found
[goalador@gatanda hhneuauf.de]$ [goalador@gatanda hhneuauf.de]$ [goalador@gatanda hhneuauf.de]$ bash: bash:: command not found
bash: [goalador@gatanda: command not found
[goalador@gatanda hhneuauf.de]$ bash: [goalador@gatanda: command not found
bash: bash:: command not found
[goalador@gatanda hhneuauf.de]$ [goalador@gatanda hhneuauf.de]$ bash: bash:: command not found
bash: [goalador@gatanda: command not found
[goalador@gatanda hhneuauf.de]$ bash: bash:: command not found
bash: bash:: command not found
[goalador@gatanda hhneuauf.de]$ [goalador@gatanda hhneuauf.de]$ [goalador@gatanda hhneuauf.de]$ [goalador@gatanda hhneuauf.de]$ [goalador@gatanda hhneuauf.de]$ [goalador@gatandabash: [goalador@gatanda: command not found
bash: [goalador@gatanda: command not found
[goalador@gatanda hhneuauf.de]$ bash: [goalador@gatanda: command not found
bash: bash:: command not found
[goalador@gatanda hhneuauf.de]$ [goalador@gatanda hhneuauf.de]$ bash: [goalador@gatanda: command not found
bash: [goalador@gatanda: command not found
[goalador@gatanda hhneuauf.de]$ bash: bash:: command not found
bash: bash:: command not found
[goalador@gatanda hhneuauf.de]$ [goalador@gatanda hhneuauf.de]$ bash: [goalador@gatanda: command not found
bash: [goalador@gatanda: command not found
[goalador@gatanda hhneuauf.de]$ bash: bash:: command not found
bash: bash:: command not found
[goalador@gatanda hhneuauf.de]$ [goalador@gatanda hhneuauf.de]$ [goalador@gatanda hhneuauf.de]$ bash: [goalador@gatanda: command not found
bash: [goalador@gatanda: command not found
[goalador@gatanda hhneuauf.de]$ bash: [goalador@gatanda: command not found
bash: bash:: command not found
[goalador@gatanda hhneuauf.de]$ [goalador@gatanda hhneuauf.de]$ bash: bash:: command not found
bash: [goalador@gatanda: command not found
[goalador@gatanda hhneuauf.de]$ bash: bash:: command not found
bash: bash:: command not found
[goalador@gatanda hhneuauf.de]$ [goalador@gatanda hhneuauf.de]$ [goalador@gatanda hhneuauf.de]$ [goalador@gatanda hhneuauf.de]$ bash: bash:: command not found
bash: [goalador@gatanda: command not found
[goalador@gatanda hhneuauf.de]$ bash: [goalador@gatanda: command not found
bash: bash:: command not found
[goalador@gatanda hhneuauf.de]$ [goalador@gatanda hhneuauf.de]$ bash: [goalador@gatanda: command not found
bash: [goalador@gatanda: command not found
[goalador@gatanda hhneuauf.de]$ bash: bash:: command not found
bash: bash:: command not found
[goalador@gatanda hhneuauf.de]$ [goalador@gatanda hhneuauf.de]$ [goalador@gatanda hhneuauf.de]$ bash: bash:: command not found
bash: [goalador@gatanda: command not found
[goalador@gatanda hhneuauf.de]$ bash: [goalador@gatanda: command not found
bash: bash:: command not found
[goalador@gatanda hhneuauf.de]$ [goalador@gatanda hhneuauf.de]$ bash: [goalador@gatanda: command not found
bash: [goalador@gatanda: command not found
[goalador@gatanda hhneuauf.de]$ bash: bash:: command not found
bash: bash:: command not found
[goalador@gatanda hhneuauf.de]$ [goalador@gatanda hhneuauf.de]$ [goalador@gatanda hhneuauf.de]$ bash: [goalador@gatanda: command not found
bash: [goalador@gatanda: command not found
[goalador@gatanda hhneuauf.de]$ bash: [goalador@gatanda: command not found
bash: bash:: command not found
[goalador@gatanda hhneuauf.de]$ [goalador@gatanda hhneuauf.de]$ bash: bash:: command not found
bash: [goalador@gatanda: command not found
[goalador@gatanda hhneuauf.de]$ bash: bash:: command not found
bash: bash:: command not found
[goalador@gatanda hhneuauf.de]$ [goalador@gatanda hhneuauf.de]$ [goalador@gatanda hhneuauf.de]$ [goalador@gatanda hhneuauf.de]$ bash: bash:: command not found
bash: [goalador@gatanda: command not found
[goalador@gatanda hhneuauf.de]$ bash: [goalador@gatanda: command not found
bash: bash:: command not found
[goalador@gatanda hhneuauf.de]$ [goalador@gatanda hhneuauf.de]$ bash: [goalador@gatanda: command not found
bash: [goalador@gatanda: command not found
[goalador@gatanda hhneuauf.de]$ bash: bash:: command not found
bash: bash:: command not found
[goalador@gatanda hhneuauf.de]$ [goalador@gatanda hhneuauf.de]$ [goalador@gatanda hhneuauf.de]$ bash: bash:: command not found
bash: [goalador@gatanda: command not found
[goalador@gatanda hhneuauf.de]$ bash: [goalador@gatanda: command not found
bash: bash:: command not found
[goalador@gatanda hhneuauf.de]$ [goalador@gatanda hhneuauf.de]$ bash: bash:: command not found
bash: [goalador@gatanda: command not found
[goalador@gatanda hhneuauf.de]$ bash: bash:: command not found
bash: bash:: command not found
[goalador@gatanda hhneuauf.de]$ [goalador@gatanda hhneuauf.de]$ [goalador@gatanda hhneuauf.de]$ [goalador@gatanda hhneuauf.de]$ [goalador@gatanda hhneuauf.de]$ [goalador@gatanda hhneuauf.de]$ bash: [goalador@gatanda: command not found
bash: [goalador@gatanda: command not found
[goalador@gatanda hhneuauf.de]$ bash: [goalador@gatanda: command not found
bash: bash:: command not found
[goalador@gatanda hhneuauf.de]$ [goalador@gatanda hhneuauf.de]$ bash: [goalador@gatanda: command not found
bash: [goalador@gatanda: command not found
[goalador@gatanda hhneuauf.de]$ bash: bash:: command not found
bash: bash:: command not found
[goalador@gatanda hhneuauf.de]$ [goalador@gatanda hhneuauf.de]$ [goalador@gatanda hhneuauf.de]$ bash: bash:: command not found
bash: [goalador@gatanda: command not found
[goalador@gatanda hhneuauf.de]$ bash: [goalador@gatanda: command not found
bash: bash:: command not found
[goalador@gatanda hhneuauf.de]$ [goalador@gatanda hhneuauf.de]$ bash: bash:: command not found
bash: [goalador@gatanda: command not found
[goalador@gatanda hhneuauf.de]$ bash: bash:: command not found
bash: bash:: command not found
[goalador@gatanda hhneuauf.de]$ [goalador@gatanda hhneuauf.de]$ [goalador@gatanda hhneuauf.de]$ [goalador@gatanda hhneuauf.de]$ [goalador@gatanda hhneuauf.de]$ bash: [goalador@gatanda: command not found
bash: [goalador@gatanda: command not found
[goalador@gatanda hhneuauf.de]$ bash: [goalador@gatanda: command not found
bash: bash:: command not found
[goalador@gatanda hhneuauf.de]$ [goalador@gatanda hhneuauf.de]$ bash: [goalador@gatanda: command not found
bash: [goalador@gatanda: command not found
[goalador@gatanda hhneuauf.de]$ bash: bash:: command not found
bash: bash:: command not found
[goalador@gatanda hhneuauf.de]$ [goalador@gatanda hhneuauf.de]$ [goalador@gatanda hhneuauf.de]$ bash: [goalador@gatanda: command not found
bash: [goalador@gatanda: command not found
[goalador@gatanda hhneuauf.de]$ bash: [goalador@gatanda: command not found
bash: bash:: command not found
[goalador@gatanda hhneuauf.de]$ [goalador@gatanda hhneuauf.de]$ bash: bash:: command not found
bash: [goalador@gatanda: command not found
[goalador@gatanda hhneuauf.de]$ bash: bash:: command not found
bash: bash:: command not found
[goalador@gatanda hhneuauf.de]$ [goalador@gatanda hhneuauf.de]$ [goalador@gatanda hhneuauf.de]$ [goalador@gatanda hhneuauf.de]$ bash: bash:: command not found
bash: [goalador@gatanda: command not found
[goalador@gatanda hhneuauf.de]$ bash: [goalador@gatanda: command not found
bash: bash:: command not found
[goalador@gatanda hhneuauf.de]$ [goalador@gatanda hhneuauf.de]$ bash: [goalador@gatanda: command not found
bash: [goalador@gatanda: command not found
[goalador@gatanda hhneuauf.de]$ bash: bash:: command not found
bash: bash:: command not found
[goalador@gatanda hhneuauf.de]$ [goalador@gatanda hhneuauf.de]$ [goalador@gatanda hhneuauf.de]$ bash: bash:: command not found
bash: [goalador@gatanda: command not found
[goalador@gatanda hhneuauf.de]$ bash: [goalador@gatanda: command not found
bash: bash:: command not found
[goalador@gatanda hhneuauf.de]$ [goalador@gatanda hhneuauf.de]$ bash: bash:: command not found
bash: [goalador@gatanda: command not found
[goalador@gatanda hhneuauf.de]$ bash: bash:: command not found
bash: bash:: command not found
[goalador@gatanda hhneuauf.de]$ [goalador@gatanda hhneuauf.de]$ [goalador@gatanda hhneuauf.de]$ [goalador@gatanda hhneuauf.de]$ [goalador@gatanda hhneuauf.de]$ [goalador@gatanda hhneuauf.de]$ bash: [goalador@gatanda[goalador@gatanda hhneuauf.de]$ [goalador@gatanda hhneuauf.de]$ bash: bash:: command not found
bash: [goalador@gatanda: command not found
[goalador@gatanda hhneuauf.de]$ [goalador@gatanda hhneuauf.de]$ [goalador@gatanda hhneuauf.de]$ bash: [goalador@gatanda: command not found
bash: [goalador@gatanda: command not found
[goalador@gatanda hhneuauf.de]$ bash: [goalador@gatanda: command not found
bash: bash:: command not found
[goalador@gatanda hhneuauf.de]$ [goalador@gatanda hhneuauf.de]$ bash: bash:: command not found
bash: [goalador@gatanda: command not found
[goalador@gatanda hhneuauf.de]$ 
[goalador@gatanda hhneuauf.de]$ bash: bash:: command not found
bash: bash:: command not found
[goalador@gatanda hhneuauf.de]$ [goalador@gatanda hhneuauf.de]$ [goalador@gatanda hhneuauf.de]$ [goalador@gatanda hhneuauf.de]$ [goalador@gatanda hhneuauf.de]$ bash: bash:: command not found
bash: [goalador@gatanda: command not found
[goalador@gatanda hhneuauf.de]$ bash: [goalador@gatanda: command not found
bash: bash:: command not found
[goalador@gatanda hhneuauf.de]$ [goalador@gatanda hhneuauf.de]$ bash: [goalador@gatanda: command not found
bash: [goalador@gatanda: command not found
[goalador@gatanda hhneuauf.de]$ bash: bash:: command not found
bash: bash:: command not found
[goalador@gatanda hhneuauf.de]$ [goalador@gatanda hhneuauf.de]$ [goalador@gatanda hhneuauf.de]$ bash: [goalador@gatanda: command not found
bash: [goalador@gatanda: command not found
[goalador@gatanda hhneuauf.de]$ bash: [goalador@gatanda: command not found
bash: bash:: command not found
[goalador@gatanda hhneuauf.de]$ [goalador@gatanda hhneuauf.de]$ bash: bash:: command not found
bash: [goalador@gatanda: command not found
[goalador@gatanda hhneuauf.de]$ bash: bash:: command not found
bash: bash:: command not found
[goalador@gatanda hhneuauf.de]$ [goalador@gatanda hhneuauf.de]$ [goalador@gatanda hhneuauf.de]$ [goalador@gatanda hhneuauf.de]$ bash: bash:: command not found
bash: [goalador@gatanda: command not found
[goalador@gatanda hhneuauf.de]$ bash: bash:: command not found
bash: bash:: command not found
[goalador@gatanda hhneuauf.de]$ bash: bash:: command not found
bash: bash:: command not found
[goalador@gatanda hhneuauf.de]$ [goalador@gatanda hhneuauf.de]$ [goalador@gatanda hhneuauf.de]$ [goalador@gatanda hhneuauf.de]$ bash: [goalador@gatanda: command not found
bash: [goalador@gatanda: command not found
[goalador@gatanda hhneuauf.de]$ bash: [goalador@gatanda: command not found
bash: bash:: command not found
[goalador@gatanda hhneuauf.de]$ [goalador@gatanda hhneuauf.de]$ bash: [goalador@gatanda: command not found
bash: [goalador@gatanda: command not found
[goalador@gatanda hhneuauf.de]$ bash: bash:: command not found
bash: bash:: command not found
[goalador@gatanda hhneuauf.de]$ [goalador@gatanda hhneuauf.de]$ [goalador@gatanda hhneuauf.de]$ bash: bash:: command not found
bash: [goalador@gatanda: command not found
[goalador@gatanda hhneuauf.de]$ bash: [goalador@gatanda: command not found
bash: bash:: command not found
[goalador@gatanda hhneuauf.de]$ 
[goalador@gatanda hhneuauf.de]$ bash: bash:: command not found
bash: bash:: command not found
[goalador@gatanda hhneuauf.de]$ [goalador@gatanda hhneuauf.de]$ [goalador@gatanda hhneuauf.de]$ bash: [goalador@gatanda: command not found
bash: [goalador@gatanda: command not found
[goalador@gatanda hhneuauf.de]$ 
[goalador@gatanda hhneuauf.de]$ bash: bash:: command not found
bash: bash:: command not found
[goalador@gatanda hhneuauf.de]$ [goalador@gatanda hhneuauf.de]$ [goalador@gatanda hhneuauf.de]$ bash: [goalador@gatanda: command not found
bash: [goalador@gatanda: command not found
[goalador@gatanda hhneuauf.de]$ bash: [goalador@gatanda: command not found
bash: bash:: command not found
[goalador@gatanda hhneuauf.de]$ [goalador@gatanda hhneuauf.de]$ bash: bash:: command not found
bash: [goalador@gatanda: command not found
[goalador@gatanda hhneuauf.de]$ bash: bash:: command not found
bash: bash:: command not found
[goalador@gatanda hhneuauf.de]$ [goalador@gatanda hhneuauf.de]$ [goalador@gatanda hhneuauf.de]$ [goalador@gatanda hhneuauf.de]$ bash: bash:: command not found
bash: [goalador@gatanda: command not found
[goalador@gatanda hhneuauf.de]$ bash: [goalador@gatanda: command not found
bash: bash:: command not found
[goalador@gatanda hhneuauf.de]$ [goalador@gatanda hhneuauf.de]$ bash: [goalador@gatanda: command not found
bash: [goalador@gatanda: command not found
[goalador@gatanda hhneuauf.de]$ bash: bash:: command not found
bash: bash:: command not found
[goalador@gatanda hhneuauf.de]$ [goalador@gatanda hhneuauf.de]$ [goalador@gatanda hhneuauf.de]$ bash: bash:: command not found
bash: [goalador@gatanda: command not found
[goalador@gatanda hhneuauf.de]$ bash: [goalador@gatanda: command not found
bash: bash:: command not found
[goalador@gatanda hhneuauf.de]$ [goalador@gatanda hhneuauf.de]$ [goalador@gatanda hhneuauf.de]$ [goalador@gatanda hhneuauf.de]$ bash: [goalador@gatanda: command not found
bash: [goalador@gatanda: command not found
[goalador@gatanda hhneuauf.de]$ bash: [goalador@gatanda: command not found
bash: bash:: command not found
[goalador@gatanda hhneuauf.de]$ [goalador@gatanda hhneuauf.de]$ bash: [goalador@gatanda: command not found
bash: [goalador@gatanda: command not found
[goalador@gatanda hhneuauf.de]$ bash: bash:: command not found
bash: bash:: command not found
[goalador@gatanda hhneuauf.de]$ [goalador@gatanda hhneuauf.de]$ [goalador@gatanda hhneuauf.de]$ bash: bash:: command not found
bash: [goalador@gatanda: command not found
[goalador@gatanda hhneuauf.de]$ bash: [goalador@gatanda: command not found
bash: bash:: command not found
[goalador@gatanda hhneuauf.de]$ [goalador@gatanda hhneuauf.de]$ bash: bash:: command not found
bash: [goalador@gatanda: command not found
[goalador@gatanda hhneuauf.de]$ bash: bash:: command not found
bash: bash:: command not found
[goalador@gatanda hhneuauf.de]$ [goalador@gatanda hhneuauf.de]$ [goalador@gatanda hhneuauf.de]$ [goalador@gatanda hhneuauf.de]$ [goalador@gatanda hhneuauf.de]$ bash: bash:: command not found
bash: [goalador@gatanda: command not found
[goalador@gatanda hhneuauf.de]$ bash: [goalador@gatanda: command not found
bash: bash:: command not found
[goalador@gatanda hhneuauf.de]$ [goalador@gatanda hhneuauf.de]$ bash: [goalador@gatanda: command not found
bash: [goalador@gatanda: command not found
[goalador@gatanda hhneuauf.de]$ bash: bash:: command not found
bash: bash:: command not found
[goalador@gatanda hhneuauf.de]$ [goalador@gatanda hhneuauf.de]$ [goalador@gatanda hhneuauf.de]$ bash: [goalador@gatanda: command not found
bash: [goalador@gatanda: command not found
[goalador@gatanda hhneuauf.de]$ bash: [goalador@gatanda: command not found
bash: bash:: command not found
[goalador@gatanda hhneuauf.de]$ [goalador@gatanda hhneuauf.de]$ bash: bash:: command not found
bash: [goalador@gatanda: command not found
[goalador@gatanda hhneuauf.de]$ bash: bash:: command not found
bash: bash:: command not found
[goalador@gatanda hhneuauf.de]$ [goalador@gatanda hhneuauf.de]$ [goalador@gatanda hhneuauf.de]$ [goalador@gatanda hhneuauf.de]$ bash: bash:: command not found
bash: [goalador@gatanda: command not found
[goalador@gatanda hhneuauf.de]$ bash: [goalador@gatanda: command not found
bash: bash:: command not found
[goalador@gatanda hhneuauf.de]$ [goalador@gatanda hhneuauf.de]$ bash: [goalador@gatanda: command not found
bash: [goalador@gatanda: command not found
[goalador@gatanda hhneuauf.de]$ bash: bash:: command not found
bash: bash:: command not found
[goalador@gatanda hhneuauf.de]$ bash: [goalador@gatanda: command not found
bash: bash:: command not found
[goalador@gatanda hhneuauf.de]$ 
not found
bash: [goalador@gatanda: command not found
[goalador@gatanda hhneuauf.de]$ bash: [goalador@gatanda: command not found
bash: bash:: command not found
[goalador@gatanda hhneuauf.de]$ [goalador@gatanda hhneuauf.de]$ bash: bash:: command not found
bash: [goalador@gatanda: command not found
[goalador@gatanda hhneuauf.de]$ bash: bash:: command not found
bash: bash:: command not found
[goalador@gatanda hhneuauf.de]$ [goalador@gatanda hhneuauf.de]$ [goalador@gatanda hhneuauf.de]$ [goalador@gatanda hhneuauf.de]$ [goalador@gatanda hhneuauf.de]$ bash: [goalador@gatanda: command not found
bash: [goalador@gatanda: command not found
[goalador@gatanda hhneuauf.de]$ bash: [goalador@gatanda: command not found
bash: bash:: command not found
[goalador@gatanda hhneuauf.de]$ [goalador@gatanda hhneuauf.de]$ bash: [goalador@gatanda: command not found
bash: [goalador@gatanda: command not found
[goalador@gatanda hhneuauf.de]$ bash: bash:: command not found
bash: bash:: command not found
[goalador@gatanda hhneuauf.de]$ [goalador@gatanda hhneuauf.de]$ [goalador@gatanda hhneuauf.de]$ bash: [goalador@gatanda: command not found
bash: [goalador@gatanda: command not found
[goalador@gatanda hhneuauf.de]$ bash: [goalador@gatanda: command not found
bash: bash:: command not found
[goalador@gatanda hhneuauf.de]$ [goalador@gatanda hhneuauf.de]$ bash: bash:: command not found
bash: [goalador@gatanda: command not found
[goalador@gatanda hhneuauf.de]$ bash: bash:: command not found
bash: bash:: command not found
[goalador@gatanda hhneu[goalador@gatanda hhneuauf.de]$ bash: [goalador@gatanda: command not found
ash: bash:: command not found
[goalador@gatanda hhneuauf.de]$ [goalador@gatanda hhneuauf.de]$ bash: [goalador@gatanda: command not found
bash: [goalador@gatanda: command not found
[goalador@gatanda hhneuauf.de]$ bash: bash:: command not found
bash: bash:: command not found
[goalador@gatanda hhneuauf.de]$ [goalador@gatanda hhneuauf.de]$ [goalador@gatanda hhneuauf.de]$ bash: bash:: command not found
bash: [goalador@gatanda: command not found
[goalador@gatanda hhneuauf.de]$ bash: [goalador@gatanda: command not found
bash: bash:: command not found
[goalador@gatanda hhneuauf.de]$ [goalador@gatanda hhneuauf.de]$ bash: bash:: command not found
bash: [goalador@gatanda: command not found
[goalador@gatanda hhneuauf.de]$ bash: bash:: command not found
bash: basbash: bash:: command not found
h:: command not found
[goalador@gatanda hhneuauf.de]$ [goalador@gatanda hhneuauf.de]$ [goalador@gatanda hhneuauf.de]$ [goalador@gatanda hhneuauf.de]$ [goalador@gatanda hhneuauf.de]$ [goalador@gatanda hhneuauf.de]$ bash: [goalador@gatanda[goalador@gatanda hhneuauf.de]$ [goalador@gatanda hhneuauf.de]$ bash: bash:: command not found
bash: [goalador@gatanda: command not found
[goalador@gatanda hhneuauf.de]$ [goalador@gatanda hhneuauf.de]$ [goalador@gatanda hhneuauf.de]$ bash: bash:: command not found
bash: [goalador@gatanda: command not found
[goalador@gatanda hhneuauf.de]$ bash: [goalador@gatanda: command not found
bash: bash:: command not found
[goalador@gatanda hhneuauf.de]$ [goalador@gatanda hhneuauf.de]$ bash: bash:: command not found
bash: [goalador@gatanda: command not found
[goalador@gatanda hhneuauf.de]$ bash: bash:: command not found
bash: bash:: command not found
[goalador@gatanda hhneuauf.de]$ [goalador@gatanda hhneuauf.de]$ [goalador@gatanda hhneuauf.de]$ [goalador@gatanda hhneuauf.de]$ [goalador@gatanda hhneuauf.de]$ bash: [goalador@gatanda: command not found
bash: [goalador@gatanda: command not found
[goalador@gatanda hhneuauf.de]$ bash: [goalador@gatanda: command not found
bash: bash:: command not found
[goalador@gatanda hhneuauf.de]$ [goalador@gatanda hhneuauf.de]$ bash: [goalador@gatanda: command not fou[goalador@gatanda hhneuauf.de]$ [goalador@gatanda hhneuauf.de]$ bash: bash:: command not found
bash: [goalador@gatanda: command not found
[goalador@gatanda hhneuauf.de]$ bash: bash:: command not found
bash: bash:: command not found
[goalador@gatanda hhneuauf.de]$ [goalador@gatanda hhneuauf.de]$ [goalador@gatanda hhneuauf.de]$ [goalador@gatanda hhneuauf.de]$ bash: bash:: command not found
bash: [goalador@gatanda: command not found
[goalador@gatanda hhneuauf.de]$ bash: [goalador@gatanda: command not found
bash: bash:: command not found
[goalador@gatanda hhneuauf.de]$ [goalador@gatanda hhneuauf.de]$ bash: [goalador@gatanda: command not found
bash: [goalador@gatanda: command not found
[goalador@gatanda hhneuauf.de]$ bash: bash:: command not found
bash: bash:: command not found
[goalador@gatanda hhneuauf.de]$ [goalador@gatanda hhneuauf.de]$ [goalador@gatanda hhneuauf.de]$ bash: bash:: command not found
gatanda: command not found
bash: bash:: command not found
[goalador@gatanda hhneuauf.de]$ [goalbash: [goalador@gatanda: command not found
[goalador@gatanda hhneuauf.de]$ bash: [goalador@gatanda: command not found
bash: bash:: command not found
[goalador@gatanda hhneuauf.de]$ [goalador@gatanda hhneuauf.de]$ bash: bash:: command not found
bash: [goalador@gatanda: command not found
[goalador@gatanda hhneuauf.de]$ bash: bash:: command not found
bash: bash:: command not found
[goalador@gatanda hhneuauf.de]$ [goalador@gatanda hhneuauf.de]$ [goalador@gatanda hhneuauf.de]$ [goalador@gatanda hhneuauf.de]$ [goalador@gatanda hhneuauf.de]$ [goalador@gatanda hhneuauf.de]$ bash: [goalador@gatanda: command not found
bash: [goalador@gatanda: command not found
[goalador@gatanda hhneuauf.de]$ bash: [goalador@gatanda: command not found
and not found
bash: [goalador@gatanda: commbash: bash:: command not found
[goalador@gatanda hhneuauf.de]$ [goalador@gatanda hhneuauf.de]$ bash: [goalador@gatanda: command not found
bash: [goalador@gatanda: command not found
[goalador@gatanda hhneuauf.de]$ bash: bash:: command not found
bash: bash:: command not found
[goalador@gatanda hhneuauf.de]$ [goalador@gatanda hhneuauf.de]$ [goalador@gatanda hhneuauf.de]$ bash: [goalador@gatanda: command not found
bash: [goalador@gatanda: command not found
[goalador@gatanda hhneuauf.de]$ bash: [goalador@gatanda: command not found
bash: bash:: command not found
[goalador@gatanda hhneuauf.de]$ [goalador@gatanda hhneuauf.de]$ bash: bash:: command not found
bash: [goalador@gatanda: command not found
[goalador@gatanda hhneuauf.de]$ bash: bash:: command not found
bash: bash:: command not found
[goalador@gatanda hhneuauf.de]$ [goalador@gatanda hhneuauf.de]$ [goalador@gatanda hhneuauf.de]$ [goalador@gatanda hhneuauf.de]$ bash: [goalador@gatanda: command not found
bash: [goalador@gatanda: command not found
[goalador@gatanda hhneuauf.de]$ bash: [goalador@gatanda: command not found
bash: bash:: command not found
[goalador@gatanda hhneuauf.de]$ [goalador@gatanda hhneuauf.de]$ bash: [goalador@gatanda: command not found
bash: [goalador@gatanda: command not found
[goalador@gatanda hhneuauf.de]$ bash: bash:: command not found
bash: bash:: command not found
[goalador@gatanda hhneuauf.de]$ [goalador@gatanda hhneuauf.de]$ [goalador@gatanda hhneuauf.de]$ bash: bash:: command not found
bash: [goalador@gatanda: command not found
[goalador@gatanda hhneuauf.de]$ bash: [goalador@gatanda: command not found
bash: bash:: command not found
[goalador@gatanda hhneuauf.de]$ [goalador@gatanda hhneuauf.de]$ bash: bash:: command not found
bash: [goalador@gatanda: command not found
[goalador@gatanda hhneuauf.de]$ bash: bash:: command not found
bash: bash:: command not found
[goalador@gatanda hhneuauf.de]$ [goalador@gatanda hhneuauf.de]$ [goalador@gatanda hhneuauf.de]$ [goalador@gatanda hhneuauf.de]$ [goalador@gatanda hhneuauf.de]$ bash: bash:: command not found
bash: [goalador@gatanda: command not found
[goalador@gatanda hhneuauf.de]$ bash: [goalador@gatanda: command not found
bash: bash:: command not found
[goalador@gatanda hhneuauf.de]$ [goalador@gatanda hhneuauf.de]$ bash: [goalador@gatanda: command not found
bash: [goalador@gatanda: command not found
[goalador@gatanda hhneuauf.de]$ bash: bash:: command not found
bash: bash:: command not found
[goalador@gatanda hhneuauf.de]$ [goalador@gatanda hhneuauf.de]$ [goalador@gatanda hhneuauf.de]$ bash: [goalador@gatanda: command not found
goalador@gatanda: command not found
bash: [goalador@gatanda: command not found
[goalador@gatanda hbash: [goalador@gatanda: command not found
[goalador@gatanda hhneuauf.de]$ bash: [goalador@gatanda: command not found
bash: bash:: command not found
bash: bash:: command not found
[goalador@gatanda hhneuauf.de]$ [goalador@gatanda hhneuauf.de]$ bash: bash:: command not found
bash: [goalador@gatanda: command not found
[goalador@gatanda hhneuauf.de]$ bash: bash:: command not found
bash: bash:: command not found
[goalador@gatanda hhneuauf.de]$ [goalador@gatanda hhneuauf.de]$ [goalador@gatanda hhneuauf.de]$ [goalador@gatanda hhneuauf.de]$ [goalador@gatanda hhneuauf.de]$ bash: bash:: command not found
bash: [goalador@gatanda: command not found
[goalador@gatanda hhneuauf.de]$ bash: [goalador@gatanda: command not found
bash: bash:: command not found
[goalador@gatanda hhneuauf.de]$ [goalador@gatanda hhneuauf.de]$ bash: [goalador@gatanda: command not found
bash: [goalador@gatanda: command not found
[goalador@gatanda hhneuauf.de]$ bash: bash:: command not found
bash: bash:: command not found
[goalador@gatanda hhneuauf.de]$ [goalador@gatanda hhneuauf.de]$ [goalador@gatanda hhneuauf.de]$ bash: [goalador@gatanda: command not found
bash: [goalador@gatanda: command not found
[goalador@gatanda hhneuauf.de]$ bash: [goalador@gatanda: command not found
bash: bash:: command not found
[goalador@gatanda hhneuauf.de]$ [goalador@gatanda hhneuauf.de]$ bash: bash:: command not found
bash: [goalador@gatanda: command not found
[goalador@gatanda hhneuauf.de]$ bash: bash:: command not found
bash: bash:: command not found
[goalador@gatanda hhneuauf.de]$ [goalador@gatanda hhneuauf.de]$ [goalador@gatanda hhneuauf.de]$ [goalador@gatanda hhneuauf.de]$ bash: bash:: command not found
bash: [goalador@gatanda: command not found
[goalador@gatanda hhneuauf.de]$ bash: [goalador@gatanda: command not found
bash: bash:: command not found
[goalador@gatanda hhneuauf.de]$ [goalador@gatanda hhneuauf.de]$ bash: [goalador@gatanda: command not found
h: [goalador@gatanda: combash: [goalador@gatanda: command not found
[goalador@gatanda hhneuauf.de]$ bash: bash:: command not found
bash: bash:: command not found
[goalador@gatanda hhneuauf.de]$ [goalador@gatanda hhneuauf.de]$ [goalador@gatanda hhneuauf.de]$ bash: bash:: command not found
bash: [goalador@gatanda: command not found
[goalador@gatanda hhneuauf.de]$ bash: [goalador@gatanda: command not found
bash: bash:: command not found
[goalador@gatanda hhneuauf.de]$ [goalador@gatanda hhneuauf.de]$ bash: bash:: command not found
bash: [goalador@gatanda: command not found
[goalador@gatanda hhneuauf.de]$ bash: bash:: command not found
bash: bash:: command not found
[goalador@gatanda hhneuauf.de]$ [goalador@gatanda hhneuauf.de]$ [goalador@gatanda hhneuauf.de]$ [goalador@gatanda hhneuauf.de]$ [goalador@gatanda hhneuauf.de]$ [goalador@gatanda hhneuauf.de]$ [goalador@gatanda hhneuauf.de]$ bash: [goalador@gatanda: command not found
bash: [goalador@gatanda: command not found
[goalador@gatanda hhneuauf.de]$ bash: [goalador@gatanda: command not found
bash: bash:: command not found
[goalador@gatanda hhneuauf.de]$ [goalador@gatanda hhneuauf.de]$ bash: [goalador@gatanda: command not found
bash: [goalador@gatanda: command not found
[goalador@gatanda hhneuauf.de]$ bash: bash:: command not found
bash: bash:: command not found
[goalador@gatanda hhneuauf.de]$ [goalador@gatanda hhneuauf.de]$ [goalador@gatanda hhneuauf.de]$ bash: [goalador@gatanda: command not found
bash: [goalador@gatanda: command not found
[goalador@gatanda hhneuauf.de]$ bash: [goalador@gatanda: command not found
bash: bash:: command not found
[goalador@gatanda hhneuauf.de]$ [goalador@gatanda hhneuauf.de]$ bash: bash:: command not found
bash: [goalador@gatanda: command not found
[goalador@gatanda hhneuauf.de]$ bash: bash:: command not found
bash: bash:: command not found
[goalador@gatanda hhneuauf.de]$ [goalador@gatanda hhneuauf.de]$ [goalador@gatanda hhneuauf.de]$ [goalador@gatanda hhneuauf.de]$ bash: bash:: command not found
bash: [goalador@gatanda: command not found
[goalador@gatanda hhneuauf.de]$ bash: [goalador@gatanda: command not found
 [goalador@gatanda hhneuauf.bash: bash:: command not found
[goalador@gatanda hhneuauf.de]$ [goalador@gatanda hhneuauf.de]$ bash: [goalador@gatanda: command not found
bash: [goalador@gatanda: command not found
[goalador@gatanda hhneuauf.de]$ bash: bash:: command not found
bash: bash:: command not found
[goalador@gatanda hhneuauf.de]$ [goalador@gatanda hhneuauf.de]$ [goalador@gatanda hhneuauf.de]$ bash: bash:: command not found
bash: [goalador@gatanda: command not found
[goalador@gatanda hhneuauf.de]$ bash: [goalador@gatanda: command not found
bash: bash:: command not found
[goalador@gatanda hhneuauf.de]$ [goalador@gatanda hhneuauf.de]$ bash: bash:: command not found
bash: [goalador@gatanda: command not found
[goalador@gatanda hhneuauf.de]$ bash: bash:: command not found
bash: bash:: command not found
[goalador@gatanda hhneuauf.de]$ [goalador@gatanda hhneuauf.de]$ [goalador@gatanda hhneuauf.de]$ [goalador@gatanda hhneuauf.de]$ [goalador@gatanda hhneuauf.de]$ [goalador@gatanda hhneuauf.de]$ bash: [goalador@gatanda: command not found
bash: [goalador@gatanda: command not found
[goalador@gatanda hhneuauf.de]$ bash: [goalador@gatanda: command not found
bash: bash:: command not found
[goalador@gatanda hhneuauf.de]$ [goalador@gatanda hhneuauf.de]$ bash: [goalador@gatanda: command not found
bash: [goalador@gatanda: command not found
[goalador@gatanda hhneuauf.de]$ bash: bash:: command not found
bash: bash:: command not found
[goalador@gatanda hhneuauf.de]$ [goalador@gatanda hhneuauf.de]$ [goalador@gatanda hhneuauf.de]$ bash: [goalador@gatanda: command not found
bash: [goalador@gatanda: command not found
[goalador@gatanda hhneuauf.de]$ bash: [goalador@gatanda: command not found
bash: bash:: command not found
[goalador@gatanda hhneuauf.de]$ [goalador@gatanda hhneuauf.de]$ bash: bash:: command not found
bash: [goalador@gatanda: command not found
[goalador@gatanda hhneuauf.de]$ bash: bash:: command not found
bash: bash:: command not found
[goalador@gatanda hhneuauf.de]$ [goalador@gatanda hhneuauf.de]$ [goalador@gatanda hhneuauf.de]$ [goalador@gatanda hhneuauf.de]$ bash: [goalador@gatanda: command not found
bash: [goalador@gatanda: command not found
[goalador@gatanda hhneuauf.de]$ bash: [goalador@gatanda: command not found
bash: bash:: command not found
[goalador@gatanda hhneuauf.de]$ [goalador@gatanda hhneuauf.de]$ bash: [goalador@gatanda: command not found
bash: [goalador@gatanda: command not found
[goalador@gatanda hhneuauf.de]$ bash: bash:: command not found
bash: bash:: command not found
[goalador@gatanda hhneuauf.de]$ [goalador@gatanda hhneuauf.de]$ [goalador@gatanda hhneuauf.de]$ bash: bash:: command not found
bash: [goalador@gatanda: command not found
[goalador@gatanda hhneuauf.de]$ bash: [goalador@gatanda: command not found
bash: bash:: command not found
[goalador@gatanda hhneuauf.de]$ [goalador@gatanda hhneuauf.de]$ bash: bash:: command not found
bash: [goalador@gatanda: command not found
[goalador@gatanda hhneuauf.de]$ bash: bash:: command not found
bash: bash:: command not found
[goalador@gatanda hhneuauf.de]$ [goalador@gatanda hhneuauf.de]$ [goalador@gatanda hhneuauf.de]$ [goalador@gatanda hhneuauf.de]$ [goalador@gatanda hhneuauf.de]$ bash: bash:: command not found
bash: [goalador@gatanda: command not found
[goalador@gatanda hhneuauf.de]$ bash: [goalador@gatanda: command not found
bash: bash:: command not found
[goalador@gatanda hhneuauf.de]$ [goalador@gatanda hhneuauf.de]$ bash: [goalador@gatanda: command not found
bash: [goalador@gatanda: command not found
[goalador@gatanda hhneuauf.de]$ bash: bash:: command not found
bash: bash:: command not found
[goalador@gatanda hhneuauf.de]$ [goalador@gatanda hhneuauf.de]$ [goalador@gatanda hhneuauf.de]$ bash: [goalador@gatanda: command not found
bash: [goalador@gatanda: command not found
[goalador@gatanda hhneuauf.de]$ bash: [goalador@gatanda: command not found
bash: bash:: command not found
[goalador@gatanda hhneuauf.de]$ [goalador@gatanda hhneuauf.de]$ bash: bash:: command not found
bash: [goalador@gatanda: command not found
[goalador@gatanda hhneuauf.de]$ bash: bash:: command not found
bash: bash:: command not found
[goalador@gatanda hhneuauf.de]$ [goalador@gatanda hhneuauf.de]$ [goalador@gatanda hhneuauf.de]$ [goalador@gatanda hhneuauf.de]$ bash: bash:: command not found
bash: [goalador@gatanda: command not found
[goalador@gatanda hhneuauf.de]$ bash: [goalador@gatanda: command not found
bash: bash:: command not found
[goalador@gatanda hhneuauf.de]$ [goalador@gatanda hhneuauf.de]$ bash: [goalador@gatanda: command not found
bash: [goalador@gatanda: command not found
[goalador@gatanda hhneuauf.de]$ bash: bash:: command not found
d not found
[goalbash: bash:: command not found
[goalador@gatanda hhneuauf.de]$ [goalador@gatanda hhneuauf.de]$ [goalador@gatanda hhneuauf.de]$ bash: bash:: command not found
bash: [goalador@gatanda: command not found
[goalador@gatanda hhneuauf.de]$ bash: [goalador@gatanda: command not found
bash: bash:: command not found
[goalador@gatanda hhneuauf.de]$ [goalador@gatanda hhneuauf.de]$ bash: bash:: command not found
bash: [goalador@gatanda: command not found
[goalador@gatanda hhneuauf.de]$ bash: bash:: command not found
bash: bash:: command not found
[goalador@gatanda hhneuauf.de]$ [goalador@gatanda hhneuauf.de]$ [goalador@gatanda hhneuauf.de]$ [goalador@gatanda hhneuauf.de]$ [goalador@gatanda hhneuauf.de]$ [goalador@gatanda hhneuauf.de]$ [goalador@gatanda hhneuauf.de]$ bash: [goalador@gatanda[goalador@gatanda hhneuauf.de]$ [goalador@gatanda hhneuauf.de]$ bash: bash:: command not found
bash: [goalador@gatanda: command not found
[goalador@gatanda hhneuauf.de]$ bash: [goalador@gatanda: command not found
bash: bash:: command not found
[goalador@gatanda hhneuauf.de]$ [goalador@gatanda hhneuauf.de]$ [goalador@gatanda hhneuauf.de]$ [goalador@gatanda hhneuauf.de]$ bash: [goalador@gatanda: command not found
bash: [goalador@gatanda: command not found
[goalador@gatanda hhneuauf.de]$ bash: [goalador@gatanda: command not found
ot found
bash: [goalador@gatbash: bash:: command not found
[goalador@gatanda hhneuauf.de]$ [goalador@gatanda hhneuauf.de]$ bash: [goalador@gatanda: command not found
bash: [goalador@gatanda: command not found
[goalador@gatanda hhneuauf.de]$ bash: bash:: command not found
bash: bash:: command not found
[goalador@gatanda hhneuauf.de]$ [goalador@gatanda hhneuauf.de]$ [goalador@gatanda hhneuauf.de]$ bash: bash:: command not found
bash: [goalador@gatanda: command not found
[goalador@gatanda hhneuauf.de]$ bash: [goalador@gatanda: command not found
bash: bash:: command not found
[goalador@gatanda hhneuauf.de]$ [goalador@gatanda hhneuauf.de]$ 
bash: [goalador@gatanda: command not found
[goalador@gatanda hhneuauf.de]$ [goalador@gatanda hhneuauf.de]$ bash: bash:: command not found
bash: [goalador@gatanda: command not found
[goalador@gatanda hhneuauf.de]$ bash: bash:: command not found
bash: bash:: command not found
[goalador@gatanda hhneuauf.de]$ [goalador@gatanda hhneuauf.de]$ [goalador@gatanda hhneuauf.de]$ [goalador@gatanda hhneuauf.de]$ [goalador@gatanda hhneuauf.de]$ [goalador@gatanda hhneuauf.de]$ bash: bash:: command not found
bash: [goalador@gatanda: command not found
[goalador@gatanda hhneuauf.de]$ bash: [goalador@gatanda: command not found
bash: bash:: command not found
[goalador@gatanda hhneuauf.de]$ [goalador@gatanda hhneuauf.de]$ bash: [goalador@gatanda: command not found
bash: [goalador@gatanda: command not found
[goalador@gatanda hhneuauf.de]$ bash: bash:: command not found
bash: bash:: command not found
[goalador@gatanda hhneuauf.de]$ [goalador@gatanda hhneuauf.de]$ [goalador@gatanda hhneuauf.de]$ bash: [goalador@gatanda: command not found
bash: [goalador@gatanda: command not found
[goalador@gatanda hhneuauf.de]$ bash: [goalador@gatanda: command not found
ubash: bash:: command not found
[goalador@gatanda hhneuauf.de]$ [goalador@gatanda hhneuauf.de]$ bash: bash:: command not found
bash: [goalador@gatanda: command not found
[goalador@gatanda hhneuauf.de]$ bash: bash:: command not found
bash: bash:: command not found
[goalador@gatanda hhneuauf.de]$ [goalador@gatanda hhneuauf.de]$ [goalador@gatanda hhneuauf.de]$ [goalador@gatanda hhneuauf.de]$ bash: [goalador@gatanda: command not found
bash: [goalador@gatanda: command not found
[goalador@gatanda hhneuauf.de]$ bash: [goalador@gatanda: command not found
bash: bash:: command not found
[goalador@gatanda hhneuauf.de]$ [goalador@gatanda hhneuauf.de]$ bash: [goalador@gatanda: command not found
bash: [goalador@gatanda: command not found
[goalador@gatanda hhneuauf.de]$ bash: bash:: command not found
bash: bash:: command not found
[goalador@gatanda hhneuauf.de]$ [goalador@gatanda hhneuauf.de]$ [goalador@gatanda hhneuauf.de]$ bash: bash:: command not found
bash: [goalador@gatanda: command not found
[goalador@gatanda hhneuauf.de]$ bash: [goalador@gatanda: command not found
bash: bash:: command not found
[goalador@gatanda hhneuauf.de]$ [goalador@gatanda hhneuauf.de]$ bash: bash:: command not found
bash: [goalador@gatanda: command not found
[goalador@gatanda hhneuauf.de]$ bash: bash:: command not found
bash: bash:: command not found
[goalador@gatanda hhneuauf.de]$ [goalador@gatanda hhneuauf.de]$ [goalador@gatanda hhneuauf.de]$ [goalador@gatanda hhneuauf.de]$ [goalador@gatanda hhneuauf.de]$ bash: bash:: command not found
bash: [goalador@gatanda: command not found
[goalador@gatanda hhneuauf.de]$ bash: [goalador@gatanda: command not found
bash: bash:: command not found
[goalador@gatanda hhneuauf.de]$ [goalador@gatanda hhneuauf.de]$ bash: bash:: command not found
bash: [goalador@gatanda: command not found
[goalador@gatanda hhneuauf.de]$ bash: bash:: command not found
bash: bash:: command not found
[goalador@gatanda hhneuauf.de]$ [goalador@gatanda hhneuauf.de]$ bash: bash:: command not found
bash: [goalador@gatanda: command not found
[goalador@gatanda hhneuauf.de]$ bash: bash:: command not found
bash: bash:: command not found
[goalador@gatanda hhneuauf.de]$ [goalador@gatanda hhneuauf.de]$ [goalador@gatanda hhneuauf.de]$ [goalador@gatanda hhneuauf.de]$ [goalador@gatanda hhneuauf.de]$ bash: [goalador@gatanda: command not found
bash: [goalador@gatanda: command not found
[goalador@gatanda hhneuauf.de]$ bash: [goalador@gatanda: command not found
bash: bash:: command not found
[goalador@gatanda hhneuauf.de]$ [goalador@gatanda hhneuauf.de]$ bash: [goalador@gatanda: command not found
bash: [goalador@gatanda: command not found
[goalador@gatanda hhneuauf.de]$ bash: bash:: command not found
bash: bash:: command not found
[goalador@gatanda hhneuauf.de]$ [goalador@gatanda hhneuauf.de]$ [goalador@gatanda hhneuauf.de]$ bash: [goalador@gatanda: command not found
bash: [goalador@gatanda: command not found
[goalador@gatanda hhneuauf.de]$ bash: [goalador@gatanda: command not found
bash: bash:: command not found
[goalador@gatanda hhneuauf.de]$ [goalador@gatanda hhneuauf.de]$ bash: bash:: command not found
bash: [goalador@gatanda: command not found
[goalador@gatanda hhneuauf.de]$ bash: bash:: command not found
bash: bash:: command not found
[goalador@gatanda hhneuauf.de]$ [goalador@gatanda hhneuauf.de]$ [goalador@gatanda hhneuauf.de]$ [goalador@gatanda hhneuauf.de]$ bash: bash:: command not found
bash: [goalador@gatanda: command not found
[goalador@gatanda hhneuauf.de]$ bash: [goalador@gatanda: command not found
bash: bash:: command not found
[goalador@gatanda hhneuauf.de]$ [goalador@gatanda hhneuauf.de]$ bash: [goalador@gatanda: command not found
bash: [goalador@gatanda: command not found
[goalador@gatanda hhneuauf.de]$ bash: bash:: command not found
bash: bash:: command not found
[goalador@gatanda hhneuauf.de]$ [goalador@gatanda hhneuauf.de]$ 
bash: [goalador@gatanda: command not found
[goalador@gatanda hhneuauf.de]$ [goalador@gatanda hhneuauf.de]$ bash: bash:: command not found
bash: [goalador@gatanda: command not found
[goalador@gatanda hhneuauf.de]$ bash: bash:: command not found
bash: bash:: command not found
[goalador@gatanda hhneuauf.de]$ [goalador@gatanda hhneuauf.de]$ [goalador@gatanda hhneuauf.de]$ [goalador@gatanda hhneuauf.de]$ bash: [goalador@gatanda: command not found
bash: [goalador@gatanda: command not found
[goalador@gatanda hhneuauf.de]$ bash: [goalador@gatanda: command not found
bash: bash:: command not found
[goalador@gatanda hhneuauf.de]$ [goalador@gatanda hhneuauf.de]$ 
and not found
[goalador@gatanda hbash: [goalador@gatanda: command not found
[goalador@gatanda hhneuauf.de]$ [goalador@gatanda hhneuauf.de]$ bash: bash:: command not found
bash: [goalador@gatanda: command not found
[goalador@gatanda hhneuauf.de]$ bash: bash:: command not found
bash: bash:: command not found
[goalador@gatanda hhneuauf.de]$ [goalador@gatanda hhneuauf.de]$ [goalador@gatanda hhneuauf.de]$ [goalador@gatanda hhneuauf.de]$ bash: [goalador@gatanda: command not found
bash: [goalador@gatanda: command not found
[goalador@gatanda hhneuauf.de]$ bash: [goalador@gatanda: command not found
bash: bash:: command not found
[goalador@gatanda hhneuauf.de]$ [goalador@gatanda hhneuauf.de]$ bash: [goalador@gatanda: command not found
bash: [goalador@gatanda: command not found
[goalador@gatanda hhneuauf.de]$ bash: bash:: command not found
bash: bash:: command not found
[goalador@gatanda hhneuauf.de]$ [goalador@gatanda hhneuauf.de]$ [goalador@gatanda hhneuauf.de]$ bash: bash:: command not found
bash: [goalador@gatanda: command not found
[goalador@gatanda hhneuauf.de]$ bash: [goalador@gatanda: command not found
bash: bash:: command not found
[goalador@gatanda hhneuauf.de]$ [goalador@gatanda hhneuauf.de]$ bash: bash:: command not found
bash: [goalador@gatanda: command not found
[goalador@gatanda hhneuauf.de]$ bash: bash:: command not found
bash: bash:: command not found
[goalador@gatanda hhneuauf.de]$ [goalador@gatanda hhneuauf.de]$ [goalador@gatanda hhneuauf.de]$ [goalador@gatanda hhneuauf.de]$ [goalador@gatanda hhneuauf.de]$ bash: bash:: command not found
bash: [goalador@gatanda: command not found
[goalador@gatanda hhneuauf.de]$ bash: [goalador@gatanda: command not found
bash: bash:: command not found
[goalador@gatanda hhneuauf.de]$ [goalador@gatanda hhneuauf.de]$ bash: [goalador@gatanda: command not found
bash: [goalador@gatanda: command not found
[goalador@gatanda hhneuauf.de]$ bash: bash:: command not found
bash: bash:: command not found
[goalador@gatanda hhneuauf.de]$ [goalador@gatanda hhneuauf.de]$ [goalador@gatanda hhneuauf.de]$ bash: [goalador@gatanda: command not found
bash: [goalador@gatanda: command not found
[goalador@gatanda hhneuauf.de]$ bash: [goalador@gatanda: command not found
bash: bash:: command not found
[goalador@gatanda hhneuauf.de]$ [goalador@gatanda hhneuauf.de]$ bash: bash:: command not found
bash: [goalador@gatanda: command not found
[goalador@gatanda hhneuauf.de]$ bash: bash:: command not found
bash: bash:: command not found
[goalador@gatanda hhneuauf.de]$ [goalador@gatanda hhneuauf.de]$ [goalador@gatanda hhneuauf.de]$ [goalador@gatanda hhneuauf.de]$ bash: bash:: command not found
bash: [goalador@gatanda: command not found
[goalador@gatanda hhneuauf.de]$ bash: [goalador@gatanda: command not found
bash: bash:: command not found
[goalador@gatanda hhneuauf.de]$ [goalador@gatanda hhneuauf.de]$ bash: [goalador@gatanda: command not found
bash: [goalador@gatanda: command not found
[goalador@gatanda hhneuauf.de]$ bash: bash:: command not found
bash: bash:: command not found
[goalador@gatanda hhneuauf.de]$ [goalador@gatanda hhneuauf.de]$ [goalador@gatanda hhneuauf.de]$ [goalador@gatanda hhneuauf.de]$ [goalador@gatanda hhneuauf.de]$ bash: [goalador@gatanda: command not found
bash: [goalador@gatanda: command not found
[goalador@gatanda hhneuauf.de]$ bash: [goalador@gatanda: command not found
bash: bash:: command not found
[goalador@gatanda hhneuauf.de]$ [goalador@gatanda hhneuauf.de]$ bash: [goalador@gatanda: command not found
bash: [goalador@gatanda: command not found
[goalador@gatanda hhneuauf.de]$ bash: bash:: command not found
bash: bash:: command not found
[goalador@gatanda hhneuauf.de]$ [goalador@gatanda hhneuauf.de]$ [goalador@gatanda hhneuauf.de]$ bash: [goalador@gatanda: command not found
bash: [goalador@gatanda: command not found
[goalador@gatanda hhneuauf.de]$ bash: [goalador@gatanda: command not found
bash: bash:: command not found
uf.de]$[goalador@gatanda hhneuauf.de]$ [goalador@gatanda hhneuauf.de]$ bash: bash:: command not found
bash: [goalador@gatanda: command not found
[goalador@gatanda hhneuauf.de]$ bash: bash:: command not found
bash: bash:: command not found
[goalador@gatanda hhneuauf.de]$ [goalador@gatanda hhneuauf.de]$ [goalador@gatanda hhneuauf.de]$ [goalador@gatanda hhneuauf.de]$ bash: bash:: command not found
bash: [goalador@gatanda: command not found
[goalador@gatanda hhneuauf.de]$ bash: [goalador@gatanda: command not found
bash: bash:: command not found
[goalador@gatanda hhneuauf.de]$ [goalador@gatanda hhneuauf.de]$ bash: [goalador@gatanda: command not found
bash: [goalador@gatanda: command not found
[goalador@gatanda hhneuauf.de]$ bash: bash:: command not found
bash: bash:: command not found
[goalador@gatanda hhneuauf.de]$ [goalador@gatanda hhneuauf.de]$ [goalador@gatanda hhneuauf.de]$ bash: bash:: command not found
bash: [goalador@gatanda: command not found
[goalador@gatanda hhneuauf.de]$ bash: [goalador@gatanda: command not found
bash: bash:: command not found
[goalador@gatanda hhneuauf.de]$ [goalador@gatanda hhneuauf.de]$ bash: bash:: command not found
bash: [goalador@gatanda: command not found
[goalador@gatanda hhneuauf.de]$ bash: bash:: command not found
bash: bash:: command not found
[goalador@gatanda hhneuauf.de]$ [goalador@gatanda hhneuauf.de]$ [goalador@gatanda hhneuauf.de]$ [goalador@gatanda hhneuauf.de]$ [goalador@gatanda hhneuauf.de]$ [goalador@gatanda hhneuauf.de]$ bash: bash:: command not found
bash: [goalador@gatanda: command not found
[goalador@gatanda hhneuauf.de]$ bash: [goalador@gatanda: command not found
bash: bash:: command not found
[goalador@gatanda hhneuauf.de]$ [goalador@gatanda hhneuauf.de]$ bash: [goalador@gatanda: command not found
bash: [goalador@gatanda: command not found
[goalador@gatanda hhneuauf.de]$ bash: bash:: command not found
bash: bash:: command not found
[goalador@gatanda hhneuauf.de]$ [goalador@gatanda hhneuauf.de]$ [goalador@gatanda hhneuauf.de]$ bash: [goalador@gatanda: command not found
bash: [goalador@gatanda: command not found
[goalador@gatanda hhneuauf.de]$ bash: [goalador@gatanda: command not found
bash: bash:: command not found
[goalador@gatanda hhneuauf.de]$ [goalador@gatanda hhneuauf.de]$ bash: bash:: command not found
bash: [goalador@gatanda: command not found
[goalador@gatanda hhneuauf.de]$ bash: bash:: command not found
bash: bash:: command not found
[goalador@gatanda hhneuauf.de]$ [goalador@gatanda hhneuauf.de]$ [goalador@gatanda hhneuauf.de]$ [goalador@gatanda hhneuauf.de]$ bash: [goalador@gatanda: command not found
bash: [goalador@gatanda: command not found
[goalador@gatanda hhneuauf.de]$ bash: [goalador@gatanda: command not found
bash: bash:: command not found
[goalador@gatanda hhneuauf.de]$ [goalador@gatanda hhneuauf.de]$ bash: [goalador@gatanda: command not found
bash: [goalador@gatanda: command not found
[goalador@gatanda hhneuauf.de]$ bash: bash:: command not found
bash: bash:: command not found
[goalador@gatanda hhneuauf.de]$ [goalador@gatanda hhneuauf.de]$ [goalador@gatanda hhneuauf.de]$ bash: bash:: command not found
bash: [goalador@gatanda: command not found
[goalador@gatanda hhneuauf.de]$ bash: [goalador@gatanda: command not found
bash: bash:: command not found
[goalador@gatanda hhneuauf.de]$ [goalador@gatanda hhneuauf.de]$ bash: bash:: command not found
bash: [goalador@gatanda: command not found
[goalador@gatanda hhneuauf.de]$ bash: bash:: command not found
bash: bash:: command not found
[goalador@gatanda hhneuauf.de]$ [goalador@gatanda hhneuauf.de]$ [goalador@gatanda hhneuauf.de]$ [goalador@gatanda hhneuauf.de]$ [goalador@gatanda hhneuauf.de]$ bash: bash:: command not found
bash: [goalador@gatanda: command not found
[goalador@gatanda hhneuauf.de]$ bash: [goalador@gatanda: command not found
bash: bash:: command not found
[goalador@gatanda hhneuauf.de]$ [goalador@gatanda hhneuauf.de]$ bash: [goalador@gatanda: command not found
bash: [goalador@gatanda: command not found
[goalador@gatanda hhneuauf.de]$ bash: bash:: command not found
bash: bash:: command not found
[goalador@gatanda hhneuauf.de]$ [goalador@gatanda hhneuauf.de]$ [goalador@gatanda hhneuauf.de]$ bash: [goalador@gatanda: command not found
bash: [goalador@gatanda: command not found
[goalador@gatanda hhneuauf.de]$ bash: [goalador@gatanda: command not found
bash: bash:: command not found
[goalador@gatanda hhneuauf.de]$ [goalador@gatanda hhneuauf.de]$ bash: bash:: command not found
bash: [goalador@gatanda: command not found
[goalador@gatanda hhneuauf.de]$ bash: bash:: command not found
bash: bash:: command not found
[goalador@gatanda hhneuauf.de]$ [goalador@gatanda hhneuauf.de]$ bash: [goalador@gatanda: command not found
bash: [goalador@gatanda: command not found
[goalador@gatanda hhneuauf.de]$ bash: bash:: command not found
bash: bash:: command not found
[goalador@gatanda hhneuauf.de]$ [goalador@gatanda hhneuauf.de]$ 
bash: [goalador@gatanda: command not found
[goalador@gatanda hhneuauf.de]$ not found
bash: not: command not found
[goalador@gatanda hhneuauf.de]$ bash: [goalador@gatanda: command not found
bash: bash:: command not found
[goalador@gatanda hhneuauf.de]$ [goalador@gatanda hhneuauf.de]$ bash: [goalador@gatanda: command not found
bash: [goalador@gatanda: command not found
[goalador@gatanda hhneuauf.de]$ bash: bash:: command not found
bash: bash:: command not found
[goalador@gatanda hhneuauf.de]$ [goalador@gatanda hhneuauf.de]$ [goalador@gatanda hhneuauf.de]$ bash: bash:: command not found
bash: [goalador@gatanda: command not found
[goalador@gatanda hhneuauf.de]$ bash: [goalador@gatanda: command not found
bash: bash:: command not found
[goalador@gatanda hhneuauf.de]$ [goalador@gatanda hhneuauf.de]$ bash: bash:: command not found
bash: [goalador@gatanda: command not found
[goalador@gatanda hhneuauf.de]$ bash: bash:: command not found
bash: bash:: command not found
[goalador@gatanda hhneuauf.de]$ [goalador@gatanda hhneuauf.de]$ [goalador@gatanda hhneuauf.de]$ [goalador@gatanda hhneuauf.de]$ [goalador@gatanda hhneuauf.de]$ [goalador@gatanda hhneuauf.de]$ bash: [goalador@gatanda: command not found
bash: [goalador@gatanda: command not found
[goalador@gatanda hhneuauf.de]$ bash: [goalador@gatanda: command not found
bash: bash:: command not found
[goalador@gatanda hhneuauf.de]$ [goalador@gatanda hhneuauf.de]$ bash: [goalador@gatanda: command not found
bash: [goalador@gatanda: command not found
[goalador@gatanda hhneuauf.de]$ bash: bash:: command not found
bash: bash:: command not found
[goalador@gatanda hhneuauf.de]$ [goalador@gatanda hhneuauf.de]$ [goalador@gatanda hhneuauf.de]$ bash: [goalador@gatanda: command not found
bash: [goalador@gatanda: command not found
[goalador@gatanda hhneuauf.de]$ bash: [goalador@gatanda: command not found
bash: bash:: command not found
[goalador@gatanda hhneuauf.de]$ [goalador@gatanda hhneuauf.de]$ bash: bash:: command not found
bash: [goalador@gatanda: command not found
[goalador@gatanda hhneuauf.de]$ bash: bash:: command not found
bash: bash:: command not found
[goalador@gatanda hhneuauf.de]$ [goalador@gatanda hhneuauf.de]$ [goalador@gatanda hhneuauf.de]$ [goalador@gatanda hhneuauf.de]$ bash: [goalador@gatanda: command not found
bash: [goalador@gatanda: command not found
[goalador@gatanda hhneuauf.de]$ bash: [goalador@gatanda: command not found
bash: bash:: command not found
[goalador@gatanda hhneuauf.de]$ [goalador@gatanda hhneuauf.de]$ bash: [goalador@gatanda: command not found
bash: [goalador@gatanda: command not found
[goalador@gatanda hhneuauf.de]$ bash: bash:: command not found
bash: bash:: command not found
[goalador@gatanda hhneuauf.de]$ [goalador@gatanda hhneuauf.de]$ [goalador@gatanda hhneuauf.de]$ bash: bash:: command not found
bash: [goalador@gatanda: command not found
[goalador@gatanda hhneuauf.de]$ bash: [goalador@gatanda: command not found
bash: bash:: command not found
[goalador@gatanda hhneuauf.de]$ [goalador@gatanda hhneuauf.de]$ bash: bash:: command not found
bash: [goalador@gatanda: command not found
[goalador@gatanda hhneuauf.de]$ bash: bash:: command not found
bash: bash:: command not found
uauf.de]$ [goalador@gatanda hhn[goalador@gatanda hhneuauf.de]$ [goalador@gatanda hhneu[goalador@gatanda hhneuauf.de]$ bash: [goalador@gatanda: command not found
bash: [goalador@gatanda: command not found
[goalador@gatanda hhneuauf.de]$ ash: bash:: command not found
bash: ash:: command not found
[goalador@gatanda hhneuauf.de]$ [goalador@gatanda hhneuauf.de]$ [goalador@gatanda hhneuauf.de]$ bash: [goalador@gatanda: command not found
bash: [goalador@gatanda: command not found
[goalador@gatanda hhneuauf.de]$ bash: [goalador@gatanda: command not found
bash: bash:: command not found
[goalador@gatanda hhneuauf.de]$ [goalador@gatanda hhneuauf.de]$ bash: bash:: command not found
bash: [goalador@gatanda: command not found
[goalador@gatanda hhneuauf.de]$ bash: bash:: command not found
bash: bash:: command not found
[goalador@gatanda hhneuauf.de]$ [goalador@gatanda hhneuauf.de]$ [goalador@gatanda hhneuauf.de]$ [goalador@gatanda hhneuauf.de]$ bash: bash:: command not found
bash: [goalador@gatanda: command not found
[goalador@gatanda hhneuauf.de]$ bash: [goalador@gatanda: command not found
bash: bash:: command not found
[goalador@gatanda hhneuauf.de]$ [goalador@gatanda hhneuauf.de]$ bash: [goalador@gatanda: command not found
bash: [goalador@gatanda: command not found
[goalador@gatanda hhneuauf.de]$ bash: bash:: command not found
bash: bash:: command not found
[goalador@gatanda hhneuauf.de]$ [goalador@gatanda hhneuauf.de]$ [goalador@gatanda hhneuauf.de]$ bash: bash:: command not found
bash: [goalador@gatanda: command not found
[goalador@gatanda hhneuauf.de]$ bash: [goalador@gatanda: command not found
bash: bash:: command not found
[goalador@gatanda hhneuauf.de]$ [goalador@gatanda hhneuauf.de]$ bash: bash:: command not found
bash: [goalador@gatanda: command not found
[goalador@gatanda hhneuauf.de]$ bash: basbash: bash:: command not found
bash: bash:: command not found
[goalador@gatanda hhneuauf.de]$ h:: command not found
bash: h::: command not found
[goalador@gatanda hhneuauf.de]$ [goalador@gatanda hhneuauf.de]$ [goalador@gatanda hhneuauf.de]$ [goalador@gatanda hhneuauf.de]$ [goalador@gatanda hhneuauf.de]$ [goalador@gatanda hhneuauf.de]$ [goalador@gatanda hhneuauf.de]$ bash: [goalador@gatanda[goalador@gatanda hhneuauf.de]$ [goalador@gatanda hhneuauf.de]$ bash: bash:: command not found
bash: [goalador@gatanda: command not found
[goalador@gatanda hhneuauf.de]$ bash: [goalador@gatanda: command not found
bash: bash:: command not found
[goalador@gatanda hhneuauf.de]$ [goalador@gatanda hhneuauf.de]$ [goalador@gatanda hhneuauf.de]$ [goalador@gatanda hhneuauf.de]$ bash: bash:: command not found
bash: [goalador@gatanda: command not found
[goalador@gatanda hhneuauf.de]$ bash: [goalador@gatanda: command not found
bash: bash:: command not found
[goalador@gatanda hhneuauf.de]$ [goalador@gatanda hhneuauf.de]$ bash: [goalador@gatanda: command not found
bash: [goalador@gatanda: command not found
 not found
[goalador@gatanda hhneuauf.de]$ bash: [goalador@gatanda: command[goalador@gatanda hhneuauf.de]$ bash: bash:: command not found
bash: bash:: command not found
[goalador@gatanda hhneuauf.de]$ [goalador@gatanda hhneuauf.de]$ [goalador@gatanda hhneuauf.de]$ bash: bash:: command not found
bash: [goalador@gatanda: command not found
[goalador@gatanda hhneuauf.de]$ bash: [goalador@gatanda: command not found
bash: bash:: command not found
[goalador@gatanda hhneuauf.de]$ [goalador@gatanda hhneuauf.de]$ bash: bash:: command not found
bash: [goalador@gatanda: command not found
[goalador@gatanda hhneuauf.de]$ bash: bash:: command not found
bash: bash:: command not found
[goalador@gatanda hhneuauf.de]$ [goalador@gatanda hhneuauf.de]$ [goalador@gatanda hhneuauf.de]$ [goalador@gatanda hhneuauf.de]$ [goalador@gatanda hhneuauf.de]$ [goalador@gatanda hhneuauf.de]$ bash: [goalador@gatanda: command not found
bash: [goalador@gatanda: command not found
[goalador@gatanda hhneuauf.de]$ bash: [goalador@gatanda: command not found
bash: bash:: command not found
[goalador@gatanda hhneuauf.de]$ [goalador@gatanda hhneuauf.de]$ bash: [goalador@gatanda: command not found
bash: [goalador@gatanda: command not found
[goalador@gatanda hhneuauf.de]$ bash: bash:: command not found
bash: bash:: command not found
[goalador@gatanda hhneuauf.de]$ [goalador@gatanda hhneuauf.de]$ [goalador@gatanda hhneuauf.de]$ bash: [goalador@gatanda: command not fou[goalador@gatanda hhneuauf.de]$ [goalador@gatanda hhneuauf.de]$ bash: bash:: command not found
bash: [goalador@gatanda: command not found
[goalador@gatanda hhneuauf.de]$ bash: [goalador@gatanda: command not found
oundbash: bash:: command not found
[goalador@gatanda hhneuauf.de]$ [goalador@gatanda hhneuauf.de]$ bash: bash:: command not found
[goalador@gatanda hhneuauf.de]$ [goalador@gatanda hhneuauf.de]bash: [goalador@gatanda: command not found
[goalador@gatanda hhneuauf.de]$ bash: bash:: command not found
bash: bash:: command not found
[goalador@gatanda hhneuauf.de]$ [goalador@gatanda hhneuauf.de]$ [goalador@gatanda hhneuauf.de]$ [goalador@gatanda hhneuauf.de]$ [goalador@gatanda hhneuauf.de]$ bash: bash:: command not found
bash: [goalador@gatanda: command not found
[goalador@gatanda hhneuauf.de]$ bash: [goalador@gatanda: command not found
bash: bash:: command not found
[goalador@gatanda hhneuauf.de]$ [goalador@gatanda hhneuauf.de]$ bash: [goalador@gatanda: command not found
bash: [goalador@gatanda: command not found
[goalador@gatanda hhneuauf.de]$ bash: bash:: command not found
bash: bash:: command not found
[goalador@gatanda hhneuauf.de]$ [goalador@gatanda hhneuauf.de]$ [goalador@gatanda hhneuauf.de]$ bash: [goalador@gatanda: command not found
bash: [goalador@gatanda: command not found
[goalador@gatanda hhneuauf.de]$ bash: [goalador@gatanda: command not found
bash: bash:: command not found
[goalador@gatanda hhneuauf.de]$ [goalador@gatanda hhneuauf.de]$ bash: bash:: command not found
bash: [goalador@gatanda: command not found
[goalador@gatanda hhneuauf.de]$ bash: bash:: command not found
bash: bash:: command not found
[goalador@gatanda hhneuauf.de]$ [goalador@gatanda hhneuauf.de]$ [goalador@gatanda hhneuauf.de]$ [goalador@gatanda hhneuauf.de]$ bash: bash:: command not found
bash: [goalador@gatanda: command not found
[goalador@gatanda hhneuauf.de]$ gatanda: command not found
bash: gatanda:: command not found
[goalador@gatanda hhneuauf.de]$ bash: bash:: command not found
bash: bash:: command not found
[goalador@gatanda hhneuauf.de]$ [goalador@gatanda hhneuauf.de]$ [goalbash: [goalador@gatanda: command not found
bash: [goalador@gatanda: command not found
[goalador@gatanda hhneuauf.de]$ [goalador@gatanda hhneuauf.de]$ bash: [goalador@gatanda: command not found
bash: [goalador@gatanda: command not found
[goalador@gatanda hhneuauf.de]$ bash: bash:: command not found
bash: bash:: command not found
[goalador@gatanda hhneuauf.de]$ [goalador@gatanda hhneuauf.de]$ [goalador@gatanda hhneuauf.de]$ bash: bash:: command not found
bash: [goalador@gatanda: command not found
[goalador@gatanda hhneuauf.de]$ bash: [goalador@gatanda: command not found
bash: bash:: command not found
[goalador@gatanda hhneuauf.de]$ [goalador@gatanda hhneuauf.de]$ bash: bash:: command not found
bash: [goalador@gatanda: command not found
[goalador@gatanda hhneuauf.de]$ bash: bash:: command not found
bash: bash:: command not found
[goalador@gatanda hhneuauf.de]$ [goalador@gatanda hhneuauf.de]$ [goalador@gatanda hhneuauf.de]$ [goalador@gatanda hhneuauf.de]$ [goalador@gatanda hhneuauf.de]$ [goalador@gatanda hhneuauf.de]$ [goalador@gatanda hhneuauf.de]$ bash: [goalador@gatanda: command not found
bash: [goalador@gatanda: command not found
[goalador@gatanda hhneuauf.de]$ bash: [goalador@gatanda: command not found
bash: bash:: command not found
[goalador@gatanda hhneuauf.de]$ [goalador@gatanda hhneuauf.de]$ bash: [goalador@gatanda: command not found
bash: [goalador@gatanda: command not found
[goalador@gatanda hhneuauf.de]$ and not found
bash: and: command not found
[goalador@gatanda hhneuauf.de]$ bash: [goalador@gatanda: commbash: bash:: command not found
bash: bash:: command not found
[goalador@gatanda hhneuauf.de]$ [goalador@gatanda hhneuauf.de]$ [goalador@gatanda hhneuauf.de]$ bash: [goalador@gatanda: command not found
bash: [goalador@gatanda: command not found
[goalador@gatanda hhneuauf.de]$ bash: [goalador@gatanda: command not found
bash: bash:: command not found
[goalador@gatanda hhneuauf.de]$ [goalador@gatanda hhneuauf.de]$ bash: bash:: command not found
bash: [goalador@gatanda: command not found
[goalador@gatanda hhneuauf.de]$ bash: bash:: command not found
bash: bash:: command not found
[goalador@gatanda hhneuauf.de]$ [goalador@gatanda hhneuauf.de]$ [goalador@gatanda hhneuauf.de]$ [goalador@gatanda hhneuauf.de]$ bash: [goalador@gatanda: command not found
bash: [goalador@gatanda: command not found
[goalador@gatanda hhneuauf.de]$ bash: [goalador@gatanda: command not found
bash: bash:: command not found
[goalador@gatanda hhneuauf.de]$ [goalador@gatanda hhneuauf.de]$ bash: [goalador@gatanda: command not found
bash: [goalador@gatanda: command not found
[goalador@gatanda hhneuauf.de]$ bash: [goalador@gatanda: command not found
bash: bash:: command not found
[goalador@gatanda hhneuauf.de]$ [goalador@gatanda hhneuauf.de]$ bash: [goalador@gatanda: command not found
bash: [goalador@gatanda: command not found
[goalador@gatanda hhneuauf.de]$ bash: bash:: command not found
bash: bash:: command not found
[goalador@gatanda hhneuauf.de]$ [goalador@gatanda hhneuauf.de]$ [goalador@gatanda hhneuauf.de]$ bash: bash:: command not found
bash: [goalador@gatanda: command not found
[goalador@gatanda hhneuauf.de]$ bash: [goalador@gatanda: command not found
bash: bash:: command not found
[goalador@gatanda hhneuauf.de]$ [goalador@gatanda hhneuauf.de]$ bash: basbash: bash:: command not found
bash: [goalador@gatanda: command not found
[goalador@gatanda hhneuauf.de]$ bash: bash:: command not found
bash: bash:: command not found
[goalador@gatanda hhneuauf.de]$ [goalador@gatanda hhneuauf.de]$ h:: command not found
bash: [goalador@gatanda: command not found
[goalador@gatanda hhneuauf.de]$ bash: h::: command not found
bash: bash:: command not found
[goalador@gatanda hhneuauf.de]$ [goalador@gatanda hhneuauf.de]$ [goalador@gatanda hhneuauf.de]$ [goalador@gatanda hhneuauf.de]$ [goalador@gatanda hhneuauf.de]$ [goalador@gatanda hhneuauf.de]$ [goalador@gatanda hhneuauf.de]$ [goalador@gatanda hhneuauf.de]$ bash: [goalador@gatanda[goalador@gatanda hhneuauf.de]$ [goalador@gatanda hhneuauf.de]$ bash: bash:: command not found
bash: [goalador@gatanda: command not found
[goalador@gatanda hhneuauf.de]$ bash: [goalador@gatanda: command not found
bash: bash:: command not found
[goalador@gatanda hhneuauf.de]$ [goalador@gatanda hhneuauf.de]$ bash: [goalador@gatanda: command not found
bash: [goalador@gatanda: command not found
[goalador@gatanda hhneuauf.de]$ bash: bash:: command not found
bash: bash:: command not found
[goalador@gatanda hhneuauf.de]$ [goalador@gatanda hhneuauf.de]$ [goalador@gatanda hhneuauf.de]$ [goalador@gatanda hhneuauf.de]$ [goalador@gatanda hhneuauf.de]$ bash: bash:: command not found
bash: [goalador@gatanda: command not found
[goalador@gatanda hhneuauf.de]$ bash: [goalador@gatanda: command not found
ash:: command not bash: bash:: command not found
[goalador@gatanda hhneuauf.de]$ [goalador@gatanda hhneuauf.de]$ bash: [goalador@gatanda: command not found
bash: [goalador@gatanda: command not found
[goalador@gatanda hhneuauf.de]$ bash: bash:: command not found
bash: bash:: command not found
[goalador@gatanda hhneuauf.de]$ [goalador@gatanda hhneuauf.de]$ [goalador@gatanda hhneuauf.de]$ bash: [goalador@gatanda: command not found
bash: [goalador@gatanda: command not found
[goalador@gatanda hhneuauf.de]$ bash: [goalador@gatanda: command not found
bash: bash:: command not found
[goalador@gatanda hhneuauf.de]$  not found
bash: not: command not found
[goalador@gatanda hhneuauf.de]$ [goalador@gatanda hhneuauf.de]$ bash: [goalador@gatanda: command[goalador@gatanda hhneuauf.de]$ bash: bash:: command not found
bash: [goalador@gatanda: command not found
[goalador@gatanda hhneuauf.de]$ bash: bash:: command not found
bash: bash:: command not found
[goalador@gatanda hhneuauf.de]$ [goalador@gatanda hhneuauf.de]$ [goalador@gatanda hhneuauf.de]$ [goalador@gatanda hhneuauf.de]$ bash: bash:: command not found
bash: [goalador@gatanda: command not found
[goalador@gatanda hhneuauf.de]$ bash: [goalador@gatanda: command not found
bash: bash:: command not found
[goalador@gatanda hhneuauf.de]$ [goalador@gatanda hhneuauf.de]$ bash: [goalador@gatanda: command not found
bash: [goalador@gatanda: command not found
[goalador@gatanda hhneuauf.de]$ bash: bash:: command not found
bash: bash:: command not found
[goalador@gatanda hhneuauf.de]$ [goalador@gatanda hhneuauf.de]$ [goalador@gatanda hhneuauf.de]$ bash: bash:: command not found
bash: [goalador@gatanda: command not found
[goalador@gatanda hhneuauf.de]$ bash: [goalador@gatanda: command not found
bash: bash:: command not found
[goalador@gatanda hhneuauf.de]$ [goalador@gatanda hhneuauf.de]$ bash: bash:: command not found
bash: [goalador@gatanda: command not found
[goalador@gatanda hhneuauf.de]$ bash: bash:: command not found
bash: bash:: command not found
[goalador@gatanda hhneuauf.de]$ [goalador@gatanda hhneuauf.de]$ [goalador@gatanda hhneuauf.de]$ [goalador@gatanda hhneuauf.de]$ [goalador@gatanda hhneuauf.de]$ [goalador@gatanda hhneuauf.de]$ [goalador@gatanda hhneuauf.de]$ bash: [goalador@gatanda: command not found
bash: [goalador@gatanda: command not found
[goalador@gatanda hhneuauf.de]$ bash: [goalador@gatanda: command not found
bash: bash:: command not found
[goalador@gatanda hhneuauf.de]$ [goalador@gatanda hhneuauf.de]$ bash: [goalador@gatanda: command not found
bash: [goalador@gatanda: command not found
[goalador@gatanda hhneuauf.de]$ bash: bash:: command not found
bash: bash:: command not found
[goalador@gatanda hhneuauf.de]$ [goalador@gatanda hhneuauf.de]$ [goalador@gatanda hhneuauf.de]$ bash: [goalador@gatanda: command not found
bash: [goalador@gatanda: command not found
[goalador@gatanda hhneuauf.de]$ bash: [goalador@gatanda: command not found
bash: bash:: command not found
[goalador@gatanda hhneuauf.de]$ [goalador@gatanda hhneuauf.de]$ bash: bash:: command not found
bash: [goalador@gatanda: command not found
[goalador@gatanda hhneuauf.de]$ bash: bash:: command not found
bash: bash:: command not found
[goalador@gatanda hhneuauf.de]$ [goalador@gatanda hhneuauf.de]$ [goalador@gatanda hhneuauf.de]$ [goalador@gatanda hhneuauf.de]$ bash: [goalador@gatanda: command not fou[goalador@gatanda hhneuauf.de]$ [goalador@gatanda hhneuauf.de]$ bash: bash:: command not found
bash: [goalador@gatanda: command not found
[goalador@gatanda hhneuauf.de]$ bash: [goalador@gatanda: command not found
bash: bash:: command not found
[goalador@gatanda hhneuauf.de]$ [goalador@gatanda hhneuauf.de]$ bash: [goalador@gatanda: command not found
bash: [goalador@gatanda: command not found
[goalador@gatanda hhneuauf.de]$ oundbash: bash:: command not found
bash: oundbash:: command not found
[goalador@gatanda hhneuauf.de]$ [goalador@gatanda hhneuauf.de]$ [goalador@gatanda hhneuauf.de]$ bash: bash:: command not found
bash: [goalador@gatanda: command not found
[goalador@gatanda hhneuauf.de]$ 
[goalador@gatanda hhneuauf.de]$ [goalador@gatanda hhneuauf.de]$ [goalador@gatanda hhneuauf.de]bash: [goalador@gatanda: command not found
bash: [goalador@gatanda: command not found
[goalador@gatanda hhneuauf.de]$ [goalador@gatanda hhneuauf.de]$ bash: bash:: command not found
bash: [goalador@gatanda: command not found
[goalador@gatanda hhneuauf.de]$ bash: bash:: command not found
bash: bash:: command not found
[goalador@gatanda hhneuauf.de]$ [goalador@gatanda hhneuauf.de]$ [goalador@gatanda hhneuauf.de]$ [goalador@gatanda hhneuauf.de]$ [goalador@gatanda hhneuauf.de]$ [goalador@gatanda hhneuauf.de]$ bash: bash:: command not found
bash: [goalador@gatanda: command not found
[goalador@gatanda hhneuauf.de]$ bash: [goalador@gatanda: command not found
bash: bash:: command not found
[goalador@gatanda hhneuauf.de]$ [goalador@gatanda hhneuauf.de]$ bash: [goalador@gatanda: command not found
bash: [goalador@gatanda: command not found
[goalador@gatanda hhneuauf.de]$ bash: bash:: command not found
bash: bash:: command not found
[goalador@gatanda hhneuauf.de]$ [goalador@gatanda hhneuauf.de]$ [goalador@gatanda hhneuauf.de]$ bash: [goalador@gatanda: command not found
bash: [goalador@gatanda: command not found
[goalador@gatanda hhneuauf.de]$ bash: [goalador@gatanda: command not found
bash: bash:: command not found
[goalador@gatanda hhneuauf.de]$ [goalador@gatanda hhneuauf.de]$ bash: bash:: command not found
bash: [goalador@gatanda: command not found
[goalador@gatanda hhneuauf.de]$ bash: bash:: command not found
bash: bash:: command not found
[goalador@gatanda hhneuauf.de]$ [goalador@gatanda hhneuauf.de]$ [goalador@gatanda hhneuauf.de]$ [goalador@gatanda hhneuauf.de]$ bash: [goalador@gatanda: command not found
bash: [goalador@gatanda: command not found
[goalador@gatanda hhneuauf.de]$ bash: [goalador@gatanda: command not found
bash: bash:: command not found
[goalador@gatanda hhneuauf.de]$ [goalador@gatanda hhneuauf.de]$ bash: [goalador@gatanda: command not found
bash: [goalador@gatanda: command not found
[goalador@gatanda hhneuauf.de]$ bash: bash:: command not found
bash: bash:: command not found
[goalador@gatanda hhneuauf.de]$ [goalador@gatanda hhneuauf.de]$ [goalador@gatanda hhneuauf.de]$ bash: bash:: command not found
bash: [goalador@gatanda: command not found
[goalador@gatanda hhneuauf.de]$ bash: [goalador@gatanda: command not found
bash: bash:: command not found
[goalador@gatanda hhneuauf.de]$ [goalador@gatanda hhneuauf.de]$ bash: bash:: command not found
bash: [goalador@gatanda: command not found
[goalador@gatanda hhneuauf.de]$ bash: bash:: command not found
bash: bash:: command not found
[goalador@gatanda hhneuauf.de]$ [goalador@gatanda hhneuauf.de]$ [goalador@gatanda hhneuauf.de]$ [goalador@gatanda hhneuauf.de]$ [goalador@gatanda hhneuauf.de]$ bash: bash:: command not found
bash: [goalador@gatanda: command not found
[goalador@gatanda hhneuauf.de]$ bash: [goalador@gatanda: command not found
bash: bash:: command not found
[goalador@gatanda hhneuauf.de]$ [goalador@gatanda hhneuauf.de]$ gatanda: command not found
bash: [goalador@gatanda: command not found
[goalador@gatanda hhneuauf.de]$ bash: gatanda:: command not found
bash: bash:: command not found
[goalador@gatanda hhneuauf.de]$ [goalador@gatanda hhneuauf.de]$ bash: bash:: command not found
bash: [goalador@gatanda: command not found
[goalador@gatanda hhneuauf.de]$ bash: bash:: command not found
bash: bash:: command not found
[goalador@gatanda hhneuauf.de]$ [goalador@gatanda hhneuauf.de]$ [goalador@gatanda hhneuauf.de]$ [goalbash: [goalador@gatanda: command not found
bash: [goalador@gatanda: command not found
[goalador@gatanda hhneuauf.de]$ bash: [goalador@gatanda: command not found
bash: bash:: command not found
[goalador@gatanda hhneuauf.de]$ [goalador@gatanda hhneuauf.de]$ [goalador@gatanda hhneuauf.de]$ bash: [goalador@gatanda: command not found
bash: [goalador@gatanda: command not found
[goalador@gatanda hhneuauf.de]$ bash: [goalador@gatanda: command not found
bash: bash:: command not found
[goalador@gatanda hhneuauf.de]$ [goalador@gatanda hhneuauf.de]$ bash: bash:: command not found
bash: [goalador@gatanda: command not found
[goalador@gatanda hhneuauf.de]$ bash: bash:: command not found
bash: bash:: command not found
[goalador@gatanda hhneuauf.de]$ [goalador@gatanda hhneuauf.de]$ [goalador@gatanda hhneuauf.de]$ [goalador@gatanda hhneuauf.de]$ bash: bash:: command not found
bash: [goalador@gatanda: command not found
[goalador@gatanda hhneuauf.de]$ bash: [goalador@gatanda: command not found
bash: bash:: command not found
[goalador@gatanda hhneuauf.de]$ [goalador@gatanda hhneuauf.de]$ bash: [goalador@gatanda: command not found
bash: [goalador@gatanda: command not found
[goalador@gatanda hhneuauf.de]$ bash: bash:: command not found
bash: bash:: command not found
[goalador@gatanda hhneuauf.de]$ [goalador@gatanda hhneuauf.de]$ [goalador@gatanda hhneuauf.de]$ bash: bash:: command not found
bash: [goalador@gatanda: command not found
[goalador@gatanda hhneuauf.de]$ bash: [goalador@gatanda: command not found
bash: bash:: command not found
[goalador@gatanda hhneuauf.de]$ [goalador@gatanda hhneuauf.de]$ bash: bash:: command not found
bash: [goalador@gatanda: command not found
bash: [goalador@gatanda: command not found
[goalador@gatanda hhneuauf.de]$ bash: [goalador@gatanda: command not found
bash: bash:: command not found
[goalador@gatanda hhneuauf.de]$ [goalador@gatanda hhneuauf.de]$ bash: [goalador@gatanda: command not found
bash: [goalador@gatanda: command not found
[goalador@gatanda hhneuauf.de]$ bash: bash:: command not found
[goalador@gatanda hhneuauf.de]$ bash: [goalador@gatanda: command not found
bash: bash:: command not found
[goalador@gatanda hhneuauf.de]$ [goalador@gatanda hhneuauf.de]$ bash: [goalador@gatanda: command not found
bash: [goalador@gatanda: command not found
[goalador@gatanda hhneuauf.de]$ bash: bash:: command not found
bash: bash:: command not found
[goalador@gatanda hhneuauf.de]$ [goalador@gatanda hhneuauf.de]$ [goalador@gatanda hhneuauf.de]$ bash: [goalador@gatanda: command not found
bash: [goalador@gatanda: command not found
[goalador@gatanda hhneuauf.de]$ bash: [goalador@gatanda: command not found
bash: bash:: command not found
[goalador@gatanda hhneuauf.de]$ [goalador@gatanda hhneuauf.de]$ and not found
bash: [goalador@gatanda: command not found
[goalador@gatanda hhneuauf.de]$ bash: and: command not found
bash: bash:: command not found
[goalador@gatanda hhneuauf.de]$ [goalador@gatanda hhneuauf.de]$ bash: [goalador@gatanda: commbash: bash:: command not found
bash: [goalador@gatanda: command not found
[goalador@gatanda hhneuauf.de]$ bash: bash:: command not found
bash: bash:: command not found
[goalador@gatanda hhneuauf.de]$ [goalador@gatanda hhneuauf.de]$ [goalador@gatanda hhneuauf.de]$ [goalador@gatanda hhneuauf.de]$ bash: [goalador@gatanda: command not found
bash: [goalador@gatanda: command not found
[goalador@gatanda hhneuauf.de]$ bash: [goalador@gatanda: command not found
bash: bash:: command not found
[goalador@gatanda hhneuauf.de]$ [goalador@gatanda hhneuauf.de]$ bash: [goalador@gatanda: command not found
bash: [goalador@gatanda: command not found
[goalador@gatanda hhneuauf.de]$ bash: bash:: command not found
bash: bash:: command not found
[goalador@gatanda hhneuauf.de]$ [goalador@gatanda hhneuauf.de]$ [goalador@gatanda hhneuauf.de]$ bash: bash:: command not found
bash: [goalador@gatanda: command not found
[goalador@gatanda hhneuauf.de]$ bash: [goalador@gatanda: command not found
bash: bash:: command not found
[goalador@gatanda hhneuauf.de]$ [goalador@gatanda hhneuauf.de]$ bash: bash:: command not found
bash: [goalador@gatanda: command not found
[goalador@gatanda hhneuauf.de]$ bash: bash:: command not found
bash: bash:: command not found
[goalador@gatanda hhneuauf.de]$ [goalador@gatanda hhneuauf.de]$ [goalador@gatanda hhneuauf.de]$ [goalador@gatanda hhneuauf.de]$ [goalador@gatanda hhneuauf.de]$ bash: [goaladord
bash: [goalador@gatanda: command not found
[goalador@gatanda hhneuauf.de]$ bash: [goalador@gatanda: command not found
bash: bash:: command not found
[goalador@gatanda hhneuauf.de]$ [goalador@gatanda hhneuauf.de]$ bash: [goalador@gatanda: command not found
[goalador@gatanda hhneuauf.de]$ bash: bash:: command not found
bash: bash:: command not found
[goalador@gatanda hhneuauf.de]$ [goalador@gatanda hhneuauf.de]$ [goalador@gatanda hhneuauf.de]$ bash: [goalador@gatanda: command not found
bash: [goalador@gatanda: command not found
[goalador@gatanda hhneuauf.de]$ bash: [goalador@gatanda: command not found
bash: bash:: command not found
[goalador@gatanda hhneuauf.de]$ [goalador@gatanda hhneuauf.de]$ bash: bash:: command not found
bash: [goalador@gatanda: command not found
[goalador@gatanda hhneuauf.de]$ 
 command not found
bash: [goalador@gatanda: command not found
[goalador@gatanda hhneuauf.de]$ bash: [goalador@gatanda: command not found
bash: bash:: command not found
[goalador@gatanda hhneuauf.de]$ [goalador@gatanda hhneuauf.de]$ bash: bash:: command not found
bash: [goalador@gatanda: command not found
[goalador@gatanda hhneuauf.de]$ bash: bash:: command not found
bash: bash:: command not found
[goalador@gatanda hhneuauf.de]$ [goalador@gatanda hhneuauf.de]$ [goalador@gatanda hhneuauf.de]$ [goalador@gatanda hhneuauf.de]$ [goalador@gatanda hhneuauf.de]$ bash: [goalador[goalador@gatanda hhneuauf.de]$ [goalador@gatanda hhneuauf.de]$ bash: [goalador@gatanda: command not found
bash: [goalador@gatanda: command not found
[goalador@gatanda hhneuauf.de]$ bash: bash:: command not found
bash: bash:: command not found
[goalador@gatanda hhneuauf.de]$ [goalador@gatanda hhneuauf.de]$ [goalador@gatanda hhneuauf.de]$ bash: [goalador@gatanda: command not found
bash: [goalador@gatanda: command not found
[goalador@gatanda hhneuauf.de]$ bash: [goalador@gatanda: command not found
bash: bash:: command not found
[goalador@gatanda hhneuauf.de]$ [goalador@gatanda hhneuauf.de]$ bash: bash:: command not found
bash: [goalador@gatanda: command not found
[goalador@gatanda hhneuauf.de]$ bash: bash:: command not found
bash: bash:: command not found
[goalador@gatanda hhneuauf.de]$ [goalador@gatanda hhneuauf.de]$ [goalador@gatanda hhneuauf.de]$ [goalador@gatanda hhneuauf.de]$ bash: [goalador@gatanda: command not found
[goalador@gatanda hhneuauf.de]$ bash: bash:: command not found
bash: bash:: command not found
[goalador@gatanda hhneuauf.de]$ [goalador@gatanda hhneuauf.de]$ [goalador@gatanda hhneuauf.de]$ bash: [goalador@gatanda: command not found
bash: [goalador@gatanda: command not found
[goalador@gatanda hhneuauf.de]$ bash: [goalador@gatanda: command not found
bash: bash:: command not found
[goalador@gatanda hhneuauf.de]$ [goalador@gatanda hhneuauf.de]$ bash: bash:: command not found
bash: [goalador@gatanda: command not found
[goalador@gatanda hhneuauf.de]$ 
 command not found
bash: [goalador@gatanda: command not found
[goalador@gatanda hhneuauf.de]$ bash: [goalador@gatanda: command not found
bash: bash:: command not found
[goalador@gatanda hhneuauf.de]$ [goalador@gatanda hhneuauf.de]$ bash: bash:: command not found
bash: [goalador@gatanda: command not found
[goalador@gatanda hhneuauf.de]$ bash: bash:: command not found
bash: bash:: command not found
[goalador@gatanda hhneuauf.de]$ [goalador@gatanda hhneuauf.de]$ [goalador@gatanda hhneuauf.de]$ [goalador@gatanda hhneuauf.de]$ [goalador@gatanda hhneuauf.de]$ bash: [goalador[goalador@gatanda hhneuauf.de]$ [goalador@gatanda hhneuauf.de]$ bash: [goalador@gatanda: command not found
bash: [goalador@gatanda: command not found
[goalador@gatanda hhneuauf.de]$ bash: bash:: command not found
bash: bash:: command not found
[goalador@gatanda hhneuauf.de]$ [goalador@gatanda hhneuauf.de]$ [goalador@gatanda hhneuauf.de]$ bash: [goalador@gatanda: command not found
bash: [goalador@gatanda: command not found
[goalador@gatanda hhneuauf.de]$ bash: [goalador@gatanda: command not found
bash: bash:: command not found
[goalador@gatanda hhneuauf.de]$ [goalador@gatanda hhneuauf.de]$ bash: bash:: command not found
bash: [goalador@gatanda: command not found
[goalador@gatanda hhneuauf.de]$ bash: bash:: command not found
bash: bash:: command not found
[goalador@gatanda hhneuauf.de]$ [goalador@gatanda hhneuauf.de]$ [goalador@gatanda hhneuauf.de]$ [goalador@gatanda hhneuauf.de]$ bash: [goalador@gatanda: command not found
bash: bash:: command not found
[goalador@gatanda hhneuauf.de]$ [goalador@gatanda hhneuauf.de]$ bash: and: command not found
bash: [goalador@gatanda: command not found
[goalador@gatanda hhneuauf.de]$ bash: bash:: command not found
bash: bash:: command not found
[goalador@gatanda hhneuauf.de]$ [goalador@gatanda hhneuauf.de]$ [goalador@gatanda hhneuauf.de]$ bash: [goalador@gatanda: commbash: bash:: command not found
bash: [goalador@gatanda: command not found
[goalador@gatanda hhneuauf.de]$ bash: [goalador@gatanda: command not found
bash: bash:: command not found
[goalador@gatanda hhneuauf.de]$ [goalador@gatanda hhneuauf.de]$ bash: bash:: command not found
bash: [goalador@gatanda: command not found
[goalador@gatanda hhneuauf.de]$ bash: bash:: command not found
bash: bash:: command not found
[goalador@gatanda hhneuauf.de]$ [goalador@gatanda hhneuauf.de]$ [goalador@gatanda hhneuauf.de]$ [goalador@gatanda hhneuauf.de]$ [goalador@gatanda hhneuauf.de]$ bash: [goalador@gatanda: command not found
bash: [goalador@gatanda: command not found
[goalador@gatanda hhneuauf.de]$ bash: [goalador@gatanda: command not found
bash: bash:: command not found
[goalador@gatanda hhneuauf.de]$ [goalador@gatanda hhneuauf.de]$ bash: [goalador@gatanda: command not found
bash: [goalador@gatanda: command not found
[goalador@gatanda hhneuauf.de]$ bash: bash:: command not found
bash: bash:: command not found
[goalador@gatanda hhneuauf.de]$ [goalador@gatanda hhneuauf.de]$ [goalador@gatanda hhneuauf.de]$ bash: [goalador@gatanda: command not found
bash: [goalador@gatanda: command not found
[goalador@gatanda hhneuauf.de]$ bash: [goalador@gatanda: command not found
bash: bash:: command not found
[goalador@gatanda hhneuauf.de]$ [goalador@gatanda hhneuauf.de]$ bash: bash:: command not found
bash: [goalador@gatanda: command not found
[goalador@gatanda hhneuauf.de]$ bash: bash:: command not found
bash: bash:: command not found
[goalador@gatanda hhneuauf.de]$ [goalador@gatanda hhneuauf.de]$ [goalador@gatanda hhneuauf.de]$ [goalador@gatanda hhneuauf.de]$ bash: bash:: command not found
bash: [goalador@gatanda: command not found
[goalador@gatanda hhneuauf.de]$ bash: [goalador@gatanda: command not found
bash: bash:: command not found
[goalador@gatanda hhneuauf.de]$ [goalador@gatanda hhneuauf.de]$ bash: [goalador@gatanda: command not found
bash: [goalador@gatanda: command not found
[goalador@gatanda hhneuauf.de]$ bash: bash:: command not found
bash: bash:: command not found
[goalador@gatanda hhneuauf.de]$ [goalador@gatanda hhneuauf.de]$ [goalador@gatanda hhneuauf.de]$ bash: bash:: command not found
bash: [goalador@gatanda: command not found
[goalador@gatanda hhneuauf.de]$ bash: [goalador@gatanda: command not found
bash: bash:: command not found
[goalador@gatanda hhneuauf.de]$ [goalador@gatanda hhneuauf.de]$ bash: bash:: command not found
bash: [goalador@gatanda: command not found
[goalador@gatanda hhneuauf.de]$ bash: bash:: command not found
bash: bash:: command not found
[goalador@gatanda hhneuauf.de]$ [goalador@gatanda hhneuauf.de]$ [goalador@gatanda hhneuauf.de]$ [goalador@gatanda hhneuauf.de]$ [goalador@gatanda hhneuauf.de]$ [goalador@gatanda hhneuauf.de]$ bash: [goaladord
bash: [goalador@gatanda: command not found
[goalador@gatanda hhneuauf.de]$ bash: [goalador@gatanda: command not found
bash: bash:: command not found
[goalador@gatanda hhneuauf.de]$ [goalador@gatanda hhneuauf.de]$ bash: [goalador@gatanda: command not found
bash: [goalador@gatanda: command not found
[goalador@gatanda hhneuauf.de]$ bash: bash:: command not found
bash: bash:: command not found
[goalador@gatanda hhneuauf.de]$ [goalador@gatanda hhneuauf.de]$ [goalador@gatanda hhneuauf.de]$ bash: [goalador@gatanda: command not found
bash: [goalador@gatanda: command not found
[goalador@gatanda hhneuauf.de]$ [goalador@gatanda hhneuauf.de]$ bash: bash:: command not found
bash: [goalador@gatanda: command not found
[goalador@gatanda hhneuauf.de]$ bash: bash:: command not found
bash: bash:: command not found
[goalador@gatanda hhneuauf.de]$ [goalador@gatanda hhneuauf.de]$ [goalador@gatanda hhneuauf.de]$ [goalador@gatanda hhneuauf.de]$ bash: [goalador@gatanda: command not found
bash: [goalador@gatanda: command not found
[goalador@gatanda hhneuauf.de]$ bash: [goalador@gatanda: command not found
bash: bash:: command not found
[goalador@gatanda hhneuauf.de]$ [goalador@gatanda hhneuauf.de]$ bash: [goalador@gatanda: command not found
bash: [goalador@gatanda: command not found
[goalador@gatanda hhneuauf.de]$ bash: bash:: command not found
bash: bash:: command not found
[goalador@gatanda hhneuauf.de]$ [goalador@gatanda hhneuauf.de]$ [goalador@gatanda hhneuauf.de]$ bash: bash:: command not found
bash: [goalador@gatanda: command not found
[goalador@gatanda hhneuauf.de]$ bash: [goalador@gatanda: command not found
bash: bash:: command not found
[goalador@gatanda hhneuauf.de]$ [goalador@gatanda hhneuauf.de]$ 
bash: [goalador@gatanda: command not found
[goalador@gatanda hhneuauf.de]$  command not found
bash: not: command not found
[goalador@gatanda hhneuauf.de]$ bash: [goalador@gatanda: command not found
bash: bash:: command not found
[goalador@gatanda hhneuauf.de]$ [goalador@gatanda hhneuauf.de]$ bash: [goalador@gatanda: command not found
bash: [goalador@gatanda: command not found
[goalador@gatanda hhneuauf.de]$ bash: bash:: command not found
bash: bash:: command not found
[goalador@gatanda hhneuauf.de]$ [goalador@gatanda hhneuauf.de]$ [goalador@gatanda hhneuauf.de]$ bash: bash:: command not found
bash: [goalador@gatanda: command not found
[goalador@gatanda hhneuauf.de]$ bash: [goalador@gatanda: command not found
bash: bash:: command not found
[goalador@gatanda hhneuauf.de]$ [goalador@gatanda hhneuauf.de]$ bash: bash:: command not found
bash: [goalador@gatanda: command not found
[goalador@gatanda hhneuauf.de]$ bash: bash:: command not found
bash: bash:: command not found
[goalador@gatanda hhneuauf.de]$ [goalador@gatanda hhneuauf.de]$ [goalador@gatanda hhneuauf.de]$ [goalador@gatanda hhneuauf.de]$ [goalador@gatanda hhneuauf.de]$ [goalador@gatanda hhneuauf.de]$ bash: [goalador[goalador@gatanda hhneuauf.de]$ [goalador@gatanda hhneuauf.de]$ bash: [goalador@gatanda: command not found
bash: [goalador@gatanda: command not found
[goalador@gatanda hhneuauf.de]$ bash: [goalador@gatanda: command not found
bash: bash:: command not found
[goalador@gatanda hhneuauf.de]$ [goalador@gatanda hhneuauf.de]$ bash: bash:: command not found
bash: [goalador@gatanda: command not found
bash: bash:: command not found
[goalador@gatanda hhneuauf.de]$ [goalador@gatanda hhneuauf.de]$ bash: bash:: command not found
bash: [goalador@gatanda: command not found
[goalador@gatanda hhneuauf.de]$ bash: bash:: command not found
bash: bash:: command not found
[goalador@gatanda hhneuauf.de]$ [goalador@gatanda hhneuauf.de]$ [goalador@gatanda hhneuauf.de]$ [goalador@gatanda hhneuauf.de]$ [goalador@gatanda hhneuauf.de]$ bash: [goalador@gatanda: command not found
bash: [goalador@gatanda: command not found
[goalador@gatanda hhneuauf.de]$ 
f.de]$ [goalador[goalador@gatanda hhneuauf.de]$ bash: bash:: command not found
bash: bash:: command not found
[goalador@gatanda hhneuauf.de]$ [goalador@gatanda hhneuauf.de]$ [goalador@gatanda hhneuauf.de]$ bash: and: command not found
bash: [goalador@gatanda: command not found
[goalador@gatanda hhneuauf.de]$ bash: [goalador@gatanda: command not found
da hhneuauf.de]$ bash: [goalador@gatanda: cbash: bash:: command not found
[goalador@gatanda hhneuauf.de]$ [goalador@gatanda hhneuauf.de]$ bash: bash:: command not found
bash: [goalador@gatanda: command not found
[goalador@gatanda hhneuauf.de]$ bash: bash:: command not found
bash: bash:: command not found
[goalador@gatanda hhneuauf.de]$ [goalador@gatanda hhneuauf.de]$ [goalador@gatanda hhneuauf.de]$ [goalador@gatanda hhneuauf.de]$ bash: [goalador@gatanda: commbash: bash:: command not found
bash: [goalador@gatanda: command not found
[goalador@gatanda hhneuauf.de]$ bash: [goalador@gatanda: command not found
bash: bash:: command not found
[goalador@gatanda hhneuauf.de]$ [goalador@gatanda hhneuauf.de]$ bash: [goalador@gatanda: command not found
bash: [goalador@gatanda: command not found
[goalador@gatanda hhneuauf.de]$ bash: bash:: command not found
bash: bash:: command not found
[goalador@gatanda hhneuauf.de]$ [goalador@gatanda hhneuauf.de]$ [goalador@gatanda hhneuauf.de]$ bash: bash:: command not found
bash: [goalador@gatanda: command not found
[goalador@gatanda hhneuauf.de]$ bash: [goalador@gatanda: command not found
bash: bash:: command not found
[goalador@gatanda hhneuauf.de]$ [goalador@gatanda hhneuauf.de]$ bash: bash:: command not found
bash: [goalador@gatanda: command not found
[goalador@gatanda hhneuauf.de]$ bash: bash:: command not found
bash: bash:: command not found
[goalador@gatanda hhneuauf.de]$ [goalador@gatanda hhneuauf.de]$ [goalador@gatanda hhneuauf.de]$ [goalador@gatanda hhneuauf.de]$ [goalador@gatanda hhneuauf.de]$ [goalador@gatanda hhneuauf.de]$ bash: [goalador@gatanda: command not found
bash: [goalador@gatanda: command not found
[goalador@gatanda hhneuauf.de]$ bash: [goalador@gatanda: command not found
bash: bash:: command not found
[goalador@gatanda hhneuauf.de]$ [goalador@gatanda hhneuauf.de]$ bash: [goalador@gatanda: command not found
bash: [goalador@gatanda: command not found
[goalador@gatanda hhneuauf.de]$ bash: bash:: command not found
bash: bash:: command not found
[goalador@gatanda hhneuauf.de]$ [goalador@gatanda hhneuauf.de]$ [goalador@gatanda hhneuauf.de]$ bash: [goalador@gatanda: command not found
bash: [goalador@gatanda: command not found
[goalador@gatanda hhneuauf.de]$ bash: [goalador@gatanda: command not found
f.bash: bash:: command not found
[goalador@gatanda hhneuauf.de]$ [goalador@gatanda hhneuauf.de]$ bash: bash:: command not found
bash: [goalador@gatanda: command not found
[goalador@gatanda hhneuauf.de]$ bash: bash:: command not found
bash: bash:: command not found
[goalador@gatanda hhneuauf.de]$ [goalador@gatanda hhneuauf.de]$ [goalador@gatanda hhneuauf.de]$ [goalador@gatanda hhneuauf.de]$ bash: [goalador@gatanda: command not found
bash: [goalador@gatanda: command not found
[goalador@gatanda hhneuauf.de]$ bash: [goalador@gatanda: command not found
bash: bash:: command not found
mmand not found
[goalador@gatanda hhneuauf.[goalador@gatanda hhneuauf.de]$ [goalador@gatanda hhneuauf.de]$ bash: [goalador@gatanda: command not found
bash: [goalador@gatanda: command not found
[goalador@gatanda hhneuauf.de]$ bash: bash:: command not found
bash: bash:: command not found
[goalador@gatanda hhneuauf.de]$ [goalador@gatanda hhneuauf.de]$ [goalador@gatanda hhneuauf.de]$ bash: bash:: command not found
bash: [goalador@gatanda: command not found
[goalador@gatanda hhneuauf.de]$ bash: [goalador@gatanda: command not found
bash: bash:: command not found
[goalador@gatanda hhneuauf.de]$ [goalador@gatanda hhneuauf.de]$ bash: bash:: command not found
bash: [goalador@gatanda: command not found
[goalador@gatanda hhneuauf.de]$ bash: bash:: command not found
bash: bash:: command not found
[goalador@gatanda hhneuauf.de]$ [goalador@gatanda hhneuauf.de]$ [goalador@gatanda hhneuauf.de]$ [goalador@gatanda hhneuauf.de]$ [goalador@gatanda hhneuauf.de]$ bash: bash:: command not found
bash: [goalador@gatanda: command not found
[goalador@gatanda hhneuauf.de]$ bash: [goalador@gatanda: command not found
bash: bash:: command not found
[goalador@gatanda hhneuauf.de]$ [goalador@gatanda hhneuauf.de]$ bash: [goalador@gatanda: command not found
bash: [goalador@gatanda: command not found
[goalador@gatanda hhneuauf.de]$ bash: bash:: command not found
bash: bash:: command not found
[goalador@gatanda hhneuauf.de]$ [goalador@gatanda hhneuauf.de]$ [goalador@gatanda hhneuauf.de]$ bash: [goalador@gatanda: command not found
bash: [goalador@gatanda: command not found
[goalador@gatanda hhneuauf.de]$ bash: [goalador@gatanda: command not found
bash: bash:: command not found
[goalador@gatanda hhneuauf.de]$ [goalador@gatanda hhneuauf.de]$ bash: bash:: command not found
bash: [goalador@gatanda: command not found
[goalador@gatanda hhneuauf.de]$ bash: bash:: command not found
bash: bash:: command not found
[goalador@gatanda hhneuauf.de]$ [goalador@gatanda hhneuauf.de]$ [goalador@gatanda hhneuauf.de]$ [goalador@gatanda hhneuauf.de]$ bash: bash:: command not found
bash: [goalador@gatanda: command not found
[goalador@gatanda hhneuauf.de]$ bash: [goalador@gatanda: command not found
bash: bash:: command not found
[goalador@gatanda hhneuauf.de]$ [goalador@gatanda hhneuauf.de]$ bash: [goalador@gatanda: command not found
bash: [goalador@gatanda: command not found
[goalador@gatanda hhneuauf.de]$ bash: bash:: command not found
bash: bash:: command not found
[goalador@gatanda hhneuauf.de]$ [goalador@gatanda hhneuauf.de]$ [goalador@gatanda hhneuauf.de]$ bash: bash:: command not found
bash: [goalador@gatanda: command not found
[goalador@gatanda hhneuauf.de]$ bash: [goalador@gatanda: command not found
bash: bash:: command not found
[goalador@gatanda hhneuauf.de]$ [goalador@gatanda hhneuauf.de]$ bash: bash:: command not found
bash: [goalador@gatanda: command not found
[goalador@gatanda hhneuauf.de]$ bash: bash:: command not found
bash: bash:: command not found
[goalador@gatanda hhneuauf.de]$ [goalador@gatanda hhneuauf.de]$ [goalador@gatanda hhneuauf.de]$ [goalador@gatanda hhneuauf.de]$ [goalador@gatanda hhneuauf.de]$ [goalador@gatanda hhneuauf.de]$ [goalador@gatanda hhneuauf.de]$ bash: [goaladord
bash: [goalador@gatanda: command not found
[goalador@gatanda hhneuauf.de]$ bash: [goalador@gatanda: command not found
bash: bash:: command not found
[goalador@gatanda hhneuauf.de]$ [goalador@gatanda hhneuauf.de]$ bash: [goalador@gatanda: command not found
bash: [goalador@gatanda: command not found
[goalador@gatanda hhneuauf.de]$ bash: bash:: command not found
bash: bash:: command not found
[goalador@gatanda hhneuauf.de]$ [goalador@gatanda hhneuauf.de]$ [goalador@gatanda hhneuauf.de]$ bash: [goalador@gatanda: command not found
bash: [goalador@gatanda: command not found
[goalador@gatanda hhneuauf.de]$ bash: [goalador@gatanda: command not found
bash: bash:: command not found
[goalador@gatanda hhneuauf.de]$ [goalador@gatanda hhneuauf.de]$ bash: bash:: command not found
bash: [goalador@gatanda: command not found
[goalador@gatanda hhneuauf.de]$ bash: bash:: command not found
bash: bash:: command not found
[goalador@gatanda hhneuauf.de]$ [goalador@gatanda hhneuauf.de]$ [goalador@gatanda hhneuauf.de]$ [goalador@gatanda hhneuauf.de]$ bash: [goalador@gatanda: command not found
bash: [goalador@gatanda: command not found
[goalador@gatanda hhneuauf.de]$ bash: [goalador@gatanda: command not found
bash: bash:: command not found
[goalador@gatanda hhneuauf.de]$ [goalador@gatanda hhneuauf.de]$ [goalador@gatanda hhneuauf.de]$ bash: bash:: command not found
bash: [goalador@gatanda: command not found
[goalador@gatanda hhneuauf.de]$ bash: [goalador@gatanda: command not found
bash: bash:: command not found
[goalador@gatanda hhneuauf.de]$ [goalador@gatanda hhneuauf.de]$ bash: bash:: command not found
bash: [goalador@gatanda: command not found
[goalador@gatanda hhneuauf.de]$ bash: bash:: command not found
bash: bash:: command not found
[goalador@gatanda hhneuauf.de]$ [goalador@gatanda hhneuauf.de]$ [goalador@gatanda hhneuauf.de]$ [goalador@gatanda hhneuauf.de]$ [goalador@gatanda hhneuauf.de]$ bash: [goalador@gatanda: command not found
[goalador@gatanda hhneuauf.de]$ bash: bash:: command not found
bash: bash:: command not found
[goalador@gatanda hhneuauf.de]$ [goalador@gatanda hhneuauf.de]$ [goalador@gatanda hhneuauf.de]$ [goalador@gatanda hhneuauf.de]$ [goalador@gatanda hhneuauf.de]$ [goalador@gatanda hhneuauf.de]$ bash: bash:: command not found
bash: [goalador@gatanda: command not found
[goalador@gatanda hhneuauf.de]$ bash: [goalador@gatanda: command not found
tandabash: bash:: command not found
[goalador@gatanda hhneuauf.de]$ [goalador@gatanda hhneuauf.de]$ bash: [goalador@gatanda: command not found
bash: [goalador@gatanda: command not found
[goalador@gatanda hhneuauf.de]$ bash: bash:: command not found
bash: bash:: command not found
[goalador@gatanda hhneuauf.de]$ [goalador@gatanda hhneuauf.de]$ [goalador@gatanda hhneuauf.de]$ bash: [goalador@gatanda: command not found
bash: [goalador@gatanda: command not found
[goalador@gatanda hhneuauf.de]$ bash: [goalador@gatanda: command not found
bash: bash:: command not found
[goalador@gatanda hhneuauf.de]$ [goalador@gatanda hhneuauf.de]$ bash: bash:: command not found
bash: [goalador@gatanda: command not found
[goalador@gatanda hhneuauf.de]$ bash: bash:: command not found
bash: bash:: command not found
[goalador@gatanda hhneuauf.de]$ [goalador@gatanda hhneuauf.de]$ [goalador@gatanda hhneuauf.de]$ [goalador@gatanda hhneuauf.de]$ bash: [goalador@gatanda: command not found
bash: [goalador@gatanda: command not found
[goalador@gatanda hhneuauf.de]$ bash: [goalador@gatanda: command not found
bash: bash:: command not found
[goalador@gatanda hhneuauf.de]$ [goalador@gatanda hhneuauf.de]$ bash: [goalador@gatanda: command not found
bash: [goalador@gatanda: command not found
[goalador@gatanda hhneuauf.de]$ bash: bash:: command not found
bash: bash:: command not found
[goalador@gatanda hhneuauf.de]$ [goalador@gatanda hhneuauf.de]$ [goalador@gatanda hhneuauf.de]$ bash: bash:: command not found
bash: [goalador@gatanda: command not found
[goalador@gatanda hhneuauf.de]$ bash: [goalador@gatanda: command not found
bash: bash:: command not found
[goalador@gatanda hhneuauf.de]$ [goalador@gatanda hhneuauf.de]$ bash: bash:: command not found
bash: [goalador@gatanda: command not found
[goalador@gatanda hhneuauf.de]$ bash: bash:: command not found
bash: bash:: command not found
[goalador@gatanda hhneuauf.de]$ [goalador@gatanda hhneuauf.de]$ [goalador@gatanda hhneuauf.de]$ [goalador@gatanda hhneuauf.de]$ [goalador@gatanda hhneuauf.de]$ bash: bash:: command not found
bash: [goalador@gatanda: command not found
[goalador@gatanda hhneuauf.de]$ bash: [goalador@gatanda: command not found
bash: bash:: command not found
[goalador@gatanda hhneuauf.de]$ [goalador@gatanda hhneuauf.de]$ bash: [goalador@gatanda: command not found
bash: [goalador@gatanda: command not found
[goalador@gatanda hhneuauf.de]$ bash: bash:: command not found
bash: bash:: command not found
[goalador@gatanda hhneuauf.de]$ bash: [goalador@gatanda: command not found
bash: bash:: command not found
[goalador@gatanda hhneuauf.de]$ [goalador@gatanda hhneuauf.de]$ bash: [goalador@gatanda: command not found
bash: [goalador@gatanda: command not found
[goalador@gatanda hhneuauf.de]$ bash: bash:: command not found
bash: bash:: command not found
[goalador@gatanda hhneuauf.de]$ [goalador@gatanda hhneuauf.de]$ [goalador@gatanda hhneuauf.de]$ bash: [goalador@gatanda: command not found
bash: [goalador@gatanda: command not found
[goalador@gatanda hhneuauf.de]$ bash: [goalador@gatanda: command not found
bash: bash:: command not found
[goalador@gatanda hhneuauf.de]$ [goalador@gatanda hhneuauf.de]$ bash: bash:: command not found
bash: [goalador@gatanda: command not found
[goalador@gatanda hhneuauf.de]$ bash: bash:: command not found
bash: bash:: command not found
[goalador@gatanda hhneuauf.de]$ [goalador@gatanda hhneuauf.de]$ [goalador@gatanda hhneuauf.de]$ [goalador@gatanda hhneuauf.de
[goalador@gatanda hhneuauf.de]$ bash: [goalador@gatanda: command not found
bash: bash:: command not found
[goalador@gatanda hhneuauf.de]$ [goalador@gatanda hhneuauf.de]$ bash: [goalador@gatanda: command not found
bash: [goalador@gatanda: command not found
[goalador@gatanda hhneuauf.de]$ bash: bash:: command not found
bash: bash:: command not found
[goalador@gatanda hhneuauf.de]$ [goalador@gatanda hhneuauf.de]$ [goalador@gatanda hhneuauf.de]$ bash: [goalador@gatanda: command not found
bash: [goalador@gatanda: command not found
[goalador@gatanda hhneuauf.de]$ bash: [goalador@gatanda: command not found
bash: bash:: command not found
[goalador@gatanda hhneuauf.de]$ [goalador@gatanda hhneuauf.de]$ bash: bash:: command not found
bash: [goalador@gatanda: command not found
[goalador@gatanda hhneuauf.de]$ bash: bash:: command not found
bash: bash:: command not found
[goalador@gatanda hhneuauf.de]$ [goalador@gatanda hhneuauf.de]$ [goalador@gatanda hhneuauf.de]$ [goalador@gatanda hhneuauf.de[goalador@gatanda hhneuauf.de]$ [goalador@gatanda hhneuauf.de]$ bash: [goalador@gatanda: command not found
bash: [goalador@gatanda: command not found
[goalador@gatanda hhneuauf.de]$ bash: [goalador@gatanda: command not found
bash: bash:: command not found
[goalador@gatanda hhneuauf.de]$ [goalador@gatanda hhneuauf.de]$ bash: [goalador@gatanda: command not found
bash: [goalador@gatanda: command not found
[goalador@gatanda hhneuauf.de]$ tandabash: bash:: command not found
bash: tandabash:: command not found
[goalador@gatanda hhneuauf.de]$ [goalador@gatanda hhneuauf.de]$ [goalador@gatanda hhneuauf.de]$ bash: [goalador@gatanda: command not found
bash: [goalador@gatanda: command not found
[goalador@gatanda hhneuauf.de]$ bash: [goalador@gatanda: command not found
bash: bash:: command not found
[goalador@gatanda hhneuauf.de]$ [goalador@gatanda hhneuauf.de]$ bash: bash:: command not found
bash: [goalador@gatanda: command not found
[goalador@gatanda hhneuauf.de]$ bash: bash:: command not found
bash: bash:: command not found
[goalador@gatanda hhneuauf.de]$ [goalador@gatanda hhneuauf.de]$ [goalador@gatanda hhneuauf.de]$ [goalador@gatanda hhneuauf.de]$ bash: [goalador@gatanda: command not found
bash: [goalador@gatanda: command not found
[goalador@gatanda hhneuauf.de]$ bash: [goalador@gatanda: command not found
bash: bash:: command not found
[goalador@gatanda hhneuauf.de]$ [goalador@gatanda hhneuauf.de]$ bash: [goalador@gatanda: command not found
bash: [goalador@gatanda: command not found
[goalador@gatanda hhneuauf.de]$ bash: bash:: command not found
bash: bash:: command not found
[goalador@gatanda hhneuauf.de]$ [goalador@gatanda hhneuauf.de]$ [goalador@gatanda hhneuauf.de]$ bash: bash:: command not found
bash: [goalador@gatanda: command not found
[goalador@gatanda hhneuauf.de]$ bash: [goalador@gatanda: command not found
bash: bash:: command not found
[goalador@gatanda hhneuauf.de]$ [goalador@gatanda hhneuauf.de]$ bash: bash:: command not found
bash: [goalador@gatanda: command not found
[goalador@gatanda hhneuauf.de]$ bash: bash:: command not found
bash: bash:: command not found
[goalador@gatanda hhneuauf.de]$ [goalador@gatanda hhneuauf.de]$ [goalador@gatanda hhneuauf.de]$ [goalador@gatanda hhneuauf.de]$ [goalador@gatanda hhneuauf.de]$ bash: [goalador@gatanda: command not found
bash: [goalador@gatanda: command not found
[goalador@gatanda hhneuauf.de]$ bash: [goalador@gatanda: command not found
bash: bash:: command not found
[goalador@gatanda hhneuauf.de]$ [goalador@gatanda hhneuauf.de]$ bash: [goalador@gatanda: command not found
bash: [goalador@gatanda: command not found
[goalador@gatanda hhneuauf.de]$ bash: bash:: command not found
bash: bash:: command not found
[goalador@gatanda hhneuauf.de]$ [goalador@gatanda hhneuauf.de]$ [goalador@gatanda hhneuauf.de]$ bash: [goalador@gatanda: command not found
bash: [goalador@gatanda: command not found
[goalador@gatanda hhneuauf.de]$ bash: [goalador@gatanda: command not found
bash: bash:: command not found
[goalador@gatanda hhneuauf.de]$ [goalador@gatanda hhneuauf.de]$ bash: bash:: command not found
bash: [goalador@gatanda: command not found
[goalador@gatanda hhneuauf.de]$ bash: bash:: command not found
bash: bash:: command not found
[goalador@gatanda hhneuauf.de]$ [goalador@gatanda hhneuauf.de]$ [goalador@gatanda hhneuauf.de]$ [goalador@gatanda hhneuauf.de]$ bash: bash:: command not found
bash: [goalador@gatanda: command not found
[goalador@gatanda hhneuauf.de]$ bash: [goalador@gatanda: command not found
bash: bash:: command not found
[goalador@gatanda hhneuauf.de]$ [goalador@gatanda hhneuauf.de]$ bash: [goalador@gatanda: command not found
bash: [goalador@gatanda: command not found
[goalador@gatanda hhneuauf.de]$ bash: bash:: command not found
bash: bash:: command not found
[goalador@gatanda hhneuauf.de]$ [goalador@gatanda hhneuauf.de]$ [goalador@gatanda hhneuauf.de]$ bash: bash:: command not found
bash: [goalador@gatanda: command not found
[goalador@gatanda hhneuauf.de]$ bash: [goalador@gatanda: command not found
bash: bash:: command not found
[goalador@gatanda hhneuauf.de]$ [goalador@gatanda hhneuauf.de]$ bash: bash:: command not found
bash: [goalador@gatanda: command not found
[goalador@gatanda hhneuauf.de]$ bash: bash:: command not found
bash: bash:: command not found
[goalador@gatanda hhneuauf.de]$ [goalador@gatanda hhneuauf.de]$ [goalador@gatanda hhneuauf.de]$ [goalador@gatanda hhneuauf.de]$ [goalador@gatanda hhneuauf.de]$ [goalador@gatanda hhneuauf.de]$ bash: bash:: command not found
bash: [goalador@gatanda: command not found
[goalador@gatanda hhneuauf.de]$ bash: [goalador@gatanda: command not found
bash: bash:: command not found
[goalador@gatanda hhneuauf.de]$ [goalador@gatanda hhneuauf.de]$ bash: [goalador@gatanda: command not found
bash: [goalador@gatanda: command not found
[goalador@gatanda hhneuauf.de]$ bash: bash:: command not found
bash: bash:: command not found
[goalador@gatanda hhneuauf.de]$ [goalador@gatanda hhneuauf.de]$ [goalador@gatanda hhneuauf.de]$ bash: [goalador@gatanda: command not found
bash: [goalador@gatanda: command not found
[goalador@gatanda hhneuauf.de]$ bash: [goalador@gatanda: command not found
bash: bash:: command not found
[goalador@gatanda hhneuauf.de]$ [goalador@gatanda hhneuauf.de]$ bash: bash:: command not found
bash: [goalador@gatanda: command not found
[goalador@gatanda hhneuauf.de]$ bash: bash:: command not found
bash: bash:: command not found
[goalador@gatanda hhneuauf.de]$ 
[goalador@gatanda hhneuauf.de]$ [goalador@gatanda hhneuauf.de]$ bash: [goalador@gatanda: command not found
bash: [goalador@gatanda: command not found
[goalador@gatanda hhneuauf.de]$ bash: bash:: command not found
bash: bash:: command not found
[goalador@gatanda hhneuauf.de]$ [goalador@gatanda hhneuauf.de]$ [goalador@gatanda hhneuauf.de]$ bash: [goalador@gatanda: command not found
bash: [goalador@gatanda: command not found
[goalador@gatanda hhneuauf.de]$ bash: [goalador@gatanda: command not found
bash: bash:: command not found
[goalador@gatanda hhneuauf.de]$ [goalador@gatanda hhneuauf.de]$ bash: bash:: command not found
bash: [goalador@gatanda: command not found
[goalador@gatanda hhneuauf.de]$ bash: bash:: command not found
bash: bash:: command not found
[goalador@gatanda hhneuauf.de]$ [goalador@gatanda hhneuauf.de]$ [goalador@gatanda hhneuauf.de]$ [goalador@gatanda hhneuauf.de]$ bash: [goalador@gatanda: command not found
bash: [goalador@gatanda: command not found
[goalador@gatanda hhneuauf.de]$ bash: [goalador@gatanda: command not found
bash: bash:: command not found
[goalador@gatanda hhneuauf.de]$ [goalador@gatanda hhneuauf.de]$ bash: [goalador@gatanda: command not found
bash: [goalador@gatanda: command not found
[goalador@gatanda hhneuauf.de]$ bash: bash:: command not found
bash: bash:: command not found
[goalador@gatanda hhneuauf.de]$ [goalador@gatanda hhneuauf.de]$ [goalador@gatanda hhneuauf.de]$ bash: bash:: command not found
bash: [goalador@gatanda: command not found
[goalador@gatanda hhneuauf.de]$ bash: [goalador@gatanda: command not found
bash: bash:: command not found
[goalador@gatanda hhneuauf.de]$ [goalador@gatanda hhneuauf.de]$ bash: bash:: command not found
bash: [goalador@gatanda: command not found
[goalador@gatanda hhneuauf.de]$ bash: bash:: command not found
bash: bash:: command not found
[goalador@gatanda hhneuauf.de]$ [goalador@gatanda hhneuauf.de]$ [goalador@gatanda hhneuauf.de]$ [goalador@gatanda hhneuauf.de]$ [goalador@gatanda hhneuauf.de
nda: command not found
[goalador@gatanda hhneuauf.de]$ bash: [goalador@gatanda: command not found
bash: bash:: command not found
[goalador@gatanda hhneuauf.de]$ [goalador@gatanda hhneuauf.de]$ bash: bash:: command not found
bash: [goalador@gatanda: command not found
[goalador@gatanda hhneuauf.de]$ bash: bash:: command not found
bash: bash:: command not found
[goalador@gatanda hhneuauf.de]$ [goalador@gatanda hhneuauf.de]$ [goalador@gatanda hhneuauf.de]$ [goalador@gatanda hhneuauf.debash: [goalador@gatanda: command not found
[goalador@gatanda hhneuauf.de]$ [goalador@gatanda hhneuauf.de]$ bash: [goalador@gatanda: command not found
bash: [goalador@gatanda: command not found
[goalador@gatanda hhneuauf.de]$ bash: bash:: command not found
bash: bash:: command not found
[goalador@gatanda hhneuauf.de]$ [goalador@gatanda hhneuauf.de]$ [goalador@gatanda hhneuauf.de]$ bash: [goalador@gatanda: command not found
bash: [goalador@gatanda: command not found
[goalador@gatanda hhneuauf.de]$ bash: [goalador@gatanda: command not found
bash: bash:: command not found
[goalador@gatanda hhneuauf.de]$ [goalador@gatanda hhneuauf.de]$ bash: bash:: command not found
bash: [goalador@gatanda: command not found
[goalador@gatanda hhneuauf.de]$ bash: bash:: command not found
bash: bash:: command not found
[goalador@gatanda hhneuauf.de]$ [goalador@gatanda hhneuauf.de]$ [goalador@gatanda hhneuauf.de]$ [goalador@gatanda hhneuauf.de]$ bash: [goalador@gatanda: command not found
bash: [goalador@gatanda: command not found
[goalador@gatanda hhneuauf.de]$ bash: bash:: command not found
bash: bash:: command not found
[goalador@gatanda hhneuauf.de]$ [goalador@gatanda hhneuauf.de]$ [goalador@gatanda hhneuauf.de]$ bash: bash:: command not found
bash: [goalador@gatanda: command not found
[goalador@gatanda hhneuauf.de]$ bash: [goalador@gatanda: command not found
bash: bash:: command not found
[goalador@gatanda hhneuauf.de]$ [goalador@gatanda hhneuauf.de]$ bash: bash:: command not found
bash: [goalador@gatanda: command not found
[goalador@gatanda hhneuauf.de]$ bash: bash:: command not found
bash: bash:: command not found
[goalador@gatanda hhneuauf.de]$ [goalador@gatanda hhneuauf.de]$ [goalador@gatanda hhneuauf.de]$ [goalador@gatanda hhneuauf.de]$ [goalador@gatanda hhneuauf.de]$ bash: [goalador@gatanda: command not found
bash: [goalador@gatanda: command not found
[goalador@gatanda hhneuauf.de]$ bash: [goalador@gatanda: command not found
bash: bash:: command not found
[goalador@gatanda hhneuauf.de]$ [goalador@gatanda hhneuauf.de]$ bash: [goalador@gatanda: command not found
bash: [goalador@gatanda: command not found
[goalador@gatanda hhneuauf.de]$ bash: bash:: command not found
bash: bash:: command not found
[goalador@gatanda hhneuauf.de]$ [goalador@gatanda hhneuauf.de]$ [goalador@gatanda hhneuauf.de]$ bash: [goalador@gatanda: command not found
bash: [goalador@gatanda: command not found
[goalador@gatanda hhneuauf.de]$ bash: [goalador@gatanda: command not found
bash: bash:: command not found
[goalador@gatanda hhneuauf.de]$ [goalador@gatanda hhneuauf.de]$ bash: bash:: command not found
bash: [goalador@gatanda: command not found
[goalador@gatanda hhneuauf.de]$ bash: bash:: command not found
bash: bash:: command not found
[goalador@gatanda hhneuauf.de]$ [goalador@gatanda hhneuauf.de]$ [goalador@gatanda hhneuauf.de]$ [goalador@gatanda hhneuauf.de]$ bash: bash:: command not found
bash: [goalador@gatanda: command not found
[goalador@gatanda hhneuauf.de]$ bash: [goalador@gatanda: command not found
bash: bash:: command not found
[goalador@gatanda hhneuauf.de]$ [goalador@gatanda hhneuauf.de]$ bash: [goalador@gatanda: command not found
bash: [goalador@gatanda: command not found
[goalador@gatanda hhneuauf.de]$ bash: bash:: command not found
bash: bash:: command not found
[goalador@gatanda hhneuauf.de]$ [goalador@gatanda hhneuauf.de]$ [goalador@gatanda hhneuauf.de]$ bash: bash:: command not found
bash: [goalador@gatanda: command not found
[goalador@gatanda hhneuauf.de]$ bash: [goalador@gatanda: command not found
bash: bash:: command not found
[goalador@gatanda hhneuauf.de]$ [goalador@gatanda hhneuauf.de]$ bash: bash:: command not found
bash: [goalador@gatanda: command not found
and not found
[goalador@gatanda hhneuauf.de]$ bash: bash:: comm[goalador@gatanda hhneuauf.de]$ bash: bash:: command not found
bash: bash:: command not found
[goalador@gatanda hhneuauf.de]$ [goalador@gatanda hhneuauf.de]$ [goalador@gatanda hhneuauf.de]$ [goalador@gatanda hhneuauf.de]$ [goalador@gatanda hhneuauf.de]$ [goalador@gatanda hhneuauf.de]$ bash: [goalador@gatanda: command not found
bash: [goalador@gatanda: command not found
[goalador@gatanda hhneuauf.de]$ bash: [goalador@gatanda: command not found
bash: bash:: command not found
[goalador@gatanda hhneuauf.de]$ [goalador@gatanda hhneuauf.de]$ bash: [goalador@gatanda: command not found
bash: [goalador@gatanda: command not found
[goalador@gatanda hhneuauf.de]$ bash: bash:: command not found
bash: bash:: command not found
[goalador@gatanda hhneuauf.de]$ [goalador@gatanda hhneuauf.de]$ [goalador@gatanda hhneuauf.de]$ bash: [goalador@gatanda: command not found
bash: [goalador@gatanda: command not found
[goalador@gatanda hhneuauf.de]$ bash: [goalador@gatanda: command not found
bash: bash:: command not found
[goalador@gatanda hhneuauf.de]$ [goalador@gatanda hhneuauf.de]$ bash: bash:: command not found
bash: [goalador@gatanda: command not found
[goalador@gatanda hhneuauf.de]$ bash: bash:: command not found
bash: bash:: command not found
[goalador@gatanda hhneuauf.de]$ [goalador@gatanda hhneuauf.de]$ [goalador@gatanda hhneuauf.de]$ [goalador@gatanda hhneuauf.de]$ bash: [goalador@gatanda: command not found
bash: [goalador@gatanda: command not found
[goalador@gatanda hhneuauf.de]$ bash: [goalador@gatanda: command not found
bash: bash:: command not found
[goalador@gatanda hhneuauf.de]$ [goalador@gatanda hhneuauf.de]$ bash: [goalador@gatanda: command not found
bash: [goalador@gatanda: command not found
[goalador@gatanda hhneuauf.de]$ bash: bash:: command not found
bash: bash:: command not found
[goalador@gatanda hhneuauf.de]$ [goalador@gatanda hhneuauf.de]$ [goalador@gatanda hhneuauf.de]$ bash: bash:: command not found
bash: [goalador@gatanda: command not found
[goalador@gatanda hhneuauf.de]$ bash: [goalador@gatanda: command not found
bash: bash:: command not found
[goalador@gatanda hhneuauf.de]$ [goalador@gatanda hhneuauf.de]$ bash: bash:: command not found
bash: [goalador@gatanda: command not found
[goalador@gatanda hhneuauf.de]$ bash: bash:: command not found
bash: bash:: command not found
[goalador@gatanda hhneuauf.de]$ [goalador@gatanda hhneuauf.de]$ [goalador@gatanda hhneuauf.de]$ [goalador@gatanda hhneuauf.de]$ [goalador@gatanda hhneuauf.de]$ bash: bash:: command not found
bash: [goalador@gatanda: command not found
[goalador@gatanda hhneuauf.de]$ bash: [goalador@gatanda: command not found
bash: bash:: command not found
[goalador@gatanda hhneuauf.de]$ [goalador@gatanda hhneuauf.de]$ bash: [goalador@gatanda: command not found
bash: [goalador@gatanda: command not found
[goalador@gatanda hhneuauf.de]$ bash: bash:: command not found
bash: bash:: command not found
[goalador@gatanda hhneuauf.de]$ [goalador@gatanda hhneuauf.de]$ [goalador@gatanda hhneuauf.de]$ bash: [goalador@gatanda: command not found
bash: [goalador@gatanda: command not found
[goalador@gatanda hhneuauf.de]$ bash: [goalador@gatanda: command not found
bash: bash:: command not found
[goalador@gatanda hhneuauf.de]$ [goalador@gatanda hhneuauf.de]$ bash: bash:: command not found
bash: [goalador@gatanda: command not found
[goalador@gatanda hhneuauf.de]$ bash: bash:: command not found
bash: bash:: command not found
[goalador@gatanda hhneuauf.de]$ [goalador@gatanda hhneuauf.de]$ [goalador@gatanda hhneuauf.de]$ [goalador@gatanda hhneuauf.de]$ bash: bash:: command not found
bash: [goalador@gatanda: command not found
[goalador@gatanda hhneuauf.de]$ bash: [goalador@gatanda: command not found
bash: bash:: command not found
[goalador@gatanda hhneuauf.de]$ [goalador@gatanda hhneuauf.de]$ bash: [goalador@gatanda: command not found
bash: [goalador@gatanda: command not found
[goalador@gatanda hhneuauf.de]$ bash: bash:: command not found
bash: bash:: command not found
[goalador@gatanda hhneuauf.de]$ [goalador@gatanda hhneuauf.de]$ [goalador@gatanda hhneuauf.de]$ bash: bash:: command not found
bash: [goalador@gatanda: command not found
[goalador@gatanda hhneuauf.de]$ bash: [goalador@gatanda: command not found
bash: bash:: command not found
[goalador@gatanda hhneuauf.de]$ [goalador@gatanda hhneuauf.de]$ bash: bash:: command not found
bash: [goalador@gatanda: command not found
[goalador@gatanda hhneuauf.de]$ bash: bash:: command not found
bash: bash:: command not found
[goalador@gatanda hhneuauf.de]$ [goalador@gatanda hhneuauf.de]$ [goalador@gatanda hhneuauf.de]$ [goalador@gatanda hhneuauf.de]$ [goalador@gatanda hhneuauf.de]$ [goalador@gatanda hhneuauf.de]$ [goalador@gatanda hhneuauf.de]$ bash: bash:: command not found
bash: [goalador@gatanda: command not found
[goalador@gatanda hhneuauf.de]$ bash: [goalador@gatanda: command not found
bash: bash:: command not found
[goalador@gatanda hhneuauf.de]$ [goalador@gatanda hhneuauf.de]$ bash: [goalador@gatanda: command not found
bash: [goalador@gatanda: command not found
[goalador@gatanda hhneuauf.de]$ bash: bash:: command not found
bash: bash:: command not found
[goalador@gatanda hhneuauf.de]$ [goalador@gatanda hhneuauf.de]$ [goalador@gatanda hhneuauf.de]$ bash: [goalador@gatanda: command not found
bash: [goalador@gatanda: command not found
[goalador@gatanda hhneuauf.de]$ bash: [goalador@gatanda: command not found
bash: bash:: command not found
[goalador@gatanda hhneuauf.de]$ [goalador@gatanda hhneuauf.de]$ bash: bash:: command not found
bash: [goalador@gatanda: command not found
[goalador@gatanda hhneuauf.de]$ bash: bash:: command not found
bash: bash:: command not found
[goalador@gatanda hhneuauf.de]$ [goalador@gatanda hhneuauf.de]$ [goalador@gatanda hhneuauf.de]$ [goalador@gatanda hhneuauf.de]$ bash: [goalador@gatanda: command not found
bash: [goalador@gatanda: command not found
[goalador@gatanda hhneuauf.de]$ bash: [goalador@gatanda: command not found
bash: bash:: command not found
[goalador@gatanda hhneuauf.de]$ [goalador@gatanda hhneuauf.de]$ bash: [goalador@gatanda: command not found
bash: [goalador@gatanda: command not found
[goalador@gatanda hhneuauf.de]$ bash: bash:: command not found
bash: bash:: command not found
[goalador@gatanda hhneuauf.de]$ [goalador@gatanda hhneuauf.de]$ [goalador@gatanda hhneuauf.de]$ bash: bash:: command not found
bash: [goalador@gatanda: command not found
[goalador@gatanda hhneuauf.de]$ bash: [goalador@gatanda: command not found
bash: bash:: command not found
[goalador@gatanda hhneuauf.de]$ [goalador@gatanda hhneuauf.de]$ bash: bash:: command not found
bash: [goalador@gatanda: command not found
[goalador@gatanda hhneuauf.de]$ bash: bash:: command not found
bash: bash:: command not found
[goalador@gatanda hhneuauf.de]$ [goalador@gatanda hhneuauf.de]$ 
bash: [goalador@gatanda: command not found
[goalador@gatanda hhneuauf.de]$ [goalador@gatanda hhneuauf.de]$ [goalador@gatanda hhneuauf.de]$ bash: [goalador@gatanda: command not found
bash: [goalador@gatanda: command not found
[goalador@gatanda hhneuauf.de]$ bash: [goalador@gatanda: command not found
bash: bash:: command not found
[goalador@gatanda hhneuauf.de]$ [goalador@gatanda hhneuauf.de]$ bash: bash:: command not found
bash: [goalador@gatanda: command not found
[goalador@gatanda hhneuauf.de]$ bash: bash:: command not found
bash: bash:: command not found
[goalador@gatanda hhneuauf.de]$ [goalador@gatanda hhneuauf.de]$ [goalador@gatanda hhneuauf.de]$ [goalador@gatanda hhneuauf.de]$ bash: [goalador@gatanda: command not found
bash: [goalador@gatanda: command not found
[goalador@gatanda hhneuauf.de]$ bash: [goalador@gatanda: command not found
bash: bash:: command not found
[goalador@gatanda hhneuauf.de]$ [goalador@gatanda hhneuauf.de]$ bash: [goalador@gatanda: command not found
bash: [goalador@gatanda: command not found
[goalador@gatanda hhneuauf.de]$ bash: bash:: command not found
bash: bash:: command not found
[goalador@gatanda hhneuauf.de]$ [goalador@gatanda hhneuauf.de]$ [goalador@gatanda hhneuauf.de]$ bash: bash:: command not found
bash: [goalador@gatanda: command not found
[goalador@gatanda hhneuauf.de]$ bash: [goalador@gatanda: command not found
bash: bash:: command not found
[goalador@gatanda hhneuauf.de]$ [goalador@gatanda hhneuauf.de]$ bash: bash:: command not found
bash: [goalador@gatanda: command not found
[goalador@gatanda hhneuauf.de]$ bash: bash:: command not found
bash: bash:: command not found
[goalador@gatanda hhneuauf.de]$ [goalador@gatanda hhneuauf.de]$ [goalador@gatanda hhneuauf.de]$ [goalador@gatanda hhneuauf.de]$ [goalador@gatanda hhneuauf.de]$ bash: [goalador@gatanda: command not found
bash: [goalador@gatanda: command not found
[goalador@gatanda hhneuauf.de]$ bash: [goalador@gatanda: command not found
bash: bash:: command not found
[goalador@gatanda hhneuauf.de]$ [goalador@gatanda hhneuauf.de]$ bash: [goalador@gatanda: command not found
bash: [goalador@gatanda: command not found
[goalador@gatanda hhneuauf.de]$ bash: bash:: command not found
bash: bash:: command not found
[goalador@gatanda hhneuauf.de]$ [goalador@gatanda hhneuauf.de]$ [goalador@gatanda hhneuauf.de]$ bash: [goalador@gatanda: command not found
bash: [goalador@gatanda: command not found
[goalador@gatanda hhneuauf.de]$ bash: [goalador@gatanda: command not found
bash: bash:: command not found
[goalador@gatanda hhneuauf.de]$ [goalador@gatanda hhneuauf.de]$ bash: bash:: command not found
bash: [goalador@gatanda: command not found
[goalador@gatanda hhneuauf.de]$ bash: bash:: command not found
bash: bash:: command not found
[goalador@gatanda hhneuauf.de]$ [goalador@gatanda hhneuauf.de]$ [goalador@gatanda hhneuauf.de]$ [goalador@gatanda hhneuauf.de]$ bash: bash:: command not found
bash: [goalador@gatanda: command not found
[goalador@gatanda hhneuauf.de]$ bash: [goalador@gatanda: command not found
bash: bash:: command not found
[goalador@gatanda hhneuauf.de]$ [goalador@gatanda hhneuauf.de]$ bash: [goalador@gatanda: command not found
bash: [goalador@gatanda: command not found
[goalador@gatanda hhneuauf.de]$ bash: bash:: command not found
bash: bash:: command not found
[goalador@gatanda hhneuauf.de]$ [goalador@gatanda hhneuauf.de]$ [goalador@gatanda hhneuauf.de]$ bash: bash:: command not found
bash: [goalador@gatanda: command not found
bash: [goalador@gatanda: command not found
bash: [goalador@gatanda: command not found
[goalador@gatanda hhneuauf.de]$ bash: bash:: command not found
bash: bash:: command not found
[goalador@gatanda hhneuauf.de]$ [goalador@gatanda hhneuauf.de]$ [goalador@gatanda hhneuauf.de]$ [goalador@gatanda hhneuauf.de]$ bash: bash:: command not found
bash: [goalador@gatanda: command not found
nda hhneuauf.de]$ bash: [goalador@gatanda: command not found
bash: [goalador@gatanda: command not found
[goalador@gatanda hhneuauf.de]$ bash: [goalador@gatanda: command not found
bash: bash:: command not found
[goalador@gatanda hhneuauf.de]$ [goalador@gatanda hhneuauf.de]$ bash: [goalador@gatanda: command not found
bash: [goalador@gatanda: command not found
]$ bash: bash:: command not found
bash: [goalador@gatanda: command not foun[goalador@gatanda hhneuauf.de]$ bash: bash:: command not found
bash: bash:: command not found
[goalador@gatanda hhneuauf.de]$ [goalador@gatanda hhneuauf.de]$ [goalador@gatanda hhneuauf.de]$ bash: bash:: command not found
bash: [goalador@gatanda: command not found
[goalador@gatanda hhneuauf.de]$ bash: [goalador@gatanda: command not found
atanda hhneuauf.de]$ [goaladorbash: bash:: command not found
[goalador@gatanda hhneuauf.de]$ [goalador@gatanda hhneuauf.de]$ bash: bash:: command not found
bash: [goalador@gatanda: command not found
[goalador@gatanda hhneuauf.de]$ bash: bash:: command not found
bash: bash:: command not found
[goalador@gatanda hhneuauf.de]$ [goalador@gatanda hhneuauf.de]$ [goalador@gatanda hhneuauf.de]$ [goalador@gatanda hhneuauf.de]$ [goalador@gatanda hhneuauf.de]$ bash: bash:: command not found
bash: [goalador@gatanda: command not found
[goalador@gatanda hhneuauf.de]$ bash: [goalador@gatanda: command not found
[goalador@gatanda hhneuauf.de]$ bash: [goalador@gatanda: command not found
bash: bash:: command not found
[goalador@gatanda hhneuauf.de]$ [goalador@gatanda hhneuauf.de]$ bash: [goalador@gatanda: command not found
bash: [goalador@gatanda: command not found
[goalador@gatanda hhneuauf.de]$ bash: bash:: command not found
bash: bash:: command not found
[goalador@gatanda hhneuauf.de]$ [goalador@gatanda hhneuauf.de]$ [goalador@gatanda hhneuauf.de]$ bash: [goalador@gatanda: command not found
bash: [goalador@gatanda: command not found
[goalador@gatanda hhneuauf.de]$ bash: [goalador@gatanda: command not found
bash: bash:: command not found
[goalador@gatanda hhneuauf.de]$ [goalador@gatanda hhneuauf.de]$ bash: bash:: command not found
bash: [goalador@gatanda: command not found
[goalador@gatanda hhneuauf.de]$ bash: bash:: command not found
bash: bash:: command not found
[goalador@gatanda hhneuauf.de]$ [goalador@gatanda hhneuauf.de]$ [goalador@gatanda hhneuauf.de]$ [goalador@gatanda hhneuauf.de]$ bash: bash:: command not found
bash: [goalador@gatanda: command not found
[goalador@gatanda hhneuauf.de]$ bash: [goalador@gatanda: command not found
bash: bash:: command not found
[goalador@gatanda hhneuauf.de]$ [goalador@gatanda hhneuauf.de]$ bash: [goalador@gatanda: command not found
bash: [goalador@gatanda: command not found
[goalador@gatanda hhneuauf.de]$ bash: bash:: command not found
bash: bash:: command not found
[goalador@gatanda hhneuauf.de]$ [goalador@gatanda hhneuauf.de]$ [goalador@gatanda hhneuauf.de]$ bash: bash:: command not found
bash: [goalador@gatanda: command not found
[goalador@gatanda hhneuauf.de]$ bash: [goalador@gatanda: command not found
bash: bash:: command not found
[goalador@gatanda hhneuauf.de]$ [goalador@gatanda hhneuauf.de]$ bash: bash:: command not found
bash: [goalador@gatanda: command not found
[goalador@gatanda hhneuauf.de]$ bash: bash:: command not found
lador@gatanda hhneuauf.bash: bash:: command not found
[goalador@gatanda hhneuauf.de]$ [goalador@gatanda hhneuauf.de]$ [goalador@gatanda hhneuauf.de]$ [goalador@gatanda hhneuauf.de]$ [goalador@gatanda hhneuauf.de]$ [goalador@gatanda hhneuauf.de]$ [goalador@gatanda hhneuauf.de]$ [goalador@gatanda hhneuauf.de]$ bash: bash:: command not found
bash: [goalador@gatanda: command not found
[goalador@gatanda hhneuauf.de]$ bash: [goalador@gatanda: command not found
bash: bash:: command not found
[goalador@gatanda hhneuauf.de]$ [goalador@gatanda hhneuauf.de]$ bash: [goalador@gatanda: command not found
bash: [goalador@gatanda: command not found
[goalador@gatanda hhneuauf.de]$ bash: bash:: command not found
.de]$ bash: bash:: command not bash: bash:: command not found
[goalador@gatanda hhneuauf.de]$ [goalador@gatanda hhneuauf.de]$ [goalador@gatanda hhneuauf.de]$ bash: [goalador@gatanda: command not found
bash: [goalador@gatanda: command not found
[goalador@gatanda hhneuauf.de]$ bash: [goalador@gatanda: command not found
bash: bash:: command not found
[goalador@gatanda hhneuauf.de]$ [goalador@gatanda hhneuauf.de]$ bash: bash:: command not found
bash: [goalador@gatanda: command not found
[goalador@gatanda hhneuauf.de]$ bash: bash:: command not found
bash: bash:: command not found
[goalador@gatanda hhneuauf.de]$ [goalador@gatanda hhneuauf.de]$ [goalador@gatanda hhneuauf.de]$ [goalador@gatanda hhneuauf.de]$ bash: [goalador@gatanda: command not found
bash: [goalador@gatanda: command not found
[goalador@gatanda hhneuauf.de]$ bash: [goalador@gatanda: command not found
bash: bash:: command not found
[goalador@gatanda hhneuauf.de]$ [goalador@gatanda hhneuauf.de]$ bash: [goalador@gatanda: command not found
bash: [goalador@gatanda: command not found
[goalador@gatanda hhneuauf.de]$ bash: bash:: command not found
bash: bash:: command not found
[goalador@gatanda hhneuauf.de]$ [goalador@gatanda hhneuauf.de]$ [goalador@gatanda hhneuauf.de]$ bash: bash:: command not found
bash: [goalador@gatanda: command not found
[goalador@gatanda hhneuauf.de]$ bash: [goalador@gatanda: command not found
bash: bash:: command not found
[goalador@gatanda hhneuauf.de]$ [goalador@gatanda hhneuauf.de]$ bash: bash:: command not found
bash: [goalador@gatanda: command not found
[goalador@gatanda hhneuauf.de]$ bash: bash:: command not found
bash: bash:: command not found
[goalador@gatanda hhneuauf.de]$ [goalador@gatanda hhneuauf.de]$ [goalador@gatanda hhneuauf.de]$ [goalador@gatanda hhneuauf.de]$ [goalador@gatanda hhneuauf.de]$ bash: [goalador@gatanda: command not found
bash: [goalador@gatanda: command not found
[goalador@gatanda hhneuauf.de]$ bash: [goalador@gatanda: command not found
bash: bash:: command not found
[goalador@gatanda hhneuauf.de]$ [goalador@gatanda hhneuauf.de]$ bash: [goalador@gatanda: command not found
bash: [goalador@gatanda: command not found
[goalador@gatanda hhneuauf.de]$ bash: bash:: command not found
bash: bash:: command not found
[goalador@gatanda hhneuauf.de]$ [goalador@gatanda hhneuauf.de]$ [goalador@gatanda hhneuauf.de]$ bash: [goalador@gatanda: command not found
bash: [goalador@gatanda: command not found
[goalador@gatanda hhneuauf.de]$ bash: [goalador@gatanda: command not found
bash: bash:: command not found
[goalador@gatanda hhneuauf.de]$ [goalador@gatanda hhneuauf.de]$ bash: bash:: command not found
bash: [goalador@gatanda: command not found
[goalador@gatanda hhneuauf.de]$ bash: bash:: command not found
bash: bash:: command not found
[goalador@gatanda hhneuauf.de]$ [goalador@gatanda hhneuauf.de]$ [goalador@gatanda hhneuauf.de]$ [goalador@gatanda hhneuauf.de]$ bash: bash:: command not found
bash: [goalador@gatanda: command not found
[goalador@gatanda hhneuauf.de]$ bash: [goalador@gatanda: command not found
bash: bash:: command not found
[goalador@gatanda hhneuauf.de]$ [goalador@gatanda hhneuauf.de]$ bash: [goalador@gatanda: command not found
bash: [goalador@gatanda: command not found
[goalador@gatanda hhneuauf.de]$ bash: bash:: command not found
bash: bash:: command not found
[goalador@gatanda hhneuauf.de]$ [goalador@gatanda hhneuauf.de]$ [goalador@gatanda hhneuauf.de]$ bash: bash:: command not found
bash: [goalador@gatanda: command not found
[goalador@gatanda hhneuauf.de]$ bash: [goalador@gatanda: command not found
bash: bash:: command not found
[goalador@gatanda hhneuauf.de]$ [goalador@gatanda hhneuauf.de]$ bash: bash:: command not found
bash: [goalador@gatanda: command not found
[goalador@gatanda hhneuauf.de]$ bash: bash:: command not found
bash: bash:: command not found
[goalador@gatanda hhneuauf.de]$ [goalador@gatanda hhneuauf.de]$ [goalador@gatanda hhneuauf.de]$ 
bash: [goalador@gatanda: command not found
[goalador@gatanda hhneuauf.de]$ bash: [goalador@gatanda: command not found
bash: bash:: command not found
[goalador@gatanda hhneuauf.de]$ [goalador@gatanda hhneuauf.de]$ [goalador@gatanda hhneuauf.de]$ [goalador@gatanda hhneuauf.de]$ bash: [goalador@gatanda: command not found
bash: [goalador@gatanda: command not found
[goalador@gatanda hhneuauf.de]$ bash: [goalador@gatanda: command not found
bash: bash:: command not found
[goalador@gatanda hhneuauf.de]$ [goalador@gatanda hhneuauf.de]$ bash: [goalador@gatanda: command not found
bash: [goalador@gatanda: command not found
[goalador@gatanda hhneuauf.de]$ bash: bash:: command not found
bash: bash:: command not found
[goalador@gatanda hhneuauf.de]$ [goalador@gatanda hhneuauf.de]$ [goalador@gatanda hhneuauf.de]$ bash: bash:: command not found
bash: [goalador@gatanda: command not found
[goalador@gatanda hhneuauf.de]$ bash: [goalador@gatanda: command not found
bash: bash:: command not found
[goalador@gatanda hhneuauf.de]$ [goalador@gatanda hhneuauf.de]$ bash: bash:: command not found
bash: [goalador@gatanda: command not found
[goalador@gatanda hhneuauf.de]$ bash: bash:: command not found
bash: bash:: command not found
[goalador@gatanda hhneuauf.de]$ [goalador@gatanda hhneuauf.de]$ [goalador@gatanda hhneuauf.de]$ [goalador@gatanda hhneuauf.de]$ [goalador@gatanda hhneuauf.de]$ bash: [goalador@gatanda: command not found
bash: [goalador@gatanda: command not found
[goalador@gatanda hhneuauf.de]$ bash: [goalador@gatanda: command not found
bash: bash:: command not found
[goalador@gatanda hhneuauf.de]$ [goalador@gatanda hhneuauf.de]$ bash: [goalador@gatanda: command not found
bash: [goalador@gatanda: command not found
[goalador@gatanda hhneuauf.de]$ bash: bash:: command not found
bash: bash:: command not found
[goalador@gatanda hhneuauf.de]$ [goalador@gatanda hhneuauf.de]$ [goalador@gatanda hhneuauf.de]$ bash: [goalador@gatanda: command not found
bash: [goalador@gatanda: command not found
[goalador@gatanda hhneuauf.de]$ bash: [goalador@gatanda: command not found
bash: bash:: command not found
[goalador@gatanda hhneuauf.de]$ [goalador@gatanda hhneuauf.de]$ bash: bash:: command not found
bash: [goalador@gatanda: command not found
[goalador@gatanda hhneuauf.de]$ bash: bash:: command not found
bash: bash:: command not found
[goalador@gatanda hhneuauf.de]$ [goalador@gatanda hhneuauf.de]$ [goalador@gatanda hhneuauf.de]$ [goalador@gatanda hhneuauf.de]$ bash: bash:: command not found
bash: [goalador@gatanda: command not found
[goalador@gatanda hhneuauf.de]$ bash: [goalador@gatanda: command not found
bash: bash:: command not found
[goalador@gatanda hhneuauf.de]$ [goalador@gatanda hhneuauf.de]$ bash: [goalador@gatanda: command not found
bash: [goalador@gatanda: command not found
[goalador@gatanda hhneuauf.de]$ bash: bash:: command not found
bash: bash:: command not found
[goalador@gatanda hhneuauf.de]$ [goalador@gatanda hhneuauf.de]$ [goalador@gatanda hhneuauf.de]$ bash: bash:: command not found
bash: [goalador@gatanda: command not found
[goalador@gatanda hhneuauf.de]$ bash: [goalador@gatanda: command not found
bash: bash:: command not found
[goalador@gatanda hhneuauf.de]$ [goalador@gatanda hhneuauf.de]$ bash: bash:: command not found
bash: [goalador@gatanda: command not found
[goalador@gatanda hhneuauf.de]$ bash: bash:: command not found
bash: bash:: command not found
[goalador@gatanda hhneuauf.de]$ [goalador@gatanda hhneuauf.de]$ [goalador@gatanda hhneuauf.de]$ [goalador@gatanda hhneuauf.de]$ [goalador@gatanda hhneuauf.de]$ [goalador@gatanda hhneuauf.de]$ bash: [goalador@gatanda: command not found
bash: [goalador@gatanda: command not found
[goalador@gatanda hhneuauf.de]$ bash: [goalador@gatanda: command not found
bash: bash:: command not found
[goalador@gatanda hhneuauf.de]$ [goalador@gatanda hhneuauf.de]$ bash: [goalador@gatanda: command not found
bash: [goalador@gatanda: command not found
[goalador@gatanda hhneuauf.de]$ bash: bash:: command not found
bash: bash:: command not found
[goalador@gatanda hhneuauf.de]$ [goalador@gatanda hhneuauf.de]$ [goalador@gatanda hhneuauf.de]$ bash: [goalador@gatanda: command not found
bash: [goalador@gatanda: command not found
[goalador@gatanda hhneuauf.de]$ bash: [goalador@gatanda: command not found
bash: bash:: command not found
[goalador@gatanda hhneuauf.de]$ [goalador@gatanda hhneuauf.de]$ bash: bash:: command not found
bash: [goalador@gatanda: command not found
[goalador@gatanda hhneuauf.de]$ bash: bash:: command not found
bash: bash:: command not found
[goalador@gatanda hhneuauf.de]$ [goalador@gatanda hhneuauf.de]$ [goalador@gatanda hhneuauf.de]$ [goalador@gatanda hhneuauf.de]$ bash: [goalador@gatanda: command not found
bash: [goalador@gatanda: command not found
[goalador@gatanda hhneuauf.de]$ bash: [goalador@gatanda: command not found
bash: bash:: command not found
[goalador@gatanda hhneuauf.de]$ [goalador@gatanda hhneuauf.de]$ bash: [goalador@gatanda: command not found
bash: [goalador@gatanda: command not found
[goalador@gatanda hhneuauf.de]$ bash: bash:: command not found
bash: bash:: command not found
[goalador@gatanda hhneuauf.de]$ [goalador@gatanda hhneuauf.de]$ [goalador@gatanda hhneuauf.de]$ bash: bash:: command not found
bash: [goalador@gatanda: command not found
[goalador@gatanda hhneuauf.de]$ bash: [goalador@gatanda: command not found
bash: bash:: command not found
[goalador@gatanda hhneuauf.de]$ [goalador@gatanda hhneuauf.de]$ bash: bash:: command not found
bash: [goalador@gatanda: command not found
[goalador@gatanda hhneuauf.de]$ bash: bash:: command not found
bash: bash:: command not found
[goalador@gatanda hhneuauf.de]$ [goalador@gatanda hhneuauf.de]$ [goalador@gatanda hhneuauf.de]$ [goalador@gatanda hhneuauf.de]$ [goalador@gatanda hhneuauf.de]$ bash: bash:: command not found
bash: [goalador@gatanda: command not found
[goalador@gatanda hhneuauf.de]$ bash: [goalador@gatanda: command not found
bash: bash:: command not found
[goalador@gatanda hhneuauf.de]$ [goalador@gatanda hhneuauf.de]$ bash: [goalador@gatanda: command not found
bash: [goalador@gatanda: command not found
[goalador@gatanda hhneuauf.de]$ bash: bash:: command not found
bash: bash:: command not found
[goalador@gatanda hhneuauf.de]$ [goalador@gatanda hhneuauf.de]$ [goalador@gatanda hhneuauf.de]$ bash: [goalador@gatanda: command not found
bash: [goalador@gatanda: command not found
[goalador@gatanda hhneuauf.de]$ bash: [goalador@gatanda: command not found
bash: bash:: command not found
[goalador@gatanda hhneuauf.de]$ [goalador@gatanda hhneuauf.de]$ bash: bash:: command not found
bash: [goalador@gatanda: command not found
[goalador@gatanda hhneuauf.de]$ bash: bash:: command not found
bash: bash:: command not found
[goalador@gatanda hhneuauf.de]$ [goalador@gatanda hhneuauf.de]$ [goalador@gatanda hhneuauf.de]$ [goalador@gatanda hhneuauf.de]$ bash: bash:: command not found
bash: [goalador@gatanda: command not found
[goalador@gatanda hhneuauf.de]$ bash: [goalador@gatanda: command not found
bash: bash:: command not found
[goalador@gatanda hhneuauf.de]$ bash: [goalador@gatanda: command not found
bash: bash:: command not found
[goalador@gatanda hhneuauf.de]$ bash: [goalador@gatanda: command not found
bash: bash:: command not found
[goalador@gatanda hhneuauf.de]$ [goalador@gatanda hhneuauf.de]$ bash: bash:: command not found
bash: [goalador@gatanda: command not found
[goalador@gatanda hhneuauf.de]$ bash: bash:: command not found
bash: bash:: command not found
[goalador@gatanda hhneuauf.de]$ [goalador@gatanda hhneuauf.de]$ [goalador@gatanda hhneuauf.de]$ [goalador@gatanda hhneuauf.de]$ [goalador@gatanda hhneuauf.de]$ bash: bash:: command not found
bash: [goalador@gatanda: command not found
[goalador@gatanda hhneuauf.de]$ bash: [goalador@gatanda: command not found
bash: bash:: command not found
[goalador@gatanda hhneuauf.de]$ nda hhneuauf.de]$ bash: [goalador@gatanda: command not found
bash: [goalador@gatanda: command not found
[goalador@gatanda hhneuauf.de]$ bash: bash:: command not found
bash: bash:: command not found
[goalador@gatanda hhneuauf.de]$ [goalador@gatanda hhneuauf.de]$ [goalador@gatanda hhneuauf.de]$ bash: bash:: command not found
bash: [goalador@gatanda: command not found
[goalador@gatanda hhneuauf.de]$ bash: [goalador@gatanda: command not found
bash: bash:: command not found
[goalador@gatanda hhneuauf.de]$ [goalador@gatanda hhneuauf.de]$ bash: bash:: command not found
bash: [goalador@gatanda: command not found
[goalador@gatanda hhneuauf.de]$ bash: bash:: command not found
bash: bash:: command not found
[goalador@gatanda hhneuauf.de]$ [goalador@gatanda hhneuauf.de]$ [goalador@gatanda hhneuauf.de]$ [goalador@gatanda hhneuauf.de]$ [goalador@gatanda hhneuauf.de]$ [goalador@gatanda hhneuauf.de]$ [goalador@gatanda hhneuauf.de]$ bash: [goalador@gatanda: command not found
bash: [goalador@gatanda: command not found
[goalador@gatanda hhneuauf.de]$ bash: [goalador@gatanda: command not found
bash: bash:: command not found
[goalador@gatanda hhneuauf.de]$ [goalador@gatanda hhneuauf.de]$ bash: [goalador@gatanda: command not found
bash: [goalador@gatanda: command not found
[goalador@gatanda hhneuauf.de]$ bash: bash:: command not found
bash: bash:: command not found
[goalador@gatanda hhneuauf.de]$ [goalador@gatanda hhneuauf.de]$ [goalador@gatanda hhneuauf.de]$ bash: [goalador@gatanda: command not found
bash: [goalador@gatanda: command not found
[goalador@gatanda hhneuauf.de]$ bash: [goalador@gatanda: command not found
bash: bash:: command not found
[goalador@gatanda hhneuauf.de]$ [goalador@gatanda hhneuauf.de]$ bash: bash:: command not found
bash: [goalador@gatanda: command not found
[goalador@gatanda hhneuauf.de]$ bash: bash:: command not found
bash: bash:: command not found
[goalador@gatanda hhneuauf.de]$ [goalador@gatanda hhneuauf.de]$ [goalador@gatanda hhneuauf.de]$ [goalador@gatanda hhneuauf.de]$ bash: [goalador@gatanda: command not found
bash: [goalador@gatanda: command not found
[goalador@gatanda hhneuauf.de]$ bash: [goalador@gatanda: command not found
bash: bash:: command not found
[goalador@gatanda hhneuauf.de]$ [goalador@gatanda hhneuauf.de]$ bash: [goalador@gatanda: command not found
bash: [goalador@gatanda: command not found
[goalador@gatanda hhneuauf.de]$ bash: bash:: command not found
bash: bash:: command not found
[goalador@gatanda hhneuauf.de]$ [goalador@gatanda hhneuauf.de]$ [goalador@gatanda hhneuauf.de]$ bash: bash:: command not found
bash: [goalador@gatanda: command not found
[goalador@gatanda hhneuauf.de]$ bash: [goalador@gatanda: command not found
bash: bash:: command not found
[goalador@gatanda hhneuauf.de]$ [goalador@gatanda hhneuauf.de]$ bash: bash:: command not found
bash: [goalador@gatanda: command not found
[goalador@gatanda hhneuauf.de]$ bash: bash:: command not found
bash: bash:: command not found
[goalador@gatanda hhneuauf.de]$ [goalador@gatanda hhneuauf.de]$ [goalador@gatanda hhneuauf.de]$ [goalador@gatanda hhneuauf.de]$ [goalador@gatanda hhneuauf.de]$ bash: [goalador@gatanda: command not found
bash: [goalador@gatanda: command not found
[goalador@gatanda hhneuauf.de]$ bash: [goalador@gatanda: command not found
bash: bash:: command not found
[goalador@gatanda hhneuauf.de]$ [goalador@gatanda hhneuauf.de]$ bash: [goalador@gatanda: command not found
bash: [goalador@gatanda: command not found
[goalador@gatanda hhneuauf.de]$ bash: bash:: command not found
bash: bash:: command not found
[goalador@gatanda hhneuauf.de]$ [goalador@gatanda hhneuauf.de]$ [goalador@gatanda hhneuauf.de]$ bash: [goalador@gatanda: command not found
bash: [goalador@gatanda: command not found
[goalador@gatanda hhneuauf.de]$ bash: [goalador@gatanda: command not found
bash: bash:: command not found
[goalador@gatanda hhneuauf.de]$ [goalador@gatanda hhneuauf.de]$ bash: bash:: command not found
bash: [goalador@gatanda: command not found
[goalador@gatanda hhneuauf.de]$ bash: bash:: command not found
bash: bash:: command not found
[goalador@gatanda hhneuauf.de]$ [goalador@gatanda hhneuauf.de]$ [goalador@gatanda hhneuauf.de]$ [goalador@gatanda hhneuauf.de]$ bash: bash:: command not found
bash: [goalador@gatanda: command not found
[goalador@gatanda hhneuauf.de]$ bash: [goalador@gatanda: command not found
bash: bash:: command not found
[goalador@gatanda hhneuauf.de]$ [goalador@gatanda hhneuauf.de]$ bash: [goalador@gatanda: command not found
bash: [goalador@gatanda: command not found
[goalador@gatanda hhneuauf.de]$ bash: bash:: command not found
bash: bash:: command not found
[goalador@gatanda hhneuauf.de]$ [goalador@gatanda hhneuauf.de]$ [goalador@gatanda hhneuauf.de]$ bash: bash:: command not found
bash: [goalador@gatanda: command not found
[goalador@gatanda hhneuauf.de]$ bash: [goalador@gatanda: command not found
bash: bash:: command not found
[goalador@gatanda hhneuauf.de]$ [goalador@gatanda hhneuauf.de]$ bash: bash:: command not found
bash: [goalador@gatanda: command not found
[goalador@gatanda hhneuauf.de]$ bash: bash:: command not found
bash: bash:: command not found
[goalador@gatanda hhneuauf.de]$ [goalador@gatanda hhneuauf.de]$ [goalador@gatanda hhneuauf.de]$ [goalador@gatanda hhneuauf.de]$ [goalador@gatanda hhneuauf.de]$ [goalador@gatanda hhneuauf.de]$ bash: bash:: command not found
bash: [goalador@gatanda: command not found
[goalador@gatanda hhneuauf.de]$ bash: [goalador@gatanda: command not found
bash: bash:: command not found
[goalador@gatanda hhneuauf.de]$ [goalador@gatanda hhneuauf.de]$ bash: [goalador@gatanda: command not found
bash: [goalador@gatanda: command not found
[goalador@gatanda hhneuauf.de]$ bash: bash:: command not found
bash: bash:: command not found
[goalador@gatanda hhneuauf.de]$ [goalador@gatanda hhneuauf.de]$ [goalador@gatanda hhneuauf.de]$ bash: [goalador@gatanda: command not found
bash: [goalador@gatanda: command not found
[goalador@gatanda hhneuauf.de]$ bash: [goalador@gatanda: command not found
bash: bash:: command not found
[goalador@gatanda hhneuauf.de]$ [goalador@gatanda hhneuauf.de]$ bash: bash:: command not found
bash: [goalador@gatanda: command not found
[goalador@gatanda hhneuauf.de]$ bash: bash:: command not found
bash: bash:: command not found
[goalador@gatanda hhneuauf.de]$ [goalador@gatanda hhneuauf.de]$ [goalador@gatanda hhneuauf.de]$ [goalador@gatanda hhneuauf.de]$ bash: [goalador@gatanda: command not found
bash: [goalador@gatanda: command not found
[goalador@gatanda hhneuauf.de]$ bash: [goalador@gatanda: command not found
bash: bash:: command not found
[goalador@gatanda hhneuauf.de]$ [goalador@gatanda hhneuauf.de]$ bash: [goalador@gatanda: command not found
bash: [goalador@gatanda: command not found
[goalador@gatanda hhneuauf.de]$ bash: bash:: command not found
bash: bash:: command not found
[goalador@gatanda hhneuauf.de]$ [goalador@gatanda hhneuauf.de]$ [goalador@gatanda hhneuauf.de]$ bash: bash:: command not found
bash: [goalador@gatanda: command not found
[goalador@gatanda hhneuauf.de]$ bash: [goalador@gatanda: command not found
bash: bash:: command not found
[goalador@gatanda hhneuauf.de]$ [goalador@gatanda hhneuauf.de]$ bash: bash:: command not found
bash: [goalador@gatanda: command not found
[goalador@gatanda hhneuauf.de]$ bash: bash:: command not found
bash: bash:: command not found
[goalador@gatanda hhneuauf.de]$ [goalador@gatanda hhneuauf.de]$ [goalador@gatanda hhneuauf.de]$ [goalador@gatanda hhneuauf.de]$ [goalador@gatanda hhneuauf.de]$ bash: bash:: command not found
bash: [goalador@gatanda: command not found
[goalador@gatanda hhneuauf.de]$ bash: [goalador@gatanda: command not found
bash: bash:: command not found
[goalador@gatanda hhneuauf.de]$ [goalador@gatanda hhneuauf.de]$ bash: [goalador@gatanda: command not found
bash: [goalador@gatanda: command not found
[goalador@gatanda hhneuauf.de]$ bash: bash:: command not found
bash: bash:: command not found
[goalador@gatanda hhneuauf.de]$ [goalador@gatanda hhneuauf.de]$ bash: [goalador@gatanda: command not found
bash: [goalador@gatanda: command not found
[goalador@gatanda hhneuauf.de]$ bash: bash:: command not found
bash: bash:: command not found
[goalador@gatanda hhneuauf.de]$ [goalador@gatanda hhneuauf.de]$ bash: [goalador@gatanda: command not found
bash: [goalador@gatanda: command not found
[goalador@gatanda hhneuauf.de]$ bash: bash:: command not found
bash: bash:: command not found
[goalador@gatanda hhneuauf.de]$ [goalador@gatanda hhneuauf.de]$ [goalador@gatanda hhneuauf.de]$ bash: bash:: command not found
bash: [goalador@gatanda: command not found
[goalador@gatanda hhneuauf.de]$ bash: [goalador@gatanda: command not found
bash: bash:: command not found
[goalador@gatanda hhneuauf.de]$ [goalador@gatanda hhneuauf.de]$ bash: bash:: command not found
bash: [goalador@gatanda: command not found
[goalador@gatanda hhneuauf.de]$ bash: bash:: command not found
bash: bash:: command not found
[goalador@gatanda hhneuauf.de]$ [goalador@gatanda hhneuauf.de]$ [goalador@gatanda hhneuauf.de]$ [goalador@gatanda hhneuauf.de]$ [goalador@gatanda hhneuauf.de]$ [goalador@gatanda hhneuauf.de]$ bash: bash:: command not found
bash: [goalador@gatanda: command not found
[goalador@gatanda hhneuauf.de]$ bash: [goalador@gatanda: command not found
bash: bash:: command not found
[goalador@gatanda hhneuauf.de]$ [goalador@gatanda hhneuauf.de]$ bash: [goalador@gatanda: command not found
bash: [goalador@gatanda: command not found
[goalador@gatanda hhneuauf.de]$ bash: bash:: command not found
bash: bash:: command not found
[goalador@gatanda hhneuauf.de]$ [goalador@gatanda hhneuauf.de]$ nda hhneuauf.de]$ bash: [goalador@gatanda: command not found
bash: [goalador@gatanda: command not found
[goalador@gatanda hhneuauf.de]$ bash: [goalador@gatanda: command not found
bash: bash:: command not found
[goalador@gatanda hhneuauf.de]$ [goalador@gatanda hhneuauf.de]$ bash: bash:: command not found
bash: [goalador@gatanda: command not found
[goalador@gatanda hhneuauf.de]$ bash: bash:: command not found
bash: bash:: command not found
[goalador@gatanda hhneuauf.de]$ [goalador@gatanda hhneuauf.de]$ [goalador@gatanda hhneuauf.de]$ [goalador@gatanda hhneuauf.de]$ bash: bash:: command not found
bash: [goalador@gatanda: command not found
[goalador@gatanda hhneuauf.de]$ bash: [goalador@gatanda: command not found
bash: bash:: command not found
[goalador@gatanda hhneuauf.de]$ [goalador@gatanda hhneuauf.de]$ bash: [goalador@gatanda: command not found
bash: [goalador@gatanda: command not found
[goalador@gatanda hhneuauf.de]$ bash: bash:: command not found
bash: bash:: command not found
[goalador@gatanda hhneuauf.de]$ [goalador@gatanda hhneuauf.de]$ [goalador@gatanda hhneuauf.de]$ bash: bash:: command not found
bash: [goalador@gatanda: command not found
[goalador@gatanda hhneuauf.de]$ bash: [goalador@gatanda: command not found
bash: bash:: command not found
bash: [goalador@gatanda: command not found
[goalador@gatanda hhneuauf.de]$ bash: [goalador@gatanda: command not found
bash: bash:: command not found
[goalador@gatanda hhneuauf.de]$ [goalador@gatanda hhneuauf.de]$ bash: [goalador@gatanda: command not found
bash: [goalador@gatanda: command not found
[goalador@gatanda hhneuauf.de]$ bash: bash:: command not found
bash: bash:: command not found
[goalador@gatanda hhneuauf.de]$ [goalador@gatanda hhneuauf.de]$ [goalador@gatanda hhneuauf.de]$ bash: [goalador@gatanda: command not found
bash: [goalador@gatanda: command not found
[goalador@gatanda hhneuauf.de]$ bash: [goalador@gatanda: command not found
bash: bash:: command not found
[goalador@gatanda hhneuauf.de]$ [goalador@gatanda hhneuauf.de]$ bash: bash:: command not found
bash: [goalador@gatanda: command not found
[goalador@gatanda hhneuauf.de]$ bash: bash:: command not found
bash: bash:: command not found
[goalador@gatanda hhneuauf.de]$ bash: bash:: command not found
bash: bash:: command not found
[goalador@gatanda hhneuauf.de]$ [goalador@gatanda hhneuauf.de]$ [goalador@gatanda hhneuauf.de]$ bash: [goalador@gatanda: command not found
bash: [goalador@gatanda: command not found
[goalador@gatanda hhneuauf.de]$ bash: [goalador@gatanda: command not found
bash: bash:: command not found
[goalador@gatanda hhneuauf.de]$ [goalador@gatanda hhneuauf.de]$ bash: bash:: command not found
bash: [goalador@gatanda: command not found
[goalador@gatanda hhneuauf.de]$ bash: bash:: command not found
bash: bash:: command not found
[goalador@gatanda hhneuauf.de]$ [goalador@gatanda hhneuauf.de]$ [goalador@gatanda hhneuauf.de]$ [goalador@gatanda hhneuauf.de]$ bash: bash:: command not found
bash: [goalador@gatanda: command not found
[goalador@gatanda hhneuauf.de]$ bash: [goalador@gatanda: command not found
bash: bash:: command not found
[goalador@gatanda hhneuauf.de]$ [goalador@gatanda hhneuauf.de]$ bash: [goalador@gatanda: command not found
bash: [goalador@gatanda: command not found
[goalador@gatanda hhneuauf.de]$ bash: bash:: command not found
bash: bash:: command not found
[goalador@gatanda hhneuauf.de]$ [goalador@gatanda hhneuauf.de]$ [goalador@gatanda hhneuauf.de]$ bash: bash:: command not found
bash: [goalador@gatanda: command not found
[goalador@gatanda hhneuauf.de]$ bash: [goalador@gatanda: command not found
bash: bash:: command not found
[goalador@gatanda hhneuauf.de]$ [goalador@gatanda hhneuauf.de]$ bash: bash:: command not found
bash: [goalador@gatanda: command not found
[goalador@gatanda hhneuauf.de]$ bash: bash:: command not found
bash: bash:: command not found
[goalador@gatanda hhneuauf.de]$ [goalador@gatanda hhneuauf.de]$ [goalador@gatanda hhneuauf.de]$ [goalador@gatanda hhneuauf.de]$ [goalador@gatanda hhneuauf.de]$ [goalador@gatanda hhneuauf.de]$ bash: [goalador@gatanda: command not found
bash: [goalador@gatanda: command not found
[goalador@gatanda hhneuauf.de]$ bash: [goalador@gatanda: command not found
bash: bash:: command not found
[goalador@gatanda hhneuauf.de]$ [goalador@gatanda hhneuauf.de]$ bash: [goalador@gatanda: command not found
bash: [goalador@gatanda: command not found
[goalador@gatanda hhneuauf.de]$ bash: bash:: command not found
bash: bash:: command not found
[goalador@gatanda hhneuauf.de]$ [goalador@gatanda hhneuauf.de]$ [goalador@gatanda hhneuauf.de]$ bash: [goalador@gatanda: command not found
bash: [goalador@gatanda: command not found
[goalador@gatanda hhneuauf.de]$ bash: [goalador@gatanda: command not found
bash: bash:: command not found
[goalador@gatanda hhneuauf.de]$ [goalador@gatanda hhneuauf.de]$ bash: bash:: command not found
bash: [goalador@gatanda: command not found
[goalador@gatanda hhneuauf.de]$ bash: bash:: command not found
bash: bash:: command not found
[goalador@gatanda hhneuauf.de]$ [goalador@gatanda hhneuauf.de]$ [goalador@gatanda hhneuauf.de]$ [goalador@gatanda hhneuauf.de]$ bash: [goalador@gatanda: command not found
bash: [goalador@gatanda: command not found
[goalador@gatanda hhneuauf.de]$ bash: [goalador@gatanda: command not found
bash: bash:: command not found
[goalador@gatanda hhneuauf.de]$ [goalador@gatanda hhneuauf.de]$ bash: [goalador@gatanda: command not found
bash: [goalador@gatanda: command not found
[goalador@gatanda hhneuauf.de]$ bash: bash:: command not found
bash: bash:: command not found
[goalador@gatanda hhneuauf.de]$ [goalador@gatanda hhneuauf.de]$ [goalador@gatanda hhneuauf.de]$ bash: bash:: command not found
bash: [goalador@gatanda: command not found
[goalador@gatanda hhneuauf.de]$ bash: [goalador@gatanda: command not found
bash: bash:: command not found
[goalador@gatanda hhneuauf.de]$ [goalador@gatanda hhneuauf.de]$ bash: bash:: command not found
bash: [goalador@gatanda: command not found
[goalador@gatanda hhneuauf.de]$ bash: bash:: command not found
bash: bash:: command not found
[goalador@gatanda hhneuauf.de]$ [goalador@gatanda hhneuauf.de]$ [goalador@gatanda hhneuauf.de]$ [goalador@gatanda hhneuauf.de]$ [goalador@gatanda hhneuauf.de]$ bash: bash:: command not found
bash: [goalador@gatanda: command not found
[goalador@gatanda hhneuauf.de]$ bash: [goalador@gatanda: command not found
bash: bash:: command not found
[goalador@gatanda hhneuauf.de]$ [goalador@gatanda hhneuauf.de]$ bash: [goalador@gatanda: command not found
bash: [goalador@gatanda: command not found
[goalador@gatanda hhneuauf.de]$ bash: bash:: command not found
bash: bash:: command not found
[goalador@gatanda hhneuauf.de]$ [goalador@gatanda hhneuauf.de]$ [goalador@gatanda hhneuauf.de]$ bash: [goalador@gatanda: command not found
bash: [goalador@gatanda: command not found
[goalador@gatanda hhneuauf.de]$ bash: [goalador@gatanda: command not found
bash: bash:: command not found
[goalador@gatanda hhneuauf.de]$ [goalador@gatanda hhneuauf.de]$ bash: bash:: command not found
bash: [goalador@gatanda: command not found
[goalador@gatanda hhneuauf.de]$ bash: bash:: command not found
bash: bash:: command not found
[goalador@gatanda hhneuauf.de]$ [goalador@gatanda hhneuauf.de]$ [goalador@gatanda hhneuauf.de]$ [goalador@gatanda hhneuauf.de]$ bash: bash:: command not found
bash: [goalador@gatanda: command not found
[goalador@gatanda hhneuauf.de]$ bash: [goalador@gatanda: command not found
bash: bash:: command not found
[goalador@gatanda hhneuauf.de]$ [goalador@gatanda hhneuauf.de]$ bash: [goalador@gatanda: command not found
bash: [goalador@gatanda: command not found
[goalador@gatanda hhneuauf.de]$ bash: bash:: command not found
bash: bash:: command not found
[goalador@gatanda hhneuauf.de]$ [goalador@gatanda hhneuauf.de]$ [goalador@gatanda hhneuauf.de]$ bash: bash:: command not found
bash: [goalador@gatanda: command not found
[goalador@gatanda hhneuauf.de]$ bash: [goalador@gatanda: command not found
bash: bash:: command not found
[goalador@gatanda hhneuauf.de]$ [goalador@gatanda hhneuauf.de]$ bash: bash:: command not found
bash: [goalador@gatanda: command not found
[goalador@gatanda hhneuauf.de]$ bash: bash:: command not found
bash: bash:: command not found
[goalador@gatanda hhneuauf.de]$ [goalador@gatanda hhneuauf.de]$ [goalador@gatanda hhneuauf.de]$ [goalador@gatanda hhneuauf.de]$ [goalador@gatanda hhneuauf.de]$ [goalador@gatanda hhneuauf.de]$ [goalador@gatanda hhneuauf.de]$ bash: bash:: command not found
bash: [goalador@gatanda: command not found
[goalador@gatanda hhneuauf.de]$ bash: [goalador@gatanda: command not found
bash: bash:: command not found
[goalador@gatanda hhneuauf.de]$ [goalador@gatanda hhneuauf.de]$ bash: [goalador@gatanda: command not found
bash: [goalador@gatanda: command not found
[goalador@gatanda hhneuauf.de]$ bash: bash:: command not found
bash: bash:: command not found
[goalador@gatanda hhneuauf.de]$ [goalador@gatanda hhneuauf.de]$ [goalador@gatanda hhneuauf.de]$ bash: [goalador@gatanda: command not found
bash: [goalador@gatanda: command not found
[goalador@gatanda hhneuauf.de]$ bash: [goalador@gatanda: command not found
bash: bash:: command not found
[goalador@gatanda hhneuauf.de]$ [goalador@gatanda hhneuauf.de]$ bash: bash:: command not found
bash: [goalador@gatanda: command not found
[goalador@gatanda hhneuauf.de]$ bash: bash:: command not found
bash: bash:: command not found
[goalador@gatanda hhneuauf.de]$ [goalador@gatanda hhneuauf.de]$ [goalador@gatanda hhneuauf.de]$ [goalador@gatanda hhneuauf.de]$ bash: [goalador@gatanda: command not found
bash: [goalador@gatanda: command not found
[goalador@gatanda hhneuauf.de]$ bash: [goalador@gatanda: command not found
bash: bash:: command not found
[goalador@gatanda hhneuauf.de]$ [goalador@gatanda hhneuauf.de]$ bash: [goalador@gatanda: command not found
bash: [goalador@gatanda: command not found
[goalador@gatanda hhneuauf.de]$ bash: bash:: command not found
bash: bash:: command not found
[goalador@gatanda hhneuauf.de]$ [goalador@gatanda hhneuauf.de]$ [goalador@gatanda hhneuauf.de]$ bash: bash:: command not found
bash: [goalador@gatanda: command not found
[goalador@gatanda hhneuauf.de]$ bash: [goalador@gatanda: command not found
bash: bash:: command not found
[goalador@gatanda hhneuauf.de]$ [goalador@gatanda hhneuauf.de]$ bash: bash:: command not found
bash: [goalador@gatanda: command not found
[goalador@gatanda hhneuauf.de]$ bash: bash:: command not found
bash: bash:: command not found
[goalador@gatanda hhneuauf.de]$ [goalador@gatanda hhneuauf.de]$ [goalador@gatanda hhneuauf.de]$ [goalador@gatanda hhneuauf.de]$ [goalador@gatanda hhneuauf.de]$ bash: [goalador@gatanda: command not found
bash: [goalador@gatanda: command not found
[goalador@gatanda hhneuauf.de]$ bash: [goalador@gatanda: command not found
bash: bash:: command not found
[goalador@gatanda hhneuauf.de]$ [goalador@gatanda hhneuauf.de]$ bash: [goalador@gatanda: command not found
bash: [goalador@gatanda: command not found
[goalador@gatanda hhneuauf.de]$ bash: bash:: command not found
bash: bash:: command not found
[goalador@gatanda hhneuauf.de]$ [goalador@gatanda hhneuauf.de]$ [goalador@gatanda hhneuauf.de]$ bash: [goalador@gatanda: command not found
bash: [goalador@gatanda: command not found
[goalador@gatanda hhneuauf.de]$ bash: [goalador@gatanda: command not found
bash: bash:: command not found
[goalador@gatanda hhneuauf.de]$ [goalador@gatanda hhneuauf.de]$ bash: bash:: command not found
bash: [goalador@gatanda: command not found
[goalador@gatanda hhneuauf.de]$ bash: bash:: command not found
bash: bash:: command not found
[goalador@gatanda hhneuauf.de]$ [goalador@gatanda hhneuauf.de]$ [goalador@gatanda hhneuauf.de]$ [goalador@gatanda hhneuauf.de]$ bash: bash:: command not found
bash: [goalador@gatanda: command not found
[goalador@gatanda hhneuauf.de]$ bash: [goalador@gatanda: command not found
bash: bash:: command not found
[goalador@gatanda hhneuauf.de]$ [goalador@gatanda hhneuauf.de]$ bash: [goalador@gatanda: command not found
bash: [goalador@gatanda: command not found
[goalador@gatanda hhneuauf.de]$ bash: bash:: command not found
bash: bash:: command not found
[goalador@gatanda hhneuauf.de]$ [goalador@gatanda hhneuauf.de]$ [goalador@gatanda hhneuauf.de]$ bash: bash:: command not found
bash: [goalador@gatanda: command not found
[goalador@gatanda hhneuauf.de]$ bash: [goalador@gatanda: command not found
bash: bash:: command not found
[goalador@gatanda hhneuauf.de]$ [goalador@gatanda hhneuauf.de]$ bash: bash:: command not found
bash: [goalador@gatanda: command not found
[goalador@gatanda hhneuauf.de]$ bash: bash:: command not found
bash: bash:: command not found
[goalador@gatanda hhneuauf.de]$ [goalador@gatanda hhneuauf.de]$ [goalador@gatanda hhneuauf.de]$ [goalador@gatanda hhneuauf.de]$ [goalador@gatanda hhneuauf.de]$ [goalador@gatanda hhneuauf.de]$ bash: bash:: command not found
bash: [goalador@gatanda: command not found
[goalador@gatanda hhneuauf.de]$ bash: [goalador@gatanda: command not found
bash: bash:: command not found
[goalador@gatanda hhneuauf.de]$ [goalador@gatanda hhneuauf.de]$ bash: [goalador@gatanda: command not found
bash: [goalador@gatanda: command not found
[goalador@gatanda hhneuauf.de]$ bash: bash:: command not found
bash: bash:: command not found
[goalador@gatanda hhneuauf.de]$ [goalador@gatanda hhneuauf.de]$ [goalador@gatanda hhneuauf.de]$ bash: [goalador@gatanda: command not found
bash: [goalador@gatanda: command not found
[goalador@gatanda hhneuauf.de]$ bash: [goalador@gatanda: command not found
bash: bash:: command not found
[goalador@gatanda hhneuauf.de]$ [goalador@gatanda hhneuauf.de]$ bash: bash:: command not found
bash: [goalador@gatanda: command not found
[goalador@gatanda hhneuauf.de]$ bash: bash:: command not found
bash: bash:: command not found
[goalador@gatanda hhneuauf.de]$ [goalador@gatanda hhneuauf.de]$ [goalador@gatanda hhneuauf.de]$ bash: [goalador@gatanda: command not found
bash: [goalador@gatanda: command not found
[goalador@gatanda hhneuauf.de]$ bash: [goalador@gatanda: command not found
bash: bash:: command not found
[goalador@gatanda hhneuauf.de]$ [goalador@gatanda hhneuauf.de]$ bash: bash:: command not found
bash: [goalador@gatanda: command not found
[goalador@gatanda hhneuauf.de]$ bash: bash:: command not found
bash: bash:: command not found
[goalador@gatanda hhneuauf.de]$ [goalador@gatanda hhneuauf.de]$ [goalador@gatanda hhneuauf.de]$ bash: [goalador@gatanda: command not found
bash: [goalador@gatanda: command not found
[goalador@gatanda hhneuauf.de]$ bash: [goalador@gatanda: command not found
bash: bash:: command not found
[goalador@gatanda hhneuauf.de]$ [goalador@gatanda hhneuauf.de]$ bash: bash:: command not found
bash: [goalador@gatanda: command not found
[goalador@gatanda hhneuauf.de]$ bash: bash:: command not found
bash: bash:: command not found
[goalador@gatanda hhneuauf.de]$ [goalador@gatanda hhneuauf.de]$ [goalador@gatanda hhneuauf.de]$ [goalador@gatanda hhneuauf.de]$ bash: bash:: command not found
bash: [goalador@gatanda: command not found
[goalador@gatanda hhneuauf.de]$ bash: [goalador@gatanda: command not found
bash: bash:: command not found
[goalador@gatanda hhneuauf.de]$ [goalador@gatanda hhneuauf.de]$ bash: [goalador@gatanda: command not found
bash: [goalador@gatanda: command not found
[goalador@gatanda hhneuauf.de]$ bash: bash:: command not found
bash: bash:: command not found
[goalador@gatanda hhneuauf.de]$ [goalador@gatanda hhneuauf.de]$ [goalador@gatanda hhneuauf.de]$ bash: bash:: command not found
bash: [goalador@gatanda: command not found
[goalador@gatanda hhneuauf.de]$ bash: [goalador@gatanda: command not found
bash: bash:: command not found
[goalador@gatanda hhneuauf.de]$ [goalador@gatanda hhneuauf.de]$ bash: bash:: command not found
bash: [goalador@gatanda: command not found
[goalador@gatanda hhneuauf.de]$ bash: bash:: command not found
bash: bash:: command not found
[goalador@gatanda hhneuauf.de]$ [goalador@gatanda hhneuauf.de]$ [goalador@gatanda hhneuauf.de]$ [goalador@gatanda hhneuauf.de]$ [goalador@gatanda hhneuauf.de]$ [goalador@gatanda hhneuauf.de]$ [goalador@gatanda hhneuauf.de]$ bash: bash:: command not found
bash: [goalador@gatanda: command not found
[goalador@gatanda hhneuauf.de]$ bash: [goalador@gatanda: command not found
bash: bash:: command not found
[goalador@gatanda hhneuauf.de]$ [goalador@gatanda hhneuauf.de]$ bash: [goalador@gatanda: command not found
bash: [goalador@gatanda: command not found
[goalador@gatanda hhneuauf.de]$ bash: bash:: command not found
bash: bash:: command not found
[goalador@gatanda hhneuauf.de]$ [goalador@gatanda hhneuauf.de]$ [goalador@gatanda hhneuauf.de]$ bash: [goalador@gatanda: command not found
bash: [goalador@gatanda: command not found
[goalador@gatanda hhneuauf.de]$ bash: [goalador@gatanda: command not found
bash: bash:: command not found
[goalador@gatanda hhneuauf.de]$ [goalador@gatanda hhneuauf.de]$ bash: bash:: command not found
bash: [goalador@gatanda: command not found
[goalador@gatanda hhneuauf.de]$ bash: bash:: command not found
bash: bash:: command not found
[goalador@gatanda hhneuauf.de]$ [goalador@gatanda hhneuauf.de]$ [goalador@gatanda hhneuauf.de]$ nda hhneuauf.de]$ bash: [goalador@gatanda: command not found
bash: [goalador@gatanda: command not found
[goalador@gatanda hhneuauf.de]$ bash: [goalador@gatanda: command not found
bash: bash:: command not found
[goalador@gatanda hhneuauf.de]$ [goalador@gatanda hhneuauf.de]$ bash: [goalador@gatanda: command not found
bash: [goalador@gatanda: command not found
[goalador@gatanda hhneuauf.de]$ bash: bash:: command not found
bash: bash:: command not found
[goalador@gatanda hhneuauf.de]$ [goalador@gatanda hhneuauf.de]$ [goalador@gatanda hhneuauf.de]$ bash: bash:: command not found
bash: [goalador@gatanda: command not found
[goalador@gatanda hhneuauf.de]$ bash: [goalador@gatanda: command not found
bash: bash:: command not found
[goalador@gatanda hhneuauf.de]$ [goalador@gatanda hhneuauf.de]$ bash: bash:: command not found
bash: [goalador@gatanda: command not found
[goalador@gatanda hhneuauf.de]$ bash: bash:: command not found
bash: bash:: command not found
[goalador@gatanda hhneuauf.de]$ [goalador@gatanda hhneuauf.de]$ [goalador@gatanda hhneuauf.de]$ [goalador@gatanda hhneuauf.de]$ [goalador@gatanda hhneuauf.de]$ bash: bash:: command not found
bash: [goalador@gatanda: command not found
[goalador@gatanda hhneuauf.de]$ bash: [goalador@gatanda: command not found
bash: bash:: command not found
[goalador@gatanda hhneuauf.de]$ [goalador@gatanda hhneuauf.de]$ bash: [goalador@gatanda: command not found
bash: [goalador@gatanda: command not found
[goalador@gatanda hhneuauf.de]$ bash: bash:: command not found
bash: bash:: command not found
[goalador@gatanda hhneuauf.de]$ [goalador@gatanda hhneuauf.de]$ [goalador@gatanda hhneuauf.de]$ bash: [goalador@gatanda: command not found
[goalador@gatanda hhneuauf.de]$ bash: [goalador@gatanda: command not found
bash: bash:: command not found
[goalador@gatanda hhneuauf.de]$ [goalador@gatanda hhneuauf.de]$ bash: [goalador@gatanda: command n[goalador@gatanda hhneuauf.de]$ bash: [goalador@gatanda: command not found
bash: bash:: command not found
[goalador@gatanda hhneuauf.de]$ [goalador@gatanda hhneuauf.de]$ bash: [goalador@gatanda: command n
bash: [goalador@gatanda: command not found
[goalador@gatanda hhneuauf.de]$ bash: [goalador@gatanda: command not found
bash: bash:: command not found
[goalador@gatanda hhneuauf.de]$ [goalador@gatanda hhneuauf.de]$ bash: [goalador@gatanda: command not found
bash: [goalador@gatanda: command not found
[goalador@gatanda hhneuauf.de]$ bash: bash:: command not found
bash: bash:: command not found
[goalador@gatanda hhneuauf.de]$ [goalador@gatanda hhneuauf.de]$ [goalador@gatanda hhneuauf.de]$ bash: [goalador@gatanda: command not found
bash: [goalador@gatanda: command not found
[goalador@gatanda hhneuauf.de]$ bash: [goalador@gatanda: command not found
bash: bash:: command not found
[goalador@gatanda hhneuauf.de]$ [goalador@gatanda hhneuauf.de]$ bash: bash:: command not found
bash: [goalador@gatanda: command not found
[goalador@gatanda hhneuauf.de]$ bash: bash:: command not found
bash: bash:: command not found
[goalador@gatanda hhneuauf.de]$ [goalador@gatanda hhneuauf.de]$ [goalador@gatanda hhneuauf.de]$ [goalador@gatanda hhneuauf.de]$ bash: bash:: command not found
bash: [goalador@gatanda: command not found
[goalador@gatanda hhneuauf.de]$ bash: [goalador@gatanda: command not found
bash: bash:: command not found
[goalador@gatanda hhneuauf.de]$ [goalador@gatanda hhneuauf.de]$ bash: [goalador@gatanda: command not found
bash: [goalador@gatanda: command not found
[goalador@gatanda hhneuauf.de]$ bash: bash:: command not found
bash: bash:: command not found
[goalador@gatanda hhneuauf.de]$ [goalador@gatanda hhneuauf.de]$ [goalador@gatanda hhneuauf.de]$ bash: bash:: command not found
bash: [goalador@gatanda: command not found
[goalador@gatanda hhneuauf.de]$ bash: [goalador@gatanda: command not found
bash: bash:: command not found
[goalador@gatanda hhneuauf.de]$ [goalador@gatanda hhneuauf.de]$ bash: bash:: command not found
bash: [goalador@gatanda: command not found
[goalador@gatanda hhneuauf.de]$ bash: bash:: command not found
bash: bash:: command not found
[goalador@gatanda hhneuauf.de]$ [goalador@gatanda hhneuauf.de]$ [goalador@gatanda hhneuauf.de]$ [goalador@gatanda hhneuauf.de]$ [goalador@gatanda hhneuauf.de]$ [goalador@gatanda hhneuauf.de]$ [goalador@gatanda hhneuauf.de]$ [goalador@gatanda hhneuauf.de]$ bash: bash:: command not found
bash: [goalador@gatanda: command not found
[goalador@gatanda hhneuauf.de]$ bash: [goalador@gatanda: command not found
bash: bash:: command not found
[goalador@gatanda hhneuauf.de]$ [goalador@gatanda hhneuauf.de]$ bash: [goalador@gatanda: command not found
bash: [goalador@gatanda: command not found
[goalador@gatanda hhneuauf.de]$ bash: bash:: command not found
bash: bash:: command not found
[goalador@gatanda hhneuauf.de]$ [goalador@gatanda hhneuauf.de]$ [goalador@gatanda hhneuauf.de]$ bash: [goalador@gatanda: command not found
bash: [goalador@gatanda: command not found
[goalador@gatanda hhneuauf.de]$ bash: [goalador@gatanda: command not found
bash: bash:: command not found
[goalador@gatanda hhneuauf.de]$ [goalador@gatanda hhneuauf.de]$ bash: bash:: command not found
bash: [goalador@gatanda: command not found
[goalador@gatanda hhneuauf.de]$ bash: bash:: command not found
bash: bash:: command not found
[goalador@gatanda hhneuauf.de]$ [goalador@gatanda hhneuauf.de]$ [goalador@gatanda hhneuauf.de]$ [goalador@gatanda hhneuauf.de]$ bash: [goalador@gatanda: command not found
bash: [goalador@gatanda: command not found
[goalador@gatanda hhneuauf.de]$ bash: [goalador@gatanda: command not found
bash: bash:: command not found
[goalador@gatanda hhneuauf.de]$ [goalador@gatanda hhneuauf.de]$ bash: [goalador@gatanda: command not found
bash: [goalador@gatanda: command not found
[goalador@gatanda hhneuauf.de]$ bash: bash:: command not found
bash: bash:: command not found
[goalador@gatanda hhneuauf.de]$ [goalador@gatanda hhneuauf.de]$ [goalador@gatanda hhneuauf.de]$ bash: bash:: command not found
bash: [goalador@gatanda: command not found
[goalador@gatanda hhneuauf.de]$ bash: [goalador@gatanda: command not found
bash: bash:: command not found
[goalador@gatanda hhneuauf.de]$ [goalador@gatanda hhneuauf.de]$ bash: bash:: command not found
bash: [goalador@gatanda: command not found
[goalador@gatanda hhneuauf.de]$ bash: bash:: command not found
bash: bash:: command not found
[goalador@gatanda hhneuauf.de]$ [goalador@gatanda hhneuauf.de]$ [goalador@gatanda hhneuauf.de]$ [goalador@gatanda hhneuauf.de]$ nda hhneuauf.de]$ bash: [goalador@gatanda: command not found
bash: [goalador@gatanda: command not found
[goalador@gatanda hhneuauf.de]$ bash: [goalador@gatanda: command not found
bash: bash:: command not found
[goalador@gatanda hhneuauf.de]$ [goalador@gatanda hhneuauf.de]$ bash: [goalador@gatanda: command not found
bash: [goalador@gatanda: command not found
[goalador@gatanda hhneuauf.de]$ bash: bash:: command not found
bash: bash:: command not found
[goalador@gatanda hhneuauf.de]$ [goalador@gatanda hhneuauf.de]$ [goalador@gatanda hhneuauf.de]$ bash: [goalador@gatanda: command not found
bash: [goalador@gatanda: command not found
[goalador@gatanda hhneuauf.de]$ bash: [goalador@gatanda: command not found
bash: bash:: command not found
[goalador@gatanda hhneuauf.de]$ [goalador@gatanda hhneuauf.de]$ bash: bash:: command not found
bash: [goalador@gatanda: command not found
[goalador@gatanda hhneuauf.de]$ bash: bash:: command not found
bash: bash:: command not found
[goalador@gatanda hhneuauf.de]$ [goalador@gatanda hhneuauf.de]$ [goalador@gatanda hhneuauf.de]$ [goalador@gatanda hhneuauf.de]$ bash: bash:: command not found
bash: [goalador@gatanda: command not found
[goalador@gatanda hhneuauf.de]$ bash: [goalador@gatanda: command not found
bash: bash:: command not found
[goalador@gatanda hhneuauf.de]$ [goalador@gatanda hhneuauf.de]$ bash: [goalador@gatanda: command not found
bash: [goalador@gatanda: command not found
[goalador@gatanda hhneuauf.de]$ bash: bash:: command not found
bash: bash:: command not found
[goalador@gatanda hhneuauf.de]$ [goalador@gatanda hhneuauf.de]$ [goalador@gatanda hhneuauf.de]$ bash: bash:: command not found
bash: [goalador@gatanda: command not found
[goalador@gatanda hhneuauf.de]$ bash: [goalador@gatanda: command not found
bash: bash:: command not found
[goalador@gatanda hhneuauf.de]$ [goalador@gatanda hhneuauf.de]$ bash: bash:: command not found
bash: [goalador@gatanda: command not found
[goalador@gatanda hhneuauf.de]$ bash: bash:: command not found
bash: bash:: command not found
[goalador@gatanda hhneuauf.de]$ [goalador@gatanda hhneuauf.de]$ [goalador@gatanda hhneuauf.de]$ [goalador@gatanda hhneuauf.de]$ [goalador@gatanda hhneuauf.de]$ [goalador@gatanda hhneuauf.de]$ bash: bash:: command not found
bash: [goalador@gatanda: command not found
[goalador@gatanda hhneuauf.de]$ bash: [goalador@gatanda: command not found
[goalador@gatanda hhneuauf.de]$ bash: [goalador@gatanda: command not found
bash: bash:: command not found
[goalador@gatanda hhneuauf.de]$ [goalador@gatanda hhneuauf.de]$ bash: bash:: command not found
bash: [goalador@gatanda: command not found
[goalador@gatanda hhneuauf.de]$ bash: bash:: command not found
bash: bash:: command not found
[goalador@gatanda hhneuauf.de]$ [goalador@gatanda hhneuauf.de]$ [goalador@gatanda hhneuauf.de]$ [goalador@gatanda hhneuauf.de]$ bash: bash:: command not found
bash: [goalador@gatanda: command not found
[goalador@gatanda hhneuauf.de]$ bash: [goalador@gatanda: command not found
bash: bash:: command not found
[goalador@gatanda hhneuauf.de]$ [goalador@gatanda hhneuauf.de]$ bash: [goalador@gatanda: command not found
bash: [goalador@gatanda: command not found
[goalador@gatanda hhneuauf.de]$ bash: bash:: command not found
bash: bash:: command not found
[goalador@gatanda hhneuauf.de]$ [goalador@gatanda hhneuauf.de]$ [goalador@gatanda hhneuauf.de]$ bash: bash:: command not found
bash: [goalador@gatanda: command not found
[goalador@gatanda hhneuauf.de]$ bash: [goalador@gatanda: command not found
bash: bash:: command not found
[goalador@gatanda hhneuauf.de]$ [goalador@gatanda hhneuauf.de]$ bash: bash:: command not found
bash: [goalador@gatanda: command not found
[goalador@gatanda hhneuauf.de]$ bash: bash:: command not found
bash: bash:: command not found
[goalador@gatanda hhneuauf.de]$ [goalador@gatanda hhneuauf.de]$ [goalador@gatanda hhneuauf.de]$ [goalador@gatanda hhneuauf.de]$ [goalador@gatanda hhneuauf.de]$ [goalador@gatanda hhneuauf.de]$ [goalador@gatanda hhneuauf.de]$ [goalador@gatanda hhneuauf.de]$ bash: bash:: command not found
bash: [goalador@gatanda: command not found
[goalador@gatanda hhneuauf.de]$ bash: [goalador@gatanda: command not found
bash: bash:: command not found
[goalador@gatanda hhneuauf.de]$ [goalador@gatanda hhneuauf.de]$ bash: [goalador@gatanda: command not found
bash: [goalador@gatanda: command not found
[goalador@gatanda hhneuauf.de]$ bash: bash:: command not found
bash: bash:: command not found
[goalador@gatanda hhneuauf.de]$ [goalador@gatanda hhneuauf.de]$ [goalador@gatanda hhneuauf.de]$ bash: [goalador@gatanda: command not found
bash: [goalador@gatanda: command not found
[goalador@gatanda hhneuauf.de]$ bash: [goalador@gatanda: command not found
bash: bash:: command not found
[goalador@gatanda hhneuauf.de]$ [goalador@gatanda hhneuauf.de]$ bash: bash:: command not found
bash: [goalador@gatanda: command not found
[goalador@gatanda hhneuauf.de]$ bash: bash:: command not found
bash: bash:: command not found
[goalador@gatanda hhneuauf.de]$ [goalador@gatanda hhneuauf.de]$ [goalador@gatanda hhneuauf.de]$ [goalador@gatanda hhneuauf.de]$ bash: [goalador@gatanda: command not found
bash: [goalador@gatanda: command not found
[goalador@gatanda hhneuauf.de]$ bash: [goalador@gatanda: command not found
bash: bash:: command not found
[goalador@gatanda hhneuauf.de]$ [goalador@gatanda hhneuauf.de]$ bash: [goalador@gatanda: command not found
bash: [goalador@gatanda: command not found
[goalador@gatanda hhneuauf.de]$ bash: bash:: command not found
bash: bash:: command not found
[goalador@gatanda hhneuauf.de]$ [goalador@gatanda hhneuauf.de]$ [goalador@gatanda hhneuauf.de]$ bash: bash:: command not found
bash: [goalador@gatanda: command not found
[goalador@gatanda hhneuauf.de]$ bash: [goalador@gatanda: command not found
bash: bash:: command not found
[goalador@gatanda hhneuauf.de]$ [goalador@gatanda hhneuauf.de]$ bash: bash:: command not found
bash: [goalador@gatanda: command not found
[goalador@gatanda hhneuauf.de]$ bash: bash:: command not found
bash: bash:: command not found
[goalador@gatanda hhneuauf.de]$ [goalador@gatanda hhneuauf.de]$ [goalador@gatanda hhneuauf.de]$ [goalador@gatanda hhneuauf.de]$ nda hhneuauf.de]$ bash: [goalador@gatanda: command not found
bash: [goalador@gatanda: command not found
[goalador@gatanda hhneuauf.de]$ bash: [goalador@gatanda: command not found
bash: bash:: command not found
[goalador@gatanda hhneuauf.de]$ [goalador@gatanda hhneuauf.de]$ bash: [goalador@gatanda: command not found
bash: [goalador@gatanda: command not found
[goalador@gatanda hhneuauf.de]$ bash: bash:: command not found
bash: bash:: command not found
[goalador@gatanda hhneuauf.de]$ [goalador@gatanda hhneuauf.de]$ [goalador@gatanda hhneuauf.de]$ bash: [goalador@gatanda: command not found
bash: [goalador@gatanda: command not found
[goalador@gatanda hhneuauf.de]$ bash: [goalador@gatanda: command not found
bash: bash:: command not found
[goalador@gatanda hhneuauf.de]$ [goalador@gatanda hhneuauf.de]$ bash: bash:: command not found
bash: [goalador@gatanda: command not found
[goalador@gatanda hhneuauf.de]$ bash: bash:: command not found
bash: bash:: command not found
[goalador@gatanda hhneuauf.de]$ [goalador@gatanda hhneuauf.de]$ [goalador@gatanda hhneuauf.de]$ [goalador@gatanda hhneuauf.de]$ bash: bash:: command not found
bash: [goalador@gatanda: command not found
[goalador@gatanda hhneuauf.de]$ bash: [goalador@gatanda: command not found
bash: bash:: command not found
[goalador@gatanda hhneuauf.de]$ [goalador@gatanda hhneuauf.de]$ bash: [goalador@gatanda: command not found
bash: [goalador@gatanda: command not found
[goalador@gatanda hhneuauf.de]$ bash: bash:: command not found
bash: bash:: command not found
[goalador@gatanda hhneuauf.de]$ [goalador@gatanda hhneuauf.de]$ [goalador@gatanda hhneuauf.de]$ bash: bash:: command not found
bash: [goalador@gatanda: command not found
[goalador@gatanda hhneuauf.de]$ bash: [goalador@gatanda: command not found
bash: bash:: command not found
[goalador@gatanda hhneuauf.de]$ [goalador@gatanda hhneuauf.de]$ bash: bash:: command not found
bash: [goalador@gatanda: command not found
[goalador@gatanda hhneuauf.de]$ bash: bash:: command not found
bash: bash:: command not found
[goalador@gatanda hhneuauf.de]$ [goalador@gatanda hhneuauf.de]$ [goalador@gatanda hhneuauf.de]$ [goalador@gatanda hhneuauf.de]$ [goalador@gatanda hhneuauf.de]$ [goalador@gatanda hhneuauf.de]$ bash: bash:: command not found
bash: [goalador@gatanda: command not found
[goalador@gatanda hhneuauf.de]$ bash: [goalador@gatanda: command not found
bash: bash:: command not found
[goalador@gatanda hhneuauf.de]$ [goalador@gatanda hhneuauf.de]$ bash: bash:: command not found
bash: [goalador@gatanda: command not found
clear
bluetoothctl
bluetoothctl
bluetoothctl
[[HG] Controller C8:F7:33:33:E2:F7 UUIDs: 00001801-0000-1000-8000-00805f9b34fb
[CHG] Controllroller C8:F7:33:33:E2:F7 UUIDs: 0000110b-0000-1000-8000-00805f9b34fb
[CHG] Controller C8:F7:33:33:E2:F7 Class: 0x0c010c
[CHG] Controller C8:F7:33:33:E2:F7 UUIDs: 00001112-0000-1000-8000-00805f9b34fb
[CHG] Controller C8:F7:33:33:E2:F7 UUIDs: 00001801-0000-1000-8000-00805f9b34fb
[CHG] Controller C8:F7:33:33:E2:F7 UUIDs: 0000110e-0000-1000-8000-00805f9b34fb
[CHG] Controller CCControllerController C8:F7:33:33:E2:F7 UUIDs: 00001800-0000-1000-8000-00805f9b34fb
[CHG] Controller C8:F7:33:33:E2:F7 UUIDs: 00001200-0000-1000-8000-00805f9b34fb
[CHG] Controller] Controller C8:F7:33:33:E2:F7 UUIDs: 00001800-0000-1000-8000-00805f9b34fb
[CHG[CHG] Controller C8:F7:33:33:E2:F7 UUIDs: 00001800-0000-1000-8000-00805f9b34fb
[CHG] Controller C8:F7:33:33:E2:F7 UUIDs: 00001200-0000-1000-8000-00805f9b34fb
[CHG] Controller C8:F7:33:33:E2:F7 UUIDs: 0000110c-0000-1000-8000-00805f9b34fb
[CHG] Controller C8:F7:33:33:E2:F7 UUIDs: 0000110a-0000-1000-8000-00805f9b34fb
[CHG] Controller C8:F7:33:33:E2:F7 UUIDs: 0000110b-0000-1000-8000-00805f9b34fb
[CHG] Controller C8:F7:33:33:E2:F7 UUIDs: 00001112-0000-1000-8000-00805f9b34fb
[CHG] Controller C8:F7:33:33:E2:F7 UUIDs: 00001801-0000-1000-8000-00805f9b34fb
[CHG] Controller C8:F7:33:33:E2:F7 UUIDs: 0000110e-0000-1000-8000-00805f9b34fb
[CHG] Controller C8:F7:33:33:E2:F7 UUIDs: 00001800-0000-1000-8000-00805f9b34fb
[CHG] Controller C8:F7:33:33:E2:F7 UUIDs: 00001200-0000-1000-8000-00805f9b34fb
[CHG] Controller C8:F7:33:33:E2:F7 UUIDs: 0000110c-0000-1000-8000-00805f9b34fb
[CHG] Controller C8:F7:33:33:E2:F7 UUIDs: 0000110a-0000-1000-8000-00805f9b34fb
[CHG] Controller C8:F7:33:33:E2:F7 UUIDs: 0000110b-0000-1000-8000-00805f9b34fb
[CHG] Controller C8:F7:33:33:E2:F7 UUIDs: 00001112-0000-1000-8000-00805f9b34fb
[CHG] Controller C8:F7:33:33:E2:F7 UUIDs: 00001801-0000-1000-8000-00805f9b34fb
[CHG] Controller C8:F7:33:33:E2:F7 UUIDs: 0000110e-0000-1000-8000-00805f9b34fb
[CHG] Controller C8:F7:33:33:E2:F7 UUIDs: 00001800-0000-1000-8000-00805f9b34fb
[CHG] Controller C8:F7:33:33:E2:F7 UUIDs: 00001200-0000-1000-8000-00805f9b34fb
[CHG] Controller C8:F7:33:33:E2:F7 UUIDs: 0000110c-0000-1000-8000-00805f9b34fb
[CHG] Controller C8:F7:33:33:E2:F7 UUIDs: 0000110a-0000-1000-8000-00805f9b34fb
[CHG] Controller C8:F7:33:33:E2:F7 UUIDs: 0000110b-0000-1000-8000-00805f9b34fb
[CHG] Controller C8:F7:33:33:E2:F7 UUIDs: 00001112-0000-1000-8000-00805f9b34fb
[CHG] Controller C8:F7:33:33:E2:F7 UUIDs: 00001801-0000-1000-8000-00805f9b34fb
[CHG] Controller C8:F7:33:33:E2:F7 UUIDs: 0000110e-0000-1000-8000-00805f9b34fb
[CHG] Controller C8:F7:33:33:E2:F7 UUIDs: 00001800-0000-1000-8000-00805f9b34fb
[CHG] Controller C8:F7:33:33:E2:F7 UUIDs: 00001200-0000-1000-8000-00805f9b34fb
[CHG] Controller C8:F7:33:33:E2:F7 UUIDs: 0000110c-0000-1000-8000-00805f9b34fb
[CHG] Controller C8:F7:33:33:E2:F7 UUIDs: 0000110a-0000-1000-8000-00805f9b34fb
[CHG] Controller C8:F7:33:33:E2:F7 UUIDs: 0000110b-0000-1000-8000-00805f9b34fb
[CHG] Controller C8:F7:33:33:E2:F7 Pairable: yes
[CHG] Controller C8:F7:33:33:E2:F7 Class: 0x08010c
[CHG] Controller C8:F7:33:33:E2:F7 UUIDs: 00001112-0000-1000-8000-00805f9b34fb
[CHG] Controller C8:F7:33:33:E2:F7 UUIDs: 00001801-0000-1000-8000-00805f9b34fb
[CHG] Controller C8:F7:33:33:E2:F7 UUIDs: 0000110e-0000-1000-8000-00805f9b34fb
[CHG] Controller C8:F7:33:33:E2:F7 UUIDs: 00001800-0000-1000-8000-00805f9b34fb
[CHG] Controller C8:F7:33:33:E2:F7 UUIDs: 00001200-0000-1000-8000-00805f9b34fb
[CHGor@gatanda hhneuauf.de]$ [CHG] Controller C8:F7:33:33:E2:F7 UUIDs: 0000110b-0000-1000-8000-00805f9b34fb
bash: [CHG]: command not found
[goalad[CHG]:shshbash: [CHG]: command not found
[[goalador@gatanda hhneuauf.de]$ [CHG] Controller C8:F7:33:33:E2:F7 UUIDs: 00001800-0000-1000-8000-00805f9b34fb
bash:bash: [CHG]: command not found
[bash: [CHG]: command not found
[bash: [CHG]: command not found
[[goalador@gatanda hhneuauf.de]$ [CHG] Controller C8:F7:33:33:E2:F7 UUIDs: 00001800-0000-1000-8000-00805f9b34fb
bash: [CHG]: command not found
[goalador@gatanda hhneuauf.de]$ [CHG] Controller C8:F7:33:33:E2:F7 UUIDs: 00001200-0000-1000-8000-00805f9b34fb
bash: [CHG]: command not found
[goalador@gatanda hhneuauf.de]$ [CHG] Controller C8:F7:33:33:E2:F7 UUIDs: 0000110c-0000-1000-8000-00805f9b34fb
bash: [CHG]: command not found
[goalador@gatanda hhneuauf.de]$ [CHG] Controller C8:F7:33:33:E2:F7 UUIDs: 0000110a-0000-1000-8000-00805f9b34fb
bash: [CHG]: command not found
[goalador@gatanda hhneuauf.de]$ [CHG] Controller C8:F7:33:33:E2:F7 UUIDs: 0000110b-0000-1000-8000-00805f9b34fb
bash: [CHG]: command not found
[goalador@gatanda hhneuauf.de]$ [CHG] Controller C8:F7:33:33:E2:F7 UUIDs: 00001112-0000-1000-8000-00805f9b34fb
bash:bash: [CHG]: command not found
[goalador@gatanda hhneuauf.de]$ [CHG] Controller C8:F7:33:33:E2:F7 UUIDs: 0000110c-0000-1000-8000-00805f9b34fb
bbash: [CHG]: command not found
[goalador@gatanda hhneuauf.de]$ [CHG] Controller C8:F7:33:33:E2:F7 UUIDs: 0000110c-0000-1000-8000-00805f9b34fb
bbash:[goalador@gatanda hhneuauf.de]$ [CHGor@gatanda hhneuauf.de]$ [CHG] Controller C8:F7:33:33:E2:F7 UUIDs: 0000110b-0000-1000-8000-00805f9b34fb
bash: [CHGor@gatanda: command not found
[gsh: [goalador@gatanda: command not found
[goalador@gatanda hhneuauf.de]$ bash: [CHG]: command not found
bash: bash:: command not found
[goalador@gatanda hhneuauf.de]$ [goalador@gatanda hhneuauf.de]$ [CHG] Controller C8:F7:33:33:E2:F7 UUIDs: 0000110c-0000-1000-8000-00805f9b34fb
bash: [goalador@gatanda: command not found
[goalador@gatanda hhneuauf.de]$ bash: [CHG]: command not found
bash: bash:: command not found
[goalador@gatanda hhneuauf.de]$ [goalador@gatanda hhneuauf.de]$ [CHG] Controller C8:F7:33:33:E2:F7 UUIDs: 0000110a-0000-1000-8000-00805f9b34fb
bash: [goalador@gatanda: command not found
[goalador@gatanda hhneuauf.de]$ bash: [CHG]: command not found
sh: [goalador@gatanda: command not found
[goalador@gatanda hhneuauf.de]$ bash: [CHG]: command not found
bash: bash:: command not found
[goalador@gatanda hhneuauf.de]$ [goalador@gatanda hhneuauf.de]$ [CHG] Controller C8:F7:33:33:E2:F7 UUIDs: 0000110c-0000-1000-8000-00805f9b34fb
bash: [goalador@gatanda: command not found
[goalador@gatanda hhneuauf.de]$ bash: [CHG]: command not found
bash: bash:: command not found
[goalador@gatanda hhneuauf.de]$ [goalador@gatanda hhneuauf.de]$ [CHG] Controller C8:F7:33:33:E2:F7 UUIDs: 0000110a-0000-1000-8000-00805f9b34fb
bash: [goalador@gatanda: command not found
[goalador@gatanda hhneuauf.de]$ bash: [CHG]: command not found
alador@gatanda: command not found
[goalador@gatanda hhneuauf.de]$ bash:bash: [CHG]: command not found
bash: bash:bash:: command not found
da hhneuauf.de]$ [goalador@gatanda hhneuauf.de]$ [CHG] Controller C8:F7:33:33:E2:F7 UUIDs: 0000110b-0000-1000-8000-00805f9b34fb
bash: [goalador@gatanda: command not found
[goalador@gatanda hhneuauf.de]$ bash: [CHG]: command not found
bash: bash:: command not found
[goalador@gatanda hhneuauf.de]$ [goalador@gatanda hhneuauf.de]$ [CHG] Controller C8:F7:33:33:E2:F7 UUIDs: 00001112-0000-1000-8000-00805f9b34fb
bash: [goalador@gatanda: command not found
[goalador@gatanda hhneuauf.de]$ bash:bash: [CHG]: command not found
bash: bash:bash:: command not found
[goalador@gatanda hhneuauf.de]$ [goalador@gatanda hhneuauf.de]$ [CHG] Controller C8:F7:33:33:E2:F7 UUIDs: 0000110c-0000-1000-8000-00805f9b34fb
bash: [goalador@gatanda: command not found
[goalador@gatanda hhneuauf.de]$ bbash: [CHG]: command not found
bash: bbash:: command not found
[goalador@gatanda hhneuauf.de]$ [goalador@gatanda hhneuauf.de]$ [CHG] Controller C8:F7:33:33:E2:F7 UUIDs: 0000110c-0000-1000-8000-00805f9b34fb
bash: [goalador@gatanda: command not found
[goalador@gatanda hhneuauf.de]$ bbash:[goalador@gatanda hhneuauf.de]$ [CHGor@gatanda hhneuauf.de]$ [CHG] Controller C8:F7:33:33:E2:F7 UUIDs: 0000110b-0000-1000-8000-00805f9b34fbbash: bbash:[goalador@gatanda: command not found
[goalador@gatanda hhneuauf.de]$ bash: [CHGor@gatanda: command not found
bash: bash:: command not found
[goalador@gatandhhneuauf.de]$ bash: bash:: command not found
bash: bash:: command not found
[goalador@gatanda hhneuauf.de]$ [goalador@gatanda hhneuauf.de]$ [goalador@gatanda hhneuauf.de]$ [CHG] Controller C8:F7:33:33:E2:F7 UUIDs: 0000110a-0000-1000-8000-00805f9b34fb
bash: [goalador@gatanda: command not found
[goalador@gatanda hhneuauf.de]$ bash: [goalador@gatanda: command not found
bash: bash:: command not found
[goalador@gatanda hhneuauf.de]$ [goalador@gatanda hhneuauf.de]$ bash: [CHG]: command not found
bash: [goalador@gatanda: command not found
[goalador@gatanda hhneuauf.de]$ sh: [goalador@gatanda: command not found
bash: sh:: command not found
[goalador@gatanda hhneuauf.de]$ [goalador@gatanda hhneuauf.de]$ bash: [CHG]: command not found
bash: [goalador@gatanda: command not found
[goalador@gatanda hhneuauf.de]$ bash: bash:: command not found
bash: bash:: command not found
[goalador@gatanda hhneuauf.de]$ [goalador@gatanda hhneuauf.de]$ [goalador@gatanda hhneuauf.de]$ [CHG] Controller C8:F7:33:33:E2:F7 UUIDs: 0000110c-0000-1000-8000-00805f9b34fb
bash: [goalador@gatanda: command not found
[goalador@gatanda hhneuauf.de]$ bash: [goalador@gatanda: command not found
bash: bash:: command not found
[goalador@gatanda hhneuauf.de]$ [goalador@gatanda hhneuauf.de]$ bash: [CHG]: command not found
bash: [goalador@gatanda: command not found
[goalador@gatanda hhneuauf.de]$ bash: bash:: command not found
bash: bash:: command not found
[goalador@gatanda hhneuauf.de]$ [goalador@gatanda hhneuauf.de]$ [goalador@gatanda hhneuauf.de]$ [CHG] Controller C8:F7:33:33:E2:F7 UUIDs: 0000110a-0000-1000-8000-00805f9b34fb
bash: [goalador@gatanda: command not found
[goalador@gatanda hhneuauf.de]$ bash: [goalador@gatanda: command not found
bash: bash:: command not found
[goalador@gatanda hhneuauf.de]$ [goalador@gatanda hhneuauf.de]$ bash: [CHG]: command not found
bash: [goalador@gatanda: command not found
[goalador@gatanda hhneuauf.de]$ alador@gatanda: command not found
bash: alador@gatanda:: command not found
[goalador@gatanda hhneuauf.de]$ [goalador@gatanda hhneuauf.de]$ bash:bash: [CHG]: command not found
bash: [goalador@gatanda: command not found
[goalador@gatanda hhneuauf.de]$ bash: bash:bash:: command not found
bash: bash:: command not found
[goalador@gatanda hhneuauf.de]$ da hhneuauf.de]$ [goalador@gatanda hhneuauf.de]$ [CHG] Controller C8:F7:33:33:E2:F7 UUIDs: 0000110b-0000-1000-8000-00805f9b34fb
bash: da: command not found
[goalador@gatanda hhneuauf.de]$ bash: [goalador@gatanda: command not found
bash: bash:: command not found
[goalador@gatanda hhneuauf.dehhneuauf.de]$ bash: bash:: command not found
bash: bash:: command not found
[goalador@gatanda hhneuauf.de]$ [goalador@gatanda hhneuauf.de]$ [goalador@gatanda hhneuauf.de]$ [CHG] Controller C8:F7:33:33:E2:F7 UUIDs: 0000110a-0000-1000-8000-00805f9b34fb
bash: [goalador@gatanda: command not found
[goalador@gatanda hhneuauf.de]$ bash: [goalador@gatanda: command not found
bash: bash:: command not found
[goalador@gatanda hhneuauf.de]$ [goalador@gatanda hhneuauf.de]$ bash: [CHG]: command not found
bash: [goalador@gatanda: command not found
[goalador@gatanda hhneuauf.de]$ sh: [goalador@gatanda: command not found
bash: sh:: command not found
[goalador@gatanda hhneuauf.de]$ [goalador@gatanda hhneuauf.de]$ bash: [CHG]: command not found
bash: [goalador@gatanda: command not found
[goalador@gatanda hhneuauf.de]$ bash: bash:: command not found
bash: bash:: command not found
[goalador@gatanda hhneuauf.de]$ [goalador@gatanda hhneuauf.de]$ [goalador@gatanda hhneuauf.de]$ [CHG] Controller C8:F7:33:33:E2:F7 UUIDs: 0000110c-0000-1000-8000-00805f9b34fb
bash: [goalador@gatanda: command not found
[goalador@gatanda hhneuauf.de]$ bash: [goalador@gatanda: command not found
bash: bash:: command not found
[goalador@gatanda hhneuauf.de]$ [goalador@gatanda hhneuauf.de]$ bash: [CHG]: command not found
bash: [goalador@gatanda: command not found
[goalador@gatanda hhneuauf.de]$ bash: bash:: command not found
bash: bash:: command not found
[goalador@gatanda hhneuauf.de]$ [goalador@gatanda hhneuauf.de]$ [goalador@gatanda hhneuauf.de]$ [CHG] Controller C8:F7:33:33:E2:F7 UUIDs: 0000110a-0000-1000-8000-00805f9b34fb
bash: [goalador@gatanda: command not found
[goalador@gatanda hhneuauf.de]$ bash: [goalador@gatanda: command not found
bash: bash:: command not found
[goalador@gatanda hhneuauf.de]$ [goalador@gatanda hhneuauf.de]$ bash: [CHG]: command not found
bash: [goalador@gatanda: command not found
[goalador@gatanda hhneuauf.de]$ alador@gatanda: command not found
bash: alador@gatanda:: command not found
[goalador@gatanda hhneuauf.de]$ [goalador@gatanda hhneuauf.de]$ bash:bash: [CHG]: command not found
bash: [goalador@gatanda: command not found
[goalador@gatanda hhneuauf.de]$ bash: bash:bash:: command not found
bash: bash:: command not found
[goalador@gatanda hhneuauf.de]$ da hhneuauf.de]$ [goalador@gatanda hhneuauf.de]$ [CHG] Controller C8:F7:33:33:E2:F7 UUIDs: 0000110b-0000-1000-8000-00805f9b34fb
bash: da: command not found
[goalador@gatanda hhneuauf.de]$ bash: [goalador@gatanda: command not found
bash: bash:: command not found
[goalador@gatanda hhneuauf.dehhneuauf.de]$ bash: bash:: command not found
bash: bash:: command not found
[goalador@gatanda hhneuauf.de]$ [goalador@gatanda hhneuauf.de]$ [goalador@gatanda hhneuauf.de]$ [CHG] Controller C8:F7:33:33:E2:F7 UUIDs: 0000110a-0000-1000-8000-00805f9b34fb
bash: [goalador@gatanda: command not found
[goalador@gatanda hhneuauf.de]$ bash: [goalador@gatanda: command not found
bash: bash:: command not found
[goalador@gatanda hhneuauf.de]$ [goalador@gatanda hhneuauf.de]$ bash: [CHG]: command not found
bash: [goalador@gatanda: command not found
[goalador@gatanda hhneuauf.de]$ sh: [goalador@gatanda: command not found
bash: sh:: command not found
[goalador@gatanda hhneuauf.de]$ [goalador@gatanda hhneuauf.de]$ bash: [CHG]: command not found
bash: [goalador@gatanda: command not found
[goalador@gatanda hhneuauf.de]$ bash: bash:: command not found
bash: bash:: command not found
[goalador@gatanda hhneuauf.de]$ [goalador@gatanda hhneuauf.de]$ [goalador@gatanda hhneuauf.de]$ [CHG] Controller C8:F7:33:33:E2:F7 UUIDs: 0000110c-0000-1000-8000-00805f9b34fb
bash: [goalador@gatanda: command not found
[goalador@gatanda hhneuauf.de]$ bash: [goalador@gatanda: command not found
bash: bash:: command not found
[goalador@gatanda hhneuauf.de]$ [goalador@gatanda hhneuauf.de]$ bash: [CHG]: command not found
bash: [goalador@gatanda: command not found
[goalador@gatanda hhneuauf.de]$ bash: bash:: command not found
bash: bash:: command not found
[goalador@gatanda hhneuauf.de]$ [goalador@gatanda hhneuauf.de]$ [goalador@gatanda hhneuauf.de]$ [CHG] Controller C8:F7:33:33:E2:F7 UUIDs: 0000110a-0000-1000-8000-00805f9b34fb
bash: [goalador@gatanda: command not found
[goalador@gatanda hhneuauf.de]$ bash: [goalador@gatanda: command not found
bash: bash:: command not found
[goalador@gatanda hhneuauf.de]$ [goalador@gatanda hhneuauf.de]$ bash: [CHG]: command not found
bash: [goalador@gatanda: command not found
[goalador@gatanda hhneuauf.de]$ alador@gatanda: command not found
bash: alador@gatanda:: command not found
[goalador@gatanda hhneuauf.de]$ [goalador@gatanda hhneuauf.de]$ bash:bash: [CHG]: command not found
bash: [goalador@gatanda: command not found
[goalador@gatanda hhneuauf.de]$ bash: bash:bash:: command not found
bash: bash:: command not found
[goalador@gatanda hhneuauf.de]$ da hhneuauf.de]$ [goalador@gatanda hhneuauf.de]$ [CHG] Controller C8:F7:33:33:E2:F7 UUIDs: 0000110b-0000-1000-8000-00805f9b34fb
bash: da: command not found
[goalador@gatanda hhneuauf.de]$ bash: [goalador@gatanda: command not found
bash: bash:: command not found
[goalador@gatanda hhneuauf.de]$ [goalador@gatanda hhneuauf.de]$ bash: [CHG]: command not found
bash: [goalador@gatanda: command not found
[goalador@gatanda hhneuauf.de]$ bash: bash:: command not found
bash: bash:: command not found
[goalador@gatanda hhneuauf.de]$ [goalador@gatanda hhneuauf.de]$ [goalador@gatanda hhneuauf.de]$ [CHG] Controller C8:F7:33:33:E2:F7 UUIDs: 00001112-0000-1000-8000-00805f9b34fb
bash: [goalador@gatanda: command not found
[goalador@gatanda hhneuauf.de]$ bash: [goalador@gatanda: command not found
bash: bash:: command not found
[goalador@gatanda hhneuauf.de]$ [goalador@gatanda hhneuauf.de]$ bash:bash: [CHG]: command not found
bash: [goalador@gatanda: command not found
[goalador@gatanda hhneuauf.de]$ bash: bash:bash:: command not found
bash: bash:: command not found
[goalador@gatanda hhneuauf.de]$ [goalador@gatanda hhneuauf.de]$ [goalador@gatanda hhneuauf.de]$ [CHG] Controller C8:F7:33:33:E2:F7 UUIDs: 0000110c-0000-1000-8000-00805f9b34fb
bash: [goalador@gatanda: command not found
[goalador@gatanda hhneuauf.de]$ bash: [goalador@gatanda: command not found
bash: bash:: command not found
[goalador@gatanda hhneuauf.de]$ [goalador@gatanda hhneuauf.de]$ bbash: [CHG]: command not found
bash: [goalador@gatanda: command not found
[goalador@gatanda hhneuauf.de]$ bash: bbash:: command not found
bash: bash:: command not found
[goalador@gatanda hhneuauf.de]$ [goalador@gatanda hhneuauf.de]$ [goalador@gatanda hhneuauf.de]$ [CHG] Controller C8:F7:33:33:E2:F7 UUIDs: 0000110c-0000-1000-8000-00805f9b34fb
bash: [goalador@gatanda: command not found
[goalador@gatanda hhneuauf.de]$ bash: [goalador@gatanda: command not found
bash: bash:: command not found
[goalador@gatanda hhneuauf.de]$ [goalador@gatanda hhneuauf.de]$ bbash:[goalador@gatanda hhneuauf.de]$ [CHGor@gatanda hhneuauf.de]$ [CHG] Controller C8:F7:33:33:E2:F7 UUIDs: 0000110b-0000-1000-8000-00805f9b34fbbash: bbash:[goalador@gatanda: command not found
bash: [goalador@gatanda: command not found
[goalador@gatanda hhneuauf.de]$ [goalador@gatanda hhneuauf.de]$ bash: [CHGor@gatanda: command not found
bash: [goalador@gatanda: command not found
[goalador@gatanda hhneuauf.de]$ bash: bash:: command not found
bash: bash:: command not found
[goalador@gatanda hhneuauf.de]$ [goalador@gatandhhneuauf.de]$ bash: bash:: command not found
bash: [goalador@gatandhhneuauf.de]$: command not found
[goalador@gatanda hhneuauf.de]$ bash: bash:: command not found
bash: bash:: command not found
[goalador@gatanda hhneuauf.de]$ [goalador@gatanda hhneuauf.de]$ [goalador@gatanda hhneuauf.de]$ [goalador@gatanda hhneuauf.de]$ [CHG] Controller C8:F7:33:33:E2:F7 UUIDs: 0000110a-0000-1000-8000-00805f9b34fb
bash: [goalador@gatanda: command not found
[goalador@gatanda hhneuauf.de]$ bash: [goalador@gatanda: command not found
bash: bash:: command not found
[goalador@gatanda hhneuauf.de]$ [goalador@gatanda hhneuauf.de]$ bash: [goalador@gatanda: command not found
bash: [goalador@gatanda: command not found
[goalador@gatanda hhneuauf.de]$ bash: bash:: command not found
bash: bash:: command not found
[goalador@gatanda hhneuauf.de]$ [goalador@gatanda hhneuauf.de]$ [goalador@gatanda hhneuauf.de]$ bash: [CHG]: command not found
bash: [goalador@gatanda: command not found
[goalador@gatanda hhneuauf.de]$ bash: [goalador@gatanda: command not found
bash: bash:: command not found
[goalador@gatanda hhneuauf.de]$ [goalador@gatanda hhneuauf.de]$ sh: [goalador@gatanda: command not found
bash: [goalador@gatanda: command not found
[goalador@gatanda hhneuauf.de]$ bash: sh:: command not found
bash: bash:: command not found
[goalador@gatanda hhneuauf.de]$ [goalador@gatanda hhneuauf.de]$ [goalador@gatanda hhneuauf.de]$ bash: [CHG]: command not found
bash: [goalador@gatanda: command not found
[goalador@gatanda hhneuauf.de]$ bash: [goalador@gatanda: command not found
bash: bash:: command not found
[goalador@gatanda hhneuauf.de]$ [goalador@gatanda hhneuauf.de]$ bash: bash:: command not found
bash: [goalador@gatanda: command not found
[goalador@gatanda hhneuauf.de]$ bash: bash:: command not found
bash: bash:: command not found
[goalador@gatanda hhneuauf.de]$ [goalador@gatanda hhneuauf.de]$ [goalador@gatanda hhneuauf.de]$ [goalador@gatanda hhneuauf.de]$ [CHG] Controller C8:F7:33:33:E2:F7 UUIDs: 0000110c-0000-1000-8000-00805f9b34fb
bash: [goalador@gatanda: command not found
[goalador@gatanda hhneuauf.de]$ bash: [goalador@gatanda: command not found
bash: bash:: command not found
[goalador@gatanda hhneuauf.de]$ [goalador@gatanda hhneuauf.de]$ bash: [goalador@gatanda: command not found
bash: [goalador@gatanda: command not found
[goalador@gatanda hhneuauf.de]$ bash: bash:: command not found
bash: bash:: command not found
[goalador@gatanda hhneuauf.de]$ [goalador@gatanda hhneuauf.de]$ [goalador@gatanda hhneuauf.de]$ bash: [CHG]: command not found
bash: [goalador@gatanda: command not found
[goalador@gatanda hhneuauf.de]$ bash: [goalador@gatanda: command not found
bash: bash:: command not found
[goalador@gatanda hhneuauf.de]$ [goalador@gatanda hhneuauf.de]$ bash: bash:: command not found
bash: [goalador@gatanda: command not found
[goalador@gatanda hhneuauf.de]$ bash: bash:: command not found
bash: bash:: command not found
[goalador@gatanda hhneuauf.de]$ [goalador@gatanda hhneuauf.de]$ [goalador@gatanda hhneuauf.de]$ [goalador@gatanda hhneuauf.de]$ [CHG] Controller C8:F7:33:33:E2:F7 UUIDs: 0000110a-0000-1000-8000-00805f9b34fb
bash: [goalador@gatanda: command not found
[goalador@gatanda hhneuauf.de]$ bash: [goalador@gatanda: command not found
bash: bash:: command not found
[goalador@gatanda hhneuauf.de]$ [goalador@gatanda hhneuauf.de]$ bash: [goalador@gatanda: command not found
bash: [goalador@gatanda: command not found
[goalador@gatanda hhneuauf.de]$ bash: bash:: command not found
bash: bash:: command not found
[goalador@gatanda hhneuauf.de]$ [goalador@gatanda hhneuauf.de]$ [goalador@gatanda hhneuauf.de]$ bash: [CHG]: command not found
bash: [goalador@gatanda: command not found
[goalador@gatanda hhneuauf.de]$ bash: [goalador@gatanda: command not found
bash: bash:: command not found
[goalador@gatanda hhneuauf.de]$ [goalador@gatanda hhneuauf.de]$ alador@gatanda: command not found
bash: [goalador@gatanda: command not found
[goalador@gatanda hhneuauf.de]$ bash: alador@gatanda:: command not found
bash: bash:: command not found
[goalador@gatanda hhneuauf.de]$ [goalador@gatanda hhneuauf.de]$ [goalador@gatanda hhneuauf.de]$ bash:bash: [CHG]: command not found
bash: [goalador@gatanda: command not found
[goalador@gatanda hhneuauf.de]$ bash: [goalador@gatanda: command not found
bash: bash:: command not found
[goalador@gatanda hhneuauf.de]$ [goalador@gatanda hhneuauf.de]$ bash: bash:bash:: command not found
bash: [goalador@gatanda: command not found
[goalador@gatanda hhneuauf.de]$ bash: bash:: command not found
bash: bash:: command not found
[goalador@gatanda hhneuauf.de]$ [goalador@gatanda hhneuauf.de]$ da hhneuauf.de]$ [goalador@gatanda hhneuauf.de]$ [CHG] Controller C8:F7:33:33:E2:F7 UUIDs: 0000110b-0000-1000-8000-00805f9b34fb
bash: [goalador@gatanda: command not found
[goalador@gatanda hhneuauf.de]$ bash: da: command not found
bash: bash:: command not found
[goalador@gatanda hhneuauf.de]$ [goalador@gatanda hhneuauf.de]$ bash: [goalador@gatanda: command not found
bash: [goalador@gatanda: command not found
[goalador@gatanda hhneuauf.de]$ bash: bash:: command not found
bash: bash:: command not found
[goalador@gatanda hhneuauf.de]$ [goalador@gatanda hhneuauf.dehhneuauf.de]$ bash: bash:: command not found
bash: [goalador@gatanda: command not found
[goalador@gatanda hhneuauf.de]$ bash: bash:: command not found
bash: bash:: command not found
[goalador@gatanda hhneuauf.de]$ [goalador@gatanda hhneuauf.de]$ [goalador@gatanda hhneuauf.de]$ [goalador@gatanda hhneuauf.de]$ [CHG] Controller C8:F7:33:33:E2:F7 UUIDs: 0000110a-0000-1000-8000-00805f9b34fb
bash: [goalador@gatanda: command not found
[goalador@gatanda hhneuauf.de]$ bash: [goalador@gatanda: command not found
bash: bash:: command not found
[goalador@gatanda hhneuauf.de]$ [goalador@gatanda hhneuauf.de]$ bash: [goalador@gatanda: command not found
bash: [goalador@gatanda: command not found
[goalador@gatanda hhneuauf.de]$ bash: bash:: command not found
bash: bash:: command not found
[goalador@gatanda hhneuauf.de]$ [goalador@gatanda hhneuauf.de]$ [goalador@gatanda hhneuauf.de]$ bash: [CHG]: command not found
bash: [goalador@gatanda: command not found
[goalador@gatanda hhneuauf.de]$ bash: [goalador@gatanda: command not found
bash: bash:: command not found
[goalador@gatanda hhneuauf.de]$ [goalador@gatanda hhneuauf.de]$ sh: [goalador@gatanda: command not found
bash: [goalador@gatanda: command not found
[goalador@gatanda hhneuauf.de]$ bash: sh:: command not found
bash: bash:: command not found
[goalador@gatanda hhneuauf.de]$ [goalador@gatanda hhneuauf.de]$ [goalador@gatanda hhneuauf.de]$ bash: [CHG]: command not found
bash: [goalador@gatanda: command not found
[goalador@gatanda hhneuauf.de]$ bash: [goalador@gatanda: command not found
bash: bash:: command not found
[goalador@gatanda hhneuauf.de]$ [goalador@gatanda hhneuauf.de]$ bash: bash:: command not found
bash: [goalador@gatanda: command not found
[goalador@gatanda hhneuauf.de]$ bash: bash:: command not found
bash: bash:: command not found
[goalador@gatanda hhneuauf.de]$ [goalador@gatanda hhneuauf.de]$ [goalador@gatanda hhneuauf.de]$ [goalador@gatanda hhneuauf.de]$ [CHG] Controller C8:F7:33:33:E2:F7 UUIDs: 0000110c-0000-1000-8000-00805f9b34fb
bash: [goalador@gatanda: command not found
[goalador@gatanda hhneuauf.de]$ bash: [goalador@gatanda: command not found
bash: bash:: command not found
[goalador@gatanda hhneuauf.de]$ [goalador@gatanda hhneuauf.de]$ bash: [goalador@gatanda: command not found
bash: [goalador@gatanda: command not found
[goalador@gatanda hhneuauf.de]$ bash: bash:: command not found
bash: bash:: command not found
[goalador@gatanda hhneuauf.de]$ [goalador@gatanda hhneuauf.de]$ [goalador@gatanda hhneuauf.de]$ bash: [CHG]: command not found
bash: [goalador@gatanda: command not found
[goalador@gatanda hhneuauf.de]$ bash: [goalador@gatanda: command not found
bash: bash:: command not found
[goalador@gatanda hhneuauf.de]$ [goalador@gatanda hhneuauf.de]$ bash: bash:: command not found
bash: [goalador@gatanda: command not found
[goalador@gatanda hhneuauf.de]$ bash: bash:: command not found
bash: bash:: command not found
[goalador@gatanda hhneuauf.de]$ [goalador@gatanda hhneuauf.de]$ [goalador@gatanda hhneuauf.de]$ [goalador@gatanda hhneuauf.de]$ [CHG] Controller C8:F7:33:33:E2:F7 UUIDs: 0000110a-0000-1000-8000-00805f9b34fb
bash: [goalador@gatanda: command not found
[goalador@gatanda hhneuauf.de]$ bash: [goalador@gatanda: command not found
bash: bash:: command not found
[goalador@gatanda hhneuauf.de]$ [goalador@gatanda hhneuauf.de]$ bash: [goalador@gatanda: command not found
bash: [goalador@gatanda: command not found
[goalador@gatanda hhneuauf.de]$ bash: bash:: command not found
bash: bash:: command not found
[goalador@gatanda hhneuauf.de]$ [goalador@gatanda hhneuauf.de]$ [goalador@gatanda hhneuauf.de]$ bash: [CHG]: command not found
bash: [goalador@gatanda: command not found
[goalador@gatanda hhneuauf.dehhneuauf.de]$ bash: bash:: command not found
bash: bash:: command not found
[goalador@gatanda hhneuauf.de]$ [goalador@gatanda hhneuauf.de]$ da hhneuauf.de]$ [goalador@gatanda hhneuauf.de]$ [CHG] Controller C8:F7:33:33:E2:F7 UUIDs: 0000110b-0000-1000-8000-00805f9b34fb
bash: [goalador@gatanda: command not found
[goalador@gatanda hhneuauf.de]$ bash: da: command not found
bash: bash:: command not found
[goalador@gatanda hhneuauf.de]$ [goalador@gatanda hhneuauf.de]$ bash: [goalador@gatanda: command not found
bash: [goalador@gatanda: command not found
[goalador@gatanda hhneuauf.de]$ bash: bash:: command not found
bash: bash:: command not found
[goalador@gatanda hhneuauf.de]$ [goalador@gatanda hhneuauf.de]$ [goalador@gatanda hhneuauf.de]$ bash: [CHG]: command not found
bash: [goalador@gatanda: command not found
[goalador@gatanda hhneuauf.de]$ bash: [goalador@gatanda: command not found
bash: bash:: command not found
[goalador@gatanda hhneuauf.de]$ [goalador@gatanda hhneuauf.de]$ bash: bash:: command not found
bash: [goalador@gatanda: command not found
[goalador@gatanda hhneuauf.de]$ bash: bash:: command not found
bash: bash:: command not found
[goalador@gatanda hhneuauf.de]$ [goalador@gatanda hhneuauf.de]$ [goalador@gatanda hhneuauf.de]$ [goalador@gatanda hhneuauf.de]$ [CHG] Controller C8:F7:33:33:E2:F7 UUIDs: 00001112-0000-1000-8000-00805f9b34fb
bash: [goalador@gatanda: command not found
[goalador@gatanda hhneuauf.de]$ bash: [goalador@gatanda: command not found
bash: bash:: command not found
[goalador@gatanda hhneuauf.de]$ [goalador@gatanda hhneuauf.de]$ bash: [goalador@gatanda: command not found
bash: [goalador@gatanda: command not found
[goalador@gatanda hhneuauf.de]$ bash: bash:: command not found
bash: bash:: command not found
[goalador@gatanda hhneuauf.de]$ [goalador@gatanda hhneuauf.de]$ [goalador@gatanda hhneuauf.de]$ bash:bash: [CHG]: command not found
h:: command not found
bash: bash:: command not found
[goalador@gatanda hhneuauf.de]$ [goalador@gatanda hhneuauf.de]$bash: [goalador@gatanda: command not found
[goalador@gatanda hhneuauf.de]$ bash: [goalador@gatanda: command not found
bash: bash:: command not found
[goalador@gatanda hhneuauf.de]$ [goalador@gatanda hhneuauf.de]$ bash: bash:bash:: command not found
bash: [goalador@gatanda: command not found
[goalador@gatanda hhneuauf.de]$ bash: bash:: command not found
bash: bash:: command not found
[goalador@gatanda hhneuauf.de]$ [goalador@gatanda hhneuauf.de]$ [goalador@gatanda hhneuauf.de]$ [goalador@gatanda hhneuauf.de]$ [CHG] Controller C8:F7:33:33:E2:F7 UUIDs: 0000110c-0000-1000-8000-00805f9b34fb
bash: [goalador@gatanda: command not found
[goalador@gatanda hhneuauf.de]$ bash: [goalador@gatanda: command not found
alador@gatanda: command not found
[goaladorbash: bash:: command not found
[goalador@gatanda hhneuauf.de]$ [goalador@gatanda hhneuauf.de]$ bash: [goalador@gatanda: command not found
bash: [goalador@gatanda: command not found
[goalador@gatanda hhneuauf.de]$ bash: bash:: command not found
bash: bash:: command not found
[goalador@gatanda hhneuauf.de]$ [goalador@gatanda hhneuauf.de]$ [goalador@gatanda hhneuauf.de]$ bbash: [CHG]: command not found
bash: [goalador@gatanda: command not found
[goalador@gatanda hhneuauf.de]$ bash: [goalador@gatanda: command not found
bash: bash:: command not found
[goalador@gatanda hhneuauf.de]$ [goalador@gatanda hhneuauf.de]$ bash: bbash:: command not found
bash: [goalador@gatanda: command not found
[goalador@gatanda hhneuauf.de]$ bash: bash:: command not found
bash: bash:: command not found
[goalador@gatanda hhneuauf.de]$ [goalador@gatanda hhneuauf.de]$ [goalador@gatanda hhneuauf.de]$ [goalador@gatanda hhneuauf.de]$ [CHG] Controller C8:F7:33:33:E2:F7 UUIDs: 0000110c-0000-1000-8000-00805f9b34fb
bash: [goalador@gatanda: command not found
[goalador@gatanda hhneuauf.de]$ bash: [goalador@gatanda: command not found
bash: bash:: command not found
[goalador@gatanda hhneuauf.de]$ [goalador@gatanda hhneuauf.de]$ bash: [goalador@gatanda: command not found
bash: [goalador@gatanda: command not found
[goalador@gatanda hhneuauf.de]$ bash: bash:: command not found
bash: bash:: command not found
[goalador@gatanda hhneuauf.de]$ [goalador@gatanda hhneuauf.de]$ [goalador@gatanda hhneuauf.de]$ bbash:[goalador@gatanda hhneuauf.de]$ [CHGor@gatanda hhneuauf.de]$ [CHG] Controller C8:F7:33:33:E2:F7 UUIDs: 0000110b-0000-1000-8000-00805f9b34fbbash: bbash:[goalador@gatanda: command not found
bash: [goalador@gatanda: command not found
[goalador@gatanda hhneuauf.de]$ bash: [goalador@gatanda: command not found
bash: bash:: command not found
[goalador@gatanda hhneuauf.de]$ [goalador@gatanda hhneuauf.de]$ [goalador@gatanda hhneuauf.de]$ bash: [CHGor@gatanda: command not found
bash: [goalador@gatanda: command not found
[goalador@gatanda hhneuauf.de]$ bash: [goalador@gatanda: command not found
bash: bash:: command not found
[goalador@gatanda hhneuauf.de]$ [goalador@gatanda hhneuauf.de]$ bash: bash:: command not found
bash: [goalador@gatanda: command not found
[goalador@gatanda hhneuauf.de]$ bash: bash:: command not found
bash: bash:: command not found
[goalador@gatanda hhneuauf.de]$ [goalador@gatanda hhneuauf.de]$ [goalador@gatandhhneuauf.de]$ bash: bash:: command not found
bash: [goalador@gatanda: command not found
[goalador@gatanda hhneuauf.de]$ bash: [goalador@gatandhhneuauf.de]$: command not found
bash: bash:: command not found
[goalador@gatanda hhneuauf.de]$ [goalador@gatanda hhneuauf.de]$ bash: bash:: command not found
bash: [goalador@gatanda: command not found
[goalador@gatanda hhneuauf.de]$ bash: bash:: command not found
bash: bash:: command not found
[goalador@gatanda hhneuauf.de]$ [goalador@gatanda hhneuauf.de]$ [goalador@gatanda hhneuauf.de]$ [goalador@gatanda hhneuauf.de]$ [goalador@gatanda hhneuauf.de]$ [CHG] Controller C8:F7:33:33:E2:F7 UUIDs: 0000110a-0000-1000-8000-00805f9b34fb
bash: [goalador@gatanda: command not found
[goalador@gatanda hhneuauf.de]$ bash: [goalador@gatanda: command not found
bash: bash:: command not found
[goalador@gatanda hhneuauf.de]$ [goalador@gatanda hhneuauf.de]$ bash: [goalador@gatanda: command not found
bash: [goalador@gatanda: command not found
[goalador@gatanda hhneuauf.de]$ bash: bash:: command not found
bash: bash:: command not found
[goalador@gatanda hhneuauf.de]$ [goalador@gatanda hhneuauf.de]$ [goalador@gatanda hhneuauf.de]$ bash: [goalador@gatanda: command not found
bash: [goalador@gatanda: command not found
[goalador@gatanda hhneuauf.de]$ bash: [goalador@gatanda: command not found
bash: bash:: command not found
[goalador@gatanda hhneuauf.de]$ [goalador@gatanda hhneuauf.de]$ bash: bash:: command not found
bash: [goalador@gatanda: command not found
[goalador@gatanda hhneuauf.de]$ bash: bash:: command not found
bash: bash:: command not found
[goalador@gatanda hhneuauf.de]$ [goalador@gatanda hhneuauf.de]$ [goalador@gatanda hhneuauf.de]$ [goalador@gatanda hhneuauf.de]$ bash: [CHG]: command not found
bash: [goalador@gatanda: command not found
[goalador@gatanda hhneuauf.de]$ bash: [goalador@gatanda: command not found
bash: bash:: command not found
[goalador@gatanda hhneuauf.de]$ [goalador@gatanda hhneuauf.de]$ bash: [goalador@gatanda: command not found
bash: [goalador@gatanda: command not found
[goalador@gatanda hhneuauf.de]$ bash: bash:: command not found
de]bash: bash:: command not found
[goalador@gatanda hhneuauf.de]$ [goalador@gatanda hhneuauf.de]$ [goalador@gatanda hhneuauf.de]$ sh: [goalador@gatanda: command not found
bash: [goalador@gatanda: command not found
[goalador@gatanda hhneuauf.de]$ bash: [goalador@gatanda: command not found
bash: bash:: command not found
[goalador@gatanda hhneuauf.de]$ [goalador@gatanda hhneuauf.de]$ bash: sh:: command not found
bash: [goalador@gatanda: command not found
[goalador@gatanda hhneuauf.de]$ bash: bash:: command not found
bash: bash:: command not found
[goalador@gatanda hhneuauf.de]$ [goalador@gatanda hhneuauf.de]$ [goalador@gatanda hhneuauf.de]$ [goalador@gatanda hhneuauf.de]$ bash: [CHG]: command not found
bash: [goalador@gatanda: command not found
[goalador@gatanda hhneuauf.de]$ bash: [goalador@gatanda: command not found
bash: bash:: command not found
[goalador@gatanda hhneuauf.de]$ [goalador@gatanda hhneuauf.de]$ bash: [goalador@gatanda: command not found
bash: [goalador@gatanda: command not found
[goalador@gatanda hhneuauf.de]$ bash: bash:: command not found
bash: bash:: command not found
[goalador@gatanda hhneuauf.de]$ [goalador@gatanda hhneuauf.de]$ [goalador@gatanda hhneuauf.de]$ bash: bash:: command not found
bash: [goalador@gatanda: command not found
[goalador@gatanda hhneuauf.de]$ bash: [goalador@gatanda: command not found
bash: bash:: command not found
[goalador@gatanda hhneuauf.de]$ [goalador@gatanda hhneuauf.de]$ bash: bash:: command not found
bash: [goalador@gatanda: command not found
[goalador@gatanda hhneuauf.de]$ bash: bash:: command not found
bash: bash:: command not found
[goalador@gatanda hhneuauf.de]$ [goalador@gatanda hhneuauf.de]$ [goalador@gatanda hhneuauf.de]$ [goalador@gatanda hhneuauf.de]$ [goalador@gatanda hhneuauf.de]$ [CHG] Controller C8:F7:33:33:E2:F7 UUIDs: 0000110c-0000-1000-8000-00805f9b34fb
bash: [goalador@gatanda: command not found
]$ bash: bash:: command not found
bash: bash:: command not found
[goalador@gatanda hhneuauf.de]$ [goalador@gatanda hhneuauf.de]$ [goalador@gatanda hhneuauf.de]$ bash: [CHG]: command not found
bash: [goalador[goalador@gatanda hhneuauf.de]$ bash: [goalador@gatanda: command not found
bash: bash:: command not found
[goalador@gatanda hhneuauf.de]$ [goalador@gatanda hhneuauf.de]$ bash: [goalador@gatanda: command not found
bash: [goalador@gatanda: command not found
[goalador@gatanda hhneuauf.de]$ bash: bash:: command not found
bash: bash:: command not found
[goalador@gatanda hhneuauf.de]$ [goalador@gatanda hhneuauf.de]$ [goalador@gatanda hhneuauf.de]$ bash: [goalador@gatanda: command not found
bash: [goalador@gatanda: command not found
[goalador@gatanda hhneuauf.de]$ bash: [goalador@gatanda: command not found
bash: bash:: command not found
[goalador@gatanda hhneuauf.de]$ [goalador@gatanda hhneuauf.de]$ bash: bash:: command not found
bash: [goalador@gatanda: command not found
[goalador@gatanda hhneuauf.de]$ bash: bash:: command not found
bash: bash:: command not found
[goalador@gatanda hhneuauf.de]$ [goalador@gatanda hhneuauf.de]$ [goalador@gatanda hhneuauf.de]$ [goalador@gatanda hhneuauf.de]$ bash: [CHG]: command not found
bash: [goalador@gatanda: command not found
[goalador@gatanda hhneuauf.de]$ bash: [goalador@gatanda: command not found
bash: bash:: command not found
[goalador@gatanda hhneuauf.de]$ [goalador@gatanda hhneuauf.de]$ bash: [goalador@gatanda: command not found
bash: [goalador@gatanda: command not found
[goalador@gatanda hhneuauf.de]$ bash: bash:: command not found
bash: bash:: command not found
[goalador@gatanda hhneuauf.de]$ [goalador@gatanda hhneuauf.de]$ [goalador@gatanda hhneuauf.de]$ bash: bash:: command not found
bash: [goalador@gatanda: command not found
[goalador@gatanda hhneuauf.de]$ bash: [goalador@gatanda: command not found
bash: bash:: command not found
[goalador@gatanda hhneuauf.de]$ [goalador@gatanda hhneuauf.de]$ bash: bash:: command not found
bash: [goalador@gatanda: command not found
[goalador@gatanda hhneuauf.de]$ bash: bash:: command not found
bash: bash:: command not found
[goalador@gatanda hhneuauf.de]$ [goalador@gatanda hhneuauf.de]$ [goalador@gatanda hhneuauf.de]$ [goalador@gatanda hhneuauf.de]$ [goalador@gatanda hhneuauf.de]$ [CHG] Controller C8:F7:33:33:E2:F7 UUIDs: 0000110a-0000-1000-8000-00805f9b34fb
bash: [goalador@gatanda: command not found
[goalador@gatanda hhneuauf.de]$ bash: [goalador@gatanda: command not found
bash: bash:: command not found
[goalador@gatanda hhneuauf.de]$ [goalador@gatanda hhneuauf.de]$ bash: [goalador@gatanda: command not found
bash: [goalador@gatanda: command not found
[goalador@gatanda hhneuauf.de]$ bash: bash:: command not found
bash: bash:: command not found
[goalador@gatanda hhneuauf.de]$ [goalador@gatanda hhneuauf.de]$ [goalador@gatanda hhneuauf.de]$ bash: [goalador@gatanda: command not found
bash: [goalador@gatanda: command not found
[goalador@gatanda hhneuauf.de]$ bash: [goalador@gatanda: command not found
bash: bash:: command not found
[goalador@gatanda hhneuauf.de]$ [goalador@gatanda hhneuauf.de]$ bash: bash:: command not found
bash: [goalador@gatanda: command not found
[goalador@gatanda hhneuauf.de]$ bash: bash:: command not found
bash: bash:: command not found
[goalador@gatanda hhneuauf.de]$ [goalador@gatanda hhneuauf.de]$ [goalador@gatanda hhneuauf.de]$ [goalador@gatanda hhneuauf.de]$ bash: [CHG]: command not found
bash: [goalador@gatanda: command not found
[goalador@gatanda hhneuauf.de]$ bash: [goalador@gatanda: command not found
bash: bash:: command not found
[goalador@gatanda hhneuauf.de]$ [goalador@gatanda hhneuauf.de]$ bash: [goalador@gatanda: command not found
bash: [goalador@gatanda: command not found
[goalador@gatanda hhneuauf.de]$ bash: bash:: command not found
bash: bash:: command not found
[goalador@gatanda hhneuauf.de]$ [goalador@gatanda hhneuauf.de]$ [goalador@gatanda hhneuauf.de]$ alador@gatanda: command not found
bash: [goalador@gatanda: command not found
[goalador@gatanda hhneuauf.de]$ bash: [goalador@gatanda: command not found
bash: bash:: command not found
[goalador@gatanda hhneuauf.de]$ [goalador@gatanda hhneuauf.de]$ bash: alador@gatanda:: command not found
bash: [goalador@gatanda: command not found
[goalador@gatanda hhneuauf.de]$ bash: bash:: command not found
bash: bash:: command not found
[goalador@gatanda hhneuauf.de]$ [goalador@gatanda hhneuauf.de]$ [goalador@gatanda hhneuauf.de]$ [goalador@gatanda hhneuauf.de]$ bash:bash: [CHG]: command not found
bash: [goalador@gatanda: command not found
[goalador@gatanda hhneuauf.de]$ bash: [goalador@gatanda: command not found
bash: bash:: command not found
[goalador@gatanda hhneuauf.de]$ [goalador@gatanda hhneuauf.de]$ bash: [goalador@gatanda: command not found
bash: [goalador@gatanda: command not found
[goalador@gatanda hhneuauf.de]$ bash: bash:: command not found
bash: bash:: command not found
[goalador@gatanda hhneuauf.de]$ [goalador@gatanda hhneuauf.de]$ [goalador@gatanda hhneuauf.de]$ bash: bash:bash:: command not found
bash: [goalador@gatanda: command not found
[goalador@gatanda hhneuauf.de]$ bash: [goalador@gatanda: command not found
bash: bash:: command not found
[goalador@gatanda hhneuauf.de]$ [goalador@gatanda hhneuauf.de]$ bash: bash:: command not found
bash: [goalador@gatanda: command not found
[goalador@gatanda hhneuauf.de]$ bash: bash:: command not found
bash: bash:: command not found
[goalador@gatanda hhneuauf.de]$ [goalador@gatanda hhneuauf.de]$ [goalador@gatanda hhneuauf.de]$ da hhneuauf.de]$ [goalador@gatanda hhneuauf.de]$ [CHG] Controller C8:F7:33:33:E2:F7 UUIDs: 0000110b-0000-1000-8000-00805f9b34fb
bash: [goalador@gatanda: command not found
[goalador@gatanda hhneuauf.de]$ bash: [goalador@gatanda: command not found
bash: bash:: command not found
[goalador@gatanda hhneuauf.de]$ [goalador@gatanda hhneuauf.de]$ bash: da: command not found
bash: [goalador@gatanda: command not found
[goalador@gatanda hhneuauf.de]$ bash: bash:: command not found
bash: bash:: command not found
[goalador@gatanda hhneuauf.de]$ [goalador@gatanda hhneuauf.de]$ [goalador@gatanda hhneuauf.de]$ bash: [goalador@gatanda: command not found
bash: [goalador@gatanda: command not found
[goalador@gatanda hhneuauf.de]$ bash: [goalador@gatanda: command not found
bash: bash:: command not found
[goalador@gatanda hhneuauf.de]$ [goalador@gatanda hhneuauf.de]$ bash: bash:: command not found
bash: [goalador@gatanda: command not found
[goalador@gatanda hhneuauf.de]$ bash: bash:: command not found
bash: bash:: command not found
[goalador@gatanda hhneuauf.de]$ [goalador@gatanda hhneuauf.de]$ [goalador@gatanda hhneuauf.dehhneuauf.de]$ bash: bash:: command not found
bash: [goalador@gatanda: command not found
[goalador@gatanda hhneuauf.de]$ bash: [goalador@gatanda: command not found
bash: bash:: command not found
[goalador@gatanda hhneuauf.de]$ [goalador@gatanda hhneuauf.de]$ bash: bash:: command not found
bash: [goalador@gatanda: command not found
[goalador@gatanda hhneuauf.de]$ bash: bash:: command not found
bash: bash:: command not found
[goalador@gatanda hhneuauf.de]$ [goaladornd
[goalador@gatanda hhneuauf.de]$ bash: bash:: command not found
bash: bash:: command not found
[goalador@gatanda hhneuauf.de]$ [goalador@gatanda hhneuauf.de]$ [goalador@gatanda hhneuauf.de]$ bash: bash:: command not found
bash: [goalador@gatanda: command not ffound
[goalador@gatanda hhneuauf.de]$ bash: bash:: command not found
bash: bash:: command not found
[goalador@gatanda hhneuauf.de]$ [goalador@gatanda hhneuauf.de]$ [goalador@gatanda hhneuauf.de]$ bash: bash:: command not found
bash: [goalador@gatanda: command not found
[goalador@gatanda hhneuauf.de]$ bash: [goalador@gatanda: command not found
bash: bash:: command not found
[goalador@gatanda hhneuauf.de]$ [goalador@gatanda hhneuauf.de]$ bash: bash:: command not found
bash: [goalador@gatanda: command not found
[goalador@gatanda hhneuauf.de]$ bash: bash:: command not found
bash: bash:: command not found
[goalador@gatanda hhneuauf.de]$ [goalador@gatanda hhneuauf.de]$ [goalador@gatanda hhneuauf.de]$ [goalador@gatanda hhneuauf.de]$ da hhneuauf.de]$ [goalador@gatanda hhneuauf.de]$ [CHG] Controller C8:F7:33:33:E2:F7 UUIDs: 0000110b-0000-1000-8000-00805f9b34fb
bash: [goalador@gatanda: command not found
[goalador@gatanda hhneuauf.de]$ bash: bash:: command not found
bash: bash:: command not found
[goalador@gatanda hhneuauf.de]$ [goalador@gatanda hhneuauf.de]$ [goalador@gatanda hhneuauf.de]$ bash: bash:: command not found
bash: [goalador@gatanda: command not found
[goalador@gatanda hhneuauf.de]$ bash: [goalador@gatanda: command not found
bash: bash:: command not found
[goalador@gatanda hhneuauf.de]$ [goalador@gatanda hhneuauf.de]$ bash: bash:: command not found
bash: [goalador@gatanda: command not found
[goalador@gatanda hhneuauf.de]$ bash: bash:: command not found
bash: bash:: command not found
[goalador@gatanda hhneuauf.de]$ [goalador@gatanda hhneuauf.de]$ [goalador@gatanda hhneuauf.de]$ [goalador@gatanda hhneuauf.de]$ da hhneuauf.de]$ [goalador@gatanda hhneuauf.de]$ [CHG] Controller C8:F7:33:33:E2:F7 UUIDs: 0000110b-0000-1000-8000-00805f9b34fb
bash: [goalador@gatanda: command not 
[goalador@gatanda hhneuauf.de]$ [goalador@gatanda hhneuauf.de]$ [goalador@gatanda hhneuauf.de]$ bash: bash:: command not found
bash: [goalador@gatanda: command not found
[goalador@gatanda hhneuauf.de]$ bash: [goalador@gatanda: command not found
bash: bash:: command not found
[goalador@gatanda hhneuauf.de]$ [goalador@gatanda hhneuauf.de]$ bash: bash:: command not found
bash: [goalador@gatanda: command not found
[goalador@gatanda hhneuauf.de]$ bash: bash:: command not found
bash: bash:: command not found
[goalador@gatanda hhneuauf.de]$ [goalador@gatanda hhneuauf.de]$ [goalador@gatanda hhneuauf.de]$ [goalador@gatanda hhneuauf.dehhneuauf.de]$ bash: bash:: command not found
bash: [goalador@gatanda: command not found
[goalador@gatanda hhneuauf.de]$ bash: [goalador@gatanda: command not found
bash: bash:: command not found
[goalador@gatanda hhneuauf.de]$ [goalador@gatanda hhneuauf.de]$ bash: [goalador@gatanda: command not found
bash: [goalador@gatanda: command not found
[goalador@gatanda hhneuauf.de]$ bash: bash:: command not found
bash: bash:: command not found
[goalador@gatanda hhneuauf.de]$ [goalador@gatanda hhneuauf.de]$ [goalador@gatanda hhneuauf.de]$ bash: bash:: command not found
bash: [goalador@gatanda: command not found
[goalador@gatanda hhneuauf.de]$ bash: [goalador@gatanda: command not found
bash: bash:: command not found
[goalador@gatanda hhneuauf.de]$ [goalador@gatanda hhneuauf.de]$ bash: bash:: command not found
bash: [goalador@gatanda: command not found
[goalador@gatanda hhneuauf.de]$ bash: bash:: command not found
bash: bash:: command not found
[goalador@gatanda hhneuauf.de]$ [goalador@gatanda hhneuauf.de]$ [goaladornd
bash: [goalador@gatanda: command not found
[goalador@gatanda hhneuauf.de]$ [goalador@gatanda hhneuauf.de]$ bash: bash:: command not found
bash: [goalador@gatanda: command not found
[goalador@gatanda hhneuauf.de]$ bash: bash:: command not found
bash: bash:: command not found
[goalador@gatanda hhneuauf.de]$ [goalador@gatanda hhneuauf.de]$ [goalador@gatanda hhneuauf.de]$ [goalador@gatanda hhneuauf.de]$ bash: bash:: command not found
bash: [goalador@gatanda: command not found
[goalador@gatanda hhneuauf.de]$ bash: [goalador@gatanda: command not ffound
bash: bash:: command not found
[goalador@gatanda hhneuauf.de]$ [goalador@gatanda hhneuauf.de]$ bash: bash:: command not found
bash: [goalador@gatanda: command not found
[goalador@gatanda hhneuauf.de]$ [goalador@gatanda hhneuauf.de]$ bash: bash:: command not found
bash: bash:: command not found
[goalador@gatanda hhneuauf.de]$ [goalador@gatanda hhneuauf.de]$ [goalador@gatanda hhneuauf.de]$ [goalador@gatanda hhneuauf.de]$ bash: bash:: command not found
bash: [goalador@gatanda: command not found
[goalador@gatanda hhneuauf.de]$ bash: [goalador@gatanda: command not found
bash: bash:: command not found
[goalador@gatanda hhneuauf.de]$ [goalador@gatanda hhneuauf.de]$ bash: [goalador@gatanda: command not found
bash: [goalador@gatanda: command not found
[goalador@gatanda hhneuauf.de]$ bash: bash:: command not found
bash: bash:: command not found
[goalador@gatanda hhneuauf.de]$ [goalador@gatanda hhneuauf.de]$ [goalador@gatanda hhneuauf.de]$ bash: bash:: command not found
bash: [goalador@gatanda: command not found
[goalador@gatanda hhneuauf.de]$ bash: [goalador@gatanda: command not found
bash: bash:: command not found
[goalador@gatanda hhneuauf.de]$ [goalador@gatanda hhneuauf.de]$ bash: bash:: command not found
bash: [goalador@gatanda: command not found
[goalador@gatanda hhneuauf.de]$ bash: bash:: command not found
bash: bash:: command not found
[goalador@gatanda hhneuauf.de]$ [goalador@gatanda hhneuauf.de]$ [goalador@gatanda hhneuauf.de]$ [goalador@gatanda hhneuauf.de]$ [goalador@gatanda hhneuauf.de]$ da hhneuauf.de]$ [goalador@gatanda hhneuauf.de]$ [CHG] Controller C8:F7:33:33:E2:F7 UUIDs: 0000110b-0000-1000-8000-00805f9b34fb
bash: [goalador@gatanda: command not found
[goalador@gatanda hhneuauf.de]$ bash: [goalador@gatanda: command not found
bash: bash:: command not found
[goalador@gatanda hhneuauf.de]$ [goalador@gatanda hhneuauf.de]$ bash: bash:: command not found
bash: [goalador@gatanda: command not found
[goalador@gatanda hhneuauf.de]$ bash: bash:: command not found
bash: bash:: command not found
[goalador@gatanda hhneuauf.de]$ [goalador@gatanda hhneuauf.de]$ [goalador@gatanda hhneuauf.de]$ [goalador@gatanda hhneuauf.de]$ bash: bash:: command not found
bash: [goalador@gatanda: command not found
[goalador@gatanda hhneuauf.de]$ bash: [goalador@gatanda: command not found
bash: bash:: command not found
[goalador@gatanda hhneuauf.de]$ [goalador@gatanda hhneuauf.de]$ bash: [goalador@gatanda: command not found
bash: [goalador@gatanda: command not found
[goalador@gatanda hhneuauf.de]$ bash: bash:: command not found
bash: bash:: command not found
[goalador@gatanda hhneuauf.de]$ [goalador@gatanda hhneuauf.de]$ [goalador@gatanda hhneuauf.de]$ bash: bash:: command not found
bash: [goalador@gatanda: command not found
[goalador@gatanda hhneuauf.de]$ bash: [goalador@gatanda: command not found
bash: bash:: command not found
[goalador@gatanda hhneuauf.de]$ [goalador@gatanda hhneuauf.de]$ bash: bash:: command not found
bash: [goalador@gatanda: command not found
[goalador@gatanda hhneuauf.de]$ bash: bash:: command not found
bash: bash:: command not found
[goalador@gatanda hhneuauf.de]$ [goalador@gatanda hhneuauf.de]$ [goalador@gatanda hhneuauf.de]$ [goalador@gatanda hhneuauf.de]$ [goalador@gatanda hhneuauf.de]$ da hhneuauf.de]$ [goalador@gatanda hhneuauf.de]$ [CHG] Controller C8:F7:33:33:E2:F7 UUIDs: 0000110b-0000-1000-8000-00805f9b34fb
bash: [goalador@gatanda: command not found
[goalador@gatanda hhneuauf.de]$ bash: [goalador@gatanda: command not 
bash: bash:: command not found
[goalador@gatanda hhneuauf.de]$ [goalador@gatanda hhneuauf.de]$ [goalador@gatanda hhneuauf.de]$ [goalador@gatanda hhneuauf.de]$ bash: bash:: command not found
bash: [goalador@gatanda: command not found
[goalador@gatanda hhneuauf.de]$ bash: [goalador@gatanda: command not found
bash: bash:: command not found
[goalador@gatanda hhneuauf.de]$ [goalador@gatanda hhneuauf.de]$ bash: [goalador@gatanda: command not found
[goalador@gatanda hhneuauf.de]$ bash: bash:: command not found
bash: bash:: command not found
[goalador@gatanda hhneuauf.de]$ [goalador@gatanda hhneuauf.de]$ [goalador@gatanda hhneuauf.de]$ [goalador@gatanda hhneuauf.de]$ [goalador@gatanda hhneuauf.de]$ bash: bash:: command not found
bash: [goalador@gatanda: command not found
[goalador@gatanda hhneuauf.de]$ bash: [goal
[goalador@gatanda hhneuauf.de]$ bash: bash:: command not found
bash: bash:: command not found
[goalador@gatanda hhneuauf.de]$ [goalador@gatanda hhneuauf.de]$ [goalador@gatanda hhneuauf.de]$ [goalador@gatanda hhneuauf.de]$ [goalador@gatanda hhneuauf.de]$ [goalador@gatanda hhneuauf.de]$ da hhneuauf.de]$ [goalador@gatanda hhneuauf.de]$ [CHG] Controller C8:F7:33:33:E2:F7 UUIDs: 0000110b-0000-1000-8000-00805f9b34fb
bash: [goalador@gatanda: command not found
[goalador@gatanda hhneuauf.de]$ bash: [goalador@gatanda: command not found
bash: bash:: command not found
[goalador@gatanda hhneuauf.de]$ [goalador@gatanda hhneuauf.de]$ bash: [goalador@gatanda: command not found
bash: [goalador@gatanda: command not found
[goalador@gatanda hhneuauf.de]$ bash: bash:: command not found
bash: bash:: command not found
[goalador@gatanda hhneuauf.de]$ [goalador@gatanda hhneuauf.de]$ [goalador@gatanda hhneuauf.de]$ bash: bash:: command not found
bash: [goalador@gatanda: command not found
[goalador@gatanda hhneuauf.de]$ bash: [goalador@gatanda: command not found
bash: bash:: command not found
[goalador@gatanda hhneuauf.de]$ [goalador@gatanda hhneuauf.de]$ bash: bash:: command not found
bash: [goalador@gatanda: command not found
[goalador@gatanda hhneuauf.de]$ [goalador@gatanda hhneuauf.de]$ [goalador@gatanda hhneuauf.de]$ [goalador@gatanda hhneuauf.de]$ [goalador@gatanda hhneuauf.de]$ bash: bash:: command not found
bash: [goalador@gatanda: command not found
[goalador@gatanda hhneuauf.de]$ bash: [goalador@gatanda: comm[goalador@gatanda hhneuauf.de]$ [goalador@gatanda hhneuauf.de]$ [goalador@gatanda hhneuauf.de]$ [goalador@gatanda hhneuauf.de]$ [goalador@gatanda hhneuauf.de]$ bash: bash:: command not found
bash: [goalador@gatanda: command not found
[goalador@gatanda hhneuauf.de]$ bash: [goalador@gatanda: comm[goalador@gatanda hhneuauf.de]$ [goalador@gatanda hhneuauf.de]$ [goalador@gatanda hhneuauf.de]$ bash: [goalador@gatanda: command not found
bash: [goalador@gatanda: command not found
[goalador@gatanda hhneuauf.de]$ [goalador@gatanda hhneuauf.de]$ bash: bash:: command not found
bash: [goalador@gatanda: command not found
[goalador@gatanda hhneuauf.de]$ bash: bash:: command not found
bash: bash:: command not found
[goalador@gatanda hhneuauf.de]$ [goalador@gatanda hhneuauf.de]$ [goalador@gatanda hhneuauf.de]$ [goalador@gatanda hhneuauf.de]$ [goalador@gatanda hhneuauf.de]$ [goalador@gatanda hhneuauf.de]$ bash: bash:: command not found
bash: [goalador@gatanda: command not found
[goalador@gatanda hhneuauf.de]$ [goalador@gatanda hhneuauf.de]$ bash: [goalador@gatanda: command not found
bash: [goalador@gatanda: command not found
[goalador@gatanda hhneuauf.de]$ bash: bash:: command not found
bash: bash:: command not found
[goalador@gatanda hhneuauf.de]$ [goalador@gatanda hhneuauf.de]$ [goalador@gatanda hhneuauf.de]$ bash: [goalador@gatanda: command not found
bash: [goalador@gatanda: command not found
[goalador@gatanda hhneuauf.de]$ bash: [goalador@gatanda: command not found
bash: bash:: command not found
[goalador@gatanda hhneuauf.de]$ [goalador@gatanda hhneuauf.de]$ bash: bash:: command not found
bash: [goalador@gatanda: command not found
[goalador@gatanda hhneuauf.de]$ bash: bash:: command not found
bash: bash:: command not found
[goalador@gatanda hhneuauf.de]$ [goalador@gatanda hhneuauf.de]$ [goalador[goalador@gatanda hhneuauf.de]$ [goalador@gatanda hhneuauf.de]$ bash: [goalador@gatanda: command not found
bash: [goalador@gatanda: command not found
[goalador@gatanda hhneuauf.de]$ bash: bash:: command not found
bash: bash:: command not found
[goalador@gatanda hhneuauf.de]$ [goalador@gatanda hhneuauf.de]$ [goalador@gatanda hhneuauf.de]$ bash: [goalador@gatanda: command not found
bash: [goalador@gatanda: command not found
[goalador@gatanda hhneuauf.de]$ [goalador@gatanda hhneuauf.de]$ bash: bash:: command not found
bash: [goalador@gatanda: command not found
[goalador@gatanda hhneuauf.de]$ bash: bash:: command not found
bash: bash:: command not found
[goalador@gatanda hhneuauf.de]$ [goalador@gatanda hhneuauf.de]$ [goalador@gatanda hhneuauf.de]$ [goalador@gatanda hhneuauf.de]$ [goalador@gatanda hhneuauf.de]$ [goalador@gatanda hhneuauf.de]$ bash: bash:: command not found
bower install --save swiper.js
bower install --save swiper
bluetoothctl
ping google.de
ping google.de
ping google.de
cd webentwicklung/webappcreations/Webseiten/Bulma/hhneuauf.de/
cd bilder/petanque/
ls
ls -hal
convert -geometry 400x PlainBoule.png 
convert -geometry 400x PlainBoule.png PlainBoule-Teams.png
ls -hal
convert -geometry 400x PlainBoule-Anmelden.png PlainBoule-signup.png
convert -geometry 400x PlainBoule-Modus.png PlainBoule-Mode.png
ssh rius@eltanin.uberspace.de
bluetoothctl
cd webentwicklung/webappcreations/Webseiten/Bulma/hhneuauf.de/
cd bilder/ours/
convert -geometry 600x BCSP-Kugeln_und_Sau.jpg BCSP-Kugeln_und_Sau.jpg 
killall chromium
convert -geometry 600x planetarium.jpg planetarium.jpg 
cd ..
ls
cd unsplash/
ls
convert -geometry 600x eaters-collective-197218.jpg eaters-collective-197218.jpg 
convert -geometry 600x picseli-6725.jpg picseli-6725.jpg 
cd webentwicklung/webappcreations/Webseiten/Bulma/hhneuauf.de/
ls
cd bilder/neu/
ls
ls
ls -all
gthumb DSC06409.JPG 
mv DSC06409.JPG Lageplan.jpg
mv DSC06410.JPG LeckerLecker.jpg
convert -geometry 1200x Lageplan.jpg Lageplan.jpg 
convert -geometry 1200x LeckerLecker.jpg LeckerLecker.jpg 
cd ..
cd AmTag/
ls
mmv
sudo pacman -S mmv
pacsearch mmv
rename 'y/A-Z/a-z/' *
ls
rename 'y/A-Z/a-z/0-9/' *
ls
man rename
man rename
man rename
rename 's/\.JPG$//' *.jpg
rename 's/\.JPG$/.jpg/g' *.JPG
ls
rename 's/\.JPG$/\.jpg/g' *.JPG
ls
cd ..
cp -r AmTag/ AmTagBak
cd AmTag/
ls
j=1;for i in *.JPG; do mv "$i" file"$j".jpg; let j=j+1;done
ls
j=1;for i in *.JPG; do printf -v new "$i%02d" "$((++j))";  mv -v -- "$i" "$new"; done
j=1;for i in *.jpg; do printf -v new "$i%02d" "$((++j))";  mv -v -- "$i" "$new"; done
ls
j=1;for i in *.jpg; do printf -v new "%02d" "$((++j))";  mv -v -- "$i" "$new"; done
j=1;for i in *.JPG; do printf -v new "%02d" "$((++j))";  mv -v -- "$i" "$new"; done
j=1;for i in *; do printf -v new "%02d" "$((++j))";  mv -v -- "$i" 2-hh-neuaufnahme-"$new"; done
j=1;for i in *; do printf -v new "%02d" "$((++j))";  mv -v -- "$i" 2-hh-neuaufnahme-"$new.jpg"; done
ls
j=0;for i in *.jpg; do printf -v new "%02d" "$((++j))";  mv -v -- "$i" 2-hh-neuaufnahme-"$new"; done
ls
j=0;for i in *; do printf -v new "%02d" "$((++j))";  mv -v -- "$i" 2-hh-neuaufnahme-"$new".jpg; done
ls
morgify -size 800x -format jpg *.jpg
mogrify -size 800x -format jpg *.jpg
ls -all
ls -hall
convert -geometry 800x *.jpg *.jpg 
ls
ls -all
ls -hall
mogrify -resize 800x -format jpg *.jpg
ls -hal
find . -name '*.jpg' | while read f; do convert "$f" -sampling-factor 4:2:0 -strip -interlace Plane -gaussian-blur 0.05 -quality 85% "$f"; echo "Processing file: $f file..."; done
ls
ls -hal
j=1;for i in *; do printf -v new "%02d" "$((++j))";  mv -v -- "$i" 2-hh-neuaufnahme-"$new.jpg"; done
j=0;for i in *; do printf -v new "%02d" "$((++j))";  mv -v -- "$i" 2-hh-neuaufnahme-"$new.jpg"; done
ls -hal
cd ..
cd ..
git add .
git commit -m 'just gone live, removing the menu from the startpage.'
cd ..
#cp -r hhneuauf.de hhneuauf.de-bak3-live
cd hhneuauf.de
git add .
git commit -m 'little fixes und berichte'
cd ..
cp -r hhneuauf.de hhneuauf.de-bak3-live
cd hhneuauf.de
cd ..
chromium --allow-file-access-from-files
chromium --allow-file-access-from-files
cd webentwicklung/webappcreations/
ls
ls GitHub/
cd Kunden/interone/
ls
mkdir DPS
cd DPS/
ls
git clone git@git.interone.de:interone-hamburg/dp-s.git
chmod 775 ~/.ssh/dps
git clone git@git.interone.de:interone-hamburg/dp-s.git
chmod 755 ~/.ssh/dps
git clone git@git.interone.de:interone-hamburg/dp-s.git
chmod 700 ~/.ssh/dps
git clone git@git.interone.de:interone-hamburg/dp-s.git
ls
cd dp-s/
ls
git status
git checkout develop
ls
gulp watch
npm install
ls
git checkout master
git pull
git checkout develop
git pull
git pull
gulp watch
git branch --list
git checkout master
gulp watch
git pull
gulp watch
git checkout -b feature-search-info-tooltip
gulp watch
gulp watch
gulp watch
gulp watch
gulp watch
git status
git add .
git commit -m 'adding info-tooltip, including position bottom when not enough space above and a special mobile overlay view down to 320px width'
git checkout master
git pull
git rebase master feature-search-info-tooltip
git branch --list
git checkout master
git merge feature-search-info-tooltip --no-ff
git push
git checkout -b page-publication-details
gulp watch
gulp watch
gulp watch
gulp watch
gulp watch
git status
git add .
git commt -m 'main setup for publications, creating a generic box-list, smaller bugfixes'
git commit -m 'main setup for publications, creating a generic box-list, putting publications filter in a proper form wrapper'
git checkout master
git pull
gulp watch
gulp watch
git status
git add .
git commit -m 'making element-tooltip generic, refactoring css classes an file'
git pull
git push
git branch --list
git checkout  page-publication-details
git status
gulp wach
gulp watch
git rebase master page-publication-details
git status
git add .
git rebase --continu
git rebase --continue
git status
gulp watch
gulp watch
git status
git add .
git commit -m 'updating the tooltip, adding expandable to publications detail page giving tooltip the ability to be shown on the left side of the screen, allowing a simplyfied version of the expandable module
git commit -m 'updating the tooltip, adding expandable to publications detail page
giving tooltip the ability to be shown on the left side of the screen
allowing a simplyfied version of the expandable module
making the expandable only visible on mobile through CSS
the expandable adjustments should somehow be a more general feature'
git log
git status
gulp watch
git commit -m 'more mobile adjustments for publications detail page, hiding image, making title smaller, adding paddings'
git add .
git commit -m 'more mobile adjustments for publications detail page, hiding image, making title smaller, adding paddings'
gulp watch
git status
git add .
git commit -m 'adding socialbar to publications detail page'
git checkout master
git pull
git rebase master page-publication-details
git checkout master
git merge page-publication-details --no-ff
git push
gulp watch
git status
git add .
git commit -m 'Page: iza-publications-detail' -m 'adjusting columns to look better on different screen sizes'
git pull
git push
gulp watc
gulp watch
git status
git checkout -- app/modular/templates/modules/module-publications-detail.html
gulp watch
git add .
git commit -m 'Page: iza-publications-detail 2 xl-screen' -m 'showing socialbar in a separate col-xl-2 to not be pushing the other content down'
git pull
git push
gulp watch
git add .
git commit -m 'tooltip-link: making sure it stays always black after click'
git pull
git push
git status
cd webentwicklung/webappcreations/Kunden/interone/DPS/dp-s/
bluetoothctl
cd webentwicklung/webappcreations/Kunden/interone/DPS/dp-s/
grep -R '.53' .
grep -R 'calc(100vw * .53);' .
grep -R '100vw * .53' .
git status
git add .
git commit -m 'improving header look for briq-people'
git status
git push
git status
git status
#git checkout -b anchor-nav-briq
git checkout develop
git pull
git checkout -b anchor-nav-briq
git status
git add .
#git commit -m 'making the alphabet-scroller generally available as the horizontal slider by using to specific classes'
git add .
git commit -m 'HTML changes refactoring the alphabet scoller' -m 'making the alphabet-scroller generically available as the horizontal slider by using to specific classes: horizonzal-slider-wrapper and horizontal-slider-parent. See element-fellows-search.html'
git status
git checkout develop
git status
git pull
git checkout anchor-nav-briq
git status
#git merge --no-ff 
git checkout develop
git pull
git merge anchor-nav-briq --no-ff 
git status
git push
git rebase develop briq-header-integration
git branch --list
git status
git add .
git commit -m 'working on the generic anchor navigation, with no fixed values. Calculation still a little of but getting close.'
git push
git status
git pull
git status
git add .
git status
git commit -m 'using new briq anchor navigation'
git status
git push
yaourt calculator
calc
git status
git add . 
git commit -m 'adjusting the generic briq anchor slider calculation values to be more presize when sliding'
git add . 
git commit -m 'gulp wasn't compiling using a new value which needs to be tested on different screen-sizes''
git commit -m 'gulp wasnt compiling using a new value which needs to be tested on different screen-sizes'
git push
git status
git commit -m 'horizontal-slider updates'
git add .
git commit -m 'horizontal-slider updates'
git push
cd webentwicklung/webappcreations/Kunden/interone/DPS/dp-s/
git checkout -b general-publications-and-filter-modules
git checkout master
git branch -d general-publications-and-filter-modules
git checkout -b general-form-group-radio
gulp watch
git status
git add .
git commit -m 'Sorting-options for publications-list-filter' -m 'making radio-groups-filter options available and customizable in module'
git checkout master
git pull
git rebase master general-form-group-radio
git statu
git status
git log
git merge general-form-group-radio --no-ff
git checkout master
git merge general-form-group-radio --no-ff
git pull
git checkout master
git push
git status
git status
gulp watch
gulp watch
gulp watch
gulp watch
gulp watch
gulp watch
git status
git add .
git commit -m 'Adding Page: iza-publications-search.html, renaming element-searchfield' -m 'This commit contains many small changes, but mostly the inclusion of the new page.
element-seachfield is now named element-search-tooltip, since it always includes the element-tooltip. 
the publications-list-filter is getting more generic and already used here and for the publications-detail.
Still missing is the mobile filter, which can be seen done already for the iza-calender.html.'
git pull
git push
git pull
git status
git add .
#git commit -m ''
gulp watch
npm install
gulp watch
git commit -m 'adding no search results message, if not amountResults'
git pull
git push
git add .
git commit -m 'adding missing, if not amountResults, for mobile view'
git pull
git push
git status
git add .
git commit -m 'adding missing, if not amountResults, for mobile view 2'
git push
git status
git add .
git commit -m 'making variables for element-publication-list to be overwritten form the outside'
git pull
git push
git status
git add .
git commit -m 'adding release-notes for Fellows and Publications'
git pull
git push
git status
git add .
git commit -m 'fixing release-notes-markup'
git pull
git push
git pull
git checkout -b publications-filter-mobile
gulp watc
gulp watch
gulp watch
gulp watch
git status
git add .
git commit -m 'integrating a mobile filter view for fellows and publications'
git status
git checkout master
git pull
git rebase master publications-filter-mobile
git merge publications-filter-mobile --no-ff
git checkout master
git merge publications-filter-mobile --no-ff
gulp watch
git push
gulp watch
git status
git pull
gulp watch
git status
git add .
git commit -m 'removing filter-button from publication-list-filter, since it is included in the parent element'
git push
xbacklight -set 1
arandr
xbacklight -set 1
xbacklight -set 1
Error in plugin 'sass'
Message:
    app/modular/sass/base/backgrounds-briq.scss
Error: no mixin named media-breakpoint-up
       Backtrace:
       app/modular/sass/base/backgrounds-briq.scss:21
Your branch is up-to-date with 'origin/master'.
[19:35:17] Finished 'watch' after 636 ms[19:35:17] Finished 'watch' after 636 ms
git pull
git checkout briq-header-integration
git status
gulp watch
npm install
gulp watch
gulp watch
gulp watch
gulp watch
[16:32:46] Starting 'nunjucks'...
[16:32:46] Starting 'move'...
[16:32:46] Starting 'nunjucks'...
[16:32:46] Starting 'move'...
[16:33:08] gulp-notify: [DPS Gulp Job | ENV: dev] Task SASS done.
[16:33:08] gulp-notify: [DPS Gulp Job | ENV: dev] Task SASS done.
[16:33:08] gulp-notify: [DPS Gulp Job | ENV: dev] Task SASS done.
[16:33:08] Finished 'sass' after 23 s
[16:33:45] gulp-notify: [DPS Gulp Job | ENV: dev] Task JS done.
[16:33:46] Finished 'js' after 38 s
[16:33:47] Finished 'nunjucks' after 1.02 min
[16:36:15] Starting 'sass'...
[16:33:49] Finished 'watch' after 1.02 s
[16:36:15] Starting 'sass'...
[16:36:25] gulp-notify: [DPS Gulp Job | ENV: dev] Task SASS done.
[16:33:47] Finished 'nunjucks' after 1.02 min
Starting 'sass'...
[16:36:25] gulp-notify: [DPS Gulp Job | ENV: dev] Task SASS done.
[16:33:47] Finished 'nunjucks' after 1.02 min
Starting 'sass'...
[16:36:25] gulp-notify: [DPS Gulp Job | ENV: dev] Task SASS done.
[16:33:47] Finished 'nunjucks' after 1.02 min
gulp watch
gulp watch
gulp watch
gulp watch
cd webentwicklung/webappcreations/Webseiten/fullImpress
ls
cat package.json 
ls
yarn add simple-css-tooltips
cat package.json 
npm i simple-css-tooltips
ls
ls node_modules/simple-css-tooltips/
LICENSELICENSEwebpack-dev-server": "^1.15.1"
  },
  "dependencies": {
    "express": "^4.14.0",
    "jquery-mousewheel": "^3.1.13",
    "normalize.css": "^5.0.0",
    "octicons": "^5.0.1",
    "perfect-scrollbar": "^0.6.15",
        "jquery-mousewheel": "^3.1.13",
    "normalize.css": "^5.0.0",
    "react-addons-shallow-compare": "~15.4.1",
"^5.0.1",
    "perfect-scrollbar": "^0.6.15",
    "react": "^15.3.1",
    "react-addons-shallow-compare": "~15.4.1",
react-dom  "dependencies": {
    "express": "^4.14.0",
    "jquery-mousewheel": "^3.1.13",
    "normalize.css": "^5.0  "dependencies": {
    "jquery-mousewheel": "^3.1.13",
cd webentwicklung/webappcreations/Webseiten/fullImpress
ls
git status
git init 
git status
git add .
git status
git commit -m 'Vor moms Text-korrekturen.'
git status
cd ..
cd webentwicklung/webappcreations/Kunden/interone/DPS/dp-s/
git status
git add . app/modular/sass/components/module-copy-type-14.scss
git commit -m 'we need a proper baseline instead of inconsitant paddings like this'
git status
git add .
git reset --hard HEAD
git reset --hard HEAD
git log
git reset --hard c1639966fe04a2514f24a8f83e8a20ba5b630ace
git status
git status
git add .
git commit -m 'adding background-size to element-background-image.html'
git add .
git commit -m 'we need a proper baseline instead of inconsitant paddings like this'
git add .
git commit -m 'reducing element-background-split.html height to 50px'
git status
git status
git add .
git commit -m 'copying iza-css-card-definitions, needs to be more generic' -m 'using: module-business-card-type-6-fellows element-business-card defintion, used for iza. This '
git status
git add .
git commit -m 'adjusting page: briq-people.html, reducing module-background-split to 50px (todo: check psd)'
git branch --list
git push -u origin briq-people
git pull
git status
git checkout develop
git pull
git branch --list
git checkout briq-header-integration
git branch --list
git checkout anchor-nav-briq
git checkout anchor-nav-briq
git status
git status
git status
git checkout --app/modular/sass/components/module-anchor-navi-briq.scss
git checkout -- app/modular/sass/components/module-anchor-navi-briq.scss
git status
git checkout briq-header-integration
git status
git .
git add .
git commit -m 'adjusting the Anchor Nav, including a correct bg-color on mobile and hiding the bg on desktop'
git status
git log --stat
git diff
git add .
git commit -m 'adjusting the normal header-height to 510px'
git status
git rebase develop briq-header-integration
git status
git add .
git statu
git status
git rebase --continue
git status
git status
git checkout -- app/modular/sass/components/element-anchor-navigation-briq.scss
git reset app/modular/sass/components/element-anchor-navigation-briq.scss
git status
git checkout -- app/modular/sass/components/element-anchor-navigation-briq.scss
git status
git add .
git status
git rebase --continue
git status
cat .git/rebase-apply/patch
git status
git rebase --abort
git status
git rebase develop briq-header-integration
git status
git add .
git commit -m 'resolving rebase conflicts'
git status
git rebase --continue
git status
git status
git rebase --continue
git rebase --abort
git status
git push
cd checkout develo
cd checkout develop
git checkout develop
git pull
git merge briq-header-integration
git status
git status
git add .
git commit -m 'resolving merge conflict'
git status
cd webentwicklung/webappcreations/Kunden/interone/DPS/dp-s/
git pull
git branch --list
git checkout develop
git pull
git checkout -b briq-people
gulp watch
gulp watch
gulp watch
gulp watch
gulp watch
gulp watch
gulp watch
cd /srv/http
ls
cd /run/media/goalador/RUGGEDKEY/backup/wichtig
ls
sudo cp -R gillette/ pennyDE/ phase3/ /srv/http/
cd webentwicklung/webappcreations/Kunden/interone/DPS/dp-s/
git pull
git status
git diff
git add .
git commit -m 'adding an extra anchor element for testing'
git push
git pull
git checkout briq-header-integration
git pull
git status
git add app/modular/sass/base/global-briq.scss
git commit -m 'adjusting letter type-2'
git push
git checkout -b briq-about
git status
grep -R 'modules/module-business-card-type-3.html' .
git status
git status
git status
git add .
git commit -m 'setting up the briq about modules'
git status
git checkout develop
git pull
git checkout briq-about
git status
git add .
git status
git commit -m 'adding new briq letters'
git status
git status
git add .
git commit -m 'adjusting modules on home and about'

git push -u origin briq-about
git status
git add .
git commit -m 'changing briq people to new letters'
git checkout develop
git checkout briq-about
git checkout briq-header-integration
git pull
git rebase briq-header-integration briq-about
git checkout briq-about
git status
git add .
git commit -m 'making sure the mobile header image keeps its minimal width'
git status
git add .
git commit -m 'trying to fix the nav header for the open nav'
git push
git checkout develop
git pull
git rebase develop briq-about
git status
git checkout develop
git merge briq-about --no-ff
git checkout develop
git push
git push
git pull
git checkout briq-header-integration
git checkout develop
git branch -d briq-header-integration
git branch -D briq-header-integration
git checkout briq-header-integration
git pull
git diff
gulp watch
git status
git diff
git status
git add app/modular/pages/briq-calendar.html
git add app/modular/pages/briq-error.html
git commit -m 'events header'
git status
git push
git push
git status
git add app/modular/sass/components/module-header-briq.scss
git commit -m 'changes necessary for calendar and about, needs merging though'
git push
ls /dev
ls /dev
ls /dev
sudo mount sdb1 /mnt/usb/
ls /dev
sudo mount /dev/sdb1 /mnt/usb/
sudo umount /mnt/usb/
ls /dev
ls /dev
tchdog0
cpu              hidraw1  loop1        media0        ppp                 sda2    tty0      tty18  tty27  tty36  tty45  tty54  tty63  urandom  vcs3        vcsa5  zero
cpu_dma_latency  hpet     loop2        mei0          psaux               sda3    tty1      tty19  tty28  tty37  tty46  tty55  tty7   usb      vcs4        vcsa6
(reverse-i-search)`f': git dif^C
[goalador@gatanda dp-s]$ 
tchdog0
cpu              hidraw1  loop1        media0        ppp                 sda2    tty0      tty18  tty27  tty36  tty45  tty54  tty63  urandom  vcs3        vcsa5  zero
cpu_dma_latency  hpet     loop2        mei0          psaux               sda3    tty1      tty19  tty28  tty37  tty46  tty55  tty7   usb      vcs4        vcsa6
(reverse-i-search)`f': git dif^C
[goalador@gatanda dp-s]$ 
> [goalador@gatanda dp-s]$ 
> > [goalador@gatanda dp-s]$ 
> > [goalador@gatanda dp-s]$ 
> > [goalador@gatanda dp-s]$ 
> > > [goalador@gatanda dp-s]$ 
> > > [goalador@gatanda dp-s]$ 
[goalador@gatanda dp-s]$ cpu_dma_latency  hpet     loop2        mei0          psaux               sda3    tty1      tty19  tty28  tty37  tty46  tty55  tty7   usb      vcs4        vcsa6
bash: cpu_dma_latency: command not found
[goalador@gatanda dp-s]$ (reverse-i-search)`f': git dif^C
f': git dif^C
> [goalador@gatanda dp-s]gatanda dp-autofs           disk         initctl  loop6             network_latency     rtc0      stderr  tty15  tty25  tty35  tty45  tty55  tty8     vboxdrv     vcs7         vhci
block            dri          input    loop7             network_throughput  sda       stdin   tty16  tty26  tty36  tty46  tty56  tty9     vboxdrvu    vcsa         vhost-net
bsg              fb0          kmsg     loop-control      null                sda1      stdout  tty17  tty27  tty37  tty47  tty57  ttyS0    vboxnetctl  vcsa1        video0
btrfs-control    fd           kvm      mapper            port                sda2      tty     tty18  tty28  tty38  tty48  tty58  ttyS1    vboxusb     vcsa2        watchdog
bus              full         log      mcelog            ppp                 sda3      tty0    tty19  tty29  tty39  tty49  tty59  ttyS2    vcs         vcsa3        watchdog0
char             fuse         loop0    media0            psaux               sda4      tty1    tty2   tty3   tty4   tty5   tty6   ttyS3    vcs1        vcsa4        zero
console     disk     iio:device0  loop4         memory_bandwidth    pts     shm       tty11  tty20  tty3   tty39  tty48  tty57  tty9     vboxdrv     vcs6   vfio
bsg              dri      initctl      loop5         mqueue              random  snapshot  tty12  tty21  tty30  tty4   tty49  tty58  ttyS0    vboxdrvu    vcs7   vga_arbiter
btrfs-control    fb0      input        loop6         net                 rfkill  snd       tty13  tty22  tty31  tty40  tty5   tty59  ttyS1    vboxnetctl  vcsa   vhci
bus              fd       kmsg         loop7         network_latency     rtc     stderr    tty14  tty23  tty32  tty41  tty50  tty6   ttyS2    vboxusb     vcsa1  vhost-net
cd webentwicklung/webappcreations/Kunden/interone/DPS/dp-s/
gulp watch
gulp watch
gulp watch
gulp watch
gulp watch
gulp watch
gulp watch
gulp watch
bluetoothctl
bluetoothctl
bluetoothctl
cd webentwicklung/webappcreations/Kunden/interone/DPS/dp-s/
git pull
git status
git checkout develop
git pull
git status
git diff
git checkout -- app/modular/templates/modules/module-header-briq.html
git pull
gulp watch
xbacklight -set 1
bluetoothctl
bluetoothctl
yaourt trading
yaourt ether
yaourt ethereu
yaourt eth
yaourt ether
cd /run/media/goalador/VolumeBackups/backupRobin/Recover32GB/
ls /dev
ls /dev
ls /dev
sudo mount /dev/sdb1 /mnt/usb/
photorec 
ls
ls /dev
ls /dev
fsck /dev/sdb
fdisk /dev/sdb
fdisk /dev/sdb
sudo fdisk /dev/sdb
fsck /dev/sdb
mkfs -t vfat /dev/sdb
fsck /dev/sdb
ls /dev
ls /dev
fsck /dev/sdb
ls /dev
fsck /dev/sdb
fsck /dev/sdb1
fsck /dev/sdb1
photorec 
photorec 
ls /dev
photorec /dev/sdb
photorec /dev/sdb
:
clear
sudo fdisk /dev/sdb
mkfs -t vfat /dev/sdb
mkfs -t vfat /dev/sdb1
ls /dev
fsck /dev/sdb
ls
ls /dev
fsck /dev/sdb
photorec /dev/sdb
photorec /dev/sdb
photorec /dev/sdb
photorec /dev/sdb
fsck /dev/sdb
photorec /dev/sdb
sudo fdisk /dev/sdb
fsck /dev/sdb
photorec /dev/sdb
ls /dev
ls /dev
ls /dev
photorec /dev/sdb
photorec /dev/sdb1
ls /dev
fsck /dev/sdb
mkfs -t vfat /dev/sdb
mkfs -t vfat /dev/sdb
mkfs -t vfat /dev/sdb1
mkfs -t vfat /dev/sdb1
mkfs -t vfat /dev/sdb
ls /dev
ls /dev
ls /dev
mkfs -t vfat /dev/sdb
ls /dev
df -u /dev/sdb1
df -h /dev/sdb1
df -h /dev/sdc1
cd /srv/http/
ls
du -h
ls
ls wehmuth/
ls Neos/
ls
ls wehmuth/
ls contentflow/
cd ..
ls
cd ..
ls
ls tmp/
ls
ls backup/
ls backup/lost+found/
sudo pcmanfm 
yaourt thinker
yaourt thinkerswim
yaourt ether
yaourt thinko
yaourt thinkor
yaourt robin
yaourt trader
yaourt trade
yaourt stock
yaourt stock
killall thunderbird
calc 
yaourt ether
yaourt ethere
yaourt mop
mop 
mop 
go get github.com/mop-tracker/mop
cd $GOPATH/src/github.com/mop-tracker/mop
go env
cd go/src/github.com/mop-tracker/mop
git remote add cjc343 https://github.com/cjc343/mop
git pull cjc343
git merge cjc343/master
make install
mop
ls
ls bin/
ls
curl https://patch-diff.githubusercontent.com/raw/mop-tracker/mop/pull/24.patch |git apply
ls
geany yahoo_quotes.go 
geany cnn_market.go 
bluetoothctl
yaourt think
yaourt thinko
cd webentwicklung/Ethereum/thinkorswim/
java -jar launcher.jar 
java -jar launcher.jar 
java -v
java --version
java
java -version
yaourt java
pacman -R java-7-openjdk
sudo pacman -R java-7-openjdk
sudo pacman -R jre7-openjdk
sudo pacman -R jrk7-openjdk
sudo pacman -R jdk7-openjdk
sudo pacman -R alchemy jdk7-openjdk
sudo pacman -R alchemy jdk7-openjdk
yaourt java
sudo pacman -R jre7-openjdk jre7-openjdk-headless
yaourt java
java
yaourt jre8
java
java -version
yaourt alchemy
java -jar launcher.jar 
CLASSPATH=launcher.jar
export CLASSPATH
java install
yaourt oracle
 archlinux-java set java-8-jre/jre
sudo  archlinux-java set java-8-jre/jre
java install
java -jar launcher.jar 
archlinux-java status
archlinux-java -version
java -version
java -jar launcher.jar 
ls
geany thinkorswim.vmoptions 
java -jar launcher.jar 
java -jar launcher.jar 
java -jar launcher.jar 
sudo java -jar launcher.jar 
java -jar launcher.jar 
java -version
java -jar launcher.jar 
yaourt stock
stock_quote 
jstock 
cd webentwicklung/Ethereum/thinkorswim/
ls
vim suit.properties 
java -jar launcher.jar 
sudo pacman -R handbrake
sudo pacman -R handbrake-gtk-git
sudo pacman -R handbrake-gtk-git handbrake-cli-git
sudo pacman -R krita
sudo pacman -R atom
sudo pacman -R synfig synfigstudio
sudo pacman -R vagrant
sudo pacman -R vagrant-substrate
sudo pacman -R virtualbox
sudo pacman -R visual-studio-code
sudo pacman -R blender
sudo pacman -R docker
sudo pacman -R docker docker-compose
docker info
ls /var/lib/docker/
sudo ls /var/lib/docker/
sudo ls /var/lib/docker/containers
docker ps
sudo systemctl restart docker.service
docker ps
docker images
sudo systemctl stop docker.service
rm -R /var/lib/docker
\rm -R /var/lib/docker
sudo pacman -R docker docker-compose
\rm -Rf /var/lib/docker
sudo rm -Rf /var/lib/docker
sudo pacman -R dunst 
yaourt stock
sudo pacman -R jre8-openjdk jre8-openjdk-headless
sudo pacman -R jre8-openjdk jre8-openjdk=8.u144-1 jre8-openjdk-headless
yaourt jre8

 archlinux-java set java-8-jre/jre8-openjdk
sudo  archlinux-java set java-8-jre/jre8-openjdk
archlinux-java status
sudo  archlinux-java set jre8-openjdk
sudo  archlinux-java set java-openjdk
sudo pacman -R jre8 eclipsetrader jstock
pacman -Q
xbacklight -set 1
cd /home/goalador/webentwicklung/Ethereum/adresse
find . -name '*.jpg' | while read f; do convert "$f" -sampling-factor 4:2:0 -strip -interlace Plane -gaussian-blur 0.05 -quality 85% "$f"; echo "Processing file: $f file..."; done
calc
yaourt trder
yaourt trader
eclipsetrder
eclipsetrader
updatedb
sudo updatedb
cd webentwicklung/Ethereum/thinkorswim/
ls
ls -all
sudo chmod 754
sudo chmod 754 launcher.jar 
ls -all
java -jar launcher.jar 
yaourt ninjatr
yaourt trader
yaourt trading

yaourt trad
yaourt writer
yaourt wallet
yaourt trezor
cd /home/goalador/webentwicklung/Ethereum
find . -name 'Reisepass.jpg' | while read f; do convert "$f" -sampling-factor 4:2:0 -strip -interlace Plane -gaussian-blur 0.05 -quality 85% "$f"; echo "Processing file: $f file..."; done
ls /dev
ls /dev
ls /dev
ls /dev
ls /dev
ls /dev
df -h /dev/sdb1
geth
geth --help
geth account
eth
geth console
gegc
geth account list
geth account new
df -h
ls /backup/
cd /home/goalador/webentwicklung/Ethereum
find . -name 'Passport.jpg' | while read f; do convert "$f" -sampling-factor 4:2:0 -strip -interlace Plane -gaussian-blur 0.05 -quality 85% "$f"; echo "Processing file: $f file..."; done
~/.screenlayout/ulli.sh 
lap
~/.screenlayout/laptop.sh 
xbacklight -set 1
yaourt firebase
yaourt firebase
npm install -g firebase-tools
cd webentwicklung/webappcreations/Inspirationen/devFest/Firebase/
firebase init
ls ~
ls -all ~
firebase init
nvm use node
npm install
nvm use node
npm update
node -v
nvm install node
node -v
firebase init
npm install -g firebase-tools
firebase init
firebase login
firebase login
firebase init
firebase serve
npm install firebase-functions@latest --save
firebase serve
firebase deploy --only functions
firebase serve
firebase deploy --only functions
firebase deploy --only functions
node -v
nvm install v6.11.5
npm install -g firebase-tools
firebase init
firebase serve
ls
cd ..
ls
git clone https://github.com/tschuchortdev/soundshare
cd soundshare/
ls
cd ..
ls
cp google-services.json soundshare/
cd soundshare/
ls
git status
ls
mv google-services.json app/
ls
git statu
git status
git add .
git commit -m 'adding google-services.json for devfest-a6147'
git pull
git push
firebase serve
cd ..
cd Firebase/
firebase serve
firebase serve
firebase serve
firebase serve
firebase serve
firebase serve
firebase serve
cd ..
cd soundshare/
git pull
git status
git add .
git add .
git status
git add .
git commit -m 'Basic Browser Fileupload'
git pull
git push
cd ..
cd Firebase
firebase serve
firebase serve
midi
 
[goalador@gatanda ~]$ 
  
  
  
  
[goalador@gatanda ~]$  
[goalador@gatanda ~]$ [goalador@gatanda ~]$ 
bash: [goalador@gatanda: command not found
[goalador@gatanda ~]$   
[goalador@gatanda ~]$   
[goalador@gatanda ~]$   
cd webentwicklung/webappcreations/Kunden/BlueOracleFilms/
ls
convert Website\ Content.pdf Website\ Content.jpg
ls
convert Website\ Content.docx Website\ Content.jpg
convert Website\ Content.docx Website\ Content.jpg -page a4
convert Website\ Content.docx -page a4 Website\ Content.jpg
ls
convert -density 300 -page a4 Website\ Content.docx Website\ Content.jpg
yaourt torrent
cd webentwicklung/webappcreations/Webseiten/Bulma/
ls
cd BlueOracleFilms/
ls
ls bower.json 
cat bower.json 
bower install --save tachyons
cat bower.json 
ls
cd images/
ls
cd unsplash/
find . -name '*' | while read f; do convert "$f" -sampling-factor 4:2:0 -strip -interlace Plane -gaussian-blur 0.05 -quality 85% "$f"; echo "Processing file: $f file..."; done
ls -all
ls -hall
find . -name '*.jpg' | while read f; do convert "$f" -sampling-factor 4:2:0 -strip -interlace Plane -gaussian-blur 0.05 -quality 85% "$f"; echo "Processing file: $f file..."; done
ls -hall
find . -name '*.jpg' | while read f; do convert "$f" -geometry 720x -sampling-factor 4:2:0 -strip -interlace Plane -gaussian-blur 0.05 -quality 85% "$f"; echo "Processing file: $f file..."; done
ls -hall
feh alexander-wang-217719.jpg 
feh alexander-wang-217719.jpg 
find . -name 'noom-peerapong-30948.jpg' | while read f; do convert "$f" -geometry 720x -sampling-factor 4:2:0 -strip -interlace Plane -gaussian-blur 0.05 -quality 85% "$f"; echo "Processing file: $f file..."; done
find . -name 'aziz-acharki-360983.jpg' | while read f; do convert "$f" -geometry 720x -sampling-factor 4:2:0 -strip -interlace Plane -gaussian-blur 0.05 -quality 85% "$f"; echo "Processing file: $f file..."; done
find . -name 'samuel-ferrara-318709.jpg' | while read f; do convert "$f" -geometry 720x -sampling-factor 4:2:0 -strip -interlace Plane -gaussian-blur 0.05 -quality 85% "$f"; echo "Processing file: $f file..."; done
xbacklight
#xbacklight -set 0.18
xbacklight -set 0.30
xbacklight -set 0.50
xbacklight -set 0.8
xbacklight -set 1
bluetoothctl
[CHG] Controller C8:F7:33:33:E2:F7 UUIDs: 00001801-0000-1000-8000-00805f9b34fb
calc
ffmpeg.exe -i RCC_High\ Resolution.mp4 -preset veryslow -crf 24 -b:a 512k -c:a aac -strict -2 output.mp4
cd webentwicklung/webappcreations/Kunden/BlueOracleFilms/
ls
ffmpeg.exe -i Showreel.mp4 -preset veryslow -crf 24 -b:a 512k -c:a aac -strict -2 output.mp4
ffmpeg. -i Showreel.mp4 -preset veryslow -crf 24 -b:a 512k -c:a aac -strict -2 output.mp4
ffmpeg -i Showreel.mp4 -preset veryslow -crf 24 -b:a 512k -c:a aac -strict -2 output.mp4
ls -all
ls -hall
mplayer output.mp4 
ffmpeg -i output.mp4 -preset veryslow -crf 25 -b:a 512k -c:a aac -strict -2 output2.mp4
mplayer output2.mp4 
ls -hall
mplayer output2.mp4 
mplayer output2.mp4 
mplayer Showreel.mp4 
mplayer output2.mp4 
mplayer output2.mp4 
mplayer output2.mp4 
killall redshift
ls
bluetoothctl
bluetoothctl
redshift
redshift&
yaourt kivy
yaourt kivy
xbacklight -set 1
xbacklight -set 55
xbacklight -set 5
yaourt codebox
cat /dev/urandom |tr -dc A-Z9|head -c${1:-81}
yaourt iota
3
3
yaourt iota
iota-wallet 
iota-wallet 
xbacklight -set 1
yaourt
yaourt open
yaourt --help
password
yaourt password
yaourt password manager
keypass
keepass
yaourt steem
yaourt cli_wallet
~/.screenlayout/ulli.sh 
exit
cd webentwicklung/Ethereum/adresse/
find . -name 'proof_of_*' | while read f; do convert "$f" -geometry 720x -sampling-factor 4:2:0 -strip -interlace Plane -gaussian-blur 0.05 -quality 85% "$f"; echo "Processing file: $f file..."; done
find . -name 'proof_of_*' | while read f; do convert "$f" -geometry 1920x -sampling-factor 4:2:0 -strip -interlace Plane -gaussian-blur 0.05 -quality 85% "$f"; echo "Processing file: $f file..."; done
exit
cd /home/goalador/webentwicklung/webappcreations/Kunden/BlueOracleFilms/fullWidth/Fotos Website/final
cd /home/goalador/webentwicklung/webappcreations/Kunden/BlueOracleFilms/fullWidth/Fotos\ Website/final
ls
find . -name '*.jpg' | while read f; do convert "$f" -geometry 1920x -sampling-factor 4:2:0 -strip -interlace Plane -gaussian-blur 0.05 -quality 85% "$f"; echo "Processing file: $f file..."; done
cd ..
cd ..
cd ..
cd .
cd ..
cd ..
cd Webseiten/Bulma/BlueOracleFilms/
ls
ls videos/
cd videos/
mogrify -resize 1920x -format jpg *.png
ls
ls -all
ls -hall
find . -name '*.jpg' | while read f; do convert "$f" -geometry 1920x -sampling-factor 4:2:0 -strip -interlace Plane -gaussian-blur 0.05 -quality 85% "$f"; echo "Processing file: $f file..."; done
ls -hall
cd ..
ls
cd images/Portfolio/
ls
mogrify -resize 800x -format jpg *.png
ls
find . -name '*.jpg' | while read f; do convert "$f" -geometry 800x -sampling-factor 4:2:0 -strip -interlace Plane -gaussian-blur 0.05 -quality 85% "$f"; echo "Processing file: $f file..."; done
mogrify -resize 800x -format jpg *.png
mogrify -resize 1200x -format jpg *.png
find . -name 'Kickstarter.jpg' | while read f; do convert "$f" -geometry 1200x -quality 85% "$f"; echo "Processing file: $f file..."; done
cd ..
cd ..
exit
ssh rius@eltanin.uberspace.de
cd /home/goalador/webentwicklung/webappcreations/Kunden/Wehmuth
ls
ffmpeg -i WEHMUTH_FASHION_ADDICT_2017_Teaser_final.mp4 -preset veryslow -crf 25 -b:a 512k -c:a aac -strict -2 Wehmuth_Fashion_Addict_2017_Teaser.ogv
ls -hall
mplayer Wehmuth_Fashion_Addict_2017_Teaser.mp4 
ls
ffmpeg Wehmuth_Fashion_Addict_2017_Teaser.mp4 Wehmuth_Fashion_Addict_2017_Teaser.ogv
ffmpeg -i Wehmuth_Fashion_Addict_2017_Teaser.mp4 Wehmuth_Fashion_Addict_2017_Teaser.ogv
ls
mplayer Wehmuth_Fashion_Addict_2017_Teaser.ogv 
ffmpeg -i Wehmuth_Fashion_Addict_2017_Teaser.mp4 -q:v 10 -c:v libtheora -c:a libvorbis Wehmuth_Fashion_Addict_2017_Teaser.ogv 
mplayer Wehmuth_Fashion_Addict_2017_Teaser.ogv 
ffmpeg -i Wehmuth_Fashion_Addict_2017_Teaser.mp4 -q:v 20 -c:v libtheora -c:a libvorbis Wehmuth_Fashion_Addict_2017_Teaser2.ogv 
mplayer Wehmuth_Fashion_Addict_2017_Teaser.ogv 
ls -all
ffmpeg -i Wehmuth_Fashion_Addict_2017_Teaser.mp4 -crf 25 -q:v 10 -c:v libtheora -c:a libvorbis Wehmuth_Fashion_Addict_2017_Teaser.ogv 
ffmpeg -i Wehmuth_Fashion_Addict_2017_Teaser.mp4 -crf 25 -q:v 10 -c:v libtheora -c:a libvorbis Wehmuth_Fashion_Addict_2017_Teaser3.ogv 
ls -hal
ffmpeg -i Wehmuth_Fashion_Addict_2017_Teaser.mp4 -crf 25 -q:v 10 -c:v libvpx -c:a libvorbis Wehmuth_Fashion_Addict_2017_Teaser.webm
ls -hal
mplayer Wehmuth_Fashion_Addict_2017_Teaser.webm 
ffmpeg -i Wehmuth_Fashion_Addict_2017_Teaser.mp4 -acodec libvorbis -aq 5 -ac 2 -qmax 25 -threads 2 libvorbis Wehmuth_Fashion_Addict_2017_Teaser.webm
ffmpeg -i Wehmuth_Fashion_Addict_2017_Teaser.mp4 -codec:a libvorbis -aq 5 -ac 2 -qmax 25 -threads 2 libvorbis Wehmuth_Fashion_Addict_2017_Teaser.webm
ffmpeg -i Wehmuth_Fashion_Addict_2017_Teaser.mp4 -acodec libvorbis -aq 5 -ac 2 -qmax 25 -threads 2 Wehmuth_Fashion_Addict_2017_Teaser.webm
ls -hal
mplayer Wehmuth_Fashion_Addict_2017_Teaser.webm 
ffmpeg -i Wehmuth_Fashion_Addict_2017_Teaser.mp4  -vcodec libtheora -q:v 10 -codec:a libvorbis -q:a 5 -vsync 2 -threads 0 Wehmuth_Fashion_Addict_2017_Teaser4.ogv 
ls -hal
mplayer Wehmuth_Fashion_Addict_2017_Teaser.ogv 
ls
convert -quality 85 -format jpg *.png
ls
convert -format jpg *.png
morgify -quality 85 -format jpg *.png
mogrify -quality 85 -format jpg *.png
ls
ls -hal
cd webentwicklung/webappcreations/Webseiten/Bulma/BlueOracleFilms/
ls
cd videos/
ls
history
history
cd webentwicklung/webappcreations/Webseiten/Bulma/BlueOracleFilms/
cd videos/
ls
ffmpeg -i Showreel.mp4  -vcodec libtheora -q:v 10 -codec:a libvorbis -q:a 5 -vsync 2 -threads 0 Showreel.ogv
cd webentwicklung/webappcreations/Webseiten/Bulma/BlueOracleFilms/videos/
ffmpeg -i Showreel.mp4 -acodec libvorbis -aq 5 -ac 2 -qmax 25 -threads 2 Showreel.webm
ffmpeg -i Showreel.mp4 -acodec libvorbis -aq 5 -ac 2 -qmax 25 -threads 2 Showreel.webm
ls
ssh rius@eltanin.uberspace.de
~/.screenlayout/laptop.sh 
yaourt vertcoin
yaourt vertcoin
yaourt vertcoin
electrum-vtc 
yaourt cordano
yaourt cardano
yaourt verge
~/.screenlayout/ulli.sh 
killall geany
cd /srv/http/contentflow/
ls
cd Backenda
cd Backend
ls
cat config/
cat config/database.php 
ls
ls resources/
ls vendor/
cat vendor/autoload.php 
ls
ls app/
cat app/Setting.php 
#lpr -o fit-to-page -o media=A4 -P 6500-E709a Rechnung_Maerz_Interone_OneWeb_18-04-2017.pdf 
lpr --list
lpr -list
cd ~/webentwicklung/webappcreations/Webseiten/Bulma/BlueOracleFilms/
bower install --save scrollspy
ls
cd images/
ls
cd logo
ls
mogrify -quality 85 -format jpg 01_Anja-incl-font.png 
mogrify -resize 800x 01_Anja-no-font-800.png 
mogrify -resize 128x 01_Anja-no-font_small.png 
mogrify -resize 400x 01_Anja-no-font_400.png 
mogrify -resize 400x 01_Anja-no-font-400.png 
mogrify -resize 128x 01_Anja-incl-font-128.png 
mogrify -resize 32x BlueOracleFilmsFavIcon.png 
convert -geometry 800x -i 01_Anja-alleine.jpg 
convert -geometry 800x 01_Anja-alleine.jpg 
convert 01_Anja-alleine.jpg -geometry 800x
find . -name '01_Anja-alleine.jpg' | while read f; do convert "$f" -geometry 800x -quality 85% "$f"; echo "Processing file: $f file..."; done
mogrify -resize 128x 01_Anja-no-font-box-128.png 
exit
touch useful-cmds
echo 'lsblk #show available drives including usb and their partitions' >> useful-cmds 
ls useful-cmds 
cat useful-cmds 
~/.screenlayout/laptop.sh 
killall geany
killall geany
killall geany
killall geany
killall geany
killall geany
yaourt electrum
cd webentwicklung/webappcreations/Webseiten/Bulma/
ls
cp -R BlueOracleFilms/ BlueOracleFilms_Bak_11-12-2017
cd ima
ls
cd BlueOracleFilms
ls
cd images/
ls
cd ..
cd videos/
s
ls
mogrify -quality 85 -format jpg *.png
ls -all
ls -hal
mogrify -quality 80 -format jpg *.png
ls -hal
find . -name '*.jpg' | while read f; do convert "$f" -sampling-factor 4:2:0 -strip -interlace Plane -gaussian-blur 0.05 -quality 85% "$f"; echo "Processing file: $f file..."; done
ls -hal
find . -name 'Kickstarter.jpg' | while read f; do convert "$f" -geometry 1920x -quality 85% "$f"; echo "Processing file: $f file..."; done
ls -hal
find . -name 'Platzhalter Showreel.jpg' | while read f; do convert "$f" -geometry 1920x -quality 85% "$f"; echo "Processing file: $f file..."; done
ls -hal
mv Platzhalter\ Showreel.jpg Platzhalter_Showreel.jpg
ls -hal
cd ..
cd images/unsplash/
find . -name 'setion-team_ignacio-campo-339907.jpg' | while read f; do convert "$f" -geometry 1920x -quality 85% "$f"; echo "Processing file: $f file..."; done
ls -hal
cd sections/
ls -hal
gpg --keyserver-options auto-key-retrieve --verify archlinux-<version>-x86_64.iso.sig
cd ~/Do
cd ~/Downloads/
ls
gpg --keyserver-options auto-key-retrieve --verify archlinux-2017.12.01-x86_64.iso.sig
https://pgp.mit.edu/pks/lookup?op=vindex&fingerprint=on&exact=on&search=0x4AA4767BBC9C4B1D18AE28B77F2D434B9741E8AC
lsblk
dd bs=4M if=archlinux-2017.12.01-x86_64.iso of=/dev/sdb status=progress && sync
echo 'dd bs=4M if=archlinux-2017.12.01-x86_64.iso of=/dev/sdb status=progress && sync' >> ~/useful-cmds 
cat ~/useful-cmds 
echo 'Warning: This will irrevocably destroy all data on /dev/sdx. To restore the USB drive as an empty, usable storage device after using the Arch ISO image, the iso9660 filesystem signature needs to be removed by running wipefs --all /dev/sdx as root, before repartitioning and reformating the USB drive.' >> ~/useful-cmds 
yaourt timeshift
timeshift
yaourt timeshift
timeshift-gtk 
su timeshift-gtk 
sudo timeshift-gtk 
cat useful-cmds 
lsblk
fdisk /dev/sdb
fdisk /dev/sdb
mkfs
man mkfs
mkfs -t ext4 /dev/sdb1
mkfs -t ext4 /dev/sdb1
linuxTimeshift
mkfs -t vfat /dev/sdb2
ls /dev/sdb
sudo fdisk /dev/sdb
sudo fdisk /dev/sdb
sudo fdisk /dev/sdb
mkfs -t ext4 /dev/sdb1
mkfs -t vfat /dev/sdb2
sudo timeshift-gtk 
cd ~/webentwicklung/webappcreations/Webseiten/Bulma/BlueOracleFilms/
git status
vim /etc/udev/rules.d/20-hw1.rules 
sudo vim /etc/udev/rules.d/20-hw1.rules 
ls
cd webentwicklung/webappcreations/Webseiten/Bulma/BlueOracleFilms
git init
git status
vim .gitignore
git add .gitignore
git status
git add .
git status
git commit -m 'initial commit'
yaourt verge
yaourt electru
vim /etc/httpd/conf/extra/httpd-vhosts.conf 
git status
git add .
git commit -m 'update todos'
yaourt trading bot
yaourt trading bot
sudo pacman -Syu
sudo pacman -Syu
cd ..
cd ..
cd ..
cd ..
ls
cd Ethereum/
mkdir Bots
cd Bots/
git clone https://github.com/coinbase/gdax-tt
git clone https://github.com/thrasher-/gocryptotrader
git clone https://github.com/gcarq/freqtrade
git clone https://github.com/saniales/golang-crypto-trading-bot
git clone https://github.com/brndnmtthws/optimal-buy-gdax
git clone https://github.com/preichenberger/go-gdax
cd gocryptotrader/
ls
geany routines.go 
ech $GOPATH
echo $GOPATH
go
echo $gopth
echo $gopath
cd ..
ls
cd freqtrade/
ls
ls scripts/
cd freqtrade
ls
geany main.py 
xbacklight -set 1
cd Downloads/
ls
lpr -o fit-to-page -o media=A4 -o ColorModel=KGray -P 6500-E709a boarding-pass.pdf 
lpr -o fit-to-page -o media=A4 -o ColorModel=KGray -P /home/goalador/webentwicklung/webappcreations/Firma/Finanzen/Krankkenkasse/Zfa-schreiben.pdf 
lpr -o fit-to-page -o media=A4 -o ColorModel=KGray -P 6500-E709a /home/goalador/webentwicklung/webappcreations/Firma/Finanzen/Krankkenkasse/Zfa-schreiben.pdf 
yaourt cardano
wget -q -O - https://www.ledgerwallet.com/support/add_udev_rules.sh | sudo bash
exit
df -h .
df -h /backup
df -h .
cd /home/goalador/Robin/SonyX3000
ls
ls -ah
ls -hal
ffmpeg -i C0058.MP4 -preset veryslow -crf 25 -b:a 512k -c:a aac -strict -2 c0058_small.mp4
ls
mplayer c0058_small.mp4 
ls -hal
mplayer C0073.MP4 
ls
mplayer C0076.MP4 
ls
mplayer C0084.MP4 
ls
rm -rf C0058.MP4 
mplayer C0076.MP4 
ls
mplayer C0073.MP4 
ls
ls
ls
#ffmpeg -i C0073.MP4 -preset veryslow -crf 25 -b:a 512k -c:a aac -strict -2 c0073_small.mp4
ls -hal
mplayer C0073.MP4 
mplayer c0058_small.mp4 
ffmpeg -i C0073.MP4 -preset veryslow -crf 25 -b:a 512k -c:a aac -strict -2 c0073_small.mp4
ls
rm -rf C0073.MP4 
mplayer C0076.MP4 
ls
mkdir Adil
mplayer C0056.MP4 
ls
mplayer C0056.MP4 
mplayer -ni C0056.MP4 
ls
ffmpeg -i C0056.MP4 -crf 25 -b:a 512k -c:a aac -strict -2 c0056_small.mp4
ls
ls -hal
mplayer c0056_small.mp4 
ls
mplayer C0084.MP4 
ffmpeg -i C0084.MP4 -crf 25 -b:a 512k -c:a aac -strict -2 c0084_small.mp4
ls
ls
mplayer C0084.MP4 
rm -rf C0084.MP4 
ls
rm -rf C0056.MP4 
mplayer C0076.MP4 
ffmpeg -i C0076.MP4 -crf 25 -b:a 512k -c:a aac -strict -2 c0076_small.mp4
ls
mplayer c0076_small.mp4 
ls
rm -rf C0076.MP4 
ls
mkdir Adil/small
mv c00* Adil/small/
pwd
cd Adil/small/
ls
cd ..
ls
find . -name '*.MP4' | while read f; do ffmpeg -i $f -crf 25 -b:a 512k -c:a aac -strict -2 "$f"; echo "Processing file: $f file..."; done
find . -name '*.MP4' | while read f; do ffmpeg -i $f -crf 25 -b:a 512k -c:a aac -strict -2 "$f".mp4; echo "Processing file: $f file..."; done
find . -name '*.MP4' | while read f; do ffmpeg -i $f -crf 25 -b:a 512k -c:a aac -strict -2 "$f.mp4"; echo "Processing file: $f file..."; done
find . -name '*.MP4' | while read f; do ffmpeg -i $f -crf 25 -b:a 512k -c:a aac -strict -2 "$f.mp4"; echo "Processing file: $f file..."; done
ls
rm -rf C0062.MP4
find . -name '*.MP4' | while read f; do ffmpeg -i $f -crf 25 -b:a 512k -c:a aac -strict -2 "$f.mp4"; echo "Processing file: $f file..."; done
find . -name '*.MP4' | while read f; do ffmpeg -i $f -crf 25 -b:a 512k -c:a aac -strict -2; echo "Processing file: $f file..."; done
find . -name '*.MP4' | while read f; do ffmpeg -i $f -crf 25 -b:a 512k -c:a aac -strict -2 "$f"; echo "Processing file: $f file..."; done
find . -name '*.MP4' -type f | while read NAME; do ffmpeg -i "{$NAME}" -crf 25 -b:a 512k -c:a aac -strict -2 "${$NAME%_small.mp4}"; echo "Processing file: $NAME file..."; done
find . -name '*.MP4' -type f | while read NAME; do ffmpeg -i "{$NAME}" -crf 25 -b:a 512k -c:a aac -strict -2 "${$NAME%.mp4}"; echo "Processing file: $NAME file..."; done
find . -name '*.MP4' -type f | while read NAME; do ffmpeg -i "{$NAME}" -crf 25 -b:a 512k -c:a aac -strict -2 "{$NAME%_small.mp4}"; echo "Processing file: $NAME file..."; done
ls
find . -name '*.MP4' -type f | while read NAME; do ffmpeg -i "{$NAME}" -crf 25 -b:a 512k -c:a aac -strict -2 "{$NAME%.mp4}"; echo "Processing file: $NAME file..."; done
find . -name '*.MP4' -type f | while read NAME; do ffmpeg -i "${NAME}" -crf 25 -b:a 512k -c:a aac -strict -2 "${NAME%_small.mp4}"; echo "Processing file: $NAME file..."; done
find . -name '*.MP4' -type f | while read NAME; do ffmpeg -i "${NAME}" -crf 25 -b:a 512k -c:a aac -strict -2 "${NAME_small%.mp4}"; echo "Processing file: $NAME file..."; done
ls
find . -name '*.MP4' -type f | while read NAME; do ffmpeg -i "${NAME}" -crf 25 -b:a 512k -c:a aac -strict -2 "${NAME%_small.mp4}"; echo "Processing file: $NAME file..."; done
find . -name '*.MP4' -type f | while read NAME; do ffmpeg -i "${NAME}" -crf 25 -b:a 512k -c:a aac -strict -2 "${NAME%.mmp4}"; echo "Processing file: $NAME file..."; done
find . -name '*.MP4' -type f | while read NAME; do ffmpeg -i "${NAME}" -crf 25 -b:a 512k -c:a aac -strict -2 small/"${NAME%.mp4}"; echo "Processing file: $NAME file..."; done
find . -name '*.MP4' | while read f; do ffmpeg -i "$f" -crf 25 -b:a 512k -c:a aac -strict -2 "small/$f"; echo "Processing file: $f file..."; done
find . -name '*.MP4' | while read f; do ffmpeg -i $f -crf 25 -b:a 512k -c:a aac -strict -2 small/$f; echo "Processing file: $f file..."; done
ls small/
rm -rf small/C0047.MP4 
find . -name '*.MP4' | while read f; do ffmpeg -i $f -crf 25 -b:a 512k -c:a aac -strict -2 small/$f; echo "Processing file: $f file..."; done
ls small/
rm -rf small/C0047.MP4 
find . -name '*.MP4' | while read f; do ffmpeg -i $f -crf 25 -b:a 512k -c:a aac -strict -2 -strftime 1 "%Y-%m-%d_%H-%M-%S_$f"; echo "Processing file: $f file..."; done
find . -name '*.MP4' -type f | while read NAME; do ffmpeg -i "${NAME}" -crf 25 -b:a 512k -c:a aac -strict -2 -strftime 1 "%Y-%m-%d_%H-%M-%S_${NAME%.mp4}"; echo "Processing file: $f file..."; done
find . -name '*.MP4'-exec basename -type f | while read NAME; do ffmpeg -i "${NAME}" -crf 25 -b:a 512k -c:a aac -strict -2 -strftime 1 "%Y-%m-%d_%H-%M-%S_${NAME%.mp4}"; echo "Processing file: $f file..."; done
find . -name '*.MP4' -exec basename \{} -type f | while read NAME; do ffmpeg -i "${NAME}" -crf 25 -b:a 512k -c:a aac -strict -2 -strftime 1 "%Y-%m-%d_%H-%M-%S_${NAME%.mp4}"; echo "Processing file: $f file..."; done
find -L /etc -execdir echo {} 
find -L /etc -execdir echo {} ';' | head
find . -name '*.MP4' -exec basename {} \ -type f | while read NAME; do ffmpeg -i "${NAME}" -crf 25 -b:a 512k -c:a aac -strict -2 -strftime 1 "%Y-%m-%d_%H-%M-%S_${NAME%.mp4}"; echo "Processing file: $f file..."; done
find . -name '*.MP4'-type f -exec basename {} \ | while read NAME; do ffmpeg -i "${NAME}" -crf 25 -b:a 512k -c:a aac -strict -2 -strftime 1 "%Y-%m-%d_%H-%M-%S_${NAME%.mp4}"; echo "Processing file: $f file..."; done
find . -name '*.MP4' -type f -exec basename {} \ | while read NAME; do ffmpeg -i "${NAME}" -crf 25 -b:a 512k -c:a aac -strict -2 -strftime 1 "%Y-%m-%d_%H-%M-%S_${NAME%.mp4}"; echo "Processing file: $f file..."; done
find . -name '*.MP4' -type f | while read NAME; do ffmpeg -i "${NAME\n}" -crf 25 -b:a 512k -c:a aac -strict -2 -strftime 1 "%Y-%m-%d_%H-%M-%S_${NAME\n%.mp4}"; echo "Processing file: $NAME file..."; done
find . -name '*.MP4' -type f | while read NAME; do ffmpeg -i "$(basename NAME)" -crf 25 -b:a 512k -c:a aac -strict -2 -strftime 1 "%Y-%m-%d_%H-%M-%S_$(basename NAME%.mp4}"; echo "Processing file: $NAME file..."; done
find . -name '*.MP4' | while read f; do ffmpeg -i $f -crf 25 -b:a 512k -c:a aac -strict -2 -strftime 1 "%Y-%m-%d_%H-%M-%S_$f"; echo "Processing file: $f file..."; done
find . -name '*.MP4' | while read f; do ffmpeg -i $f -crf 25 -b:a 512k -c:a aac -strict -2 -strftime 1 "%Y-%m-%d_%H-%M-%S_$f\n"; echo "Processing file: $f file..."; done
find . -name '*.MP4' -printf "%f\n" | while read f; do ffmpeg -i $f -crf 25 -b:a 512k -c:a aac -strict -2 -strftime 1 "%Y-%m-%d_%H-%M-%S_$f"; echo "Processing file: $f file..."; done
ls
find . -name '*.MP4' -printf "%f\n" | while read f; do ffmpeg -i $f -crf 25 -b:a 512k -c:a aac -strict -2 -strftime 1 %Y-%m-%d_%H-%M-%S_$f; echo "Processing file: $f file..."; done
find . -name '*.MP4' -printf "%f\n" | while read f; do ffmpeg -i $f -crf 25 -b:a 512k -c:a aac -strict -2 small_$f; echo "Processing file: $f file..."; done
find . -name '*.MP4' -printf "%f\n" | while read f; do ffmpeg -i $f -crf 25 -b:a 512k -c:a aac -strict -2 "small_$f"; echo "Processing file: $f file..."; done
ls
rm -rf small_C0047.MP4 
rm -rf %Y-%m-%d_%H-%M-%S_C00*
ls
rm -rf *.MP4.mp4
ls
find . -name '*.MP4' -printf "%f\n" | while read f; do ffmpeg -i $f -crf 25 -b:a 512k -c:a aac -strict -2 "small_$f"; echo "Processing file: $f file..."; done
ls
mplayer small_C0047.MP4 
ls
mv small_C0047.MP4 small/c0047_small.mp4
ls
ffmpeg -i C0040.MP4 -crf 25 -b:a 512k -c:a aac -strict -2 small/c0040_small.mp4
ls
ffmpeg -i C0043.MP4 -crf 25 -b:a 512k -c:a aac -strict -2 small/c0043_small.mp4
ls
ffmpeg -i C0046.MP4 -crf 25 -b:a 512k -c:a aac -strict -2 small/c0046_small.mp4
ls
ffmpeg -i C0047.MP4 -crf 25 -b:a 512k -c:a aac -strict -2 small/c0047_small.mp4
ls
ls small/
mplayer small/c0046_small.mp4 
mplayer small/c0047_small.mp4 
ls
ffmpeg -i C0049.MP4 -crf 25 -b:a 512k -c:a aac -strict -2 small/c0049_small.mp4
ls
ffmpeg -i C0051.MP4 -crf 25 -b:a 512k -c:a aac -strict -2 small/c0051_small.mp4
ls
ffmpeg -i C0053.MP4 -crf 25 -b:a 512k -c:a aac -strict -2 small/c0053_small.mp4
ls
ffmpeg -i C0059.MP4 -crf 25 -b:a 512k -c:a aac -strict -2 small/c0059_small.mp4
ls
ffmpeg -i C0064.MP4 -crf 25 -b:a 512k -c:a aac -strict -2 small/c0064_small.mp4
ls
ffmpeg -i C0065.MP4 -crf 25 -b:a 512k -c:a aac -strict -2 small/c0065_small.mp4
ls
ffmpeg -i C0081.MP4 -crf 25 -b:a 512k -c:a aac -strict -2 small/c0081_small.mp4
ls
cd small/
ls
mplayer *
ls
mplayer c0064_small.mp4 
ls
mplayer c0073_small.mp4 
mplayer c0081_small.mp4 
ls
mplayer c0063_small.mp4 
mplayer c0033_small.mp4 
mplayer c0053_small.mp4 
ls
mplayer c0058_small.mp4 
ls
mplayer c0049_small.mp4 
ls
mplayer c0049_small.mp4 
mplayer c0049_small.mp4 
man mplayer
mplayer c0049_small.mp4 
ls
mplayer c0049_small.mp4 
ls
mplayer c0053_small.mp4 
ls
ls
mplayer c0058_small.mp4 
ls
mplayer c0073_small.mp4 
ls
mplayer c0081_small.mp4 
ls
mplayer c0043_small.mp4 
ls
mplayer c0049_small.mp4 
ls
mplayer c0046_small.mp4 
ls
mplayer c0047_small.mp4 
ls
mplayer c0051_small.mp4 
ls
mplayer c0056_small.mp4 
mplayer c0056_small.mp4 
cd ..
ls
ffmpeg -i C0082.MP4 -crf 25 -b:a 512k -c:a aac -strict -2 small/c0082_small.mp4
ls
ffmpeg -i C0085.MP4 -crf 25 -b:a 512k -c:a aac -strict -2 small/c0085_small.mp4
ls
ls /dev
ntfs-3g /dev/sdc1 /mnt/hd
mkdir /mnt/hd
sudo mkdir /mnt/hd
ntfs-3g /dev/sdc1 /mnt/hd
sudo ntfs-3g /dev/sdc1 /mnt/hd
sudo ntfs-3g /dev/sdc2 /mnt/hd
ls /dev
ls /dev
ls /dev
sudo ntfs-3g /dev/sdb /mnt/hd
ls /dev
sudo ntfs-3g /dev/sdc1 /mnt/hd
sudo mount -t hfsplus -o ro,loop,offset=409640,sizelimit=879631488 /dev/sda2 /mnt/mac
sudo mount -t hfsplus -o ro,loop,offset=409640,sizelimit=879631488 /dev/sdc1 /mnt/mac
sudo mkdir /mnt/mac
sudo mount -t hfsplus -o ro,loop,offset=409640,sizelimit=879631488 /dev/sdc1 /mnt/mac
ls
mplayer *
sudo mount -t hfsplus -o ro,loop,offset=409640,sizelimit=879631488 /dev/sdc1 /mnt/mac
ls /dev/
testdisk /dev/sdc
mount /dev/sdc1 -t hfsplus -o ro,sizelimit=N
sudo mount /dev/sdc1 -t hfsplus -o ro,sizelimit=N
gparted
sudo gparted
sudo mount /dev/sdc2 -t hfsplus -o ro,sizelimit=N
sudo mount /dev/sdc2 -t hfsplus -o ro,sizelimit=N /mnt/mac
ls /mnt/
sudo mount /dev/sdc2 /mnt/mac -t hfsplus -o ro,sizelimit=N
man mount
sudo mount /dev/sdc2 /mnt/mac/ -t hfsplus -o ro,sizelimit=N
sudo mount /dev/sdc2 /mnt/mac/
sudo mount /dev/sdc2 /mnt/mac/ -t hfsplus -o ro,sizelimit=N
sudo mount -t hfsplus -o ro,loop,offset=409640,sizelimit=879631488 /dev/sdc2 /mnt/mac
sudo mount -t hfsplus -o ro,loop,offset=409640,sizelimit=N /dev/sdc2 /mnt/mac
sudo mount -t hfsplus -o rw,loop /dev/sdc2 /mnt/mac
sudo umount /mnt/mac
sudo mount -t hfsplus -o rw,loop /dev/sdc2 /mnt/mac
sudo mount -t hfsplus -o rw,loop,force /dev/sdc2 /mnt/mac
sudo umount /mnt/mac
sudo mount -t hfsplus -o rw,loop,force /dev/sdc2 /mnt/mac
sudo umount /mnt/mac
xbacklight -set 1
07JaN2o17
docker
ssh rius@eltanin.uberspace.de
yaourt trade
sudo pacman -Syu
sudo pacman -Sy archlinux-keyring manjaro-keyring
sudo pacman-key --populate archlinux manjaro
sudo pacman-key --refresh-keys
sudo pacman-key --refresh-keys
sudo pacman -Sy archlinux-keyring manjaro-keyring
sudo pacman -Sy archlinux-keyring manjaro-keyring
sudo pacman-key --refresh-keys
sudo pacman-key --populate archlinux manjaro
sudo pacman -Sy archlinux-keyring manjaro-keyring
sudo pacman-key --refresh-keys --keyserver pgp.mit.edu
sudo pacman-mirrors -f0
sudo pacman -Sy archlinux-keyring manjaro-keyring
sudo pacman-key --populate archlinux manjaro
sudo pacman -Sy archlinux-keyring manjaro-keyring
sudo rm -fr /etc/pacman.d/gnupg
sudo pacman-key --init
sudo pacman-key --populate archlinux manjaro
sudo pacman-key --refresh-keys
ssh-keygen
ls
mv digital_ocean* .ssh/
ls .ssh/
cat .ssh/digital_ocean.pub 
ssh root@159.89.98.51
ssh root@159.89.98.51
cd .ssh
ls
cat known_hosts
ls config 
cat config 
vim config 
vim config 
ssh root@159.89.98.51
2018-01-11 14:51:53,533 - freqtrade - INFO - Checked all whitelisted currencies. Found no suitable entry positions for buying. Will keep looking ...
2018-01-11 14:51:54,422 - freqtrade - INFO - Checking buy signals to create a new trade with stake_amount: 0.050000 ...
2018-01-11 14:52:00,204 - freqtrade - INFO - Checked all whitelisted currencies. Found no suitable entry positions for buying. Will keep looking ...
2018-01-11 14:52:00,405 - freqtrade - INFO - Checking buy signals to create a new trade with stake_amount: 0.050000 ...
2018-01-11 14:52:01,511 - freqtrade - INFO - Checked all whitelisted currencies. Found no suitable entry positions for buying. Will keep looking ...
2018-01-11 14:52:05,266 - freqtrade - INFO - Checking buy signals to create a new trade with stake_amount: 0.050000 ...
2018-01-11 14:52:06,350 - freqtrade - INFO - Checked all whitelisted currencies. Found no suitable entry positions for buying. Will keep looking ...
2018-01-11 14:52:10,272 - freqtrade - INFO - Checking buy signals to create a new trade with stake_amount: 0.050000 ...
2018-01-11 14:52:11,311 - freqtrade - INFO - Checked all whitelisted currencies. Found no suitable entry positions for buying. Will keep looking ...
2018-01-11 14:52:15,340 - freqtrade - INFO - Checking buy signals to create a new trade with stake_amount: 0.050000 ...
2018-01-11 14:52:17,997 - freqtrade - INFO - Checked all whitelisted currencies. Found no suitable entry positions for buying. Will keep looking ...
2018-01-11 14:52:20,267 - freqtrade - INFO - Checking buy signals to create a new trade with stake_amount: 0.050000 ...
2018-01-11 14:52:21,296 - freqtrade - INFO - Checked all whitelisted currencies. Found no suitable entry positions for buying. Will keep looking ...
2018-01-11 14:52:25,265 - freqtrade - INFO - Checking buy signals to create a new trade with stake_amount: 0.050000 ...
2018-01-11 14:52:28,385 - freqtrade - INFO - Checked all whitelisted currencies. Found no suitable entry positions for buying. Will keep looking ...
2018-01-11 14:52:30,277 - freqtrade - INFO - Checking buy signals to create a new trade with stake_amount: 0.050000 ...
2018-01-11 14:52:36,054 - freqtrade - INFO - Checked all whitelisted currencies. Found no suitable entry positions for buying. Will keep looking ...
2018-01-11 14:52:36,286 - freqtrade - INFO - Checking buy signals to create a new trade with stake_amount: 0.050000 ...
2018-01-11 14:52:37,218 - freqtrade - INFO - Checked all whitelisted currencies. Found no suitable entry positions for buying. Will keep looking ...
2018-01-11 14:52:41,100 - freqtrade - INFO - Checking buy signals to create a new trade with stake_amount: 0.050000 ...
2018-01-11 14:52:42,097 - freqtrade - INFO - Checked all whitelisted currencies. Found no suitable entry positions for buying. Will keep looking ...
2018-01-11 14:52:46,102 - freqtrade - INFO - Checking buy signals to create a new trade with stake_amount: 0.050000 ...
2018-01-11 14:52:47,142 - freqtrade - INFO - Checked all whitelisted currencies. Found no suitable entry positions for buying. Will keep looking ...
2018-01-11 14:52:51,113 - freqtrade - INFO - Checking buy signals to create a new tradetrade with stake_amount: 0.050000 ...
2018-01-11 14:52:55,445 - freqtrade - INFO - Checked all whitelisted currencies. Found no suitable entry positions for buying. Will keep looking ...
2018-01-11 14:52:56,111 - freqtrade - INFO - Checking buy signals to create a new trade with stake_amount: 0.050000 ...
2018-01-11 14:52:59,235 - freqtrade - INFO - Checked all whitelisted currencies. Found no suitable entry positions for buying. Will keep looking ...
2018-01-11 14:53:01,114 - freqtrade - INFO - Checking buy signals to create a new trade with stake_amount: 0.050000 ...
2018-01-11 14:53:02,404 - freqtrade - INFO - Checked all whitelisted currencies. Found no suitable entry positions for buying. Will keep looking ...
2018-01-11 14:53:06,127 - freqtrade - INFO - Checking buy signals to create a new trade with stake_amount: 0.050000 ...
2018-01-11 14:53:11,986 - freqtrade - INFO - Checked all whitelisted currencies. Found no suitable entry positions for buying. Will keep looking ...
2018-01-11 14:53:12,131 - freqtrade - INFO - Checking buy signals to create a new trade with stake_amount: 0.050000 ...
2018-01-11 14:53:13,258 - freqtrade - INFO - Checked all whitelisted currencies. Found no suitable entry positions for buying. Will keep looking ...
2018-01-11 14:53:17,043 - freqtrade - INFO - Checking buy signals to create a new trade with stake_amount: 0.050000 ...
2018-01-11 14:53:18,080 - freqtrade - INFO - Checked all whitelisted currencies. Found no suitable entry positions for buying. Will keep looking ...
2018-01-11 14:53:22,039 - freqtrade - INFO - Checking buy signals to create a new trade with stake_amount: 0.050000 ...
2018-01-11 14:53:23,052 - freqtrade - INFO - Checked all whitelisted currencies. Found no suitable entry positions for buying. Will keep looking ...
2018-01-11 14:53:27,067 - freqtrade - INFO - Checking buy signals to create a new trade with stake_amount: 0.050000 ...
2018-01-11 14:53:32,913 - freqtrade - INFO - Checked all whitelisted currencies. Found no suitable entry positions for buying. Will keep looking ...
2018-01-11 14:53:33,566 - freqtrade - INFO - Checking buy signals to create a new trade with stake_amount: 0.050000 ...
2018-01-11 14:53:34,552 - freqtrade - INFO - Checked all whitelisted currencies. Found no suitable entry positions for buying. Will keep looking ...
2018-01-11 14:53:37,971 - freqtrade - INFO - Checking buy signals to create a new trade with stake_amount: 0.050000 ...
2018-01-11 14:53:44,009 - freqtrade - INFO - Checked all whitelisted currencies. Found no suitable entry positions for buying. Will keep looking ...
2018-01-11 14:53:44,064 - freqtrade - INFO - Checking buy signals to create a new trade with stake_amount: 0.050000 ...
2018-01-11 14:53:45,121 - freqtrade - INFO - Checked all whitelisted currencies. Found no suitable entry positions for buying. Will keep looking ...
2018-01-11 14:53:49,059 - freqtrade - INFO - Checking buy signals to create a new trade with stake_amount: 0.050000 ...
2018-01-11 14:53:50,045 - freqtrade - INFO - Checked all whitelisted currencies. Found no suitable entry positions for buying. Will keep looking ...
2018-01-11 14:53:54,078 - freqtrade - INFO - Checking buy signals to create a new trade with stake_amount: 0.050000 ...
2018-01-11 14:53:54,966 - freqtrade - INFO - Checked all whitelisted currencies. Found no suitable entry positions for buying. Will keep looking ...
2018-01-11 14:53:59,086 - freqtrade - INFO - Checking buy signals to create a new trade with stake_amount: 0.050000 ...
2018-01-11 14:54:01,767 - freqtrade - INFO - Checked all whitelisted currencies. Found no suitable entry positions for buying. Will keep looking ...
2018-01-11 14:54:04,092 - freqtrade - INFO - Checking buy signals to create a new trade with stake_amount: 0.050000 ...
2018-01-11 14:54:07,286 - freqtrade.rpc - INFO - *Status:* `Stopping trader...`
2018-01-11 14:54:07,286 - freqtrade - INFO - Stopping trader and cleaning up modules...
root@ubuntu-2gb-fra1-01:~/freqtrade# packet_write_wait: Connection to 159.89.98.51 port 22: Broken pipe
[goalador@gatanda .ssh]$ 2018-01-11 14:51:53,533 - freqtrade - INFO - Checked all whitelisted currencies. Found no suitable entry positions for buying. Will keep looking ...
bash: 2018-01-11: command not found
[goalador@gatanda .ssh]$ 2018-01-11 14:51:54,422 - freqtrade - INFO - Checking buy signals to create a new trade with stake_amount: 0.050000 ...
bash: 2018-01-11: command not found
[goalador@gatanda .ssh]$ 2018-01-11 14:52:00,204 - freqtrade - INFO - Checked all whitelisted currencies. Found no suitable entry positions for buying. Will keep looking ...
bash: 2018-01-11: command not found
[goalador@gatanda .ssh]$ 2018-01-11 14:52:00,405 - freqtrade - INFO - Checking buy signals to create a new trade with stake_amount: 0.050000 ...
bash: 2018-01-11: command not found
[goalador@gatanda .ssh]$ 2018-01-11 14:52:01,511 - freqtrade - INFO - Checked all whitelisted currencies. Found no suitable entry positions for buying. Will keep looking ...
bash: 2018-01-11: command not found
[goalador@gatanda .ssh]$ 2018-01-11 14:52:05,266 - freqtrade - INFO - Checking buy signals to create a new trade with stake_amount: 0.050000 ...
bash: 2018-01-11: command not found
`StoppingStopping`Stopping`Stoppingitution failed
[goalador@gatanda .ssh]$ 2018-01-11 14:54:07,286 - freqtrade.rpc - INFO - *Status:* `Stcleaning
[goalador@gatanda .ssh]$ bash: 2018-01-11: command not found
 stake_amount: 0.050000 ...
bash: [goalador@gatanda: command not found
 stake_amount: 0.050000 ...
bash: [goalador@gatanda: command not found
[goalador@gatanda .ssh]$ bash: 2018-01-11: command not found
bash: bash:: command not found
[goalador@gatanda .ssh]$ [goalador@gatanda .ssh]$ 2018-01-11 14:52:00,204 - freqtrade - INFO - Checked all whitelisted currencies. Found no suitable entry positions for buying. Will keep looking ...
bash: [goalador@gatanda: command not found
[goalador@gatanda .ssh]$ bash: 2018-01-11: command not found
bash: bash:: command not found
[goalador@gatanda .ssh]$ [goalador@gatanda .ssh]$ 2018-01-11 14:52:00,405 - freqtrade - INFO - Checking buy signals to create a new trade with stake_amount: 0.050000 ...
bash: [goalador@gatanda: command not found
bash: StoppingStcleaning: command not found
bash: [goalador@gatanda: command not found
[goalador@gatanda .ssh]$  stake_amount: 0.050000 ...
[goalador@gatanda .ssh]$  stake_amount: 0.050000 ...
bash: stake_amount:: command not found
[goalador@gatanda .ssh]$ bash: [goalador@gatanda: command not found
bash: bash:: command not found
[goalador@gatanda .ssh]$  stake_amount: 0.050000 ...
[goalador@gatanda .ssh]$ bash: bash:: command not found
bash: bash:: command not found
[goalador@gatanda .ssh]$ [goalador@gatanda .ssh]$ [goalador@gatanda .ssh]$ 2018-01-11 14:52:00,204 - freqtrade - INFO - Checked all whitelisted currencies. Found no suitable entry positions for buying. Will keep looking ...
bash: [goalador@gatanda: command not found
bash: [goalador@gatanda: command not found
[goalador@gatanda .ssh]$ bash: 2018-01-11: command not found
bash: bash:: command not found
[goalador@gatanda .ssh]$ `StoppingStopping`Stopping`Stoppingitution failed
> [goalador@gatanda .ssh]$ 2018-01-11 14:54:07,286 - freqtrade.rpc - INFO - *Status:* `Stcleaning
bash: StoppingStopping: command not found
bash: [goalador@gatanda: command not found
[goalador@gatanda .ssh]$ bash: 2018-01-11: command not found
bash: bash:: command not found
[goalador@gatanda .ssh]$ `StoppingStopping`Stopping`Stoppingitution failed
> [goalador@gatanda .ssh]$ 2018-01-11 14:54:07,286 - freqtrade.rpc - INFO - *Status:* `Stcleaning
bash: StoppingStopping: command not found
bash: [goalador@gatanda: command not found
[goalador@gatanda .ssh]$ bash: 2018-01-11: command not found
bash: bash:: command not found
[goalador@gatanda .ssh]$ `StoppingStopping`Stopping`Stoppingitution failed
> [goalador@gatanda .ssh]$ 2018-01-11 14:54:07,286 - freqtrade.rpc - INFO - *Status:* `Stcleaning
bash: StoppingStopping: command not found
bash: Stoppingitution: command not found
bash: [goalador@gatanda: command not found
bash: StoppingStcleaning: command not found
[goalador@gatanda .ssh]$ [goalador@gatanda .ssh]$ bash: 2018-01-11: command not found
bash: [goalador@gatanda: command not found
[goalador@gatanda .ssh]$  stake_amount: 0.050000 ...
bash: stake_amount:: command not found
[goalador@gatanda .ssh]$ bash: [goalador@gatanda: command not found
bash: bash:: command not found
[goalador@gatanda .ssh]$  stake_amount: 0.050000 ...
bash: stake_amount:: command not found
[goalador@gatanda .ssh]$ bash: [goalador@gatanda: command not found
bash: bash:: command not found
[goalador@gatanda .ssh]$ [goalador@gatanda .ssh]$ bash: 2018-01-11: command not found
bash: [goalador@gatanda: command not found
[goalador@gatanda .ssh]$ bash: bash:: command not found
bash: bash:: command not found
[goalador@gatanda .ssh]$ [goalador@gatanda .ssh]$ [goalador@gatanda .ssh]$ 2018-01-11 14:52:00,204 - freqtrade - INFO - Checked all whitelisted currencies. Found no suitable entry positions for buying. Will keep looking ...
bash: [goalador@gatanda: command not found
[goalador@gatanda .ssh]$ bash: [goalador@gatanda: command not found
bash: bash:: command not found
[goalador@gatanda .ssh]$ [goalador@gatanda .ssh]$ bash: 2018-01-11: command not found
bash: [goalador@gatanda: command not found
[goalador@gatanda .ssh]$ bash: bash:: command not found
bash: bash:: command not found
[goalador@gatanda .ssh]$ [goalador@gatanda .ssh]$ [goalador@gatanda .ssh]$ 2018-01-11 14:52:00,405 - freqtrade - INFO - Checking buy signals to create a new trade with stake_amount: 0.050000 ...
bash: [goalador@gatanda: command not found
[goalador@gatanda .ssh]$ bash: [goalador@gatanda: command not found
bash: bash:: command not found
[goalador@gatanda .ssh]$ 
[goalador@gatanda .ssh]$ bash: StoppingStcleaning: command not found
bash: bash:: command not found
[goalador@gatanda .ssh]$ bash: [goalador@gatanda: command not found
bash: bash:: command not found
[goalador@gatanda .ssh]$ [goalador@gatanda .ssh]$  stake_amount: 0.050000 ...
bash: [goalador@gatanda: command not found
[goalador@gatanda .ssh]$ [goalador@gatanda .ssh]$  stake_amount: 0.050000 ...
bash: [goalador@gatanda: command not found
[goalador@gatanda .ssh]$ bash: stake_amount:: command not found
bash: bash:: command not found
[goalador@gatanda .ssh]$ [goalador@gatanda .ssh]$ bash: [goalador@gatanda: command not found
bash: [goalador@gatanda: command not found
[goalador@gatanda .ssh]$ bash: bash:: command not found
bash: bash:: command not found
[goalador@gatanda .ssh]$ [goalador@gatanda .ssh]$  stake_amount: 0.050000 ...
bash: [goalador@gatanda: command not found
[goalador@gatanda .ssh]$ 
[goalador@gatanda .ssh]$ [goalador@gatanda .ssh]$ bash: bash:: command not found
bash: [goalador@gatanda: command not found
[goalador@gatanda .ssh]$ bash: bash:: command not found
bash: bash:: command not found
[goalador@gatanda .ssh]$ [goalador@gatanda .ssh]$ [goalador@gatanda .ssh]$ [goalador@gatanda .ssh]$ 2018-01-11 14:52:00,204 - freqtrade - INFO - Checked all whitelisted currencies. Found no suitable entry positions for buying. Will keep looking ...
bash: [goalador@gatanda: command not found
[goalador@gatanda .ssh]$ bash: [goalador@gatanda: command not found
bash: bash:: command not found
[goalador@gatanda .ssh]$ bash: [goalador@gatanda: command not found
bash: bash:: command not found
[goalador@gatanda .ssh]$ [goalador@gatanda .ssh]$ bash: 2018bash: bash:: command not found
bash: [goalador@gatanda: command not found
bash: [goalador@gatanda: command not found
[goalador@gatanda .ssh]$ bash: bash:: command not found
bash: bash:: command not found
[goalador@gatanda .ssh]$ [goalador@gatanda .ssh]$ [goalador@gatanda .ssh]$  stake_amount: 0.050000 ...
bash: [goalador@gatanda: command not found
not found
[goalador@gatanda .ssh]$ bash: [goalador@gatanda: command not found
bash: bash:: command not found
[goalador@gatanda .ssh]$ [goalador@gatanda .ssh]$ bash: [goalador@gatanda: command not found
bash: [goalador@gatanda: command not found
[goalador@gatanda .ssh]$ bash: bash:: command not found
bash: [goalador@gatanda: command not found
#dd bs=4M if=archlinux-2017.12.01-x86_64.iso of=/dev/sdb status=progress && sync
ls /dev
cd ~/Downloads/
dd bs=4M if=archlinux-2017.12.01-x86_64.iso of=/dev/sdb status=progress && sync
ls /dev
exit
redshift&
history
hwclock --show
hwclock --show --debug
sudo hwclock --show --debug
find . -name '*.MP4' -printf "%f\n" | while read f; do ffmpeg -i $f -crf 25 -b:a 512k -c:a aac -strict -2 -strftime 1 %Y-%m-%d_%H-%M-%S_$f; echo "Processing file: $f file..."; done
timedatectl set-time "2018-01-24 08:34:00"
redshift&
redshift&
cd webentwicklung/webappcreations/
ls
cd Kunden/AlbrechtHain/Website_Theme/
ls
git clone git@albrechthain.git.beanstalkapp.com:/albrechthain/corpwebsite-starterkit.git
cd ~/.ssh/
ls
cat config 
ssh-keygen
ls
cat albrechthain_rsa.pub 
vim config 
cd ..
cd webentwicklung/webappcreations/Kunden/AlbrechtHain/Website_Theme/
git clone git@albrechthain.git.beanstalkapp.com:/albrechthain/corpwebsite-starterkit.git
vim config 
vim ~/.ssh/config 
git clone git@albrechthain.git.beanstalkapp.com:/albrechthain/corpwebsite-starterkit.git
git clone https://albrechthain.git.beanstalkapp.com/corpwebsite-starterkit.git
vim ~/.ssh/config 
vim ~/.ssh/known_hosts
git clone git@albrechthain.git.beanstalkapp.com:/albrechthain/corpwebsite-starterkit.git
vim ~/.ssh/known_hosts
git clone git@albrechthain.git.beanstalkapp.com:/albrechthain/corpwebsite-starterkit.git
vim ~/.ssh/known_hosts
vim ~/.ssh/config 
cat ~/.ssh/albrechthain_rsa
git clone git@albrechthain.git.beanstalkapp.com:/albrechthain/corpwebsite-starterkit.git
git clone git@albrechthain.git.beanstalkapp.com:/albrechthain/corpwebsite-starterkit.git
vim ~/.ssh/config 
vim ~/.ssh/known_hosts
vim ~/.ssh/known_hosts
git clone git@albrechthain.git.beanstalkapp.com:/albrechthain/corpwebsite-starterkit.git
git clone https://albrechthain.git.beanstalkapp.com/corpwebsite-starterkit.git
ls
cd corpwebsite-starterkit/
ls -all
corpwebsite-starterkit  kNmg5E60WS.zip  startbootstrap-full-slider-gh-pages.zip  Website_Theme.png
ite-starterkit.git
Cloning into 'corpwebsite-starterkit'...
Permission denied (publickey).
fatal: Could not read from remote repository.
Please make sure you have the correct access rights
and the repository exists.
[goalador@gatanda Website_Theme]$ git clone https://albrechthain.git.beanstalkapp.com/corpwebsite-starterkit.git
Cloning into 'corpwebsite-starterkit'...
Username for 'https://albrechthain.git.beanstalkapp.com': webappcreations
Password for 'https://webappcreations@albrechthain.git.beanstalkapp.com': 
warning: You appear to have cloned an empty repository.
[goalador@gatanda Website_Theme]$ ls
ite-starterkit.git
Cloning into 'corpwebsite-starterkit'...
Permission denied (publickey).
fatal: Could not read from remote repository.
Please make sure you have the correct access rights
and the repository exists.
[goalador@gatanda Website_Theme]$ git clone https://albrechthain.git.beanstalkapp.com/corpwebsite-starterkit.git
Cloning into 'corpwebsite-starterkit'...
Username for 'https://albrechthain.git.beanstalkapp.com': webappcreations
Password for 'https://webappcreations@albrechthain.git.beanstalkapp.com': 
warning: You appear to have cloned an empty repository.
[goalador@gatanda Website_Theme]$ ls
[goalador@gatanda corpwebsite-starterkit]$ Password for 'https://webappcreations@albrechthain.git.beanstalkapp.com': 
bash: Password: command not found
[goalador@gatanda corpwebsite-starterkit]$ warning: You appear to have cloned an empty repository.
 for 'https://albrechthain.git.beanstalkapp.com': webappcreations
Password for 'https://webappcreations@albrechthain.git.beanstalkapp.com': 
warning: You appear to have cloned an empty repository.
[goalador@gatanda Website_Theme]$ ls
corpwebsite-starterkit  kNmg5E60WS.zip  startbootstrap-full-slider-gh-pages.zip  Website_Theme.png
[goalador@gatanda Website_Theme]$ cd corpwebsite-starterkit/
[goalador@gatanda corpwebsite-starterkit]$ ls -all
total 12
warning::warning::dor@gatanda corpwebsite-starterkit]$ and the repository exists.
bash: and: command not found
[goalador@gatanda corpwebsite-starterkit]$ [goalador@gatanda Website_Theme]$ git clone https://albrechthain.git.beanstalkapp.com/corpwebsite-starterkit.git
bash: [goalador@gatanda: command not found
[goalador@gatanda corpwebsite-starterkit]$ Cloning into 'corpwebsite-starterkit'...
bash: Cloning: command not found
[goalador@gatanda corpwebsite-starterkit]$ Username for 'https://albrechthain.git.beanstalkapp.com': webappcreations
bash: h: Cloning: command not found
[goalador@gatanda corpwebsite-starterkit]$ Username for 'https://albrechthain.git.beanstalkapp.com': webappcreations
bash: Username: command not found
[goalador@gatanda corpwebsite-starterkit]$ Password for 'https://webappcreations@albrechthain.git.beanstalkapp.com': 
bash: Password: command not found
[goalador@gatanda corpwebsite-starterkit]$ warning: You appear to have cloned an empty repository.
bash: warning:: command not found
[goalador@gatanda corpwebsite-starterkit]$ [goalador@gatanda Website_Theme]$ ls
bash: [goalador@gatanda: command not found
[goalador@gatanda corpwebsite-starterkit]$ [goalador@gatanda corpwebsite-starterkit]$ Password for 'https://webappcreations@albrechthain.git.beanstalkapp.com': 
bash: h: Cloning: command not found
[goalador@gatanda corpwebsite-starterkit]$ Username for 'https://albrechthain.git.beanstalkapp.com': webappcreations
bash: Username: command not found
[goalador@gatanda corpwebsite-starterkit]$ Password for 'https://webappcreations@albrechthain.git.beanstalkapp.com': 
bash: Password: command not found
[goalador@gatanda corpwebsite-starterkit]$ warning: You appear to have cloned an empty repository.
bash: warning:: command not found
[goalador@gatanda corpwebsite-starterkit]$ [goalador@gatanda Website_Theme]$ ls
bash: [goalador@gatanda: command not found
[goalador@gatanda corpwebsite-starterkit]$ [goalador@gatanda corpwebsite-starterkit]$ Password for 'https://webappcreations@albrechthain.git.beanstalkapp.com': 
bash: [goalador@gatanda: command not found
[goalador@gatanda corpwebsite-starterkit]$ bash: Password: command not found
bash: bash:: command not found
[goalador@gatanda corpwebsite-starterkit]$ [goalador@gatanda corpwebsite-starterkit]$ warning: You appear to have cloned an empty repository.
bash: [goalador@gatanda: command not found
[goalador@gatanda corpwebsite-starterkit]$  for 'https://albrechthain.git.beanstalkapp.com': webappcreations
bash: syntax error near unexpected token `webappcreations'
[goalador@gatanda corpwebsite-starterkit]$ Password for 'https://webappcreations@albrechthain.git.beanstalkapp.com': 
bash: Password: command not found
[goalador@gatanda corpwebsite-starterkit]$ warning: You appear to have cloned an empty repository.
bash: warning:: command not found
[goalgoalador@gatanda corpwebsite-starterkit]$ bash: Password: command not found
bash: bash:: command not found
[goalador@gatanda corpwebsite-starterkit]$ [goalador@gatanda corpwebsite-starterkit]$ warning: You appear to have cloned an empty repository.
bash: [goalador@gatanda: command not found
[goalador@gatanda corpwebsite-starterkit]$ bash: warning:: command not found
bash: bash:: command not found
[goalador@gatanda corpwebsite-starterkit]$ [goalador@gatanda corpwebsite-starterkit]$ [goalador@gatanda Website_Theme]$ ls
bash: [goalador@gatanda: command not found
[goalador@gatanda corpwebsite-starterkit]$ bash: [goalador@gatanda: command not found
bash: bash:: command not found
[goalador@gatanda corpwebsite-starterkit]$ [goalador@gatanda corpwebsite-starterkit]$ [goalador@gatanda corpwebsite-starterkit]$ Password for 'https://webappcreations@albrechthain.git.beanstalkapp.com': 
bash: [goalador@gatanda: command not found
[goalador@gatanda corpwebsite-starterkit]$ bash: h: Cloning: command not found
bash: bash:: command not found
[goalador@gatanda corpwebsite-starterkit]$ [goalador@gatanda corpwebsite-starterkit]$ Username for 'https://albrechthain.git.beanstalkapp.com': webappcreations
bash: [goalador@gatanda: command not found
[goalador@gatanda corpwebsite-starterkit]$ bash: Username: command not found
bash: bash:: command not found
[goalador@gatanda corpwebsite-starterkit]$ [goalador@gatanda corpwebsite-starterkit]$ Password for 'https://webappcreations@albrechthain.git.beanstalkapp.com': 
bash: [goalador@gatanda: command not found
[goalador@gatanda corpwebsite-starterkit]$ bash: Password: command not found
bash: bash:: command not found
[goalador@gatanda corpwebsite-starterkit]$ [goalador@gatanda corpwebsite-starterkit]$ warning: You appear to have cloned an empty repository.
bash: [goalador@gatanda: command not found
[goalador@gatanda corpwebsite-starterkit]$ bash: warning:: command not found
bash: bash:: command not found
[goalador@gatanda corpwebsite-starterkit]$ [goalador@gatanda corpwebsite-starterkit]$ [goalador@gatanda Website_Theme]$ ls
bash: [goalador@gatanda: command not found
[goalador@gatanda corpwebsite-starterkit]$ bash: [goalador@gatanda: command not found
bash: bash:: command not found
[goalador@gatanda corpwebsite-starterkit]$ [goalador@gatanda corpwebsite-starterkit]$ [goalador@gatanda corpwebsite-starterkit]$ Password for 'https://webappcreations@albrechthain.git.beanstalkapp.com': 
bash: [goalador@gatanda: command not found
[goalador@gatanda corpwebsite-starterkit]$ bash: [goalador@gatanda: command not found
bash: bash:: command not found
[goalador@gatanda corpwebsite-starterkit]$ [goalador@gatanda corpwebsite-starterkit]$ bash: Password: command not found
bash: [goalador@gatanda: command not found
[goalador@gatanda corpwebsite-starterkit]$ bash: bash:: command not found
bash: bash:: command not found
[goalador@gatanda corpwebsite-starterkit]$ [goalador@gatanda corpwebsite-starterkit]$ [goalador@gatanda corpwebsite-starterkit]$ warning: You appear to have cloned an empty repository.
bash: [goalador@gatanda: command not found
[goalador@gatanda corpwebsite-starterkit]$ bash: [goalador@gatanda: command not found
bash: bash:: command not found
[goalador@gatanda corpwebsite-starterkit]$ [goalador@gatanda corpwebsite-starterkit]$  for 'https://albrechthain.git.beanstalkapp.com': webappcreations
bash: [goalador@gatanda: command not found
[goalador@gatanda corpwebsite-starterkit]$ bash: syntax error near unexpected token `webappcreations'
> [goalador@gatanda corpwebsite-starterkit]$ Password for 'https://webappcreations@albrechthain.git.beanstalkapp.com': 
> bash: Password: command not found
> bash: bash:: command not found
> [goalador@gatanda corpwebsite-starterkit]$ [goalador@gatanda corpwebsite-starterkit]$ bash: Password: command not found
> bash: [goalador@gatanda: command not found
> [goalador@gatanda corpwebsite-starterkit]$ bash: bash:: command not found
> bash: bash:: command not found
> [goalador@gatanda corpwebsite-starterkit]$ [goalador@gatanda corpwebsite-starterkit]$ [goalador@gatanda corpwebsite-starterkit]$ warning: You appear to have cloned an empty repository.
> bash: [goalador@gatanda: command not found
> [goalador@gatanda corpwebsite-starterkit]$ bash: [goalador@gatanda: command not found
> bash: bash:: command not found
> [goalador@gatanda corpwebsite-starterkit]$ [goalador@gatanda corpwebsite-starterkit]$  for 'https://albrechthain.git.beanstalkapp.com': webappcreations
> bash: [goalador@gatanda: command not found
> [goalador@gatanda corpwebsite-starterkit]$ bash: syntax error near unexpected token `webap[goalador@gatanda Kunden]$ cd BlueOracleFilms/
d
> [goalador@gatanda corpwebsite-starterkit]$ [goalador@gatanda corpwebsite-starterkit]$ Username for 'https://albrechthain.git.beanstalkapp.com': webappcreations
> bash: [goalador@gatanda: command not found
> [goalador@gatanda corpwebsite-starterkit]$ bash: Username: command not found
> bash: bash:: command not found
> [goalador@gatanda corpwebsite-starterkit]$ [goalador@gatanda corpwebsite-starterkit]$ Password for 'https://webappcreations@albrechthain.git.beanstalkapp.com': 
> bash: [goalador@gatanda: cofound
> [goalador@gatanda corpwebsite-starterkit]$ [goalador@gatanda corpwebsite-starterkit]$ Username for 'https://albrechthain.git.beanstalkapp.com': webappcreations
> bash: [goalador@gatanda: command not found
> [goalador@gatanda corpwebsite-starterkit]$ bash: Username: command not found
> bash: bash:: command not found
> [goalador@gatanda corpwebsite-starterkit]$ [goalador@gatanda corpwebsite-starterkit]$ Password for 'https://webappcreations@albrechthain.git.beanstalkapp.com': 
> bash: [goalador@gatanda: commandfound
> [goalador@gatanda corpwebsite-starterkit]$ [goalador@gatanda corpwebsite-starterkit]$ Username for 'https://albrechthain.git.beanstalkapp.com': webappcreations
> bash: [goalador@gatanda: command not found
> [goalador@gatanda corpwebsite-starterkit]$ bash: Username: command not found
> bash: bash:: command not found
> [goalador@gatanda corpwebsite-starterkit]$ [goalador@gatanda corpwebsite-starterkit]$ Password for 'https://webappcreations@albrechthain.git.beanstalkapp.com': 
> bash: [goalador@gatanda: commandhttps://webappcreations@albrechthain.git.beanstalkapp.com':https://webappcreations@albrechthain.git.beanstalkapp.com':> bash: bash:: command not found
> [goalador@gatanda corpwebsite-starterkit]$ [goalador@gatanda corpwebsite-starterkit]$ [goalador@gatanda corpwebsite-starterkit]$ Password for 'https://webappcreations@albrechthain.git.beanstalkapp.com': 
gatanda corpwebsite-starterkit]$ [goalador@gatanda corpwebsite-starterkit]$ Password for 'https://webappcreations@albrechthain.git.beanstalkapp.com': 
> bash: [goalador@gatanda: command not found
> [goalador@gatanda corpwebsite-starterkit]$ bash: Password: command not found
> bash: bash:: command not found
> [goalador@gatanda corpwebsite-starterkit]$ [goalador@gatanda corpwebsite-starterkit]$ warning: You appear to have cloned an empty repository.
> bash: [goalador@gatanda: command not found
> [goalador@gatanda corpwebsite-starterkit]$ bash: warning:: command not found
> bash: bash:: command not found
> [goalador@gatanda corpwebsite-starterkit]$ [goalador@gatanda corpwebsite-starterkit]$ [goalador@gatanda Website_Theme]$ ls
> bash: [goalador@gatanda: command not found
> [goalador@gatanda corpwebsite-starterkit]$ bash: [goalador@gatanda: command not found
> bash: bash:: command not found
> [goalador@gatanda corpwebsite-starterkit]$ [goalador@gatanda corpwebsite-starterkit]$ [goalador@gatanda corpwebsite-starterkit]$ Password for 'https://webappcreations@albrechthain.git.beanstalkapp.com': 
> [goalador@gatanda corpwebsite-starterkit]$ [goalador@gatanda corpwebsite-starterkit]$ bash: Password: command not found
> > bash: [goalador@gatanda: command not found
> > [goalador@gatanda corpwebsite-starterkit]$ bash: bash:: command not found
> > bash: bash:: command not found
> > [goalador@gatanda corpwebsite-starterkit]$ [goalador@gatanda corpwebsite-starterkit]$ [goalador@gatanda corpwebsite-starterkit]$ warning: You appear to have cloned an empty repository.
> > bash: [goalador@gatanda: command not found
> > [goalador@gatanda corpwebsite-starterkit]$ bash: [goalador@gatanda: command not found
> > bash: bash:: command not found
> > [goalador@gatanda corpwebsite-starterkit]$ [goalador@gatanda corpwebsite-starterkit]$  for 'https://albrechthain.git.beanstalkapp.com': webappcreations
> > bash: [goalador@gatanda: command not found
> > [goalador@gatanda corpwebsite-starterkit]$ bash: syntax error near unexpected token `webap[goalador@gatanda Kunden]$ cd BlueOracleFilms/
> d
> > [goalador@gatanda corpwebsite-starterkit]$ [goalador@gatanda corpwebsite-starterkit]$ Username for 'https://albrechthain.git.beanstalkapp.com': webappcreations
> > bash: [goalador@gatanda: command not found
> > [goalador@gatanda corpwebsite-starterkit]$ bash: Username: command not found
> > bash: bash:: command not found
> > [goalador@gatanda corpwebsite-starterkit]$ [goalador@gatanda corpwebsite-starterkit]$ Password for 'https://webappcreations@albrechthain.git.beanstalkapp.com': 
> > bash: [goalador@gatanda: cofound
> > [goalador@gatanda corpwebsite-starterkit]$ [goalador@gatanda corpwebsite-starterkit]$ Username for 'https://albrechthain.git.beanstalkapp.com': webappcreations
> > bash: [goalador@gatanda: command not found
> > [goalador@gatanda corpwebsite-starterkit]$ bash: Username: command not found
> > bash: bash:: command not found
> > [goalador@gatanda corpwebsite-starterkit]$ [goalador@gatanda corpwebsite-starterkit]$ Password for 'https://webappcreations@albrechthain.git.beanstalkapp.com': 
> > bash: [goalador@gatanda: commandfound
> > [goalador@gatanda corpwebsite-starterkit]$ [goalador@gatanda corpwebsite-starterkit]$ Username for 'https://albrechthain.git.beanstalkapp.com': webappcreations
> > bash: [goalador@gatanda: command not found
> > [goalador@gatanda corpwebsite-starterkit]$ bash: Username: command not found
> > bash: bash:: command not found
> > [goalador@gatanda corpwebsite-starterkit]$ [goalador@gatanda corpwebsite-starterkit]$ Password for 'https://webappcreations@albrechthain.git.beanstalkapp.com': 
> > bash: [goalador@gatanda: commandhttps://webappcreations@albrechthain.git.beanstalkapp.com':https://webappcreations@albrechthain.git.beanstalkapp.com':> bash: bash:: command not found
> > [goalador@gatanda corpwebsite-starterkit]$ [goalador@gatanda corpwebsite-starterkit]$ [goalador@gatanda corpwebsite-starterkit]$ Password for 'https://webappcreations@albrechthain.git.beanstalkapp.co[goalador@gatanda corpwebsite-starterkit]$ [goalador@gatanda corpwebsite-starterkit]$ bash: Password: command not found
> > bash: [goalador@gatanda: command not found
> > [goalador@gatanda corpwebsite-starterkit]$ bash: bash:: command not found
> > bash: bash:: command not found
> > [goalador@gatanda corpwebsite-starterkit]$ [goalador@gatanda corpwebsite-starterkit]$ [goalador@gatanda corpwebsite-starterkit]$ warning: You appear to have cloned an empty repository.
> > bash: [goalador@gatanda: command not found
> > [goalador@gatanda corpwebsite-starterkit]$ bash: [goalador@gatanda: command not found
> > bash: bash:: command not found
> > [goalador@gatanda corpwebsite-starterkit]$ [goalador@gatanda corpwebsite-starterkit]$  for 'https://albrechthain.git.beanstalkapp.com': webappcreations
> > bash: [goalador@gatanda: command not found
> > [goalador@gatanda corpwebsite-starterkit]$ bash: syntax error near unexpected token `webap[goalador@gatanda Kunden]$ cd BlueOracleFilms/
> d
> > [goalador@gatanda corpwebsite-starterkit]$ [goalador@gatanda corpwebsite-starterkit]$ Username for 'https://albrechthain.git.beanstalkapp.com': webappcreations
> > bash: [goalador@gatanda: command not found
> > [goalador@gatanda corpwebsite-starterkit]$ bash: Username: command not found
> > bash: bash:: command not found
> > [goalador@gatanda corpwebsite-starterkit]$ [goalador@gatanda corpwebsite-starterkit]$ Password for 'https://webappcreations@albrechthain.git.beanstalkapp.com': 
> > bash: [goalador@gatanda: cofound
> > [goalador@gatanda corpwebsite-starterkit]$ [goalador@gatanda corpwebsite-starterkit]$ Username for 'https://albrechthain.git.beanstalkapp.com': webappcreations
> > bash: [goalador@gatanda: command not found
> > [goalador@gatanda corpwebsite-starterkit]$ bash: Username: command not found
> > bash: bash:: command not found
> > [goalador@gatanda corpwebsite-starterkit]$ [goalador@gatanda corpwebsite-starterkit]$ Password for 'https://webappcreations@albrechthain.git.beanstalkapp.com': 
> > bash: [goalador@gatanda: commandfound
> > [goalador@gatanda corpwebsite-starterkit]$ [goalador@gatanda corpwebsite-starterkit]$ Username for 'https://albrechthain.git.beanstalkapp.com': webappcreations
> > bash: [goalador@gatanda: command not found
> > [goalador@gatanda corpwebsite-starterkit]$ bash: Username: command not found
> > bash: bash:: command not found
> > [goalador@gatanda corpwebsite-starterkit]$ [goalador@gatanda corpwebsite-starterkit]$ Password for 'https://webappcreations@albrechthain.git.beanstalkapp.com': 
> > bash: [goalador@gatanda: commandhttps://webappcreations@albrechthain.git.beanstalkapp.com':https://webappcreations@albrechthain.git.beanstalkapp.com':> bash: bash:: command not found
> > [goalador@gatanda corpwebsite-starterkit]$ [goalador@gatanda corpwebsite-starterkit]$ [goalador@gatanda corpwebsite-starterkit]$ Password for 'https://webappcreations@albrechthain.git.beanstalkapp.co[goalador@gatanda corpwebsite-starterkit]$ > > [goalador@gatanda corpwebsite-starterkit]$ bash: Username: command not found
[goalador@gatanda corpwebsite-starterkit]$ > > [goalador@gatanda corpwebsite-starterkit]$ bash: Username: command not found
bash: syntax error near unexpected token `>'
corpwebsite-starterkitcorpwebsite-starterkit]$ > > bash: [goalador@gatanda: commandfound
bash: syntax error near unexpected token `>'
[goalador@gatanda corpwebsite-starterkit]$ > > [goalador@gatanda corpwebsite-starterkit]$ [goalador@gatanda corpwebsite-starterkit]$ Username for 'https://albrechthain.git.beanstalkapp.com': webappcreations
bash: syntax error near unexpected token `>'
[goalador@gatanda corpwebsite-starterkit]$ > > bash: [goalador@gatanda: command not found
bash: syntax error near unexpected token `>'
[goalador@gatanda corpwebsite-starterkitcorpwebsite-starterkit]$ > > bash: [goalador@gatanda: commandfound
bash: syntax error near unexpected token `>'
[goalador@gatanda corpwebsite-starterkit]$ > > [goalador@gatanda corpwebsite-starterkit]$ [goalador@gatanda corpwebsite-starterkit]$ Username for 'https://albrechthain.git.beanstalkapp.com': webappcreations
bash: syntax error near unexpected token `>'
[goalador@gatanda corpwebsite-starterkit]$ > > bash: [goalador@gatanda: command not found
bash: syntax error near unexpected token `>'
[goalador@gatanda corpwebsite-starterkitbash: command substitution: line 1: unexpected EOF while looking for matching `''
bash: command substitution: line 4: syntax error: unexpected end of file
bash: 
[goalador@gatanda corpwebsite-starterkit]$ > > [goalador@gatanda corpwebsite-starterkit]$ [goalador@gatanda corpwebsite-starterkit]$ Username for https://albrechthain.git.beanstalkapp.com: webappcreations
bash: syntax error near unexpected token `>: No such file or directory
bash: command substitution: line 1: unexpected EOF while looking for matching `''
bash: command substitution: line 4: syntax error: unexpected end of file
bash: 
[goalador@gatanda corpwebsite-starterkit]$ > > [goalador@gatanda corpwebsite-starterkit]$ [goalador@gatanda corpwebsite-starterkit]$ Username for https://albrechthain.git.beanstalkapp.com: webappcreations
bash: syntax error near unexpected token `>: No such file or directory
[goalador@gatanda corpwebsite-starterkit]$ [goalador@gatanda corpwebsite-starterkit]$ > > bash: [goalador@gatanda: command not found
bash: syntax error near unexpected token `>'
[goalador@gatanda corpwebsite-starterkit]$ bash: syntax error near unexpected token `>'
> [goalador@gatanda corpwebsite-starterkitbash: command substitution: line 1: unexpected EOF while looking for matching `''
bash: command substitution: line 1: unexpected EOF while looking for matching `''
bash: command substitution: line 1: unexpected EOF while looking for matching `''
bash: command substitution: line 4: syntax error: unexpected end of file
bash: 
[goalador@gatanda corpwebsite-starterkit]$ > > [goalador@gatanda corpwebsite-starterkit]$ [goalador@gatanda corpwebsite-starterkit]$ Username for https://albrechthain.git.beanstalkapp.com: webappcreations
bash: syntax error near unexpected token `>: No such file or directory
[goalador@gatanda corpwebsite-starterkit]$ [goalador@gatanda corpwebsite-starterkit]$ > > bash: [goalador@gatanda: command not found
bash: syntax error near unexpected token `>'
[goalador@gatanda corpwebsite-starterkit]$ bash: syntax error near unexpected token `>'
> [goalador@gatanda corpwebsite-starterkitbash: command substitution: line 1: unexpected EOF while looking for matching `''
bash: command substitution: line 1: unexpected EOF while looking for matching `''
bash: command substitution: line 3: syntax error: unexpected end of file
bash: bash:: command not found
[goalador@gatanda corpwebsite-starterkit]$ bash: command substitution: line 4: syntax error: unexpected end of file
bash: bash:: command not found
[goalador@gatanda corpwebsite-starterkit]$ bash: 
bash: bash:: command not found
[goalador@gatanda corpwebsite-starterkit]$ [goalador@gatanda corpwebsite-starterkit]$ > > [goalador@gatanda corpwebsite-starterkit]$ [goalador@gatanda corpwebsite-starterkit]$ Username for https://albrechthain.git.beanstalkapp.com: webappcreations
bash: syntax error near unexpected token `>'
[goalador@gatanda corpwebsite-starterkit]$ bash: syntax error near unexpected token `>: No such file or directory
> bash: command substitution: line 1: unexpected EOF while looking for matching `''
bash: No: command not found
bash: bash:: command not found
bash: bash:: command not found
[goalador@gatanda corpwebsite-starterkit]$ bash: command substitution: line 4: syntax error: unexpected end of file
bash: bash:: command not found
[goalador@gatanda corpwebsite-starterkit]$ bash: 
bash: bash:: command not found
[goalador@gatanda corpwebsite-starterkit]$ [goalador@gatanda corpwebsite-starterkit]$ > bash: command substitution: line 1: unexpected EOF while looking for matching `''
bash: command substitution: line 4: syntax error: unexpected end of file
bash: 
[goalador@gatanda corpwebsite-starterkit]$ > > [goalador@gatanda corpwebsite-starterkit]$ [goalador@gatanda corpwebsite-starterkit]$ Username for https://albrechthain.git.beanstalkapp.com: webappcreations
bash: syntax error near unexpected token `>: No such file or directory
[goalador@gatanda corpwebsite-starterkit]$ [goalador@gatanda corpwebsite-starterkit]$ > > bash: [goalador@gatanda: command not found
bash: syntax error near unexpected token `>'
[goalador@gatanda corpwebsite-starterkit]$ bash: syntax error near unexpected token `>'
> [goalador@gatanda corpwebsite-starterkitbash: command substitution: line 1: unexpected EOF while looking for matching `''
bash: command substitution: line 1: unexpected EOF while looking for matching `''
bash: command substitution: line 3: syntax error: unexpected end of file
bash: bash:: command not found
[goalador@gatanda corpwebsite-starterkit]$ bash: command substitution: line 4: syntax error: unexpected end of file
bash: bash:: command not found
[goalador@gatanda corpwebsite-starterkit]$ bash: 
bash: bash:: command not found
[goalador@gatanda corpwebsite-starterkit]$ [goalador@gatanda corpwebsite-starterkit]$ > > [goalador@gatanda corpwebsite-starterkit]$ [goalador@gatanda corpwebsite-starterkit]$ Username for https://albrechthain.git.beanstalkapp.com: webappcreations
bash: syntax error near unexpected token `>'
[goalador@gatanda corpwebsite-starterkit]$ bash: syntax error near unexpected token `>: No such file or directory
> bash: command substitution: line 1: unexpected EOF while looking for matching `''
bash: No: command not found
bash: bash:: command not found
bash: bash:: command not found
[goalador@gatanda corpwebsite-starterkit]$ bash: command substitution: line 4: syntax error: unexpected end of file
bash: bash:: command not found
[goalador@gatanda corpwebsite-starterkit]$ bash: 
bash: bash:: command not found
[goalador@gatanda corpwebsite-starterkit]$ [goalador@gatanda corpwebsite-starterkit]$ > > [goalador@gatanda corpwebsite-starterkit]$ [goalador@gatanda corpwebsite-starterkit]$ Username for https://albrechthain.git.beanstalkapp.com: webappcreations
bash: syntax error near unexpected token `>'
[goalador@gatanda corpwebsite-starterkit]$ bash: syntax error near unexpected token `>: No such file or directory
> [goalador@gatanda corpwebsite-starterkit]$ [goalador@gatanda corpwebsite-starterkit]$ > > bash: [goalador@gatanda: command not found
> bash: syntax error near unexpected token `>'
> [goalador@gatanda corpwebsite-starterkit]$ bash: syntax error near unexpected token `>'
bash: No: command not found
bash: command substitution: line 2: syntax error near unexpected token `>'
bash: command substitution: line 2: `[goalador@gatanda corpwebsite-starterkit]$ [goalador@gatanda corpwebsite-starterkit]$ > > bash: [goalador@gatanda: command not found'
bash: bash:: command not found
[goalador@gatanda corpwebsite-starterkit]$ > [goalador@gatanda corpwebsite-starterkitbash: command substitution: line 1: unexpected EOF while looking for matching `''
> bash: command substitution: line 1: unexpected EOF while looking for matching `''
bash: : command not found
bash: bash:: command not found
bash: corpwebsite-starterkitbash:: command not found
[goalador@gatanda corpwebsite-starterkit]$ bash: command substitution: line 1: unexpected EOF while looking for matching `''
> bash: command substitution: line 4: syntax error: unexpected end of file
> bash: 
> [goalador@gatanda corpwebsite-starterkit]$ > > [goalador@gatanda corpwebsite-starterkit]$ [goalador@gatanda corpwebsite-starterkit]$ Username for https://albrechthain.git.beanstalkapp.com: webappcreations
> bash: syntax error near unexpected token `>: No such file or directory
bash: : command not found
bash: bash:: command not found
bash: bash:: command not found
bash: command substitution: line 4: syntax error near unexpected token `>'
bash: command substitution: line 4: `[goalador@gatanda corpwebsite-starterkit]$ > > [goalador@gatanda corpwebsite-starterkit]$ [goalador@gatanda corpwebsite-starterkit]$ Username for https://albrechthain.git.beanstalkapp.com: webappcreations'
bash: bash:: command not found
[goalador@gatanda corpwebsite-starterkit]$ [goalador@gatanda corpwebsite-starterkit]$ [goalador@gatanda corpwebsite-starterkit]$ > > bash: [goalador@gatanda: command not found
bash: syntax error near unexpected token `>'
[goalador@gatanda corpwebsite-starterkit]$ bash: syntax error near unexpected token `>'
> [goalador@gatanda corpwebsite-starterkit]$ bash: syntax error near unexpected token `>'
> > [goalador@gatanda corpwebsite-starterkitbash: command substitution: line 1: unexpected EOF while looking for matching `''
> bash: command substitution: line 1: unexpected EOF while looking for matching `''
> bash: command substitution: line 3: syntax error: unexpected end of file
> bash: bash:: command not found
> [goalador@gatanda corpwebsite-starterkit]$ bash: command substitution: line 4: syntax error: unexpected end of file
> bash: bash:: command not found
> [goalador@gatanda corpwebsite-starterkit]$ bash: 
> bash: bash:: command not found
> [goalador@gatanda corpwebsite-starterkit]$ [goalador@gatanda corpwebsite-starterkit]$ > > [goalador@gatanda corpwebsite-starterkit]$ [goalador@gatanda corpwebsite-starterkit]$ Username for https://albrechthain.git.beanstalkapp.com: webappcreations
> bash: syntax error near unexpected token `>'
bash: command substitution: line 1: unexpected EOF while looking for matching `''
bash: command substitution: line 3: syntax error: unexpected end of file
bash: 
> [goalador@gatanda corpwebsite-starterkitbash: command substitution: line 1: unexpected EOF while looking for matching `
bash: command substitution: line 1: unexpected EOF while looking for matching `
bash: command substitution: line 3: syntax error: unexpected end of file
bash: bash:: command not found
[goalador@gatanda corpwebsite-starterkit]$ bash: command substitution: line 4: syntax error: unexpected end of file
bash: bash:: command not found
[goalador@gatanda corpwebsite-starterkit]$ bash: 
bash: bash:: command not found
[goalador@gatanda corpwebsite-starterkit]$ [goalador@gatanda corpwebsite-starterkit]$ > > [goalador@gatanda corpwebsite-starterkit]$ [goalador@gatanda corpwebsite-starterkit]$ Username for https://albrechthain.git.beanstalkapp.com: webappcreations

> [goalador@gatanda corpwebsite-starterkit]$ [goalador@gatanda corpwebsite-starterkit]$ > > [goalador@gatanda corpwebsite-starterkit]$ [goalador@gatanda corpwebsite-starterkit]$ Username for https://albrechthain.git.beanstalkapp.com: webappcreations
> 
> > bash: syntax error near unexpected token `>'
> bash: command substitution: line 1: unexpected EOF while looking for matching `''
> bash: command substitution: line 3: syntax error: unexpected end of file
> bash: 
> > [goalador@gatanda corpwebsite-starterkitbash: command substitution: line 1: unexpected EOF while looking for matching `
> bash: command substitution: line 1: unexpected EOF while looking for matching `
> bash: command substitution: line 3: syntax error: unexpected end of file
> bash: bash:: command not found
> [goalador@gatanda corpwebsite-starterkit]$ bash: command substitution: line 4: syntax error: unexpected end of file
> bash: bash:: command not found
> [goalador@gatanda corpwebsite-starterkit]$ bash: 
> bash: bash:: command not found
> [goalador@gatanda corpwebsite-starterkit]$ [goalador@gatanda corpwebsite-starterkit]$ > > [goalador@gatanda corpwebsite-starterkit]$ [goalador@gatanda corpwebsite-starterkit]$ Username for https://albrechthain.git.beanstalkapp.com: webappcreations
> 
> > [goalador@gatanda corpwebsite-starterkit]$ [goalador@gatanda corpwebsite-starterkit]$ > > [goalador@gatanda corpwebsite-starterkit]$ [goalador@gatanda corpwebsite-starterkit]$ Username for https://albrechthain.git.beanstalkapp.com: webappcreations
> > 
> 




> bash: 
> > [goalador@gatanda corpwebsite-starterkitbash: command substitution: line 1: unexpected EOF while looking for matching `
> bash: command substitution: line 1: unexpected EOF while looking for matching `
> bash: command substitution: line 3: syntax error: unexpected end of file
> bash: bash:: command not found
> [goalador@gatanda corpwebsite-starterkit]$ bash: command substitution: line 4: syntax error: unexpected end of file
> bash: bash:: command not found
> [goalador@gatanda corpwebsite-starterkit]$ bash: 
> bash: bash:: command not found
> [goalador@gatanda corpwebsite-starterkit]$ [goalador@gatanda corpwebsite-starterkit]$ > > [goalador@gatanda corpwebsite-starterkit]$ [goalador@gatanda corpwebsite-starterkit]$ Username for https://albrechthain.git.beanstalkapp.com: webappcreations
> 
> > [goalador@gatanda corpwebsite-starterkit]$ [goalador@gatanda corpwebsite-starterkit]$ > > [goalador@gatanda corpwebsite-starterkit]$ [goalador@gatanda corpwebsite-starterkit]$ Username for https://albrechthain.git.beanstalkapp.com: webappcreations
> > 
> > > bash: syntax error near unexpected token `>'
bash: : command not found
bash: substitution:: command not found
bash: bash::: command not found
bash: corpwebsite-starterkit]$: command not found
bash: bash::: command not found
bash: corpwebsite-starterkit]$: command not found
bash: bash::: command not found
bash: command substitution: line 8: syntax error near unexpected token `>'
bash: command substitution: line 8: `> [goalador@gatanda corpwebsite-starterkit]$ [goalador@gatanda corpwebsite-starterkit]$ > > [goalador@gatanda corpwebsite-starterkit]$ [goalador@gatanda corpwebsite-starterkit]$ Username for https://albrechthain.git.beanstalkapp.com: webappcreations'
bash: 
bash: command substitution: line 1: unexpected EOF while looking for matching `
bash: command substitution: line 3: syntax error: unexpected end of file
bash: 
> [goalador@gatanda corpwebsite-starterkitbash: command substitution: line 1: unexpected EOF while looking for matching `
bash: command substitution: line 1: unexpected EOF while looking for matching `
bash: command substitution: line 3: syntax error: unexpected end of file
bash: bash:: command not found
[goalador@gatanda corpwebsite-starterkit]$ bash: command substitution: line 4: syntax error: unexpected end of file
bash: bash:: command not found
[goalador@gatanda corpwebsite-starterkit]$ bash: 
bash: bash:: command not found
[goalador@gatanda corpwebsite-starterkit]$ [goalador@gatanda corpwebsite-starterkit]$ > > [goalador@gatanda corpwebsite-starterkit]$ [goalador@gatanda corpwebsite-starterkit]$ Username for https://albrechthain.git.beanstalkapp.com: webappcreations
> [goalador@gatanda corpwebsite-starterkit]$ [goalador@gatanda corpwebsite-starterkit]$ > > [goalador@gatanda corpwebsite-starterkit]$ [goalador@gatanda corpwebsite-starterkit]$ Username for https://albrechthain.git.beanstalkapp.com: webappcreations
> 
> > bash: syntax error near unexpected token `>: File name too long
[goalador@gatanda corpwebsite-starterkit]$ > bash: command substitution: line 1: unexpected EOF while looking for matching `''
> > bash: command substitution: line 3: syntax error: unexpected end of file
> > bash: 
> > > [goalador@gatanda corpwebsite-starterkitbash: command substitution: line 1: unexpected EOF while looking for matching `
bash: : command not found
bash: substitution:: command not found
bash: command substitution: line 4: syntax error near unexpected token `>'
bash: command substitution: line 4: `> > [goalador@gatanda corpwebsite-starterkitbash: command substitution: line 1: unexpected EOF while looking for matching '
bash: substitution:: command not found
[goalador@gatanda corpwebsite-starterkit]$ > bash: command substitution: line 1: unexpected EOF while looking for matching `
> > bash: command substitution: line 3: syntax error: unexpected end of file
> > bash: bash:: command not found
> > [goalador@gatanda corpwebsite-starterkit]$ bash: command substitution: line 4: syntax error: unexpected end of file
> > bash: bash:: command not found
> > [goalador@gatanda corpwebsite-starterkit]$ bash: 
> > bash: bash::bash: bash:: command not found
[goalador@gatanda corpwebsite-starterkit]$ bash: command substitution: line 4: syntax error near unexpected token `>'
clear
exit
